
===========================================================================
report_checks -unconstrained
===========================================================================
======================= Typical Corner ===================================

Startpoint: A2[0] (input port clocked by CLK)
Endpoint: result[31] (output port clocked by CLK)
Path Group: CLK
Path Type: max

Fanout     Cap    Slew   Delay    Time   Description
-----------------------------------------------------------------------------
                          0.00    0.00   clock CLK (rise edge)
                          0.00    0.00   clock network delay (propagated)
                          4.00    4.00 ^ input external delay
     4    0.02    0.11    0.08    4.08 ^ A2[0] (in)
                                         A2[0] (net)
                  0.11    0.00    4.08 ^ _4237_/A (sky130_fd_sc_hd__buf_4)
    10    0.06    0.18    0.25    4.33 ^ _4237_/X (sky130_fd_sc_hd__buf_4)
                                         _1026_ (net)
                  0.18    0.00    4.33 ^ _4316_/A (sky130_fd_sc_hd__clkbuf_8)
    10    0.07    0.13    0.25    4.58 ^ _4316_/X (sky130_fd_sc_hd__clkbuf_8)
                                         _1105_ (net)
                  0.13    0.00    4.59 ^ _4438_/S0 (sky130_fd_sc_hd__mux4_1)
     1    0.00    0.08    0.58    5.17 v _4438_/X (sky130_fd_sc_hd__mux4_1)
                                         _1227_ (net)
                  0.08    0.00    5.17 v _4439_/A3 (sky130_fd_sc_hd__mux4_2)
     2    0.02    0.13    0.58    5.75 v _4439_/X (sky130_fd_sc_hd__mux4_2)
                                         _1228_ (net)
                  0.13    0.00    5.75 v _4450_/A2 (sky130_fd_sc_hd__o21a_1)
     1    0.00    0.03    0.20    5.96 v _4450_/X (sky130_fd_sc_hd__o21a_1)
                                         _1239_ (net)
                  0.03    0.00    5.96 v _4482_/B (sky130_fd_sc_hd__or4_2)
     3    0.01    0.14    0.74    6.69 v _4482_/X (sky130_fd_sc_hd__or4_2)
                                         _1271_ (net)
                  0.14    0.00    6.69 v _5890_/B (sky130_fd_sc_hd__or4_4)
     7    0.02    0.11    0.62    7.31 v _5890_/X (sky130_fd_sc_hd__or4_4)
                                         _2666_ (net)
                  0.11    0.00    7.31 v _5892_/A2 (sky130_fd_sc_hd__a211o_1)
     2    0.00    0.06    0.33    7.64 v _5892_/X (sky130_fd_sc_hd__a211o_1)
                                         _2668_ (net)
                  0.06    0.00    7.64 v _5896_/B (sky130_fd_sc_hd__and3_1)
     2    0.00    0.05    0.18    7.83 v _5896_/X (sky130_fd_sc_hd__and3_1)
                                         _2672_ (net)
                  0.05    0.00    7.83 v _5898_/A_N (sky130_fd_sc_hd__nand2b_1)
     3    0.01    0.09    0.19    8.01 v _5898_/Y (sky130_fd_sc_hd__nand2b_1)
                                         _2674_ (net)
                  0.09    0.00    8.01 v _5956_/B (sky130_fd_sc_hd__or4_1)
     2    0.00    0.09    0.55    8.56 v _5956_/X (sky130_fd_sc_hd__or4_1)
                                         _2729_ (net)
                  0.09    0.00    8.56 v _5959_/C (sky130_fd_sc_hd__or4b_1)
     2    0.01    0.12    0.55    9.11 v _5959_/X (sky130_fd_sc_hd__or4b_1)
                                         _2732_ (net)
                  0.12    0.00    9.11 v _6088_/A2 (sky130_fd_sc_hd__a31o_1)
     2    0.01    0.06    0.27    9.38 v _6088_/X (sky130_fd_sc_hd__a31o_1)
                                         _2853_ (net)
                  0.06    0.00    9.38 v _6160_/A1 (sky130_fd_sc_hd__a211o_1)
     2    0.00    0.06    0.28    9.66 v _6160_/X (sky130_fd_sc_hd__a211o_1)
                                         _2921_ (net)
                  0.06    0.00    9.66 v _6165_/A1 (sky130_fd_sc_hd__a21oi_1)
     4    0.01    0.26    0.24    9.90 ^ _6165_/Y (sky130_fd_sc_hd__a21oi_1)
                                         _2926_ (net)
                  0.26    0.00    9.90 ^ _6198_/A2 (sky130_fd_sc_hd__o31a_1)
     2    0.01    0.09    0.21   10.11 ^ _6198_/X (sky130_fd_sc_hd__o31a_1)
                                         _2957_ (net)
                  0.09    0.00   10.11 ^ _6202_/A2_N (sky130_fd_sc_hd__o2bb2a_1)
     1    0.00    0.06    0.24   10.35 v _6202_/X (sky130_fd_sc_hd__o2bb2a_1)
                                         _2960_ (net)
                  0.06    0.00   10.35 v _6206_/A (sky130_fd_sc_hd__xnor2_1)
     1    0.00    0.05    0.13   10.48 v _6206_/Y (sky130_fd_sc_hd__xnor2_1)
                                         _2964_ (net)
                  0.05    0.00   10.48 v _6212_/A2 (sky130_fd_sc_hd__o21ai_1)
     1    0.01    0.16    0.17   10.65 ^ _6212_/Y (sky130_fd_sc_hd__o21ai_1)
                                         net73 (net)
                  0.16    0.00   10.65 ^ output73/A (sky130_fd_sc_hd__clkbuf_4)
     1    0.04    0.12    0.24   10.89 ^ output73/X (sky130_fd_sc_hd__clkbuf_4)
                                         result[31] (net)
                  0.12    0.00   10.90 ^ result[31] (out)
                                 10.90   data arrival time

                         20.00   20.00   clock CLK (rise edge)
                          0.00   20.00   clock network delay (propagated)
                         -0.25   19.75   clock uncertainty
                          0.00   19.75   clock reconvergence pessimism
                         -4.00   15.75   output external delay
                                 15.75   data required time
-----------------------------------------------------------------------------
                                 15.75   data required time
                                -10.90   data arrival time
-----------------------------------------------------------------------------
                                  4.85   slack (MET)




===========================================================================
report_checks --slack_max -0.01
============================================================================
======================= Typical Corner ===================================

No paths found.


===========================================================================
 report_check_types -max_slew -max_cap -max_fanout -violators
============================================================================
======================= Typical Corner ===================================

max fanout

Pin                                   Limit Fanout  Slack
---------------------------------------------------------
clkbuf_leaf_106_CLK/X                    10     19     -9 (VIOLATED)
clkbuf_leaf_83_CLK/X                     10     18     -8 (VIOLATED)
clkbuf_leaf_66_CLK/X                     10     17     -7 (VIOLATED)
clkbuf_3_0__f_CLK/X                      10     15     -5 (VIOLATED)
clkbuf_3_3__f_CLK/X                      10     15     -5 (VIOLATED)
clkbuf_3_4__f_CLK/X                      10     15     -5 (VIOLATED)
clkbuf_3_5__f_CLK/X                      10     15     -5 (VIOLATED)
clkbuf_3_6__f_CLK/X                      10     15     -5 (VIOLATED)
clkbuf_leaf_12_CLK/X                     10     15     -5 (VIOLATED)
clkbuf_leaf_13_CLK/X                     10     15     -5 (VIOLATED)
clkbuf_leaf_4_CLK/X                      10     15     -5 (VIOLATED)
clkbuf_3_1__f_CLK/X                      10     14     -4 (VIOLATED)
clkbuf_leaf_10_CLK/X                     10     14     -4 (VIOLATED)
clkbuf_leaf_1_CLK/X                      10     14     -4 (VIOLATED)
clkbuf_leaf_28_CLK/X                     10     14     -4 (VIOLATED)
clkbuf_leaf_29_CLK/X                     10     14     -4 (VIOLATED)
clkbuf_leaf_48_CLK/X                     10     14     -4 (VIOLATED)
clkbuf_leaf_65_CLK/X                     10     14     -4 (VIOLATED)
clkbuf_leaf_99_CLK/X                     10     14     -4 (VIOLATED)
clkbuf_leaf_24_CLK/X                     10     13     -3 (VIOLATED)
clkbuf_leaf_35_CLK/X                     10     13     -3 (VIOLATED)
clkbuf_leaf_36_CLK/X                     10     13     -3 (VIOLATED)
clkbuf_leaf_3_CLK/X                      10     13     -3 (VIOLATED)
clkbuf_leaf_40_CLK/X                     10     13     -3 (VIOLATED)
clkbuf_leaf_42_CLK/X                     10     13     -3 (VIOLATED)
clkbuf_leaf_77_CLK/X                     10     13     -3 (VIOLATED)
clkbuf_leaf_78_CLK/X                     10     13     -3 (VIOLATED)
clkbuf_leaf_96_CLK/X                     10     13     -3 (VIOLATED)
clkbuf_3_2__f_CLK/X                      10     12     -2 (VIOLATED)
clkbuf_3_7__f_CLK/X                      10     12     -2 (VIOLATED)
clkbuf_leaf_15_CLK/X                     10     12     -2 (VIOLATED)
clkbuf_leaf_16_CLK/X                     10     12     -2 (VIOLATED)
clkbuf_leaf_26_CLK/X                     10     12     -2 (VIOLATED)
clkbuf_leaf_33_CLK/X                     10     12     -2 (VIOLATED)
clkbuf_leaf_56_CLK/X                     10     12     -2 (VIOLATED)
clkbuf_leaf_63_CLK/X                     10     12     -2 (VIOLATED)
clkbuf_leaf_69_CLK/X                     10     12     -2 (VIOLATED)
clkbuf_leaf_79_CLK/X                     10     12     -2 (VIOLATED)
clkbuf_leaf_7_CLK/X                      10     12     -2 (VIOLATED)
clkbuf_leaf_82_CLK/X                     10     12     -2 (VIOLATED)
clkbuf_leaf_84_CLK/X                     10     12     -2 (VIOLATED)
clkbuf_leaf_88_CLK/X                     10     12     -2 (VIOLATED)
clkbuf_leaf_93_CLK/X                     10     12     -2 (VIOLATED)
clkbuf_leaf_0_CLK/X                      10     11        (VIOLATED)
clkbuf_leaf_101_CLK/X                    10     11        (VIOLATED)
clkbuf_leaf_103_CLK/X                    10     11        (VIOLATED)
clkbuf_leaf_105_CLK/X                    10     11        (VIOLATED)
clkbuf_leaf_18_CLK/X                     10     11        (VIOLATED)
clkbuf_leaf_22_CLK/X                     10     11        (VIOLATED)
clkbuf_leaf_23_CLK/X                     10     11        (VIOLATED)
clkbuf_leaf_31_CLK/X                     10     11        (VIOLATED)
clkbuf_leaf_55_CLK/X                     10     11        (VIOLATED)
clkbuf_leaf_71_CLK/X                     10     11        (VIOLATED)
clkbuf_leaf_75_CLK/X                     10     11        (VIOLATED)
clkbuf_leaf_81_CLK/X                     10     11        (VIOLATED)
clkbuf_leaf_86_CLK/X                     10     11        (VIOLATED)
clkbuf_leaf_91_CLK/X                     10     11        (VIOLATED)
clkbuf_leaf_94_CLK/X                     10     11        (VIOLATED)


max slew violations count Typical: 0
max fanout violations count Typical: 58
max cap violations count Typical: 0

===========================================================================
report_parasitic_annotation -report_unannotated
============================================================================
Found 105 unannotated drivers.
 clkload0/X
 clkload1/Y
 clkload10/Y
 clkload100/Y
 clkload101/Y
 clkload102/Y
 clkload103/Y
 clkload104/Y
 clkload11/Y
 clkload12/Y
 clkload13/Y
 clkload14/Y
 clkload15/Y
 clkload16/Y
 clkload17/Y
 clkload18/Y
 clkload19/Y
 clkload2/Y
 clkload20/Y
 clkload21/Y
 clkload22/X
 clkload23/Y
 clkload24/Y
 clkload25/Y
 clkload26/Y
 clkload27/Y
 clkload28/Y
 clkload29/Y
 clkload3/X
 clkload30/Y
 clkload31/Y
 clkload32/Y
 clkload33/Y
 clkload34/Y
 clkload35/Y
 clkload36/Y
 clkload37/Y
 clkload38/X
 clkload39/Y
 clkload4/X
 clkload40/Y
 clkload41/Y
 clkload42/Y
 clkload43/Y
 clkload44/Y
 clkload45/Y
 clkload46/Y
 clkload47/X
 clkload48/Y
 clkload49/Y
 clkload5/Y
 clkload50/Y
 clkload51/X
 clkload52/Y
 clkload53/X
 clkload54/Y
 clkload55/Y
 clkload56/Y
 clkload57/Y
 clkload58/Y
 clkload59/Y
 clkload6/Y
 clkload60/Y
 clkload61/Y
 clkload62/Y
 clkload63/Y
 clkload64/Y
 clkload65/Y
 clkload66/Y
 clkload67/Y
 clkload68/Y
 clkload69/Y
 clkload7/Y
 clkload70/Y
 clkload71/Y
 clkload72/Y
 clkload73/Y
 clkload74/Y
 clkload75/Y
 clkload76/Y
 clkload77/Y
 clkload78/Y
 clkload79/Y
 clkload8/Y
 clkload80/Y
 clkload81/Y
 clkload82/Y
 clkload83/Y
 clkload84/Y
 clkload85/Y
 clkload86/Y
 clkload87/Y
 clkload88/Y
 clkload89/Y
 clkload9/Y
 clkload90/Y
 clkload91/Y
 clkload92/Y
 clkload93/Y
 clkload94/Y
 clkload95/Y
 clkload96/Y
 clkload97/Y
 clkload98/Y
 clkload99/Y
Found 0 partially unannotated drivers.

===========================================================================
max slew violation count 0
max fanout violation count 58
max cap violation count 0
============================================================================

===========================================================================
check_setup -verbose -unconstrained_endpoints -multiple_clock -no_clock -no_input_delay -loops -generated_clocks
===========================================================================
