OpenROAD b16bda7e82721d10566ff7e2b68f1ff0be9f9e38 
Features included (+) or not (-): +Charts +GPU +GUI +Python
This program is licensed under the BSD-3 license. See the LICENSE file for details.
Components of this program may be licensed under more restrictive licenses which must be honored.
define_corners Typical
read_liberty -corner Typical /home/berks/.volare/sky130A/libs.ref/sky130_fd_sc_hd/lib/sky130_fd_sc_hd__tt_025C_1v80.lib
Using 1e-12 for capacitance...
Using 1e+03 for resistance...
Using 1e-09 for time...
Using 1e+00 for voltage...
Using 1e-03 for current...
Using 1e-09 for power...
Using 1e-06 for distance...
[INFO ODB-0227] LEF file: /openlane/designs/Lab3/runs/RUN_2025.05.26_20.08.46/tmp/merged.nom.lef, created 13 layers, 25 vias, 441 library cells
Reading netlist '/openlane/designs/Lab3/runs/RUN_2025.05.26_20.08.46/results/synthesis/ZeroToFiveCounter.v'…
Reading design constraints file at '/openlane/scripts/base.sdc'…
[INFO]: Setting output delay to: 2.0
[INFO]: Setting input delay to: 2.0
[INFO]: Setting load to: 0.033442
[INFO]: Setting clock uncertainty to: 0.25
[INFO]: Setting clock transition to: 0.15
[INFO]: Setting timing derate to: 5.0 %
[INFO IFP-0001] Added 10 rows of 62 site unithd.
[INFO IFP-0030] Inserted 0 tiecells using sky130_fd_sc_hd__conb_1/LO.
[INFO IFP-0030] Inserted 0 tiecells using sky130_fd_sc_hd__conb_1/HI.
[INFO] Extracting DIE_AREA and CORE_AREA from the floorplan
[INFO] Floorplanned on a die area of 0.0 0.0 39.69 50.41 (microns). Saving to /openlane/designs/Lab3/runs/RUN_2025.05.26_20.08.46/reports/floorplan/3-initial_fp_die_area.rpt.
[INFO] Floorplanned on a core area of 5.52 10.88 34.04 38.08 (microns). Saving to /openlane/designs/Lab3/runs/RUN_2025.05.26_20.08.46/reports/floorplan/3-initial_fp_core_area.rpt.
Writing OpenROAD database to '/openlane/designs/Lab3/runs/RUN_2025.05.26_20.08.46/tmp/floorplan/3-initial_fp.odb'…
Writing layout to '/openlane/designs/Lab3/runs/RUN_2025.05.26_20.08.46/tmp/floorplan/3-initial_fp.def'…
Writing timing constraints to '/openlane/designs/Lab3/runs/RUN_2025.05.26_20.08.46/tmp/floorplan/3-initial_fp.sdc'…
