Instance,Terminal,Layer,X location,Y location,Voltage
FILLER_0_14_85,VGND,li1,45.0800,48.9600,0.000010
FILLER_0_14_72,VGND,li1,41.4000,48.9600,0.000012
FILLER_0_14_55,VGND,li1,31.0500,48.9600,0.000012
FILLER_0_14_51,VGND,li1,29.9000,48.9600,0.000011
FILLER_0_14_41,VGND,li1,25.3000,48.9600,0.000010
FILLER_0_14_29,VGND,li1,21.6200,48.9600,0.000011
FILLER_0_14_16,VGND,li1,15.6400,48.9600,0.000008
FILLER_0_14_6,VGND,li1,9.2000,48.9600,0.000008
FILLER_0_13_89,VGND,li1,46.9200,48.9600,0.000009
FILLER_0_13_46,VGND,li1,26.9100,48.9600,0.000011
FILLER_0_13_3,VGND,li1,7.1300,48.9600,0.000008
FILLER_0_12_85,VGND,li1,46.0000,43.5200,0.000009
FILLER_0_12_73,VGND,li1,39.3300,43.5200,0.000012
FILLER_0_12_48,VGND,li1,28.0600,43.5200,0.000016
FILLER_0_12_29,VGND,li1,19.5500,43.5200,0.000011
FILLER_0_12_27,VGND,li1,18.1700,43.5200,0.000010
FILLER_0_12_15,VGND,li1,15.1800,43.5200,0.000008
FILLER_0_12_6,VGND,li1,9.2000,43.5200,0.000009
FILLER_0_11_69,VGND,li1,38.6400,43.5200,0.000012
FILLER_0_11_51,VGND,li1,29.4400,43.5200,0.000018
FILLER_0_11_43,VGND,li1,27.1400,43.5200,0.000016
FILLER_0_11_31,VGND,li1,22.5400,43.5200,0.000013
FILLER_0_11_19,VGND,li1,17.0200,43.5200,0.000010
FILLER_0_11_7,VGND,li1,11.5000,43.5200,0.000009
FILLER_0_10_85,VGND,li1,45.3100,38.0800,0.000004
FILLER_0_10_83,VGND,li1,43.9300,38.0800,0.000004
FILLER_0_10_71,VGND,li1,38.6400,38.0800,0.000004
FILLER_0_10_54,VGND,li1,30.8200,38.0800,0.000004
FILLER_0_10_46,VGND,li1,28.5200,38.0800,0.000004
FILLER_0_10_42,VGND,li1,25.0700,38.0800,0.000004
FILLER_0_10_38,VGND,li1,23.9200,38.0800,0.000004
FILLER_0_10_29,VGND,li1,19.5500,38.0800,0.000004
FILLER_0_10_25,VGND,li1,17.7100,38.0800,0.000004
FILLER_0_10_18,VGND,li1,14.7200,38.0800,0.000004
FILLER_0_10_6,VGND,li1,11.0400,38.0800,0.000004
FILLER_0_9_86,VGND,li1,45.3100,38.0800,0.000004
FILLER_0_9_78,VGND,li1,43.2400,38.0800,0.000004
FILLER_0_9_55,VGND,li1,31.0500,38.0800,0.000004
FILLER_0_9_38,VGND,li1,23.4600,38.0800,0.000004
FILLER_0_9_27,VGND,li1,18.1700,38.0800,0.000004
FILLER_0_9_13,VGND,li1,11.7300,38.0800,0.000004
FILLER_0_8_85,VGND,li1,45.3100,32.6400,0.000012
FILLER_0_8_81,VGND,li1,43.4700,32.6400,0.000014
FILLER_0_8_73,VGND,li1,40.9400,32.6400,0.000016
FILLER_0_8_47,VGND,li1,27.3700,32.6400,0.000014
FILLER_0_8_41,VGND,li1,25.7600,32.6400,0.000011
FILLER_0_8_29,VGND,li1,21.6200,32.6400,0.000010
FILLER_0_8_20,VGND,li1,14.9500,32.6400,0.000007
FILLER_0_8_3,VGND,li1,7.3600,32.6400,0.000008
FILLER_0_7_73,VGND,li1,39.5600,32.6400,0.000016
FILLER_0_7_63,VGND,li1,34.9600,32.6400,0.000018
FILLER_0_7_47,VGND,li1,27.8300,32.6400,0.000014
FILLER_0_7_39,VGND,li1,25.3000,32.6400,0.000011
FILLER_0_7_31,VGND,li1,20.2400,32.6400,0.000009
FILLER_0_7_19,VGND,li1,17.0200,32.6400,0.000008
FILLER_0_7_7,VGND,li1,10.5800,32.6400,0.000008
FILLER_0_6_85,VGND,li1,45.0800,27.2000,0.000004
FILLER_0_6_76,VGND,li1,42.3200,27.2000,0.000003
FILLER_0_6_69,VGND,li1,37.4900,27.2000,0.000003
FILLER_0_6_58,VGND,li1,33.1200,27.2000,0.000002
FILLER_0_6_50,VGND,li1,28.7500,27.2000,0.000002
FILLER_0_6_33,VGND,li1,20.9300,27.2000,0.000003
FILLER_0_6_29,VGND,li1,19.7800,27.2000,0.000003
FILLER_0_6_25,VGND,li1,17.7100,27.2000,0.000003
FILLER_0_6_9,VGND,li1,10.1200,27.2000,0.000004
FILLER_0_5_86,VGND,li1,45.5400,27.2000,0.000004
FILLER_0_5_69,VGND,li1,37.7200,27.2000,0.000003
FILLER_0_5_57,VGND,li1,34.5000,27.2000,0.000002
FILLER_0_5_48,VGND,li1,29.4400,27.2000,0.000002
FILLER_0_5_36,VGND,li1,24.8400,27.2000,0.000002
FILLER_0_5_20,VGND,li1,15.4100,27.2000,0.000003
FILLER_0_5_3,VGND,li1,7.3600,27.2000,0.000004
FILLER_0_4_85,VGND,li1,46.0000,21.7600,0.000013
FILLER_0_4_78,VGND,li1,42.7800,21.7600,0.000015
FILLER_0_4_72,VGND,li1,38.8700,21.7600,0.000018
FILLER_0_4_66,VGND,li1,37.2600,21.7600,0.000020
FILLER_0_4_49,VGND,li1,28.7500,21.7600,0.000012
FILLER_0_4_41,VGND,li1,26.2200,21.7600,0.000009
FILLER_0_4_29,VGND,li1,21.6200,21.7600,0.000007
FILLER_0_4_20,VGND,li1,16.5600,21.7600,0.000006
FILLER_0_4_13,VGND,li1,12.1900,21.7600,0.000006
FILLER_0_3_88,VGND,li1,46.6900,21.7600,0.000011
FILLER_0_3_36,VGND,li1,23.9200,21.7600,0.000007
FILLER_0_3_32,VGND,li1,20.4700,21.7600,0.000007
FILLER_0_3_24,VGND,li1,17.2500,21.7600,0.000006
FILLER_0_3_16,VGND,li1,14.7200,21.7600,0.000005
FILLER_0_3_9,VGND,li1,9.8900,21.7600,0.000006
FILLER_0_3_3,VGND,li1,8.2800,21.7600,0.000006
FILLER_0_2_85,VGND,li1,45.0800,16.3200,0.000008
FILLER_0_2_43,VGND,li1,28.0600,16.3200,0.000008
FILLER_0_2_3,VGND,li1,7.5900,16.3200,0.000006
FILLER_0_1_88,VGND,li1,46.6900,16.3200,0.000007
FILLER_0_1_80,VGND,li1,44.1600,16.3200,0.000008
FILLER_0_1_63,VGND,li1,34.7300,16.3200,0.000007
FILLER_0_1_57,VGND,li1,32.4300,16.3200,0.000008
FILLER_0_1_37,VGND,li1,23.2300,16.3200,0.000007
FILLER_0_1_27,VGND,li1,18.6300,16.3200,0.000006
FILLER_0_1_19,VGND,li1,16.1000,16.3200,0.000006
FILLER_0_1_11,VGND,li1,10.8100,16.3200,0.000005
FILLER_0_1_3,VGND,li1,7.1300,16.3200,0.000006
FILLER_0_0_85,VGND,li1,46.0000,10.8800,0.000001
FILLER_0_0_83,VGND,li1,43.9300,10.8800,0.000001
FILLER_0_0_75,VGND,li1,41.8600,10.8800,0.000001
FILLER_0_0_63,VGND,li1,37.2600,10.8800,0.000002
FILLER_0_0_57,VGND,li1,32.2000,10.8800,0.000002
FILLER_0_0_55,VGND,li1,31.0500,10.8800,0.000002
FILLER_0_0_51,VGND,li1,29.2100,10.8800,0.000002
FILLER_0_0_39,VGND,li1,26.2200,10.8800,0.000002
FILLER_0_0_27,VGND,li1,18.1700,10.8800,0.000002
FILLER_0_0_15,VGND,li1,12.8800,10.8800,0.000001
FILLER_0_0_3,VGND,li1,9.6600,10.8800,0.000001
clkbuf_1_1__f_clk,VGND,li1,33.1200,43.5200,0.000021
clkbuf_1_0__f_clk,VGND,li1,36.3400,21.7600,0.000020
clkbuf_0_clk,VGND,li1,34.5000,32.6400,0.000022
output26,VGND,li1,27.6000,48.9600,0.000011
output25,VGND,li1,33.1200,48.9600,0.000012
output24,VGND,li1,46.4600,27.2000,0.000003
output23,VGND,li1,33.5800,10.8800,0.000002
output22,VGND,li1,46.4600,16.3200,0.000007
output21,VGND,li1,46.4600,38.0800,0.000004
output20,VGND,li1,46.4600,48.9600,0.000009
output19,VGND,li1,37.2600,48.9600,0.000012
input18,VGND,li1,7.8200,43.5200,0.000009
input17,VGND,li1,7.8200,32.6400,0.000008
input16,VGND,li1,7.5900,48.9600,0.000008
input15,VGND,li1,10.8100,38.0800,0.000004
input14,VGND,li1,8.9700,27.2000,0.000004
input13,VGND,li1,7.8200,21.7600,0.000006
input12,VGND,li1,21.1600,10.8800,0.000002
input11,VGND,li1,46.6900,32.6400,0.000012
input10,VGND,li1,45.0800,43.5200,0.000009
input9,VGND,li1,41.8600,43.5200,0.000011
input8,VGND,li1,7.5900,43.5200,0.000009
input7,VGND,li1,7.5900,38.0800,0.000004
input6,VGND,li1,7.5900,27.2000,0.000004
input5,VGND,li1,15.6400,10.8800,0.000002
input4,VGND,li1,30.1300,10.8800,0.000002
input3,VGND,li1,46.6900,27.2000,0.000003
input2,VGND,li1,46.6900,38.0800,0.000004
input1,VGND,li1,35.1900,48.9600,0.000012
TAP_TAPCELL_ROW_14_54,VGND,li1,44.3900,49.2510,0.000010
TAP_TAPCELL_ROW_14_53,VGND,li1,31.5100,49.2510,0.000012
TAP_TAPCELL_ROW_14_52,VGND,li1,18.6300,49.2510,0.000010
TAP_TAPCELL_ROW_13_51,VGND,li1,31.5100,48.6680,0.000012
TAP_TAPCELL_ROW_12_50,VGND,li1,44.3900,43.8110,0.000009
TAP_TAPCELL_ROW_12_49,VGND,li1,18.6300,43.8110,0.000010
TAP_TAPCELL_ROW_11_48,VGND,li1,31.5100,43.2280,0.000021
TAP_TAPCELL_ROW_10_47,VGND,li1,44.3900,38.3710,0.000004
TAP_TAPCELL_ROW_10_46,VGND,li1,18.6300,38.3710,0.000004
TAP_TAPCELL_ROW_9_45,VGND,li1,31.5100,37.7880,0.000004
TAP_TAPCELL_ROW_8_44,VGND,li1,44.3900,32.9310,0.000014
TAP_TAPCELL_ROW_8_43,VGND,li1,18.6300,32.9310,0.000009
TAP_TAPCELL_ROW_7_42,VGND,li1,31.5100,32.3480,0.000017
TAP_TAPCELL_ROW_6_41,VGND,li1,44.3900,27.4910,0.000004
TAP_TAPCELL_ROW_6_40,VGND,li1,18.6300,27.4910,0.000003
TAP_TAPCELL_ROW_5_39,VGND,li1,31.5100,26.9080,0.000002
TAP_TAPCELL_ROW_4_38,VGND,li1,44.3900,22.0510,0.000013
TAP_TAPCELL_ROW_4_37,VGND,li1,18.6300,22.0510,0.000007
TAP_TAPCELL_ROW_3_36,VGND,li1,31.5100,21.4680,0.000014
TAP_TAPCELL_ROW_2_35,VGND,li1,44.3900,16.6110,0.000008
TAP_TAPCELL_ROW_2_34,VGND,li1,18.6300,16.6110,0.000006
TAP_TAPCELL_ROW_1_33,VGND,li1,31.5100,16.0280,0.000008
TAP_TAPCELL_ROW_0_32,VGND,li1,44.3900,11.1710,0.000001
TAP_TAPCELL_ROW_0_31,VGND,li1,31.5100,11.1710,0.000002
TAP_TAPCELL_ROW_0_30,VGND,li1,18.6300,11.1710,0.000002
PHY_EDGE_ROW_14_Left_29,VGND,li1,6.2100,48.9600,0.000008
PHY_EDGE_ROW_13_Left_28,VGND,li1,6.2100,48.9600,0.000008
PHY_EDGE_ROW_12_Left_27,VGND,li1,6.2100,43.5200,0.000009
PHY_EDGE_ROW_11_Left_26,VGND,li1,6.2100,43.5200,0.000009
PHY_EDGE_ROW_10_Left_25,VGND,li1,6.2100,38.0800,0.000004
PHY_EDGE_ROW_9_Left_24,VGND,li1,6.2100,38.0800,0.000004
PHY_EDGE_ROW_8_Left_23,VGND,li1,6.2100,32.6400,0.000008
PHY_EDGE_ROW_7_Left_22,VGND,li1,6.2100,32.6400,0.000008
PHY_EDGE_ROW_6_Left_21,VGND,li1,6.2100,27.2000,0.000004
PHY_EDGE_ROW_5_Left_20,VGND,li1,6.2100,27.2000,0.000004
PHY_EDGE_ROW_4_Left_19,VGND,li1,6.2100,21.7600,0.000006
PHY_EDGE_ROW_3_Left_18,VGND,li1,6.2100,21.7600,0.000006
PHY_EDGE_ROW_2_Left_17,VGND,li1,6.2100,16.3200,0.000006
PHY_EDGE_ROW_1_Left_16,VGND,li1,6.2100,16.3200,0.000006
PHY_EDGE_ROW_0_Left_15,VGND,li1,6.2100,10.8800,0.000001
PHY_EDGE_ROW_14_Right_14,VGND,li1,48.0700,48.9600,0.000009
PHY_EDGE_ROW_13_Right_13,VGND,li1,48.0700,48.9600,0.000009
PHY_EDGE_ROW_12_Right_12,VGND,li1,48.0700,43.5200,0.000007
PHY_EDGE_ROW_11_Right_11,VGND,li1,48.0700,43.5200,0.000007
PHY_EDGE_ROW_10_Right_10,VGND,li1,48.0700,38.0800,0.000004
PHY_EDGE_ROW_9_Right_9,VGND,li1,48.0700,38.0800,0.000004
PHY_EDGE_ROW_8_Right_8,VGND,li1,48.0700,32.6400,0.000012
PHY_EDGE_ROW_7_Right_7,VGND,li1,48.0700,32.6400,0.000012
PHY_EDGE_ROW_6_Right_6,VGND,li1,48.0700,27.2000,0.000003
PHY_EDGE_ROW_5_Right_5,VGND,li1,48.0700,27.2000,0.000003
PHY_EDGE_ROW_4_Right_4,VGND,li1,48.0700,21.7600,0.000011
PHY_EDGE_ROW_3_Right_3,VGND,li1,48.0700,21.7600,0.000011
PHY_EDGE_ROW_2_Right_2,VGND,li1,48.0700,16.3200,0.000007
PHY_EDGE_ROW_1_Right_1,VGND,li1,48.0700,16.3200,0.000007
PHY_EDGE_ROW_0_Right_0,VGND,li1,48.0700,10.8800,0.000001
_167_,VGND,li1,23.0000,48.9600,0.000011
_166_,VGND,li1,23.9200,43.5200,0.000013
_165_,VGND,li1,24.8400,27.2000,0.000002
_164_,VGND,li1,27.6000,16.3200,0.000008
_163_,VGND,li1,40.4800,16.3200,0.000009
_162_,VGND,li1,43.7000,32.6400,0.000014
_161_,VGND,li1,42.7800,48.9600,0.000012
_160_,VGND,li1,35.4200,48.9600,0.000012
_159_,VGND,li1,17.2500,48.9600,0.000008
_158_,VGND,li1,11.2700,48.9600,0.000008
_157_,VGND,li1,13.5700,48.9600,0.000007
_156_,VGND,li1,8.9700,48.9600,0.000008
_155_,VGND,li1,9.2000,32.6400,0.000008
_154_,VGND,li1,10.8100,48.9600,0.000008
_153_,VGND,li1,12.1900,48.9600,0.000008
_152_,VGND,li1,16.7900,32.6400,0.000008
_151_,VGND,li1,11.2700,43.5200,0.000009
_150_,VGND,li1,21.6200,38.0800,0.000004
_149_,VGND,li1,13.8000,38.0800,0.000004
_148_,VGND,li1,11.9600,32.6400,0.000008
_147_,VGND,li1,20.0100,38.0800,0.000004
_146_,VGND,li1,22.3100,38.0800,0.000004
_145_,VGND,li1,19.0900,21.7600,0.000007
_144_,VGND,li1,16.5600,16.3200,0.000006
_143_,VGND,li1,16.3300,38.0800,0.000004
_142_,VGND,li1,16.7900,38.0800,0.000004
_141_,VGND,li1,14.0300,32.6400,0.000007
_140_,VGND,li1,8.5100,38.0800,0.000004
_139_,VGND,li1,9.4300,27.2000,0.000004
_138_,VGND,li1,22.0800,32.6400,0.000010
_137_,VGND,li1,15.1800,27.2000,0.000003
_136_,VGND,li1,11.9600,27.2000,0.000004
_135_,VGND,li1,20.4700,27.2000,0.000003
_134_,VGND,li1,20.7000,16.3200,0.000007
_133_,VGND,li1,17.4800,27.2000,0.000003
_132_,VGND,li1,13.8000,21.7600,0.000006
_131_,VGND,li1,13.3400,32.6400,0.000008
_130_,VGND,li1,12.8800,27.2000,0.000004
_129_,VGND,li1,10.1200,21.7600,0.000006
_128_,VGND,li1,23.9200,16.3200,0.000007
_127_,VGND,li1,12.8800,16.3200,0.000005
_126_,VGND,li1,9.6600,16.3200,0.000006
_125_,VGND,li1,20.9300,16.3200,0.000007
_124_,VGND,li1,21.3900,21.7600,0.000007
_123_,VGND,li1,42.5500,21.7600,0.000015
_122_,VGND,li1,12.6500,16.3200,0.000005
_121_,VGND,li1,8.9700,16.3200,0.000006
_120_,VGND,li1,11.5000,21.7600,0.000006
_119_,VGND,li1,40.9400,16.3200,0.000009
_118_,VGND,li1,32.6600,16.3200,0.000008
_117_,VGND,li1,27.1400,21.7600,0.000009
_116_,VGND,li1,37.9500,16.3200,0.000008
_115_,VGND,li1,45.0800,21.7600,0.000013
_114_,VGND,li1,40.2500,21.7600,0.000018
_113_,VGND,li1,35.6500,16.3200,0.000007
_112_,VGND,li1,35.6500,16.3200,0.000007
_111_,VGND,li1,33.8100,16.3200,0.000007
_110_,VGND,li1,29.9000,21.7600,0.000012
_109_,VGND,li1,34.5000,21.7600,0.000016
_108_,VGND,li1,31.2800,21.7600,0.000014
_107_,VGND,li1,33.1200,32.6400,0.000022
_106_,VGND,li1,37.2600,32.6400,0.000017
_105_,VGND,li1,35.6500,27.2000,0.000002
_104_,VGND,li1,39.1000,27.2000,0.000003
_103_,VGND,li1,42.5500,27.2000,0.000003
_102_,VGND,li1,44.3900,27.2000,0.000004
_101_,VGND,li1,39.7900,27.2000,0.000003
_100_,VGND,li1,30.5900,27.2000,0.000002
_099_,VGND,li1,29.9000,32.6400,0.000017
_098_,VGND,li1,40.0200,38.0800,0.000004
_097_,VGND,li1,36.3400,38.0800,0.000004
_096_,VGND,li1,32.8900,38.0800,0.000004
_095_,VGND,li1,39.7900,38.0800,0.000004
_094_,VGND,li1,42.0900,38.0800,0.000004
_093_,VGND,li1,41.4000,43.5200,0.000011
_092_,VGND,li1,37.4900,38.0800,0.000004
_091_,VGND,li1,34.9600,38.0800,0.000004
_090_,VGND,li1,32.6600,38.0800,0.000004
_089_,VGND,li1,28.7500,32.6400,0.000014
_088_,VGND,li1,29.9000,38.0800,0.000004
_087_,VGND,li1,25.3000,38.0800,0.000004
_086_,VGND,li1,35.8800,43.5200,0.000013
_085_,VGND,li1,38.4100,43.5200,0.000012
_084_,VGND,li1,29.2100,48.9600,0.000011
_083_,VGND,li1,30.5900,43.5200,0.000018
_082_,VGND,li1,33.1200,43.5200,0.000021
_081_,VGND,li1,27.8300,38.0800,0.000004
_080_,VGND,li1,25.9900,38.0800,0.000004
