Instance,Terminal,Layer,X location,Y location,Voltage
FILLER_0_14_85,VPWR,li1,45.0800,51.6800,1.799995
FILLER_0_14_72,VPWR,li1,41.4000,51.6800,1.799995
FILLER_0_14_55,VPWR,li1,31.0500,51.6800,1.799995
FILLER_0_14_51,VPWR,li1,29.9000,51.6800,1.799995
FILLER_0_14_41,VPWR,li1,25.3000,51.6800,1.799996
FILLER_0_14_29,VPWR,li1,21.6200,51.6800,1.799997
FILLER_0_14_16,VPWR,li1,15.6400,51.6800,1.799998
FILLER_0_14_6,VPWR,li1,9.2000,51.6800,1.799998
FILLER_0_13_89,VPWR,li1,46.9200,46.2400,1.799984
FILLER_0_13_46,VPWR,li1,26.9100,46.2400,1.799980
FILLER_0_13_3,VPWR,li1,7.1300,46.2400,1.799991
FILLER_0_12_85,VPWR,li1,46.0000,46.2400,1.799984
FILLER_0_12_73,VPWR,li1,39.3300,46.2400,1.799981
FILLER_0_12_48,VPWR,li1,28.0600,46.2400,1.799980
FILLER_0_12_29,VPWR,li1,19.5500,46.2400,1.799986
FILLER_0_12_27,VPWR,li1,18.1700,46.2400,1.799987
FILLER_0_12_15,VPWR,li1,15.1800,46.2400,1.799990
FILLER_0_12_6,VPWR,li1,9.2000,46.2400,1.799991
FILLER_0_11_69,VPWR,li1,38.6400,40.8000,1.799997
FILLER_0_11_51,VPWR,li1,29.4400,40.8000,1.799998
FILLER_0_11_43,VPWR,li1,27.1400,40.8000,1.799998
FILLER_0_11_31,VPWR,li1,22.5400,40.8000,1.799998
FILLER_0_11_19,VPWR,li1,17.0200,40.8000,1.799998
FILLER_0_11_7,VPWR,li1,11.5000,40.8000,1.799998
FILLER_0_10_85,VPWR,li1,45.3100,40.8000,1.799997
FILLER_0_10_83,VPWR,li1,43.9300,40.8000,1.799997
FILLER_0_10_71,VPWR,li1,38.6400,40.8000,1.799997
FILLER_0_10_54,VPWR,li1,30.8200,40.8000,1.799998
FILLER_0_10_46,VPWR,li1,28.5200,40.8000,1.799998
FILLER_0_10_42,VPWR,li1,25.0700,40.8000,1.799998
FILLER_0_10_38,VPWR,li1,23.9200,40.8000,1.799998
FILLER_0_10_29,VPWR,li1,19.5500,40.8000,1.799998
FILLER_0_10_25,VPWR,li1,17.7100,40.8000,1.799998
FILLER_0_10_18,VPWR,li1,14.7200,40.8000,1.799998
FILLER_0_10_6,VPWR,li1,11.0400,40.8000,1.799998
FILLER_0_9_86,VPWR,li1,45.3100,35.3600,1.799985
FILLER_0_9_78,VPWR,li1,43.2400,35.3600,1.799986
FILLER_0_9_55,VPWR,li1,31.0500,35.3600,1.799984
FILLER_0_9_38,VPWR,li1,23.4600,35.3600,1.799989
FILLER_0_9_27,VPWR,li1,18.1700,35.3600,1.799992
FILLER_0_9_13,VPWR,li1,11.7300,35.3600,1.799994
FILLER_0_8_85,VPWR,li1,45.3100,35.3600,1.799985
FILLER_0_8_81,VPWR,li1,43.4700,35.3600,1.799986
FILLER_0_8_73,VPWR,li1,40.9400,35.3600,1.799982
FILLER_0_8_47,VPWR,li1,27.3700,35.3600,1.799986
FILLER_0_8_41,VPWR,li1,25.7600,35.3600,1.799988
FILLER_0_8_29,VPWR,li1,21.6200,35.3600,1.799991
FILLER_0_8_20,VPWR,li1,14.9500,35.3600,1.799993
FILLER_0_8_3,VPWR,li1,7.3600,35.3600,1.799994
FILLER_0_7_73,VPWR,li1,39.5600,29.9200,1.799992
FILLER_0_7_63,VPWR,li1,34.9600,29.9200,1.799993
FILLER_0_7_47,VPWR,li1,27.8300,29.9200,1.799993
FILLER_0_7_39,VPWR,li1,25.3000,29.9200,1.799993
FILLER_0_7_31,VPWR,li1,20.2400,29.9200,1.799995
FILLER_0_7_19,VPWR,li1,17.0200,29.9200,1.799995
FILLER_0_7_7,VPWR,li1,10.5800,29.9200,1.799995
FILLER_0_6_85,VPWR,li1,45.0800,29.9200,1.799991
FILLER_0_6_76,VPWR,li1,42.3200,29.9200,1.799992
FILLER_0_6_69,VPWR,li1,37.4900,29.9200,1.799993
FILLER_0_6_58,VPWR,li1,33.1200,29.9200,1.799994
FILLER_0_6_50,VPWR,li1,28.7500,29.9200,1.799993
FILLER_0_6_33,VPWR,li1,20.9300,29.9200,1.799995
FILLER_0_6_29,VPWR,li1,19.7800,29.9200,1.799995
FILLER_0_6_25,VPWR,li1,17.7100,29.9200,1.799995
FILLER_0_6_9,VPWR,li1,10.1200,29.9200,1.799995
FILLER_0_5_86,VPWR,li1,45.5400,24.4800,1.799998
FILLER_0_5_69,VPWR,li1,37.7200,24.4800,1.799998
FILLER_0_5_57,VPWR,li1,34.5000,24.4800,1.799998
FILLER_0_5_48,VPWR,li1,29.4400,24.4800,1.799999
FILLER_0_5_36,VPWR,li1,24.8400,24.4800,1.799998
FILLER_0_5_20,VPWR,li1,15.4100,24.4800,1.799998
FILLER_0_5_3,VPWR,li1,7.3600,24.4800,1.799998
FILLER_0_4_85,VPWR,li1,46.0000,24.4800,1.799998
FILLER_0_4_78,VPWR,li1,42.7800,24.4800,1.799998
FILLER_0_4_72,VPWR,li1,38.8700,24.4800,1.799998
FILLER_0_4_66,VPWR,li1,37.2600,24.4800,1.799998
FILLER_0_4_49,VPWR,li1,28.7500,24.4800,1.799998
FILLER_0_4_41,VPWR,li1,26.2200,24.4800,1.799998
FILLER_0_4_29,VPWR,li1,21.6200,24.4800,1.799998
FILLER_0_4_20,VPWR,li1,16.5600,24.4800,1.799998
FILLER_0_4_13,VPWR,li1,12.1900,24.4800,1.799998
FILLER_0_3_88,VPWR,li1,46.6900,19.0400,1.799980
FILLER_0_3_36,VPWR,li1,23.9200,19.0400,1.799989
FILLER_0_3_32,VPWR,li1,20.4700,19.0400,1.799992
FILLER_0_3_24,VPWR,li1,17.2500,19.0400,1.799993
FILLER_0_3_16,VPWR,li1,14.7200,19.0400,1.799993
FILLER_0_3_9,VPWR,li1,9.8900,19.0400,1.799995
FILLER_0_3_3,VPWR,li1,8.2800,19.0400,1.799995
FILLER_0_2_85,VPWR,li1,45.0800,19.0400,1.799981
FILLER_0_2_43,VPWR,li1,28.0600,19.0400,1.799986
FILLER_0_2_3,VPWR,li1,7.5900,19.0400,1.799995
FILLER_0_1_88,VPWR,li1,46.6900,13.6000,1.799997
FILLER_0_1_80,VPWR,li1,44.1600,13.6000,1.799997
FILLER_0_1_63,VPWR,li1,34.7300,13.6000,1.799994
FILLER_0_1_57,VPWR,li1,32.4300,13.6000,1.799995
FILLER_0_1_37,VPWR,li1,23.2300,13.6000,1.799994
FILLER_0_1_27,VPWR,li1,18.6300,13.6000,1.799995
FILLER_0_1_19,VPWR,li1,16.1000,13.6000,1.799996
FILLER_0_1_11,VPWR,li1,10.8100,13.6000,1.799997
FILLER_0_1_3,VPWR,li1,7.1300,13.6000,1.799996
FILLER_0_0_85,VPWR,li1,46.0000,13.6000,1.799997
FILLER_0_0_83,VPWR,li1,43.9300,13.6000,1.799997
FILLER_0_0_75,VPWR,li1,41.8600,13.6000,1.799996
FILLER_0_0_63,VPWR,li1,37.2600,13.6000,1.799995
FILLER_0_0_57,VPWR,li1,32.2000,13.6000,1.799995
FILLER_0_0_55,VPWR,li1,31.0500,13.6000,1.799995
FILLER_0_0_51,VPWR,li1,29.2100,13.6000,1.799994
FILLER_0_0_39,VPWR,li1,26.2200,13.6000,1.799993
FILLER_0_0_27,VPWR,li1,18.1700,13.6000,1.799995
FILLER_0_0_15,VPWR,li1,12.8800,13.6000,1.799996
FILLER_0_0_3,VPWR,li1,9.6600,13.6000,1.799996
clkbuf_1_1__f_clk,VPWR,li1,33.1200,46.2400,1.799978
clkbuf_1_0__f_clk,VPWR,li1,36.3400,19.0400,1.799975
clkbuf_0_clk,VPWR,li1,34.5000,35.3600,1.799977
output26,VPWR,li1,27.6000,51.6800,1.799995
output25,VPWR,li1,33.1200,51.6800,1.799995
output24,VPWR,li1,46.4600,29.9200,1.799991
output23,VPWR,li1,33.5800,13.6000,1.799994
output22,VPWR,li1,46.4600,19.0400,1.799980
output21,VPWR,li1,46.4600,35.3600,1.799985
output20,VPWR,li1,46.4600,51.6800,1.799995
output19,VPWR,li1,37.2600,51.6800,1.799995
input18,VPWR,li1,7.8200,40.8000,1.799997
input17,VPWR,li1,7.8200,29.9200,1.799995
input16,VPWR,li1,7.5900,51.6800,1.799998
input15,VPWR,li1,10.8100,35.3600,1.799994
input14,VPWR,li1,8.9700,29.9200,1.799995
input13,VPWR,li1,7.8200,24.4800,1.799998
input12,VPWR,li1,21.1600,13.6000,1.799995
input11,VPWR,li1,46.6900,35.3600,1.799985
input10,VPWR,li1,45.0800,40.8000,1.799997
input9,VPWR,li1,41.8600,46.2400,1.799984
input8,VPWR,li1,7.5900,46.2400,1.799991
input7,VPWR,li1,7.5900,40.8000,1.799997
input6,VPWR,li1,7.5900,29.9200,1.799995
input5,VPWR,li1,15.6400,13.6000,1.799996
input4,VPWR,li1,30.1300,13.6000,1.799994
input3,VPWR,li1,46.6900,24.4800,1.799998
input2,VPWR,li1,46.6900,40.8000,1.799997
input1,VPWR,li1,35.1900,51.6800,1.799995
TAP_TAPCELL_ROW_14_54,VPWR,li1,44.3900,51.3730,1.799996
TAP_TAPCELL_ROW_14_53,VPWR,li1,31.5100,51.3730,1.799995
TAP_TAPCELL_ROW_14_52,VPWR,li1,18.6300,51.3730,1.799997
TAP_TAPCELL_ROW_13_51,VPWR,li1,31.5100,46.5460,1.799978
TAP_TAPCELL_ROW_12_50,VPWR,li1,44.3900,45.9330,1.799984
TAP_TAPCELL_ROW_12_49,VPWR,li1,18.6300,45.9330,1.799987
TAP_TAPCELL_ROW_11_48,VPWR,li1,31.5100,41.1060,1.799998
TAP_TAPCELL_ROW_10_47,VPWR,li1,44.3900,40.4930,1.799997
TAP_TAPCELL_ROW_10_46,VPWR,li1,18.6300,40.4930,1.799998
TAP_TAPCELL_ROW_9_45,VPWR,li1,31.5100,35.6660,1.799984
TAP_TAPCELL_ROW_8_44,VPWR,li1,44.3900,35.0530,1.799986
TAP_TAPCELL_ROW_8_43,VPWR,li1,18.6300,35.0530,1.799991
TAP_TAPCELL_ROW_7_42,VPWR,li1,31.5100,30.2260,1.799993
TAP_TAPCELL_ROW_6_41,VPWR,li1,44.3900,29.6130,1.799991
TAP_TAPCELL_ROW_6_40,VPWR,li1,18.6300,29.6130,1.799995
TAP_TAPCELL_ROW_5_39,VPWR,li1,31.5100,24.7860,1.799999
TAP_TAPCELL_ROW_4_38,VPWR,li1,44.3900,24.1730,1.799998
TAP_TAPCELL_ROW_4_37,VPWR,li1,18.6300,24.1730,1.799998
TAP_TAPCELL_ROW_3_36,VPWR,li1,31.5100,19.3460,1.799984
TAP_TAPCELL_ROW_2_35,VPWR,li1,44.3900,18.7330,1.799981
TAP_TAPCELL_ROW_2_34,VPWR,li1,18.6300,18.7330,1.799992
TAP_TAPCELL_ROW_1_33,VPWR,li1,31.5100,13.9060,1.799995
TAP_TAPCELL_ROW_0_32,VPWR,li1,44.3900,13.2930,1.799997
TAP_TAPCELL_ROW_0_31,VPWR,li1,31.5100,13.2930,1.799995
TAP_TAPCELL_ROW_0_30,VPWR,li1,18.6300,13.2930,1.799995
PHY_EDGE_ROW_14_Left_29,VPWR,li1,6.2100,51.6800,1.799998
PHY_EDGE_ROW_13_Left_28,VPWR,li1,6.2100,46.2400,1.799991
PHY_EDGE_ROW_12_Left_27,VPWR,li1,6.2100,46.2400,1.799991
PHY_EDGE_ROW_11_Left_26,VPWR,li1,6.2100,40.8000,1.799997
PHY_EDGE_ROW_10_Left_25,VPWR,li1,6.2100,40.8000,1.799997
PHY_EDGE_ROW_9_Left_24,VPWR,li1,6.2100,35.3600,1.799994
PHY_EDGE_ROW_8_Left_23,VPWR,li1,6.2100,35.3600,1.799994
PHY_EDGE_ROW_7_Left_22,VPWR,li1,6.2100,29.9200,1.799995
PHY_EDGE_ROW_6_Left_21,VPWR,li1,6.2100,29.9200,1.799995
PHY_EDGE_ROW_5_Left_20,VPWR,li1,6.2100,24.4800,1.799998
PHY_EDGE_ROW_4_Left_19,VPWR,li1,6.2100,24.4800,1.799998
PHY_EDGE_ROW_3_Left_18,VPWR,li1,6.2100,19.0400,1.799995
PHY_EDGE_ROW_2_Left_17,VPWR,li1,6.2100,19.0400,1.799995
PHY_EDGE_ROW_1_Left_16,VPWR,li1,6.2100,13.6000,1.799996
PHY_EDGE_ROW_0_Left_15,VPWR,li1,6.2100,13.6000,1.799996
PHY_EDGE_ROW_14_Right_14,VPWR,li1,48.0700,51.6800,1.799995
PHY_EDGE_ROW_13_Right_13,VPWR,li1,48.0700,46.2400,1.799984
PHY_EDGE_ROW_12_Right_12,VPWR,li1,48.0700,46.2400,1.799984
PHY_EDGE_ROW_11_Right_11,VPWR,li1,48.0700,40.8000,1.799997
PHY_EDGE_ROW_10_Right_10,VPWR,li1,48.0700,40.8000,1.799997
PHY_EDGE_ROW_9_Right_9,VPWR,li1,48.0700,35.3600,1.799985
PHY_EDGE_ROW_8_Right_8,VPWR,li1,48.0700,35.3600,1.799985
PHY_EDGE_ROW_7_Right_7,VPWR,li1,48.0700,29.9200,1.799991
PHY_EDGE_ROW_6_Right_6,VPWR,li1,48.0700,29.9200,1.799991
PHY_EDGE_ROW_5_Right_5,VPWR,li1,48.0700,24.4800,1.799998
PHY_EDGE_ROW_4_Right_4,VPWR,li1,48.0700,24.4800,1.799998
PHY_EDGE_ROW_3_Right_3,VPWR,li1,48.0700,19.0400,1.799980
PHY_EDGE_ROW_2_Right_2,VPWR,li1,48.0700,19.0400,1.799980
PHY_EDGE_ROW_1_Right_1,VPWR,li1,48.0700,13.6000,1.799997
PHY_EDGE_ROW_0_Right_0,VPWR,li1,48.0700,13.6000,1.799997
_167_,VPWR,li1,23.0000,46.2400,1.799985
_166_,VPWR,li1,23.9200,46.2400,1.799982
_165_,VPWR,li1,24.8400,29.9200,1.799993
_164_,VPWR,li1,27.6000,13.6000,1.799993
_163_,VPWR,li1,40.4800,19.0400,1.799978
_162_,VPWR,li1,43.7000,29.9200,1.799992
_161_,VPWR,li1,42.7800,46.2400,1.799984
_160_,VPWR,li1,35.4200,46.2400,1.799978
_159_,VPWR,li1,17.2500,46.2400,1.799987
_158_,VPWR,li1,11.2700,46.2400,1.799992
_157_,VPWR,li1,13.5700,46.2400,1.799990
_156_,VPWR,li1,8.9700,46.2400,1.799991
_155_,VPWR,li1,9.2000,35.3600,1.799994
_154_,VPWR,li1,10.8100,51.6800,1.799998
_153_,VPWR,li1,12.1900,51.6800,1.799998
_152_,VPWR,li1,16.7900,35.3600,1.799992
_151_,VPWR,li1,11.2700,46.2400,1.799992
_150_,VPWR,li1,21.6200,40.8000,1.799998
_149_,VPWR,li1,13.8000,35.3600,1.799993
_148_,VPWR,li1,11.9600,35.3600,1.799994
_147_,VPWR,li1,20.0100,35.3600,1.799991
_146_,VPWR,li1,22.3100,35.3600,1.799991
_145_,VPWR,li1,19.0900,19.0400,1.799992
_144_,VPWR,li1,16.5600,19.0400,1.799993
_143_,VPWR,li1,16.3300,40.8000,1.799998
_142_,VPWR,li1,16.7900,35.3600,1.799992
_141_,VPWR,li1,14.0300,35.3600,1.799993
_140_,VPWR,li1,8.5100,35.3600,1.799994
_139_,VPWR,li1,9.4300,24.4800,1.799998
_138_,VPWR,li1,22.0800,29.9200,1.799995
_137_,VPWR,li1,15.1800,29.9200,1.799995
_136_,VPWR,li1,11.9600,29.9200,1.799996
_135_,VPWR,li1,20.4700,24.4800,1.799998
_134_,VPWR,li1,20.7000,19.0400,1.799992
_133_,VPWR,li1,17.4800,24.4800,1.799998
_132_,VPWR,li1,13.8000,24.4800,1.799998
_131_,VPWR,li1,13.3400,29.9200,1.799995
_130_,VPWR,li1,12.8800,24.4800,1.799998
_129_,VPWR,li1,10.1200,24.4800,1.799998
_128_,VPWR,li1,23.9200,19.0400,1.799989
_127_,VPWR,li1,12.8800,19.0400,1.799994
_126_,VPWR,li1,9.6600,19.0400,1.799995
_125_,VPWR,li1,20.9300,13.6000,1.799995
_124_,VPWR,li1,21.3900,19.0400,1.799992
_123_,VPWR,li1,42.5500,19.0400,1.799981
_122_,VPWR,li1,12.6500,13.6000,1.799996
_121_,VPWR,li1,8.9700,13.6000,1.799996
_120_,VPWR,li1,11.5000,19.0400,1.799995
_119_,VPWR,li1,40.9400,13.6000,1.799996
_118_,VPWR,li1,32.6600,19.0400,1.799982
_117_,VPWR,li1,27.1400,19.0400,1.799986
_116_,VPWR,li1,37.9500,13.6000,1.799995
_115_,VPWR,li1,45.0800,19.0400,1.799981
_114_,VPWR,li1,40.2500,24.4800,1.799998
_113_,VPWR,li1,35.6500,13.6000,1.799995
_112_,VPWR,li1,35.6500,19.0400,1.799975
_111_,VPWR,li1,33.8100,13.6000,1.799994
_110_,VPWR,li1,29.9000,19.0400,1.799984
_109_,VPWR,li1,34.5000,24.4800,1.799998
_108_,VPWR,li1,31.2800,24.4800,1.799999
_107_,VPWR,li1,33.1200,29.9200,1.799994
_106_,VPWR,li1,37.2600,29.9200,1.799993
_105_,VPWR,li1,35.6500,29.9200,1.799993
_104_,VPWR,li1,39.1000,29.9200,1.799992
_103_,VPWR,li1,42.5500,24.4800,1.799998
_102_,VPWR,li1,44.3900,24.4800,1.799998
_101_,VPWR,li1,39.7900,24.4800,1.799998
_100_,VPWR,li1,30.5900,29.9200,1.799993
_099_,VPWR,li1,29.9000,29.9200,1.799993
_098_,VPWR,li1,40.0200,35.3600,1.799982
_097_,VPWR,li1,36.3400,40.8000,1.799997
_096_,VPWR,li1,32.8900,40.8000,1.799998
_095_,VPWR,li1,39.7900,40.8000,1.799997
_094_,VPWR,li1,42.0900,40.8000,1.799997
_093_,VPWR,li1,41.4000,40.8000,1.799997
_092_,VPWR,li1,37.4900,35.3600,1.799980
_091_,VPWR,li1,34.9600,35.3600,1.799977
_090_,VPWR,li1,32.6600,35.3600,1.799982
_089_,VPWR,li1,28.7500,35.3600,1.799986
_088_,VPWR,li1,29.9000,35.3600,1.799984
_087_,VPWR,li1,25.3000,35.3600,1.799988
_086_,VPWR,li1,35.8800,40.8000,1.799997
_085_,VPWR,li1,38.4100,46.2400,1.799981
_084_,VPWR,li1,29.2100,46.2400,1.799979
_083_,VPWR,li1,30.5900,40.8000,1.799998
_082_,VPWR,li1,33.1200,40.8000,1.799998
_081_,VPWR,li1,27.8300,35.3600,1.799986
_080_,VPWR,li1,25.9900,40.8000,1.799998
