
Magic 8.3 revision 483 - Compiled on Sun Jun  2 18:57:41 UTC 2024.
Starting magic under Tcl interpreter
Using the terminal as the console.
Using NULL graphics device.
Processing system .magicrc file
Sourcing design .magicrc for technology sky130A ...
2 Magic internal units = 1 Lambda
Input style sky130(): scaleFactor=2, multiplier=2
The following types are not handled by extraction and will be treated as non-electrical types:
    ubm 
Scaled tech values by 2 / 1 to match internal grid scaling
Loading sky130A Device Generator Menu ...
Using technology "sky130A", version 1.0.466-0-gbdc9412
Reading LEF data from file /home/mertg/.volare/sky130A/libs.ref/sky130_fd_sc_hd/techlef/sky130_fd_sc_hd__nom.tlef.
This action cannot be undone.
LEF read, Line 78 (Message): Unknown keyword "ANTENNAMODEL" in LEF file; ignoring.
LEF read, Line 79 (Message): Unknown keyword "ANTENNADIFFSIDEAREARATIO" in LEF file; ignoring.
LEF read, Line 112 (Message): Unknown keyword "MINENCLOSEDAREA" in LEF file; ignoring.
LEF read, Line 114 (Message): Unknown keyword "ANTENNAMODEL" in LEF file; ignoring.
LEF read, Line 115 (Message): Unknown keyword "ANTENNADIFFSIDEAREARATIO" in LEF file; ignoring.
LEF read, Line 121 (Message): Unknown keyword "MAXIMUMDENSITY" in LEF file; ignoring.
LEF read, Line 122 (Message): Unknown keyword "DENSITYCHECKWINDOW" in LEF file; ignoring.
LEF read, Line 123 (Message): Unknown keyword "DENSITYCHECKSTEP" in LEF file; ignoring.
LEF read, Line 156 (Message): Unknown keyword "MINENCLOSEDAREA" in LEF file; ignoring.
LEF read, Line 164 (Message): Unknown keyword "ANTENNAMODEL" in LEF file; ignoring.
LEF read, Line 165 (Message): Unknown keyword "ANTENNADIFFSIDEAREARATIO" in LEF file; ignoring.
LEF read, Line 167 (Message): Unknown keyword "MAXIMUMDENSITY" in LEF file; ignoring.
LEF read, Line 168 (Message): Unknown keyword "DENSITYCHECKWINDOW" in LEF file; ignoring.
LEF read, Line 169 (Message): Unknown keyword "DENSITYCHECKSTEP" in LEF file; ignoring.
LEF read, Line 206 (Message): Unknown keyword "ANTENNAMODEL" in LEF file; ignoring.
LEF read, Line 207 (Message): Unknown keyword "ANTENNADIFFSIDEAREARATIO" in LEF file; ignoring.
LEF read, Line 209 (Message): Unknown keyword "MAXIMUMDENSITY" in LEF file; ignoring.
LEF read, Line 210 (Message): Unknown keyword "DENSITYCHECKWINDOW" in LEF file; ignoring.
LEF read, Line 211 (Message): Unknown keyword "DENSITYCHECKSTEP" in LEF file; ignoring.
LEF read, Line 248 (Message): Unknown keyword "ANTENNAMODEL" in LEF file; ignoring.
LEF read, Line 249 (Message): Unknown keyword "ANTENNADIFFSIDEAREARATIO" in LEF file; ignoring.
LEF read, Line 251 (Message): Unknown keyword "MAXIMUMDENSITY" in LEF file; ignoring.
LEF read, Line 252 (Message): Unknown keyword "DENSITYCHECKWINDOW" in LEF file; ignoring.
LEF read, Line 253 (Message): Unknown keyword "DENSITYCHECKSTEP" in LEF file; ignoring.
LEF read, Line 290 (Message): Unknown keyword "ANTENNAMODEL" in LEF file; ignoring.
LEF read, Line 291 (Message): Unknown keyword "ANTENNADIFFSIDEAREARATIO" in LEF file; ignoring.
LEF read: Processed 797 lines.
Reading DEF data from file /openlane/designs/Lab4/runs/RUN_2025.06.03_22.01.02/results/routing/top.def.
This action cannot be undone.
  Processed 4 vias total.
Cell sky130_fd_sc_hd__diode_2 read from path /home/mertg/.volare/sky130A/libs.ref/sky130_fd_sc_hd/mag
Cell sky130_fd_sc_hd__decap_3 read from path /home/mertg/.volare/sky130A/libs.ref/sky130_fd_sc_hd/mag
Cell sky130_fd_sc_hd__decap_4 read from path /home/mertg/.volare/sky130A/libs.ref/sky130_fd_sc_hd/mag
Cell sky130_ef_sc_hd__decap_12 read from path /home/mertg/.volare/sky130A/libs.ref/sky130_fd_sc_hd/mag
Cell sky130_fd_sc_hd__fill_2 read from path /home/mertg/.volare/sky130A/libs.ref/sky130_fd_sc_hd/mag
Cell sky130_fd_sc_hd__fill_1 read from path /home/mertg/.volare/sky130A/libs.ref/sky130_fd_sc_hd/mag
Cell sky130_fd_sc_hd__decap_6 read from path /home/mertg/.volare/sky130A/libs.ref/sky130_fd_sc_hd/mag
Cell sky130_fd_sc_hd__decap_8 read from path /home/mertg/.volare/sky130A/libs.ref/sky130_fd_sc_hd/mag
Cell sky130_fd_sc_hd__tapvpwrvgnd_1 read from path /home/mertg/.volare/sky130A/libs.ref/sky130_fd_sc_hd/mag
Cell sky130_fd_sc_hd__buf_2 read from path /home/mertg/.volare/sky130A/libs.ref/sky130_fd_sc_hd/mag
Cell sky130_fd_sc_hd__inv_4 read from path /home/mertg/.volare/sky130A/libs.ref/sky130_fd_sc_hd/mag
Cell sky130_fd_sc_hd__buf_12 read from path /home/mertg/.volare/sky130A/libs.ref/sky130_fd_sc_hd/mag
Cell sky130_fd_sc_hd__clkbuf_8 read from path /home/mertg/.volare/sky130A/libs.ref/sky130_fd_sc_hd/mag
Cell sky130_fd_sc_hd__buf_4 read from path /home/mertg/.volare/sky130A/libs.ref/sky130_fd_sc_hd/mag
Cell sky130_fd_sc_hd__mux4_1 read from path /home/mertg/.volare/sky130A/libs.ref/sky130_fd_sc_hd/mag
Cell sky130_fd_sc_hd__inv_2 read from path /home/mertg/.volare/sky130A/libs.ref/sky130_fd_sc_hd/mag
Cell sky130_fd_sc_hd__mux2_1 read from path /home/mertg/.volare/sky130A/libs.ref/sky130_fd_sc_hd/mag
Cell sky130_fd_sc_hd__clkbuf_4 read from path /home/mertg/.volare/sky130A/libs.ref/sky130_fd_sc_hd/mag
Cell sky130_fd_sc_hd__or2_1 read from path /home/mertg/.volare/sky130A/libs.ref/sky130_fd_sc_hd/mag
Cell sky130_fd_sc_hd__buf_8 read from path /home/mertg/.volare/sky130A/libs.ref/sky130_fd_sc_hd/mag
Cell sky130_fd_sc_hd__buf_6 read from path /home/mertg/.volare/sky130A/libs.ref/sky130_fd_sc_hd/mag
Cell sky130_fd_sc_hd__o21a_1 read from path /home/mertg/.volare/sky130A/libs.ref/sky130_fd_sc_hd/mag
Cell sky130_fd_sc_hd__a221o_1 read from path /home/mertg/.volare/sky130A/libs.ref/sky130_fd_sc_hd/mag
Cell sky130_fd_sc_hd__o21ai_4 read from path /home/mertg/.volare/sky130A/libs.ref/sky130_fd_sc_hd/mag
Cell sky130_fd_sc_hd__and3_1 read from path /home/mertg/.volare/sky130A/libs.ref/sky130_fd_sc_hd/mag
Cell sky130_fd_sc_hd__mux4_2 read from path /home/mertg/.volare/sky130A/libs.ref/sky130_fd_sc_hd/mag
Cell sky130_fd_sc_hd__nor2_4 read from path /home/mertg/.volare/sky130A/libs.ref/sky130_fd_sc_hd/mag
Cell sky130_fd_sc_hd__mux2_2 read from path /home/mertg/.volare/sky130A/libs.ref/sky130_fd_sc_hd/mag
Cell sky130_fd_sc_hd__a221oi_4 read from path /home/mertg/.volare/sky130A/libs.ref/sky130_fd_sc_hd/mag
Cell sky130_fd_sc_hd__clkbuf_2 read from path /home/mertg/.volare/sky130A/libs.ref/sky130_fd_sc_hd/mag
Cell sky130_fd_sc_hd__o21a_2 read from path /home/mertg/.volare/sky130A/libs.ref/sky130_fd_sc_hd/mag
Cell sky130_fd_sc_hd__nor2_1 read from path /home/mertg/.volare/sky130A/libs.ref/sky130_fd_sc_hd/mag
Cell sky130_fd_sc_hd__nand3_1 read from path /home/mertg/.volare/sky130A/libs.ref/sky130_fd_sc_hd/mag
Cell sky130_fd_sc_hd__nand2_1 read from path /home/mertg/.volare/sky130A/libs.ref/sky130_fd_sc_hd/mag
Cell sky130_fd_sc_hd__nand2_2 read from path /home/mertg/.volare/sky130A/libs.ref/sky130_fd_sc_hd/mag
Cell sky130_fd_sc_hd__a21oi_2 read from path /home/mertg/.volare/sky130A/libs.ref/sky130_fd_sc_hd/mag
Cell sky130_fd_sc_hd__a32oi_4 read from path /home/mertg/.volare/sky130A/libs.ref/sky130_fd_sc_hd/mag
Cell sky130_fd_sc_hd__o211a_1 read from path /home/mertg/.volare/sky130A/libs.ref/sky130_fd_sc_hd/mag
Cell sky130_fd_sc_hd__a21o_1 read from path /home/mertg/.volare/sky130A/libs.ref/sky130_fd_sc_hd/mag
Cell sky130_fd_sc_hd__o22a_4 read from path /home/mertg/.volare/sky130A/libs.ref/sky130_fd_sc_hd/mag
Cell sky130_fd_sc_hd__or4_4 read from path /home/mertg/.volare/sky130A/libs.ref/sky130_fd_sc_hd/mag
Cell sky130_fd_sc_hd__o21ai_1 read from path /home/mertg/.volare/sky130A/libs.ref/sky130_fd_sc_hd/mag
Cell sky130_fd_sc_hd__o2bb2a_4 read from path /home/mertg/.volare/sky130A/libs.ref/sky130_fd_sc_hd/mag
Cell sky130_fd_sc_hd__o2bb2a_2 read from path /home/mertg/.volare/sky130A/libs.ref/sky130_fd_sc_hd/mag
Cell sky130_fd_sc_hd__a21oi_1 read from path /home/mertg/.volare/sky130A/libs.ref/sky130_fd_sc_hd/mag
Cell sky130_fd_sc_hd__a2bb2o_2 read from path /home/mertg/.volare/sky130A/libs.ref/sky130_fd_sc_hd/mag
Cell sky130_fd_sc_hd__a2bb2o_1 read from path /home/mertg/.volare/sky130A/libs.ref/sky130_fd_sc_hd/mag
Cell sky130_fd_sc_hd__and2_1 read from path /home/mertg/.volare/sky130A/libs.ref/sky130_fd_sc_hd/mag
Cell sky130_fd_sc_hd__o2bb2a_1 read from path /home/mertg/.volare/sky130A/libs.ref/sky130_fd_sc_hd/mag
Cell sky130_fd_sc_hd__o221a_1 read from path /home/mertg/.volare/sky130A/libs.ref/sky130_fd_sc_hd/mag
Cell sky130_fd_sc_hd__nand4_1 read from path /home/mertg/.volare/sky130A/libs.ref/sky130_fd_sc_hd/mag
Cell sky130_fd_sc_hd__a22o_1 read from path /home/mertg/.volare/sky130A/libs.ref/sky130_fd_sc_hd/mag
Cell sky130_fd_sc_hd__nor3b_2 read from path /home/mertg/.volare/sky130A/libs.ref/sky130_fd_sc_hd/mag
Cell sky130_fd_sc_hd__a22o_4 read from path /home/mertg/.volare/sky130A/libs.ref/sky130_fd_sc_hd/mag
Cell sky130_fd_sc_hd__nor2_2 read from path /home/mertg/.volare/sky130A/libs.ref/sky130_fd_sc_hd/mag
Cell sky130_fd_sc_hd__a32o_1 read from path /home/mertg/.volare/sky130A/libs.ref/sky130_fd_sc_hd/mag
Cell sky130_fd_sc_hd__a21oi_4 read from path /home/mertg/.volare/sky130A/libs.ref/sky130_fd_sc_hd/mag
Cell sky130_fd_sc_hd__a2bb2o_4 read from path /home/mertg/.volare/sky130A/libs.ref/sky130_fd_sc_hd/mag
Cell sky130_fd_sc_hd__a32o_4 read from path /home/mertg/.volare/sky130A/libs.ref/sky130_fd_sc_hd/mag
Cell sky130_fd_sc_hd__or3b_2 read from path /home/mertg/.volare/sky130A/libs.ref/sky130_fd_sc_hd/mag
Cell sky130_fd_sc_hd__o22a_1 read from path /home/mertg/.volare/sky130A/libs.ref/sky130_fd_sc_hd/mag
Cell sky130_fd_sc_hd__and2b_1 read from path /home/mertg/.volare/sky130A/libs.ref/sky130_fd_sc_hd/mag
Cell sky130_fd_sc_hd__o21ba_1 read from path /home/mertg/.volare/sky130A/libs.ref/sky130_fd_sc_hd/mag
Cell sky130_fd_sc_hd__or3_1 read from path /home/mertg/.volare/sky130A/libs.ref/sky130_fd_sc_hd/mag
Cell sky130_fd_sc_hd__a211o_1 read from path /home/mertg/.volare/sky130A/libs.ref/sky130_fd_sc_hd/mag
Cell sky130_fd_sc_hd__o311a_1 read from path /home/mertg/.volare/sky130A/libs.ref/sky130_fd_sc_hd/mag
Cell sky130_fd_sc_hd__xnor2_1 read from path /home/mertg/.volare/sky130A/libs.ref/sky130_fd_sc_hd/mag
Cell sky130_fd_sc_hd__o21bai_1 read from path /home/mertg/.volare/sky130A/libs.ref/sky130_fd_sc_hd/mag
Cell sky130_fd_sc_hd__a21bo_1 read from path /home/mertg/.volare/sky130A/libs.ref/sky130_fd_sc_hd/mag
Cell sky130_fd_sc_hd__xor2_1 read from path /home/mertg/.volare/sky130A/libs.ref/sky130_fd_sc_hd/mag
Cell sky130_fd_sc_hd__a31o_1 read from path /home/mertg/.volare/sky130A/libs.ref/sky130_fd_sc_hd/mag
Cell sky130_fd_sc_hd__a41o_1 read from path /home/mertg/.volare/sky130A/libs.ref/sky130_fd_sc_hd/mag
Cell sky130_fd_sc_hd__or2b_1 read from path /home/mertg/.volare/sky130A/libs.ref/sky130_fd_sc_hd/mag
Cell sky130_fd_sc_hd__o31ai_1 read from path /home/mertg/.volare/sky130A/libs.ref/sky130_fd_sc_hd/mag
Cell sky130_fd_sc_hd__o31a_1 read from path /home/mertg/.volare/sky130A/libs.ref/sky130_fd_sc_hd/mag
Cell sky130_fd_sc_hd__a211oi_1 read from path /home/mertg/.volare/sky130A/libs.ref/sky130_fd_sc_hd/mag
Cell sky130_fd_sc_hd__and2_2 read from path /home/mertg/.volare/sky130A/libs.ref/sky130_fd_sc_hd/mag
Cell sky130_fd_sc_hd__o41a_1 read from path /home/mertg/.volare/sky130A/libs.ref/sky130_fd_sc_hd/mag
Cell sky130_fd_sc_hd__xnor2_2 read from path /home/mertg/.volare/sky130A/libs.ref/sky130_fd_sc_hd/mag
Cell sky130_fd_sc_hd__nor4_2 read from path /home/mertg/.volare/sky130A/libs.ref/sky130_fd_sc_hd/mag
Cell sky130_fd_sc_hd__nand4b_1 read from path /home/mertg/.volare/sky130A/libs.ref/sky130_fd_sc_hd/mag
Cell sky130_fd_sc_hd__a311o_1 read from path /home/mertg/.volare/sky130A/libs.ref/sky130_fd_sc_hd/mag
Cell sky130_fd_sc_hd__o21bai_2 read from path /home/mertg/.volare/sky130A/libs.ref/sky130_fd_sc_hd/mag
Cell sky130_fd_sc_hd__nand2b_4 read from path /home/mertg/.volare/sky130A/libs.ref/sky130_fd_sc_hd/mag
Cell sky130_fd_sc_hd__or2_2 read from path /home/mertg/.volare/sky130A/libs.ref/sky130_fd_sc_hd/mag
Cell sky130_fd_sc_hd__o22ai_1 read from path /home/mertg/.volare/sky130A/libs.ref/sky130_fd_sc_hd/mag
Cell sky130_fd_sc_hd__or4b_4 read from path /home/mertg/.volare/sky130A/libs.ref/sky130_fd_sc_hd/mag
Cell sky130_fd_sc_hd__o32a_1 read from path /home/mertg/.volare/sky130A/libs.ref/sky130_fd_sc_hd/mag
Cell sky130_fd_sc_hd__nand3_2 read from path /home/mertg/.volare/sky130A/libs.ref/sky130_fd_sc_hd/mag
Cell sky130_fd_sc_hd__or3b_4 read from path /home/mertg/.volare/sky130A/libs.ref/sky130_fd_sc_hd/mag
Cell sky130_fd_sc_hd__xor2_2 read from path /home/mertg/.volare/sky130A/libs.ref/sky130_fd_sc_hd/mag
Cell sky130_fd_sc_hd__or3b_1 read from path /home/mertg/.volare/sky130A/libs.ref/sky130_fd_sc_hd/mag
Cell sky130_fd_sc_hd__o311ai_4 read from path /home/mertg/.volare/sky130A/libs.ref/sky130_fd_sc_hd/mag
Cell sky130_fd_sc_hd__a21boi_2 read from path /home/mertg/.volare/sky130A/libs.ref/sky130_fd_sc_hd/mag
Cell sky130_fd_sc_hd__and3b_1 read from path /home/mertg/.volare/sky130A/libs.ref/sky130_fd_sc_hd/mag
Cell sky130_fd_sc_hd__or3_4 read from path /home/mertg/.volare/sky130A/libs.ref/sky130_fd_sc_hd/mag
Cell sky130_fd_sc_hd__a31o_4 read from path /home/mertg/.volare/sky130A/libs.ref/sky130_fd_sc_hd/mag
Cell sky130_fd_sc_hd__and4_1 read from path /home/mertg/.volare/sky130A/libs.ref/sky130_fd_sc_hd/mag
Cell sky130_fd_sc_hd__o221ai_2 read from path /home/mertg/.volare/sky130A/libs.ref/sky130_fd_sc_hd/mag
Cell sky130_fd_sc_hd__or2b_2 read from path /home/mertg/.volare/sky130A/libs.ref/sky130_fd_sc_hd/mag
Cell sky130_fd_sc_hd__or4bb_4 read from path /home/mertg/.volare/sky130A/libs.ref/sky130_fd_sc_hd/mag
Cell sky130_fd_sc_hd__clkbuf_1 read from path /home/mertg/.volare/sky130A/libs.ref/sky130_fd_sc_hd/mag
Cell sky130_fd_sc_hd__nor3_1 read from path /home/mertg/.volare/sky130A/libs.ref/sky130_fd_sc_hd/mag
Cell sky130_fd_sc_hd__nor2b_4 read from path /home/mertg/.volare/sky130A/libs.ref/sky130_fd_sc_hd/mag
Cell sky130_fd_sc_hd__and3_4 read from path /home/mertg/.volare/sky130A/libs.ref/sky130_fd_sc_hd/mag
Cell sky130_fd_sc_hd__nand4b_4 read from path /home/mertg/.volare/sky130A/libs.ref/sky130_fd_sc_hd/mag
Cell sky130_fd_sc_hd__and4b_2 read from path /home/mertg/.volare/sky130A/libs.ref/sky130_fd_sc_hd/mag
Cell sky130_fd_sc_hd__and2_4 read from path /home/mertg/.volare/sky130A/libs.ref/sky130_fd_sc_hd/mag
Cell sky130_fd_sc_hd__and3_2 read from path /home/mertg/.volare/sky130A/libs.ref/sky130_fd_sc_hd/mag
Cell sky130_fd_sc_hd__nand3_4 read from path /home/mertg/.volare/sky130A/libs.ref/sky130_fd_sc_hd/mag
Cell sky130_fd_sc_hd__nand2_4 read from path /home/mertg/.volare/sky130A/libs.ref/sky130_fd_sc_hd/mag
Cell sky130_fd_sc_hd__and4b_1 read from path /home/mertg/.volare/sky130A/libs.ref/sky130_fd_sc_hd/mag
Cell sky130_fd_sc_hd__dfxtp_1 read from path /home/mertg/.volare/sky130A/libs.ref/sky130_fd_sc_hd/mag
Cell sky130_fd_sc_hd__clkbuf_16 read from path /home/mertg/.volare/sky130A/libs.ref/sky130_fd_sc_hd/mag
Cell sky130_fd_sc_hd__clkinvlp_4 read from path /home/mertg/.volare/sky130A/libs.ref/sky130_fd_sc_hd/mag
Cell sky130_fd_sc_hd__clkinv_8 read from path /home/mertg/.volare/sky130A/libs.ref/sky130_fd_sc_hd/mag
Cell sky130_fd_sc_hd__clkinvlp_2 read from path /home/mertg/.volare/sky130A/libs.ref/sky130_fd_sc_hd/mag
Cell sky130_fd_sc_hd__inv_8 read from path /home/mertg/.volare/sky130A/libs.ref/sky130_fd_sc_hd/mag
Cell sky130_fd_sc_hd__inv_6 read from path /home/mertg/.volare/sky130A/libs.ref/sky130_fd_sc_hd/mag
Cell sky130_fd_sc_hd__clkinv_4 read from path /home/mertg/.volare/sky130A/libs.ref/sky130_fd_sc_hd/mag
Cell sky130_fd_sc_hd__clkinv_1 read from path /home/mertg/.volare/sky130A/libs.ref/sky130_fd_sc_hd/mag
Cell sky130_fd_sc_hd__bufinv_16 read from path /home/mertg/.volare/sky130A/libs.ref/sky130_fd_sc_hd/mag
Cell sky130_fd_sc_hd__dlygate4sd3_1 read from path /home/mertg/.volare/sky130A/libs.ref/sky130_fd_sc_hd/mag
Cell sky130_fd_sc_hd__dlymetal6s2s_1 read from path /home/mertg/.volare/sky130A/libs.ref/sky130_fd_sc_hd/mag
Cell sky130_fd_sc_hd__buf_1 read from path /home/mertg/.volare/sky130A/libs.ref/sky130_fd_sc_hd/mag
  Processed 12960 subcell instances total.
  Processed 85 pins total.
  Processed 2 special nets total.
  Processed 6568 nets total.
DEF read: Processed 117257 lines.
Moving label "RF.reg_arr\[0\]\[0\]" from metal2 to via2 in cell top.
Moving label "RF.reg_arr\[10\]\[12\]" from metal1 to via1 in cell top.
Moving label "RF.reg_arr\[10\]\[16\]" from metal1 to via1 in cell top.
Moving label "RF.reg_arr\[10\]\[17\]" from metal1 to via1 in cell top.
Moving label "RF.reg_arr\[10\]\[19\]" from metal1 to via1 in cell top.
Moving label "RF.reg_arr\[10\]\[1\]" from metal1 to via1 in cell top.
Moving label "RF.reg_arr\[10\]\[20\]" from metal1 to via1 in cell top.
Moving label "RF.reg_arr\[10\]\[21\]" from metal1 to via1 in cell top.
Moving label "RF.reg_arr\[10\]\[25\]" from metal1 to via1 in cell top.
Moving label "RF.reg_arr\[10\]\[28\]" from metal1 to via1 in cell top.
Moving label "RF.reg_arr\[10\]\[29\]" from metal1 to via1 in cell top.
Moving label "RF.reg_arr\[10\]\[4\]" from metal1 to via1 in cell top.
Moving label "RF.reg_arr\[10\]\[5\]" from metal1 to via1 in cell top.
Moving label "RF.reg_arr\[10\]\[6\]" from metal1 to via1 in cell top.
Moving label "RF.reg_arr\[10\]\[8\]" from metal1 to via1 in cell top.
Moving label "RF.reg_arr\[11\]\[28\]" from metal2 to via1 in cell top.
Moving label "RF.reg_arr\[13\]\[12\]" from metal1 to viali in cell top.
Moving label "RF.reg_arr\[14\]\[18\]" from metal1 to via1 in cell top.
Moving label "RF.reg_arr\[14\]\[23\]" from metal1 to via1 in cell top.
Moving label "RF.reg_arr\[14\]\[26\]" from metal1 to via1 in cell top.
Moving label "RF.reg_arr\[14\]\[2\]" from metal1 to via1 in cell top.
Moving label "RF.reg_arr\[14\]\[30\]" from metal1 to via1 in cell top.
Moving label "RF.reg_arr\[14\]\[6\]" from metal1 to via1 in cell top.
Moving label "RF.reg_arr\[14\]\[8\]" from metal1 to via1 in cell top.
Moving label "RF.reg_arr\[17\]\[10\]" from metal3 to via2 in cell top.
Moving label "RF.reg_arr\[17\]\[11\]" from metal1 to via1 in cell top.
Moving label "RF.reg_arr\[18\]\[10\]" from metal1 to via1 in cell top.
Moving label "RF.reg_arr\[18\]\[13\]" from metal1 to via1 in cell top.
Moving label "RF.reg_arr\[18\]\[17\]" from metal1 to via1 in cell top.
Moving label "RF.reg_arr\[18\]\[19\]" from metal1 to via1 in cell top.
Moving label "RF.reg_arr\[18\]\[21\]" from metal1 to via1 in cell top.
Moving label "RF.reg_arr\[18\]\[23\]" from metal1 to via1 in cell top.
Moving label "RF.reg_arr\[18\]\[25\]" from metal1 to via1 in cell top.
Moving label "RF.reg_arr\[18\]\[27\]" from metal1 to via1 in cell top.
Moving label "RF.reg_arr\[18\]\[4\]" from metal1 to via1 in cell top.
Moving label "RF.reg_arr\[18\]\[7\]" from metal1 to via1 in cell top.
Moving label "RF.reg_arr\[18\]\[8\]" from metal1 to via1 in cell top.
Moving label "RF.reg_arr\[18\]\[9\]" from metal1 to via1 in cell top.
Moving label "RF.reg_arr\[22\]\[16\]" from metal1 to via1 in cell top.
Moving label "RF.reg_arr\[22\]\[17\]" from metal1 to via1 in cell top.
Moving label "RF.reg_arr\[22\]\[18\]" from metal1 to via1 in cell top.
Moving label "RF.reg_arr\[22\]\[19\]" from metal1 to via1 in cell top.
Moving label "RF.reg_arr\[22\]\[22\]" from metal1 to via1 in cell top.
Moving label "RF.reg_arr\[22\]\[30\]" from metal1 to via1 in cell top.
Moving label "RF.reg_arr\[23\]\[28\]" from metal1 to via1 in cell top.
Moving label "RF.reg_arr\[23\]\[5\]" from metal2 to via1 in cell top.
Moving label "RF.reg_arr\[26\]\[16\]" from metal1 to via1 in cell top.
Moving label "RF.reg_arr\[26\]\[19\]" from metal1 to via1 in cell top.
Moving label "RF.reg_arr\[26\]\[22\]" from metal1 to via1 in cell top.
Moving label "RF.reg_arr\[26\]\[2\]" from metal1 to via1 in cell top.
Moving label "RF.reg_arr\[26\]\[30\]" from metal1 to via1 in cell top.
Moving label "RF.reg_arr\[26\]\[4\]" from metal1 to via1 in cell top.
Moving label "RF.reg_arr\[26\]\[7\]" from metal1 to via1 in cell top.
Moving label "RF.reg_arr\[2\]\[0\]" from metal1 to via1 in cell top.
Moving label "RF.reg_arr\[2\]\[10\]" from metal1 to via1 in cell top.
Moving label "RF.reg_arr\[2\]\[24\]" from metal1 to via1 in cell top.
Moving label "RF.reg_arr\[2\]\[3\]" from metal1 to via1 in cell top.
Moving label "RF.reg_arr\[2\]\[8\]" from metal1 to via1 in cell top.
Moving label "RF.reg_arr\[2\]\[9\]" from metal1 to via1 in cell top.
Moving label "RF.reg_arr\[30\]\[10\]" from metal1 to via1 in cell top.
Moving label "RF.reg_arr\[30\]\[12\]" from metal1 to via1 in cell top.
Moving label "RF.reg_arr\[30\]\[14\]" from metal1 to via1 in cell top.
Moving label "RF.reg_arr\[30\]\[22\]" from metal1 to via1 in cell top.
Moving label "RF.reg_arr\[30\]\[23\]" from metal1 to via1 in cell top.
Moving label "RF.reg_arr\[30\]\[25\]" from metal1 to via1 in cell top.
Moving label "RF.reg_arr\[30\]\[26\]" from metal1 to via1 in cell top.
Moving label "RF.reg_arr\[30\]\[29\]" from metal1 to via1 in cell top.
Moving label "RF.reg_arr\[30\]\[8\]" from metal1 to via1 in cell top.
Moving label "RF.reg_arr\[31\]\[0\]" from metal2 to via1 in cell top.
Moving label "RF.reg_arr\[31\]\[18\]" from metal1 to via1 in cell top.
Moving label "RF.reg_arr\[31\]\[2\]" from metal2 to via1 in cell top.
Moving label "RF.reg_arr\[3\]\[31\]" from metal2 to via1 in cell top.
Moving label "RF.reg_arr\[4\]\[8\]" from metal2 to via2 in cell top.
Moving label "RF.reg_arr\[6\]\[16\]" from metal1 to via1 in cell top.
Moving label "RF.reg_arr\[6\]\[17\]" from metal1 to via1 in cell top.
Moving label "RF.reg_arr\[6\]\[1\]" from metal1 to via1 in cell top.
Moving label "RF.reg_arr\[6\]\[22\]" from metal1 to via1 in cell top.
Moving label "RF.reg_arr\[6\]\[23\]" from metal1 to via1 in cell top.
Moving label "RF.reg_arr\[6\]\[27\]" from metal1 to via1 in cell top.
Moving label "RF.reg_arr\[6\]\[4\]" from metal1 to via1 in cell top.
Moving label "RF.reg_arr\[6\]\[7\]" from metal1 to via1 in cell top.
Moving label "RF.reg_arr\[6\]\[8\]" from metal1 to via1 in cell top.
Moving label "RF.reg_arr\[7\]\[28\]" from metal1 to via1 in cell top.
Moving label "WD3[30]" from metal2 to via2 in cell top.
Moving label "_0013_" from metal1 to via1 in cell top.
Moving label "_0025_" from metal1 to via1 in cell top.
Moving label "_0035_" from metal1 to via1 in cell top.
Moving label "_0036_" from metal1 to viali in cell top.
Moving label "_0045_" from metal1 to via1 in cell top.
Moving label "_0052_" from metal1 to via1 in cell top.
Moving label "_0058_" from metal1 to via1 in cell top.
Moving label "_0062_" from metal1 to via1 in cell top.
Moving label "_0064_" from metal1 to via1 in cell top.
Moving label "_0065_" from metal1 to via1 in cell top.
Moving label "_0070_" from metal1 to via1 in cell top.
Moving label "_0082_" from metal1 to via1 in cell top.
Moving label "_0084_" from metal1 to via1 in cell top.
Moving label "_0085_" from metal1 to via1 in cell top.
Moving label "_0100_" from metal1 to via1 in cell top.
Moving label "_0104_" from metal1 to via1 in cell top.
Moving label "_0107_" from metal1 to via1 in cell top.
Moving label "_0115_" from metal1 to via1 in cell top.
Moving label "_0121_" from metal1 to via1 in cell top.
Moving label "_0129_" from metal1 to via1 in cell top.
Moving label "_0140_" from metal1 to via1 in cell top.
Moving label "_0142_" from metal1 to via1 in cell top.
Moving label "_0149_" from metal1 to via1 in cell top.
Moving label "_0157_" from metal1 to via1 in cell top.
Moving label "_0158_" from metal1 to via1 in cell top.
Moving label "_0169_" from metal1 to via1 in cell top.
Moving label "_0174_" from metal1 to via1 in cell top.
Moving label "_0176_" from metal1 to via1 in cell top.
Moving label "_0185_" from metal1 to via1 in cell top.
Moving label "_0186_" from metal1 to via1 in cell top.
Moving label "_0188_" from metal1 to via1 in cell top.
Moving label "_0189_" from metal1 to viali in cell top.
Moving label "_0203_" from metal1 to via1 in cell top.
Moving label "_0206_" from metal1 to via1 in cell top.
Moving label "_0216_" from metal1 to via1 in cell top.
Moving label "_0225_" from metal1 to via1 in cell top.
Moving label "_0233_" from metal1 to via1 in cell top.
Moving label "_0236_" from metal1 to via1 in cell top.
Moving label "_0249_" from metal1 to via1 in cell top.
Moving label "_0257_" from metal1 to via1 in cell top.
Moving label "_0273_" from metal1 to via1 in cell top.
Moving label "_0274_" from metal1 to viali in cell top.
Moving label "_0279_" from metal1 to via1 in cell top.
Moving label "_0299_" from metal1 to via1 in cell top.
Moving label "_0304_" from metal1 to viali in cell top.
Moving label "_0306_" from metal1 to via1 in cell top.
Moving label "_0307_" from metal1 to via1 in cell top.
Moving label "_0323_" from metal1 to via1 in cell top.
Moving label "_0325_" from metal1 to via1 in cell top.
Moving label "_0328_" from metal1 to via1 in cell top.
Moving label "_0337_" from metal1 to via1 in cell top.
Moving label "_0339_" from metal1 to via1 in cell top.
Moving label "_0340_" from metal1 to via1 in cell top.
Moving label "_0342_" from metal1 to via1 in cell top.
Moving label "_0344_" from metal1 to via1 in cell top.
Moving label "_0345_" from metal1 to via1 in cell top.
Moving label "_0349_" from metal1 to via1 in cell top.
Moving label "_0351_" from metal1 to via1 in cell top.
Moving label "_0355_" from metal1 to via1 in cell top.
Moving label "_0357_" from metal1 to via1 in cell top.
Moving label "_0359_" from metal1 to via1 in cell top.
Moving label "_0369_" from metal1 to via1 in cell top.
Moving label "_0373_" from metal1 to via1 in cell top.
Moving label "_0390_" from metal1 to via1 in cell top.
Moving label "_0399_" from metal1 to via1 in cell top.
Moving label "_0409_" from metal1 to via1 in cell top.
Moving label "_0417_" from metal1 to viali in cell top.
Moving label "_0418_" from metal1 to via1 in cell top.
Moving label "_0421_" from metal1 to via1 in cell top.
Moving label "_0424_" from metal1 to via1 in cell top.
Moving label "_0425_" from metal1 to via1 in cell top.
Moving label "_0432_" from metal1 to via1 in cell top.
Moving label "_0433_" from metal1 to via1 in cell top.
Moving label "_0434_" from metal1 to via1 in cell top.
Moving label "_0445_" from metal1 to via1 in cell top.
Moving label "_0446_" from metal1 to via1 in cell top.
Moving label "_0448_" from metal1 to via1 in cell top.
Moving label "_0453_" from metal1 to via1 in cell top.
Moving label "_0456_" from metal1 to via1 in cell top.
Moving label "_0457_" from metal1 to via1 in cell top.
Moving label "_0463_" from metal1 to viali in cell top.
Moving label "_0464_" from metal1 to via1 in cell top.
Moving label "_0466_" from metal1 to via1 in cell top.
Moving label "_0471_" from metal1 to via1 in cell top.
Moving label "_0473_" from metal1 to via1 in cell top.
Moving label "_0475_" from metal1 to via1 in cell top.
Moving label "_0482_" from metal1 to viali in cell top.
Moving label "_0498_" from metal1 to via1 in cell top.
Moving label "_0510_" from metal1 to via1 in cell top.
Moving label "_0515_" from metal1 to via1 in cell top.
Moving label "_0520_" from metal1 to viali in cell top.
Moving label "_0522_" from metal1 to via1 in cell top.
Moving label "_0529_" from metal1 to via1 in cell top.
Moving label "_0530_" from metal1 to via1 in cell top.
Moving label "_0533_" from metal1 to via1 in cell top.
Moving label "_0537_" from metal1 to via1 in cell top.
Moving label "_0541_" from metal1 to via1 in cell top.
Moving label "_0553_" from metal1 to via1 in cell top.
Moving label "_0555_" from metal1 to via1 in cell top.
Moving label "_0563_" from metal1 to via1 in cell top.
Moving label "_0566_" from metal1 to via1 in cell top.
Moving label "_0570_" from metal1 to via1 in cell top.
Moving label "_0571_" from metal1 to via1 in cell top.
Moving label "_0574_" from metal1 to via1 in cell top.
Moving label "_0575_" from metal1 to via1 in cell top.
Moving label "_0576_" from metal1 to via1 in cell top.
Moving label "_0580_" from metal1 to via1 in cell top.
Moving label "_0582_" from metal1 to via1 in cell top.
Moving label "_0593_" from metal1 to via1 in cell top.
Moving label "_0594_" from metal1 to via1 in cell top.
Moving label "_0597_" from metal1 to via1 in cell top.
Moving label "_0598_" from metal1 to via1 in cell top.
Moving label "_0613_" from metal1 to via1 in cell top.
Moving label "_0618_" from metal1 to via1 in cell top.
Moving label "_0619_" from metal1 to via1 in cell top.
Moving label "_0621_" from metal1 to via1 in cell top.
Moving label "_0629_" from metal1 to via1 in cell top.
Moving label "_0633_" from metal1 to via1 in cell top.
Moving label "_0639_" from metal1 to viali in cell top.
Moving label "_0646_" from metal1 to via1 in cell top.
Moving label "_0650_" from metal1 to via1 in cell top.
Moving label "_0670_" from metal1 to via1 in cell top.
Moving label "_0671_" from metal1 to via1 in cell top.
Moving label "_0681_" from metal1 to via1 in cell top.
Moving label "_0687_" from metal1 to via1 in cell top.
Moving label "_0691_" from metal1 to via1 in cell top.
Moving label "_0701_" from metal1 to via1 in cell top.
Moving label "_0702_" from metal1 to via1 in cell top.
Moving label "_0727_" from metal1 to via1 in cell top.
Moving label "_0738_" from metal1 to via1 in cell top.
Moving label "_0741_" from metal1 to via1 in cell top.
Moving label "_0749_" from metal1 to via1 in cell top.
Moving label "_0751_" from metal1 to via1 in cell top.
Moving label "_0754_" from metal1 to via1 in cell top.
Moving label "_0755_" from metal1 to via1 in cell top.
Moving label "_0765_" from metal1 to viali in cell top.
Moving label "_0772_" from metal1 to via1 in cell top.
Moving label "_0777_" from metal1 to via1 in cell top.
Moving label "_0787_" from metal1 to via1 in cell top.
Moving label "_0800_" from metal1 to via1 in cell top.
Moving label "_0805_" from metal1 to via1 in cell top.
Moving label "_0808_" from metal1 to via1 in cell top.
Moving label "_0814_" from metal1 to via1 in cell top.
Moving label "_0821_" from metal1 to via1 in cell top.
Moving label "_0826_" from metal1 to via1 in cell top.
Moving label "_0832_" from metal1 to via1 in cell top.
Moving label "_0837_" from metal1 to via1 in cell top.
Moving label "_0849_" from metal1 to via1 in cell top.
Moving label "_0853_" from metal1 to via1 in cell top.
Moving label "_0858_" from metal1 to via1 in cell top.
Moving label "_0863_" from metal1 to via1 in cell top.
Moving label "_0866_" from metal1 to via1 in cell top.
Moving label "_0869_" from metal1 to via1 in cell top.
Moving label "_0870_" from metal1 to via1 in cell top.
Moving label "_0873_" from metal1 to via1 in cell top.
Moving label "_0874_" from metal2 to via2 in cell top.
Moving label "_0876_" from metal1 to via1 in cell top.
Moving label "_0878_" from metal1 to via1 in cell top.
Moving label "_0882_" from metal1 to via1 in cell top.
Moving label "_0887_" from metal1 to via1 in cell top.
Moving label "_0891_" from metal1 to via1 in cell top.
Moving label "_0892_" from metal1 to via1 in cell top.
Moving label "_0899_" from metal1 to via1 in cell top.
Moving label "_0901_" from metal1 to via1 in cell top.
Moving label "_0903_" from metal1 to via1 in cell top.
Moving label "_0904_" from metal1 to via1 in cell top.
Moving label "_0913_" from metal1 to via1 in cell top.
Moving label "_0918_" from metal1 to viali in cell top.
Moving label "_0937_" from metal1 to via1 in cell top.
Moving label "_0949_" from metal1 to via1 in cell top.
Moving label "_0954_" from metal1 to via1 in cell top.
Moving label "_0956_" from metal1 to via1 in cell top.
Moving label "_0958_" from metal1 to via1 in cell top.
Moving label "_0962_" from metal1 to via1 in cell top.
Moving label "_0974_" from metal1 to via1 in cell top.
Moving label "_0983_" from metal1 to via1 in cell top.
Moving label "_0998_" from metal1 to via1 in cell top.
Moving label "_1002_" from metal1 to via1 in cell top.
Moving label "_1005_" from metal1 to via1 in cell top.
Moving label "_1008_" from metal1 to via1 in cell top.
Moving label "_1012_" from metal1 to via1 in cell top.
Moving label "_1065_" from metal1 to via1 in cell top.
Moving label "_1088_" from metal1 to via1 in cell top.
Moving label "_1105_" from metal3 to via3 in cell top.
Moving label "_1126_" from metal2 to via2 in cell top.
Moving label "_1154_" from metal1 to via1 in cell top.
Moving label "_1173_" from metal2 to via2 in cell top.
Moving label "_1188_" from metal2 to via2 in cell top.
Moving label "_1200_" from metal1 to via1 in cell top.
Moving label "_1205_" from metal2 to via2 in cell top.
Moving label "_1248_" from metal2 to via2 in cell top.
Moving label "_1284_" from metal2 to via1 in cell top.
Moving label "_1315_" from metal2 to via2 in cell top.
Moving label "_1343_" from metal2 to via1 in cell top.
Moving label "_1347_" from metal1 to viali in cell top.
Moving label "_1483_" from metal2 to via2 in cell top.
Moving label "_1553_" from metal1 to via1 in cell top.
Moving label "_1603_" from metal2 to via2 in cell top.
Moving label "_1632_" from metal1 to viali in cell top.
Moving label "_1636_" from metal2 to via2 in cell top.
Moving label "_1663_" from metal2 to via2 in cell top.
Moving label "_1678_" from metal2 to via2 in cell top.
Moving label "_1697_" from metal2 to via1 in cell top.
Moving label "_1698_" from metal1 to via1 in cell top.
Moving label "_1699_" from metal2 to via2 in cell top.
Moving label "_1716_" from metal2 to via2 in cell top.
Moving label "_1744_" from metal2 to via2 in cell top.
Moving label "_1756_" from metal2 to via2 in cell top.
Moving label "_1772_" from metal2 to via2 in cell top.
Moving label "_1774_" from metal1 to via1 in cell top.
Moving label "_1863_" from metal2 to via2 in cell top.
Moving label "_1915_" from metal1 to via1 in cell top.
Moving label "_1997_" from metal2 to via2 in cell top.
Moving label "_2015_" from metal2 to via2 in cell top.
Moving label "_2027_" from metal2 to via2 in cell top.
Moving label "_2098_" from metal1 to via1 in cell top.
Moving label "_2111_" from metal2 to via2 in cell top.
Moving label "_2135_" from metal1 to via1 in cell top.
Moving label "_2243_" from metal2 to via2 in cell top.
Moving label "_2248_" from metal1 to viali in cell top.
Moving label "_2355_" from metal1 to via1 in cell top.
Moving label "_2436_" from metal2 to via2 in cell top.
Moving label "_2488_" from metal1 to via1 in cell top.
Moving label "_2500_" from metal2 to via1 in cell top.
Moving label "_2524_" from metal2 to via2 in cell top.
Moving label "_2563_" from metal1 to viali in cell top.
Moving label "_2569_" from metal2 to via2 in cell top.
Moving label "_2594_" from metal2 to via2 in cell top.
Moving label "_2644_" from metal2 to via1 in cell top.
Moving label "_2671_" from metal1 to viali in cell top.
Moving label "_2785_" from metal1 to via1 in cell top.
Moving label "_2846_" from metal2 to via2 in cell top.
Moving label "_2888_" from metal1 to via1 in cell top.
Moving label "_2896_" from metal1 to via1 in cell top.
Moving label "_3154_" from metal1 to viali in cell top.
Moving label "_3208_" from metal1 to viali in cell top.
Moving label "_3388_" from metal2 to via2 in cell top.
Moving label "_3425_" from metal1 to viali in cell top.
Moving label "_3460_" from metal2 to via2 in cell top.
Moving label "_3496_" from metal2 to via2 in cell top.
Moving label "_3629_" from metal2 to via2 in cell top.
Moving label "_3667_" from metal3 to via3 in cell top.
Moving label "_3705_" from metal2 to via2 in cell top.
Moving label "_3714_" from metal1 to viali in cell top.
Moving label "_3922_" from metal2 to via2 in cell top.
Moving label "_3958_" from metal2 to via2 in cell top.
Moving label "_4016_" from metal2 to via2 in cell top.
Moving label "_4209_" from metal1 to viali in cell top.
Moving label "clknet_0_CLK" from metal2 to via2 in cell top.
Moving label "clknet_3_2__leaf_CLK" from metal2 to via2 in cell top.
Moving label "clknet_3_4__leaf_CLK" from metal2 to via2 in cell top.
Moving label "clknet_leaf_35_CLK" from metal1 to via1 in cell top.
Moving label "net374" from metal2 to via2 in cell top.
Moving label "net5" from metal2 to via2 in cell top.
Moving label "net55" from metal2 to via2 in cell top.
Moving label "net61" from metal2 to via2 in cell top.
Moving label "net77" from metal2 to via2 in cell top.
Moving label "net829" from metal2 to via2 in cell top.
Moving label "result[12]" from metal2 to via2 in cell top.
Moving label "result[18]" from metal2 to via2 in cell top.
Moving label "result[21]" from metal2 to via2 in cell top.
Moving label "result[3]" from metal2 to via2 in cell top.
Root cell box:
           width x height  (   llx,  lly  ), (   urx,  ury  )  area (units^2)

microns:  400.000 x 400.000  ( 0.000,  0.000), ( 400.000,  400.000)  160000.000
lambda:   40000.00 x 40000.00  (  0.00,  0.00 ), ( 40000.00,  40000.00)  1600000000.00
internal:  80000 x 80000   (     0,  0    ), ( 80000,  80000)  6400000000
   Copying output for cell sky130_ef_sc_hd__decap_12 from $PDKPATH/libs.ref/sky130_fd_sc_hd/gds/sky130_fd_sc_hd.gds
   Copying output for cell sky130_fd_sc_hd__decap_3 from $PDKPATH/libs.ref/sky130_fd_sc_hd/gds/sky130_fd_sc_hd.gds
   Copying output for cell sky130_fd_sc_hd__fill_1 from $PDKPATH/libs.ref/sky130_fd_sc_hd/gds/sky130_fd_sc_hd.gds
   Copying output for cell sky130_fd_sc_hd__tapvpwrvgnd_1 from $PDKPATH/libs.ref/sky130_fd_sc_hd/gds/sky130_fd_sc_hd.gds
   Copying output for cell sky130_fd_sc_hd__decap_4 from $PDKPATH/libs.ref/sky130_fd_sc_hd/gds/sky130_fd_sc_hd.gds
   Copying output for cell sky130_fd_sc_hd__mux2_1 from $PDKPATH/libs.ref/sky130_fd_sc_hd/gds/sky130_fd_sc_hd.gds
   Copying output for cell sky130_fd_sc_hd__clkbuf_1 from $PDKPATH/libs.ref/sky130_fd_sc_hd/gds/sky130_fd_sc_hd.gds
   Copying output for cell sky130_fd_sc_hd__dfxtp_1 from $PDKPATH/libs.ref/sky130_fd_sc_hd/gds/sky130_fd_sc_hd.gds
   Copying output for cell sky130_fd_sc_hd__fill_2 from $PDKPATH/libs.ref/sky130_fd_sc_hd/gds/sky130_fd_sc_hd.gds
   Copying output for cell sky130_fd_sc_hd__dlygate4sd3_1 from $PDKPATH/libs.ref/sky130_fd_sc_hd/gds/sky130_fd_sc_hd.gds
   Copying output for cell sky130_fd_sc_hd__buf_1 from $PDKPATH/libs.ref/sky130_fd_sc_hd/gds/sky130_fd_sc_hd.gds
   Copying output for cell sky130_fd_sc_hd__clkbuf_2 from $PDKPATH/libs.ref/sky130_fd_sc_hd/gds/sky130_fd_sc_hd.gds
   Copying output for cell sky130_fd_sc_hd__dlymetal6s2s_1 from $PDKPATH/libs.ref/sky130_fd_sc_hd/gds/sky130_fd_sc_hd.gds
   Copying output for cell sky130_fd_sc_hd__decap_6 from $PDKPATH/libs.ref/sky130_fd_sc_hd/gds/sky130_fd_sc_hd.gds
   Copying output for cell sky130_fd_sc_hd__decap_8 from $PDKPATH/libs.ref/sky130_fd_sc_hd/gds/sky130_fd_sc_hd.gds
   Copying output for cell sky130_fd_sc_hd__clkinvlp_4 from $PDKPATH/libs.ref/sky130_fd_sc_hd/gds/sky130_fd_sc_hd.gds
   Copying output for cell sky130_fd_sc_hd__mux4_1 from $PDKPATH/libs.ref/sky130_fd_sc_hd/gds/sky130_fd_sc_hd.gds
   Copying output for cell sky130_fd_sc_hd__clkinv_4 from $PDKPATH/libs.ref/sky130_fd_sc_hd/gds/sky130_fd_sc_hd.gds
   Copying output for cell sky130_fd_sc_hd__clkbuf_8 from $PDKPATH/libs.ref/sky130_fd_sc_hd/gds/sky130_fd_sc_hd.gds
   Copying output for cell sky130_fd_sc_hd__buf_4 from $PDKPATH/libs.ref/sky130_fd_sc_hd/gds/sky130_fd_sc_hd.gds
   Copying output for cell sky130_fd_sc_hd__clkbuf_4 from $PDKPATH/libs.ref/sky130_fd_sc_hd/gds/sky130_fd_sc_hd.gds
   Copying output for cell sky130_fd_sc_hd__buf_8 from $PDKPATH/libs.ref/sky130_fd_sc_hd/gds/sky130_fd_sc_hd.gds
   Copying output for cell sky130_fd_sc_hd__mux4_2 from $PDKPATH/libs.ref/sky130_fd_sc_hd/gds/sky130_fd_sc_hd.gds
   Copying output for cell sky130_fd_sc_hd__inv_8 from $PDKPATH/libs.ref/sky130_fd_sc_hd/gds/sky130_fd_sc_hd.gds
   Copying output for cell sky130_fd_sc_hd__inv_6 from $PDKPATH/libs.ref/sky130_fd_sc_hd/gds/sky130_fd_sc_hd.gds
   Copying output for cell sky130_fd_sc_hd__diode_2 from $PDKPATH/libs.ref/sky130_fd_sc_hd/gds/sky130_fd_sc_hd.gds
   Copying output for cell sky130_fd_sc_hd__buf_12 from $PDKPATH/libs.ref/sky130_fd_sc_hd/gds/sky130_fd_sc_hd.gds
   Copying output for cell sky130_fd_sc_hd__buf_6 from $PDKPATH/libs.ref/sky130_fd_sc_hd/gds/sky130_fd_sc_hd.gds
   Copying output for cell sky130_fd_sc_hd__nand2_2 from $PDKPATH/libs.ref/sky130_fd_sc_hd/gds/sky130_fd_sc_hd.gds
   Copying output for cell sky130_fd_sc_hd__buf_2 from $PDKPATH/libs.ref/sky130_fd_sc_hd/gds/sky130_fd_sc_hd.gds
   Copying output for cell sky130_fd_sc_hd__or2_1 from $PDKPATH/libs.ref/sky130_fd_sc_hd/gds/sky130_fd_sc_hd.gds
   Copying output for cell sky130_fd_sc_hd__clkbuf_16 from $PDKPATH/libs.ref/sky130_fd_sc_hd/gds/sky130_fd_sc_hd.gds
   Copying output for cell sky130_fd_sc_hd__a221o_1 from $PDKPATH/libs.ref/sky130_fd_sc_hd/gds/sky130_fd_sc_hd.gds
   Copying output for cell sky130_fd_sc_hd__o21a_1 from $PDKPATH/libs.ref/sky130_fd_sc_hd/gds/sky130_fd_sc_hd.gds
   Copying output for cell sky130_fd_sc_hd__o21a_2 from $PDKPATH/libs.ref/sky130_fd_sc_hd/gds/sky130_fd_sc_hd.gds
   Copying output for cell sky130_fd_sc_hd__o21ai_4 from $PDKPATH/libs.ref/sky130_fd_sc_hd/gds/sky130_fd_sc_hd.gds
   Copying output for cell sky130_fd_sc_hd__nand2_1 from $PDKPATH/libs.ref/sky130_fd_sc_hd/gds/sky130_fd_sc_hd.gds
   Copying output for cell sky130_fd_sc_hd__a21oi_1 from $PDKPATH/libs.ref/sky130_fd_sc_hd/gds/sky130_fd_sc_hd.gds
   Copying output for cell sky130_fd_sc_hd__a2bb2o_4 from $PDKPATH/libs.ref/sky130_fd_sc_hd/gds/sky130_fd_sc_hd.gds
   Copying output for cell sky130_fd_sc_hd__a2bb2o_2 from $PDKPATH/libs.ref/sky130_fd_sc_hd/gds/sky130_fd_sc_hd.gds
   Copying output for cell sky130_fd_sc_hd__o221a_1 from $PDKPATH/libs.ref/sky130_fd_sc_hd/gds/sky130_fd_sc_hd.gds
   Copying output for cell sky130_fd_sc_hd__and2_1 from $PDKPATH/libs.ref/sky130_fd_sc_hd/gds/sky130_fd_sc_hd.gds
   Copying output for cell sky130_fd_sc_hd__a21o_1 from $PDKPATH/libs.ref/sky130_fd_sc_hd/gds/sky130_fd_sc_hd.gds
   Copying output for cell sky130_fd_sc_hd__a21oi_4 from $PDKPATH/libs.ref/sky130_fd_sc_hd/gds/sky130_fd_sc_hd.gds
   Copying output for cell sky130_fd_sc_hd__o22a_4 from $PDKPATH/libs.ref/sky130_fd_sc_hd/gds/sky130_fd_sc_hd.gds
   Copying output for cell sky130_fd_sc_hd__o21ai_1 from $PDKPATH/libs.ref/sky130_fd_sc_hd/gds/sky130_fd_sc_hd.gds
   Copying output for cell sky130_fd_sc_hd__o211a_1 from $PDKPATH/libs.ref/sky130_fd_sc_hd/gds/sky130_fd_sc_hd.gds
   Copying output for cell sky130_fd_sc_hd__a32oi_4 from $PDKPATH/libs.ref/sky130_fd_sc_hd/gds/sky130_fd_sc_hd.gds
   Copying output for cell sky130_fd_sc_hd__a32o_1 from $PDKPATH/libs.ref/sky130_fd_sc_hd/gds/sky130_fd_sc_hd.gds
   Copying output for cell sky130_fd_sc_hd__nor2_1 from $PDKPATH/libs.ref/sky130_fd_sc_hd/gds/sky130_fd_sc_hd.gds
   Copying output for cell sky130_fd_sc_hd__o2bb2a_2 from $PDKPATH/libs.ref/sky130_fd_sc_hd/gds/sky130_fd_sc_hd.gds
   Copying output for cell sky130_fd_sc_hd__a21oi_2 from $PDKPATH/libs.ref/sky130_fd_sc_hd/gds/sky130_fd_sc_hd.gds
   Copying output for cell sky130_fd_sc_hd__clkinv_1 from $PDKPATH/libs.ref/sky130_fd_sc_hd/gds/sky130_fd_sc_hd.gds
   Copying output for cell sky130_fd_sc_hd__o2bb2a_1 from $PDKPATH/libs.ref/sky130_fd_sc_hd/gds/sky130_fd_sc_hd.gds
   Copying output for cell sky130_fd_sc_hd__mux2_2 from $PDKPATH/libs.ref/sky130_fd_sc_hd/gds/sky130_fd_sc_hd.gds
   Copying output for cell sky130_fd_sc_hd__clkinv_8 from $PDKPATH/libs.ref/sky130_fd_sc_hd/gds/sky130_fd_sc_hd.gds
   Copying output for cell sky130_fd_sc_hd__a221oi_4 from $PDKPATH/libs.ref/sky130_fd_sc_hd/gds/sky130_fd_sc_hd.gds
   Copying output for cell sky130_fd_sc_hd__o22a_1 from $PDKPATH/libs.ref/sky130_fd_sc_hd/gds/sky130_fd_sc_hd.gds
   Copying output for cell sky130_fd_sc_hd__inv_2 from $PDKPATH/libs.ref/sky130_fd_sc_hd/gds/sky130_fd_sc_hd.gds
   Copying output for cell sky130_fd_sc_hd__a32o_4 from $PDKPATH/libs.ref/sky130_fd_sc_hd/gds/sky130_fd_sc_hd.gds
   Copying output for cell sky130_fd_sc_hd__clkinvlp_2 from $PDKPATH/libs.ref/sky130_fd_sc_hd/gds/sky130_fd_sc_hd.gds
   Copying output for cell sky130_fd_sc_hd__o2bb2a_4 from $PDKPATH/libs.ref/sky130_fd_sc_hd/gds/sky130_fd_sc_hd.gds
   Copying output for cell sky130_fd_sc_hd__inv_4 from $PDKPATH/libs.ref/sky130_fd_sc_hd/gds/sky130_fd_sc_hd.gds
   Copying output for cell sky130_fd_sc_hd__nor2_2 from $PDKPATH/libs.ref/sky130_fd_sc_hd/gds/sky130_fd_sc_hd.gds
   Copying output for cell sky130_fd_sc_hd__nand3_4 from $PDKPATH/libs.ref/sky130_fd_sc_hd/gds/sky130_fd_sc_hd.gds
   Copying output for cell sky130_fd_sc_hd__nand2_4 from $PDKPATH/libs.ref/sky130_fd_sc_hd/gds/sky130_fd_sc_hd.gds
   Copying output for cell sky130_fd_sc_hd__and4b_2 from $PDKPATH/libs.ref/sky130_fd_sc_hd/gds/sky130_fd_sc_hd.gds
   Copying output for cell sky130_fd_sc_hd__nor2b_4 from $PDKPATH/libs.ref/sky130_fd_sc_hd/gds/sky130_fd_sc_hd.gds
   Copying output for cell sky130_fd_sc_hd__and4b_1 from $PDKPATH/libs.ref/sky130_fd_sc_hd/gds/sky130_fd_sc_hd.gds
   Copying output for cell sky130_fd_sc_hd__and3_4 from $PDKPATH/libs.ref/sky130_fd_sc_hd/gds/sky130_fd_sc_hd.gds
   Copying output for cell sky130_fd_sc_hd__or2_2 from $PDKPATH/libs.ref/sky130_fd_sc_hd/gds/sky130_fd_sc_hd.gds
   Copying output for cell sky130_fd_sc_hd__or2b_2 from $PDKPATH/libs.ref/sky130_fd_sc_hd/gds/sky130_fd_sc_hd.gds
   Copying output for cell sky130_fd_sc_hd__a22o_1 from $PDKPATH/libs.ref/sky130_fd_sc_hd/gds/sky130_fd_sc_hd.gds
   Copying output for cell sky130_fd_sc_hd__or4bb_4 from $PDKPATH/libs.ref/sky130_fd_sc_hd/gds/sky130_fd_sc_hd.gds
   Copying output for cell sky130_fd_sc_hd__and2_4 from $PDKPATH/libs.ref/sky130_fd_sc_hd/gds/sky130_fd_sc_hd.gds
   Copying output for cell sky130_fd_sc_hd__and3_2 from $PDKPATH/libs.ref/sky130_fd_sc_hd/gds/sky130_fd_sc_hd.gds
   Copying output for cell sky130_fd_sc_hd__nor2_4 from $PDKPATH/libs.ref/sky130_fd_sc_hd/gds/sky130_fd_sc_hd.gds
   Copying output for cell sky130_fd_sc_hd__a2bb2o_1 from $PDKPATH/libs.ref/sky130_fd_sc_hd/gds/sky130_fd_sc_hd.gds
   Copying output for cell sky130_fd_sc_hd__nand4b_4 from $PDKPATH/libs.ref/sky130_fd_sc_hd/gds/sky130_fd_sc_hd.gds
   Copying output for cell sky130_fd_sc_hd__nor3_1 from $PDKPATH/libs.ref/sky130_fd_sc_hd/gds/sky130_fd_sc_hd.gds
   Copying output for cell sky130_fd_sc_hd__bufinv_16 from $PDKPATH/libs.ref/sky130_fd_sc_hd/gds/sky130_fd_sc_hd.gds
   Copying output for cell sky130_fd_sc_hd__or4_4 from $PDKPATH/libs.ref/sky130_fd_sc_hd/gds/sky130_fd_sc_hd.gds
   Copying output for cell sky130_fd_sc_hd__o31a_1 from $PDKPATH/libs.ref/sky130_fd_sc_hd/gds/sky130_fd_sc_hd.gds
   Copying output for cell sky130_fd_sc_hd__xnor2_1 from $PDKPATH/libs.ref/sky130_fd_sc_hd/gds/sky130_fd_sc_hd.gds
   Copying output for cell sky130_fd_sc_hd__o41a_1 from $PDKPATH/libs.ref/sky130_fd_sc_hd/gds/sky130_fd_sc_hd.gds
   Copying output for cell sky130_fd_sc_hd__or3_1 from $PDKPATH/libs.ref/sky130_fd_sc_hd/gds/sky130_fd_sc_hd.gds
   Copying output for cell sky130_fd_sc_hd__nor4_2 from $PDKPATH/libs.ref/sky130_fd_sc_hd/gds/sky130_fd_sc_hd.gds
   Copying output for cell sky130_fd_sc_hd__a21bo_1 from $PDKPATH/libs.ref/sky130_fd_sc_hd/gds/sky130_fd_sc_hd.gds
   Copying output for cell sky130_fd_sc_hd__a211oi_1 from $PDKPATH/libs.ref/sky130_fd_sc_hd/gds/sky130_fd_sc_hd.gds
   Copying output for cell sky130_fd_sc_hd__a31o_1 from $PDKPATH/libs.ref/sky130_fd_sc_hd/gds/sky130_fd_sc_hd.gds
   Copying output for cell sky130_fd_sc_hd__xor2_1 from $PDKPATH/libs.ref/sky130_fd_sc_hd/gds/sky130_fd_sc_hd.gds
   Copying output for cell sky130_fd_sc_hd__a41o_1 from $PDKPATH/libs.ref/sky130_fd_sc_hd/gds/sky130_fd_sc_hd.gds
   Copying output for cell sky130_fd_sc_hd__xnor2_2 from $PDKPATH/libs.ref/sky130_fd_sc_hd/gds/sky130_fd_sc_hd.gds
   Copying output for cell sky130_fd_sc_hd__or2b_1 from $PDKPATH/libs.ref/sky130_fd_sc_hd/gds/sky130_fd_sc_hd.gds
   Copying output for cell sky130_fd_sc_hd__and3_1 from $PDKPATH/libs.ref/sky130_fd_sc_hd/gds/sky130_fd_sc_hd.gds
   Copying output for cell sky130_fd_sc_hd__a211o_1 from $PDKPATH/libs.ref/sky130_fd_sc_hd/gds/sky130_fd_sc_hd.gds
   Copying output for cell sky130_fd_sc_hd__nand4b_1 from $PDKPATH/libs.ref/sky130_fd_sc_hd/gds/sky130_fd_sc_hd.gds
   Copying output for cell sky130_fd_sc_hd__a311o_1 from $PDKPATH/libs.ref/sky130_fd_sc_hd/gds/sky130_fd_sc_hd.gds
   Copying output for cell sky130_fd_sc_hd__and2b_1 from $PDKPATH/libs.ref/sky130_fd_sc_hd/gds/sky130_fd_sc_hd.gds
   Copying output for cell sky130_fd_sc_hd__o21ba_1 from $PDKPATH/libs.ref/sky130_fd_sc_hd/gds/sky130_fd_sc_hd.gds
   Copying output for cell sky130_fd_sc_hd__o21bai_1 from $PDKPATH/libs.ref/sky130_fd_sc_hd/gds/sky130_fd_sc_hd.gds
   Copying output for cell sky130_fd_sc_hd__o21bai_2 from $PDKPATH/libs.ref/sky130_fd_sc_hd/gds/sky130_fd_sc_hd.gds
   Copying output for cell sky130_fd_sc_hd__nand2b_4 from $PDKPATH/libs.ref/sky130_fd_sc_hd/gds/sky130_fd_sc_hd.gds
   Copying output for cell sky130_fd_sc_hd__or4b_4 from $PDKPATH/libs.ref/sky130_fd_sc_hd/gds/sky130_fd_sc_hd.gds
   Copying output for cell sky130_fd_sc_hd__or3b_4 from $PDKPATH/libs.ref/sky130_fd_sc_hd/gds/sky130_fd_sc_hd.gds
   Copying output for cell sky130_fd_sc_hd__nor3b_2 from $PDKPATH/libs.ref/sky130_fd_sc_hd/gds/sky130_fd_sc_hd.gds
   Copying output for cell sky130_fd_sc_hd__o32a_1 from $PDKPATH/libs.ref/sky130_fd_sc_hd/gds/sky130_fd_sc_hd.gds
   Copying output for cell sky130_fd_sc_hd__a31o_4 from $PDKPATH/libs.ref/sky130_fd_sc_hd/gds/sky130_fd_sc_hd.gds
   Copying output for cell sky130_fd_sc_hd__nand3_2 from $PDKPATH/libs.ref/sky130_fd_sc_hd/gds/sky130_fd_sc_hd.gds
   Copying output for cell sky130_fd_sc_hd__or3b_2 from $PDKPATH/libs.ref/sky130_fd_sc_hd/gds/sky130_fd_sc_hd.gds
   Copying output for cell sky130_fd_sc_hd__and2_2 from $PDKPATH/libs.ref/sky130_fd_sc_hd/gds/sky130_fd_sc_hd.gds
   Copying output for cell sky130_fd_sc_hd__o311a_1 from $PDKPATH/libs.ref/sky130_fd_sc_hd/gds/sky130_fd_sc_hd.gds
   Copying output for cell sky130_fd_sc_hd__xor2_2 from $PDKPATH/libs.ref/sky130_fd_sc_hd/gds/sky130_fd_sc_hd.gds
   Copying output for cell sky130_fd_sc_hd__nand3_1 from $PDKPATH/libs.ref/sky130_fd_sc_hd/gds/sky130_fd_sc_hd.gds
   Copying output for cell sky130_fd_sc_hd__or3b_1 from $PDKPATH/libs.ref/sky130_fd_sc_hd/gds/sky130_fd_sc_hd.gds
   Copying output for cell sky130_fd_sc_hd__a22o_4 from $PDKPATH/libs.ref/sky130_fd_sc_hd/gds/sky130_fd_sc_hd.gds
   Copying output for cell sky130_fd_sc_hd__o311ai_4 from $PDKPATH/libs.ref/sky130_fd_sc_hd/gds/sky130_fd_sc_hd.gds
   Copying output for cell sky130_fd_sc_hd__o22ai_1 from $PDKPATH/libs.ref/sky130_fd_sc_hd/gds/sky130_fd_sc_hd.gds
   Copying output for cell sky130_fd_sc_hd__and4_1 from $PDKPATH/libs.ref/sky130_fd_sc_hd/gds/sky130_fd_sc_hd.gds
   Copying output for cell sky130_fd_sc_hd__or3_4 from $PDKPATH/libs.ref/sky130_fd_sc_hd/gds/sky130_fd_sc_hd.gds
   Copying output for cell sky130_fd_sc_hd__o31ai_1 from $PDKPATH/libs.ref/sky130_fd_sc_hd/gds/sky130_fd_sc_hd.gds
   Copying output for cell sky130_fd_sc_hd__and3b_1 from $PDKPATH/libs.ref/sky130_fd_sc_hd/gds/sky130_fd_sc_hd.gds
   Copying output for cell sky130_fd_sc_hd__a21boi_2 from $PDKPATH/libs.ref/sky130_fd_sc_hd/gds/sky130_fd_sc_hd.gds
   Copying output for cell sky130_fd_sc_hd__nand4_1 from $PDKPATH/libs.ref/sky130_fd_sc_hd/gds/sky130_fd_sc_hd.gds
   Copying output for cell sky130_fd_sc_hd__o221ai_2 from $PDKPATH/libs.ref/sky130_fd_sc_hd/gds/sky130_fd_sc_hd.gds
   Generating output for cell top
[INFO]: GDS Write Complete
