OpenROAD b16bda7e82721d10566ff7e2b68f1ff0be9f9e38 
Features included (+) or not (-): +Charts +GPU +GUI +Python
This program is licensed under the BSD-3 license. See the LICENSE file for details.
Components of this program may be licensed under more restrictive licenses which must be honored.
define_corners Typical
read_liberty -corner Typical /home/mertg/.volare/sky130A/libs.ref/sky130_fd_sc_hd/lib/sky130_fd_sc_hd__tt_025C_1v80.lib
Using 1e-12 for capacitance...
Using 1e+03 for resistance...
Using 1e-09 for time...
Using 1e+00 for voltage...
Using 1e-03 for current...
Using 1e-09 for power...
Using 1e-06 for distance...
[INFO]: Reading ODB at '/openlane/designs/Lab4/runs/RUN_2025.06.03_22.01.02/results/routing/top.odb'…
Reading design constraints file at '/openlane/scripts/base.sdc'…
[INFO]: Setting output delay to: 4.0
[INFO]: Setting input delay to: 4.0
[INFO]: Setting load to: 0.033442
[INFO]: Setting clock uncertainty to: 0.25
[INFO]: Setting clock transition to: 0.15
[INFO]: Setting timing derate to: 5.0 %
Net: _1159_
  Pin: _5788_/A1 (sky130_fd_sc_hd__a32o_1)
    Layer: met3
      Partial area ratio:   91.42
      Required ratio:    0.00 (Gate area) 
      Partial area ratio:  493.38
      Required ratio: 3236.16 (Side area) 
      Cumulative area ratio:  101.56
      Required ratio:    0.00 (Cumulative area) 
      Cumulative area ratio:  544.88
      Required ratio:    0.00 (Cumulative side area) 

    Layer: met2
      Partial area ratio:    9.02
      Required ratio:    0.00 (Gate area) 
      Partial area ratio:   45.51
      Required ratio:  400.00 (Side area) 
      Cumulative area ratio:   10.14
      Required ratio:    0.00 (Cumulative area) 
      Cumulative area ratio:   51.50
      Required ratio:    0.00 (Cumulative side area) 

    Layer: met1
      Partial area ratio:    1.12
      Required ratio:    0.00 (Gate area) 
      Partial area ratio:    6.00
      Required ratio:  400.00 (Side area) 
      Cumulative area ratio:    1.12
      Required ratio:    0.00 (Cumulative area) 
      Cumulative area ratio:    6.00
      Required ratio:    0.00 (Cumulative side area) 

    Layer: li1
      Partial area ratio:    0.00
      Required ratio:    0.00 (Gate area) 
      Partial area ratio:    0.00
      Required ratio:   75.00 (Side area) 
      Cumulative area ratio:    0.00
      Required ratio:    0.00 (Cumulative area) 
      Cumulative area ratio:    0.00
      Required ratio:    0.00 (Cumulative side area) 

    Layer: met4
      Partial area ratio:   15.79
      Required ratio:    0.00 (Gate area) 
      Partial area ratio:   84.93
      Required ratio: 3236.16 (Side area) 
      Cumulative area ratio:  117.35
      Required ratio:    0.00 (Cumulative area) 
      Cumulative area ratio:  629.82
      Required ratio:    0.00 (Cumulative side area) 

    Via: M3M4_PR
      Partial area ratio:    0.16
      Required ratio:    6.00 (Gate area) 
      Cumulative area ratio:    0.53
      Required ratio:    0.00 (Cumulative area) 

    Via: M2M3_PR
      Partial area ratio:    0.16
      Required ratio:    6.00 (Gate area) 
      Cumulative area ratio:    0.37
      Required ratio:    0.00 (Cumulative area) 

    Via: M1M2_PR
      Partial area ratio:    0.09
      Required ratio:    6.00 (Gate area) 
      Cumulative area ratio:    0.21
      Required ratio:    0.00 (Cumulative area) 

    Via: L1M1_PR_MR
      Partial area ratio:    0.12
      Required ratio:    3.00 (Gate area) 
      Cumulative area ratio:    0.12
      Required ratio:    0.00 (Cumulative area) 

  Pin: _5232_/A1 (sky130_fd_sc_hd__a32o_4)
    Layer: met4
      Partial area ratio:   15.79
      Required ratio:    0.00 (Gate area) 
      Partial area ratio:   84.93
      Required ratio: 3236.16 (Side area) 
      Cumulative area ratio:   23.58
      Required ratio:    0.00 (Cumulative area) 
      Cumulative area ratio:  125.02
      Required ratio:    0.00 (Cumulative side area) 

    Layer: met3
      Partial area ratio:    0.16
      Required ratio:    0.00 (Gate area) 
      Partial area ratio:    1.34
      Required ratio:  400.00 (Side area) 
      Cumulative area ratio:    7.79
      Required ratio:    0.00 (Cumulative area) 
      Cumulative area ratio:   40.08
      Required ratio:    0.00 (Cumulative side area) 

    Layer: met2
      Partial area ratio:    7.63
      Required ratio:    0.00 (Gate area) 
      Partial area ratio:   38.74
      Required ratio:  400.00 (Side area) 
      Cumulative area ratio:    7.63
      Required ratio:    0.00 (Cumulative area) 
      Cumulative area ratio:   38.74
      Required ratio:    0.00 (Cumulative side area) 

    Layer: met1
      Partial area ratio:    0.00
      Required ratio:    0.00 (Gate area) 
      Partial area ratio:    0.00
      Required ratio:  400.00 (Side area) 
      Cumulative area ratio:    0.00
      Required ratio:    0.00 (Cumulative area) 
      Cumulative area ratio:    0.00
      Required ratio:    0.00 (Cumulative side area) 

    Layer: li1
      Partial area ratio:    0.00
      Required ratio:    0.00 (Gate area) 
      Partial area ratio:    0.00
      Required ratio:   75.00 (Side area) 
      Cumulative area ratio:    0.00
      Required ratio:    0.00 (Cumulative area) 
      Cumulative area ratio:    0.00
      Required ratio:    0.00 (Cumulative side area) 

    Via: M3M4_PR
      Partial area ratio:    0.04
      Required ratio:    6.00 (Gate area) 
      Cumulative area ratio:    0.18
      Required ratio:    0.00 (Cumulative area) 

    Via: M2M3_PR
      Partial area ratio:    0.04
      Required ratio:    6.00 (Gate area) 
      Cumulative area ratio:    0.14
      Required ratio:    0.00 (Cumulative area) 

    Via: M1M2_PR
      Partial area ratio:    0.05
      Required ratio:    6.00 (Gate area) 
      Cumulative area ratio:    0.10
      Required ratio:    0.00 (Cumulative area) 

    Via: L1M1_PR_MR
      Partial area ratio:    0.06
      Required ratio:    3.00 (Gate area) 
      Cumulative area ratio:    0.06
      Required ratio:    0.00 (Cumulative area) 

  Pin: _5040_/A1 (sky130_fd_sc_hd__a32o_1)
    Layer: met4
      Partial area ratio:   15.79
      Required ratio:    0.00 (Gate area) 
      Partial area ratio:   84.93
      Required ratio: 3236.16 (Side area) 
      Cumulative area ratio:   26.65
      Required ratio:    0.00 (Cumulative area) 
      Cumulative area ratio:  141.96
      Required ratio:    0.00 (Cumulative side area) 

    Layer: met3
      Partial area ratio:    0.16
      Required ratio:    0.00 (Gate area) 
      Partial area ratio:    1.34
      Required ratio:  400.00 (Side area) 
      Cumulative area ratio:   10.86
      Required ratio:    0.00 (Cumulative area) 
      Cumulative area ratio:   57.02
      Required ratio:    0.00 (Cumulative side area) 

    Layer: met2
      Partial area ratio:    7.63
      Required ratio:    0.00 (Gate area) 
      Partial area ratio:   38.74
      Required ratio:  400.00 (Side area) 
      Cumulative area ratio:   10.70
      Required ratio:    0.00 (Cumulative area) 
      Cumulative area ratio:   55.68
      Required ratio:    0.00 (Cumulative side area) 

    Layer: met1
      Partial area ratio:    3.07
      Required ratio:    0.00 (Gate area) 
      Partial area ratio:   16.94
      Required ratio:  400.00 (Side area) 
      Cumulative area ratio:    3.07
      Required ratio:    0.00 (Cumulative area) 
      Cumulative area ratio:   16.94
      Required ratio:    0.00 (Cumulative side area) 

    Layer: li1
      Partial area ratio:    0.00
      Required ratio:    0.00 (Gate area) 
      Partial area ratio:    0.00
      Required ratio:   75.00 (Side area) 
      Cumulative area ratio:    0.00
      Required ratio:    0.00 (Cumulative area) 
      Cumulative area ratio:    0.00
      Required ratio:    0.00 (Cumulative side area) 

    Via: M3M4_PR
      Partial area ratio:    0.04
      Required ratio:    6.00 (Gate area) 
      Cumulative area ratio:    0.24
      Required ratio:    0.00 (Cumulative area) 

    Via: M2M3_PR
      Partial area ratio:    0.04
      Required ratio:    6.00 (Gate area) 
      Cumulative area ratio:    0.20
      Required ratio:    0.00 (Cumulative area) 

    Via: M1M2_PR
      Partial area ratio:    0.05
      Required ratio:    6.00 (Gate area) 
      Cumulative area ratio:    0.16
      Required ratio:    0.00 (Cumulative area) 

    Via: L1M1_PR_MR
      Partial area ratio:    0.12
      Required ratio:    3.00 (Gate area) 
      Cumulative area ratio:    0.12
      Required ratio:    0.00 (Cumulative area) 

  Pin: _4947_/A1 (sky130_fd_sc_hd__a32o_1)
    Layer: met4
      Partial area ratio:   15.79
      Required ratio:    0.00 (Gate area) 
      Partial area ratio:   84.93
      Required ratio: 3236.16 (Side area) 
      Cumulative area ratio:   26.65
      Required ratio:    0.00 (Cumulative area) 
      Cumulative area ratio:  141.96
      Required ratio:    0.00 (Cumulative side area) 

    Layer: met3
      Partial area ratio:    0.16
      Required ratio:    0.00 (Gate area) 
      Partial area ratio:    1.34
      Required ratio:  400.00 (Side area) 
      Cumulative area ratio:   10.86
      Required ratio:    0.00 (Cumulative area) 
      Cumulative area ratio:   57.02
      Required ratio:    0.00 (Cumulative side area) 

    Layer: met2
      Partial area ratio:    7.63
      Required ratio:    0.00 (Gate area) 
      Partial area ratio:   38.74
      Required ratio:  400.00 (Side area) 
      Cumulative area ratio:   10.70
      Required ratio:    0.00 (Cumulative area) 
      Cumulative area ratio:   55.68
      Required ratio:    0.00 (Cumulative side area) 

    Layer: met1
      Partial area ratio:    3.07
      Required ratio:    0.00 (Gate area) 
      Partial area ratio:   16.94
      Required ratio:  400.00 (Side area) 
      Cumulative area ratio:    3.07
      Required ratio:    0.00 (Cumulative area) 
      Cumulative area ratio:   16.94
      Required ratio:    0.00 (Cumulative side area) 

    Layer: li1
      Partial area ratio:    0.00
      Required ratio:    0.00 (Gate area) 
      Partial area ratio:    0.00
      Required ratio:   75.00 (Side area) 
      Cumulative area ratio:    0.00
      Required ratio:    0.00 (Cumulative area) 
      Cumulative area ratio:    0.00
      Required ratio:    0.00 (Cumulative side area) 

    Via: M3M4_PR
      Partial area ratio:    0.04
      Required ratio:    6.00 (Gate area) 
      Cumulative area ratio:    0.24
      Required ratio:    0.00 (Cumulative area) 

    Via: M2M3_PR
      Partial area ratio:    0.04
      Required ratio:    6.00 (Gate area) 
      Cumulative area ratio:    0.20
      Required ratio:    0.00 (Cumulative area) 

    Via: M1M2_PR
      Partial area ratio:    0.05
      Required ratio:    6.00 (Gate area) 
      Cumulative area ratio:    0.16
      Required ratio:    0.00 (Cumulative area) 

    Via: L1M1_PR_MR
      Partial area ratio:    0.12
      Required ratio:    3.00 (Gate area) 
      Cumulative area ratio:    0.12
      Required ratio:    0.00 (Cumulative area) 

  Pin: _4371_/C1 (sky130_fd_sc_hd__a221o_1)
    Layer: met3
      Partial area ratio:    8.70
      Required ratio:    0.00 (Gate area) 
      Partial area ratio:   47.69
      Required ratio:  400.00 (Side area) 
      Cumulative area ratio:   17.63
      Required ratio:    0.00 (Cumulative area) 
      Cumulative area ratio:   93.35
      Required ratio:    0.00 (Cumulative side area) 

    Layer: met2
      Partial area ratio:    8.93
      Required ratio:    0.00 (Gate area) 
      Partial area ratio:   45.66
      Required ratio:  400.00 (Side area) 
      Cumulative area ratio:    8.93
      Required ratio:    0.00 (Cumulative area) 
      Cumulative area ratio:   45.66
      Required ratio:    0.00 (Cumulative side area) 

    Layer: met1
      Partial area ratio:    0.00
      Required ratio:    0.00 (Gate area) 
      Partial area ratio:    0.00
      Required ratio:  400.00 (Side area) 
      Cumulative area ratio:    0.00
      Required ratio:    0.00 (Cumulative area) 
      Cumulative area ratio:    0.00
      Required ratio:    0.00 (Cumulative side area) 

    Layer: li1
      Partial area ratio:    0.00
      Required ratio:    0.00 (Gate area) 
      Partial area ratio:    0.00
      Required ratio:   75.00 (Side area) 
      Cumulative area ratio:    0.00
      Required ratio:    0.00 (Cumulative area) 
      Cumulative area ratio:    0.00
      Required ratio:    0.00 (Cumulative side area) 

    Via: M3M4_PR
      Partial area ratio:    0.05
      Required ratio:    6.00 (Gate area) 
      Cumulative area ratio:    0.42
      Required ratio:    0.00 (Cumulative area) 

    Via: M2M3_PR
      Partial area ratio:    0.16
      Required ratio:    6.00 (Gate area) 
      Cumulative area ratio:    0.37
      Required ratio:    0.00 (Cumulative area) 

    Via: M1M2_PR
      Partial area ratio:    0.09
      Required ratio:    6.00 (Gate area) 
      Cumulative area ratio:    0.21
      Required ratio:    0.00 (Cumulative area) 

    Via: L1M1_PR_MR
      Partial area ratio:    0.12
      Required ratio:    3.00 (Gate area) 
      Cumulative area ratio:    0.12
      Required ratio:    0.00 (Cumulative area) 

  Pin: _4759_/C1 (sky130_fd_sc_hd__a221o_1)
    Layer: met3
      Partial area ratio:    8.70
      Required ratio:    0.00 (Gate area) 
      Partial area ratio:   47.69
      Required ratio:  400.00 (Side area) 
      Cumulative area ratio:   17.81
      Required ratio:    0.00 (Cumulative area) 
      Cumulative area ratio:   94.62
      Required ratio:    0.00 (Cumulative side area) 

    Layer: met2
      Partial area ratio:    0.18
      Required ratio:    0.00 (Gate area) 
      Partial area ratio:    1.27
      Required ratio:  400.00 (Side area) 
      Cumulative area ratio:    0.18
      Required ratio:    0.00 (Cumulative area) 
      Cumulative area ratio:    1.27
      Required ratio:    0.00 (Cumulative side area) 

    Layer: met1
      Partial area ratio:    0.00
      Required ratio:    0.00 (Gate area) 
      Partial area ratio:    0.00
      Required ratio:  400.00 (Side area) 
      Cumulative area ratio:    0.00
      Required ratio:    0.00 (Cumulative area) 
      Cumulative area ratio:    0.00
      Required ratio:    0.00 (Cumulative side area) 

    Layer: li1
      Partial area ratio:    0.00
      Required ratio:    0.00 (Gate area) 
      Partial area ratio:    0.00
      Required ratio:   75.00 (Side area) 
      Cumulative area ratio:    0.00
      Required ratio:    0.00 (Cumulative area) 
      Cumulative area ratio:    0.00
      Required ratio:    0.00 (Cumulative side area) 

    Via: M3M4_PR
      Partial area ratio:    0.05
      Required ratio:    6.00 (Gate area) 
      Cumulative area ratio:    0.58
      Required ratio:    0.00 (Cumulative area) 

    Via: M2M3_PR
      Partial area ratio:    0.16
      Required ratio:    6.00 (Gate area) 
      Cumulative area ratio:    0.37
      Required ratio:    0.00 (Cumulative area) 

    Via: M1M2_PR
      Partial area ratio:    0.09
      Required ratio:    6.00 (Gate area) 
      Cumulative area ratio:    0.21
      Required ratio:    0.00 (Cumulative area) 

    Via: L1M1_PR_MR
      Partial area ratio:    0.12
      Required ratio:    3.00 (Gate area) 
      Cumulative area ratio:    0.12
      Required ratio:    0.00 (Cumulative area) 

  Pin: _4415_/C1 (sky130_fd_sc_hd__a221o_1)
    Layer: met3
      Partial area ratio:    8.70
      Required ratio:    0.00 (Gate area) 
      Partial area ratio:   47.69
      Required ratio:  400.00 (Side area) 
      Cumulative area ratio:   17.63
      Required ratio:    0.00 (Cumulative area) 
      Cumulative area ratio:   93.35
      Required ratio:    0.00 (Cumulative side area) 

    Layer: met2
      Partial area ratio:    8.93
      Required ratio:    0.00 (Gate area) 
      Partial area ratio:   45.66
      Required ratio:  400.00 (Side area) 
      Cumulative area ratio:    8.93
      Required ratio:    0.00 (Cumulative area) 
      Cumulative area ratio:   45.66
      Required ratio:    0.00 (Cumulative side area) 

    Layer: met1
      Partial area ratio:    0.00
      Required ratio:    0.00 (Gate area) 
      Partial area ratio:    0.00
      Required ratio:  400.00 (Side area) 
      Cumulative area ratio:    0.00
      Required ratio:    0.00 (Cumulative area) 
      Cumulative area ratio:    0.00
      Required ratio:    0.00 (Cumulative side area) 

    Layer: li1
      Partial area ratio:    0.00
      Required ratio:    0.00 (Gate area) 
      Partial area ratio:    0.00
      Required ratio:   75.00 (Side area) 
      Cumulative area ratio:    0.00
      Required ratio:    0.00 (Cumulative area) 
      Cumulative area ratio:    0.00
      Required ratio:    0.00 (Cumulative side area) 

    Via: M3M4_PR
      Partial area ratio:    0.05
      Required ratio:    6.00 (Gate area) 
      Cumulative area ratio:    0.42
      Required ratio:    0.00 (Cumulative area) 

    Via: M2M3_PR
      Partial area ratio:    0.16
      Required ratio:    6.00 (Gate area) 
      Cumulative area ratio:    0.37
      Required ratio:    0.00 (Cumulative area) 

    Via: M1M2_PR
      Partial area ratio:    0.09
      Required ratio:    6.00 (Gate area) 
      Cumulative area ratio:    0.21
      Required ratio:    0.00 (Cumulative area) 

    Via: L1M1_PR_MR
      Partial area ratio:    0.12
      Required ratio:    3.00 (Gate area) 
      Cumulative area ratio:    0.12
      Required ratio:    0.00 (Cumulative area) 

  Pin: _4483_/A (sky130_fd_sc_hd__buf_4)
    Layer: met3
      Partial area ratio:   79.25
      Required ratio:    0.00 (Gate area) 
      Partial area ratio:  427.51
      Required ratio:  400.00 (Side area) (VIOLATED)
      Cumulative area ratio:   96.34
      Required ratio:    0.00 (Cumulative area) 
      Cumulative area ratio:  514.53
      Required ratio:    0.00 (Cumulative side area) 

    Layer: met2
      Partial area ratio:   16.75
      Required ratio:    0.00 (Gate area) 
      Partial area ratio:   84.93
      Required ratio:  400.00 (Side area) 
      Cumulative area ratio:   17.09
      Required ratio:    0.00 (Cumulative area) 
      Cumulative area ratio:   87.03
      Required ratio:    0.00 (Cumulative side area) 

    Layer: met1
      Partial area ratio:    0.34
      Required ratio:    0.00 (Gate area) 
      Partial area ratio:    2.09
      Required ratio:  400.00 (Side area) 
      Cumulative area ratio:    0.34
      Required ratio:    0.00 (Cumulative area) 
      Cumulative area ratio:    2.09
      Required ratio:    0.00 (Cumulative side area) 

    Layer: li1
      Partial area ratio:    0.00
      Required ratio:    0.00 (Gate area) 
      Partial area ratio:    0.00
      Required ratio:   75.00 (Side area) 
      Cumulative area ratio:    0.00
      Required ratio:    0.00 (Cumulative area) 
      Cumulative area ratio:    0.00
      Required ratio:    0.00 (Cumulative side area) 

    Via: M3M4_PR
      Partial area ratio:    0.16
      Required ratio:    6.00 (Gate area) 
      Cumulative area ratio:    0.53
      Required ratio:    0.00 (Cumulative area) 

    Via: M2M3_PR
      Partial area ratio:    0.16
      Required ratio:    6.00 (Gate area) 
      Cumulative area ratio:    0.37
      Required ratio:    0.00 (Cumulative area) 

    Via: M1M2_PR
      Partial area ratio:    0.09
      Required ratio:    6.00 (Gate area) 
      Cumulative area ratio:    0.21
      Required ratio:    0.00 (Cumulative area) 

    Via: L1M1_PR_MR
      Partial area ratio:    0.12
      Required ratio:    3.00 (Gate area) 
      Cumulative area ratio:    0.12
      Required ratio:    0.00 (Cumulative area) 

  Pin: _4395_/C1 (sky130_fd_sc_hd__a221o_1)
    Layer: met3
      Partial area ratio:   79.25
      Required ratio:    0.00 (Gate area) 
      Partial area ratio:  427.51
      Required ratio:  400.00 (Side area) (VIOLATED)
      Cumulative area ratio:   79.81
      Required ratio:    0.00 (Cumulative area) 
      Cumulative area ratio:  430.70
      Required ratio:    0.00 (Cumulative side area) 

    Layer: met2
      Partial area ratio:    0.56
      Required ratio:    0.00 (Gate area) 
      Partial area ratio:    3.20
      Required ratio:  400.00 (Side area) 
      Cumulative area ratio:    0.56
      Required ratio:    0.00 (Cumulative area) 
      Cumulative area ratio:    3.20
      Required ratio:    0.00 (Cumulative side area) 

    Layer: met1
      Partial area ratio:    0.00
      Required ratio:    0.00 (Gate area) 
      Partial area ratio:    0.00
      Required ratio:  400.00 (Side area) 
      Cumulative area ratio:    0.00
      Required ratio:    0.00 (Cumulative area) 
      Cumulative area ratio:    0.00
      Required ratio:    0.00 (Cumulative side area) 

    Layer: li1
      Partial area ratio:    0.00
      Required ratio:    0.00 (Gate area) 
      Partial area ratio:    0.00
      Required ratio:   75.00 (Side area) 
      Cumulative area ratio:    0.00
      Required ratio:    0.00 (Cumulative area) 
      Cumulative area ratio:    0.00
      Required ratio:    0.00 (Cumulative side area) 

    Via: M3M4_PR
      Partial area ratio:    0.16
      Required ratio:    6.00 (Gate area) 
      Cumulative area ratio:    0.53
      Required ratio:    0.00 (Cumulative area) 

    Via: M2M3_PR
      Partial area ratio:    0.16
      Required ratio:    6.00 (Gate area) 
      Cumulative area ratio:    0.37
      Required ratio:    0.00 (Cumulative area) 

    Via: M1M2_PR
      Partial area ratio:    0.09
      Required ratio:    6.00 (Gate area) 
      Cumulative area ratio:    0.21
      Required ratio:    0.00 (Cumulative area) 

    Via: L1M1_PR_MR
      Partial area ratio:    0.12
      Required ratio:    3.00 (Gate area) 
      Cumulative area ratio:    0.12
      Required ratio:    0.00 (Cumulative area) 

  Pin: _4727_/A1 (sky130_fd_sc_hd__a22o_1)
    Layer: met3
      Partial area ratio:    2.32
      Required ratio:    0.00 (Gate area) 
      Partial area ratio:   14.29
      Required ratio:  400.00 (Side area) 
      Cumulative area ratio:    3.26
      Required ratio:    0.00 (Cumulative area) 
      Cumulative area ratio:   19.41
      Required ratio:    0.00 (Cumulative side area) 

    Layer: met2
      Partial area ratio:    0.94
      Required ratio:    0.00 (Gate area) 
      Partial area ratio:    5.12
      Required ratio:  400.00 (Side area) 
      Cumulative area ratio:    0.94
      Required ratio:    0.00 (Cumulative area) 
      Cumulative area ratio:    5.12
      Required ratio:    0.00 (Cumulative side area) 

    Layer: met1
      Partial area ratio:    0.00
      Required ratio:    0.00 (Gate area) 
      Partial area ratio:    0.00
      Required ratio:  400.00 (Side area) 
      Cumulative area ratio:    0.00
      Required ratio:    0.00 (Cumulative area) 
      Cumulative area ratio:    0.00
      Required ratio:    0.00 (Cumulative side area) 

    Layer: li1
      Partial area ratio:    0.00
      Required ratio:    0.00 (Gate area) 
      Partial area ratio:    0.00
      Required ratio:   75.00 (Side area) 
      Cumulative area ratio:    0.00
      Required ratio:    0.00 (Cumulative area) 
      Cumulative area ratio:    0.00
      Required ratio:    0.00 (Cumulative side area) 

    Via: M3M4_PR
      Partial area ratio:    0.16
      Required ratio:    6.00 (Gate area) 
      Cumulative area ratio:    0.53
      Required ratio:    0.00 (Cumulative area) 

    Via: M2M3_PR
      Partial area ratio:    0.16
      Required ratio:    6.00 (Gate area) 
      Cumulative area ratio:    0.37
      Required ratio:    0.00 (Cumulative area) 

    Via: M1M2_PR
      Partial area ratio:    0.09
      Required ratio:    6.00 (Gate area) 
      Cumulative area ratio:    0.21
      Required ratio:    0.00 (Cumulative area) 

    Via: L1M1_PR_MR
      Partial area ratio:    0.12
      Required ratio:    3.00 (Gate area) 
      Cumulative area ratio:    0.12
      Required ratio:    0.00 (Cumulative area) 


Net: _1643_
  Pin: _4855_/A (sky130_fd_sc_hd__buf_4)
    Layer: met4
      Partial area ratio:   10.01
      Required ratio:    0.00 (Gate area) 
      Partial area ratio:   54.63
      Required ratio: 3236.16 (Side area) 
      Cumulative area ratio:   33.27
      Required ratio:    0.00 (Cumulative area) 
      Cumulative area ratio:  174.89
      Required ratio:    0.00 (Cumulative side area) 

    Layer: met3
      Partial area ratio:    1.20
      Required ratio:    0.00 (Gate area) 
      Partial area ratio:    8.34
      Required ratio:  400.00 (Side area) 
      Cumulative area ratio:   23.27
      Required ratio:    0.00 (Cumulative area) 
      Cumulative area ratio:  120.25
      Required ratio:    0.00 (Cumulative side area) 

    Layer: met2
      Partial area ratio:   18.86
      Required ratio:    0.00 (Gate area) 
      Partial area ratio:   95.51
      Required ratio:  400.00 (Side area) 
      Cumulative area ratio:   22.07
      Required ratio:    0.00 (Cumulative area) 
      Cumulative area ratio:  111.92
      Required ratio:    0.00 (Cumulative side area) 

    Layer: met1
      Partial area ratio:    3.20
      Required ratio:    0.00 (Gate area) 
      Partial area ratio:   16.40
      Required ratio:  400.00 (Side area) 
      Cumulative area ratio:    3.20
      Required ratio:    0.00 (Cumulative area) 
      Cumulative area ratio:   16.40
      Required ratio:    0.00 (Cumulative side area) 

    Layer: li1
      Partial area ratio:    0.00
      Required ratio:    0.00 (Gate area) 
      Partial area ratio:    0.00
      Required ratio:   75.00 (Side area) 
      Cumulative area ratio:    0.00
      Required ratio:    0.00 (Cumulative area) 
      Cumulative area ratio:    0.00
      Required ratio:    0.00 (Cumulative side area) 

    Via: M3M4_PR
      Partial area ratio:    0.16
      Required ratio:    6.00 (Gate area) 
      Cumulative area ratio:    0.53
      Required ratio:    0.00 (Cumulative area) 

    Via: M2M3_PR
      Partial area ratio:    0.16
      Required ratio:    6.00 (Gate area) 
      Cumulative area ratio:    0.37
      Required ratio:    0.00 (Cumulative area) 

    Via: M1M2_PR
      Partial area ratio:    0.09
      Required ratio:    6.00 (Gate area) 
      Cumulative area ratio:    0.21
      Required ratio:    0.00 (Cumulative area) 

    Via: L1M1_PR_MR
      Partial area ratio:    0.12
      Required ratio:    3.00 (Gate area) 
      Cumulative area ratio:    0.12
      Required ratio:    0.00 (Cumulative area) 

  Pin: _5175_/A1_N (sky130_fd_sc_hd__a2bb2o_4)
    Layer: met4
      Partial area ratio:   10.01
      Required ratio:    0.00 (Gate area) 
      Partial area ratio:   54.63
      Required ratio: 3236.16 (Side area) 
      Cumulative area ratio:   65.87
      Required ratio:    0.00 (Cumulative area) 
      Cumulative area ratio:  348.41
      Required ratio:    0.00 (Cumulative side area) 

    Layer: met3
      Partial area ratio:   22.03
      Required ratio:    0.00 (Gate area) 
      Partial area ratio:  119.38
      Required ratio:  400.00 (Side area) 
      Cumulative area ratio:   23.57
      Required ratio:    0.00 (Cumulative area) 
      Cumulative area ratio:  127.67
      Required ratio:    0.00 (Cumulative side area) 

    Layer: met2
      Partial area ratio:    0.85
      Required ratio:    0.00 (Gate area) 
      Partial area ratio:    4.64
      Required ratio:  400.00 (Side area) 
      Cumulative area ratio:    1.54
      Required ratio:    0.00 (Cumulative area) 
      Cumulative area ratio:    8.29
      Required ratio:    0.00 (Cumulative side area) 

    Layer: met1
      Partial area ratio:    0.69
      Required ratio:    0.00 (Gate area) 
      Partial area ratio:    3.65
      Required ratio:  400.00 (Side area) 
      Cumulative area ratio:    0.69
      Required ratio:    0.00 (Cumulative area) 
      Cumulative area ratio:    3.65
      Required ratio:    0.00 (Cumulative side area) 

    Layer: li1
      Partial area ratio:    0.00
      Required ratio:    0.00 (Gate area) 
      Partial area ratio:    0.00
      Required ratio:   75.00 (Side area) 
      Cumulative area ratio:    0.00
      Required ratio:    0.00 (Cumulative area) 
      Cumulative area ratio:    0.00
      Required ratio:    0.00 (Cumulative side area) 

    Via: M3M4_PR
      Partial area ratio:    0.08
      Required ratio:    6.00 (Gate area) 
      Cumulative area ratio:    0.34
      Required ratio:    0.00 (Cumulative area) 

    Via: M2M3_PR
      Partial area ratio:    0.16
      Required ratio:    6.00 (Gate area) 
      Cumulative area ratio:    0.27
      Required ratio:    0.00 (Cumulative area) 

    Via: M1M2_PR
      Partial area ratio:    0.05
      Required ratio:    6.00 (Gate area) 
      Cumulative area ratio:    0.10
      Required ratio:    0.00 (Cumulative area) 

    Via: L1M1_PR_MR
      Partial area ratio:    0.06
      Required ratio:    3.00 (Gate area) 
      Cumulative area ratio:    0.06
      Required ratio:    0.00 (Cumulative area) 

  Pin: _5278_/A1_N (sky130_fd_sc_hd__a2bb2o_2)
    Layer: met4
      Partial area ratio:   10.01
      Required ratio:    0.00 (Gate area) 
      Partial area ratio:   54.63
      Required ratio: 3236.16 (Side area) 
      Cumulative area ratio:   65.18
      Required ratio:    0.00 (Cumulative area) 
      Cumulative area ratio:  344.76
      Required ratio:    0.00 (Cumulative side area) 

    Layer: met3
      Partial area ratio:   22.03
      Required ratio:    0.00 (Gate area) 
      Partial area ratio:  119.38
      Required ratio:  400.00 (Side area) 
      Cumulative area ratio:   55.17
      Required ratio:    0.00 (Cumulative area) 
      Cumulative area ratio:  290.13
      Required ratio:    0.00 (Cumulative side area) 

    Layer: met2
      Partial area ratio:   17.64
      Required ratio:    0.00 (Gate area) 
      Partial area ratio:   90.39
      Required ratio:  400.00 (Side area) 
      Cumulative area ratio:   32.30
      Required ratio:    0.00 (Cumulative area) 
      Cumulative area ratio:  166.11
      Required ratio:    0.00 (Cumulative side area) 

    Layer: met1
      Partial area ratio:   14.65
      Required ratio:    0.00 (Gate area) 
      Partial area ratio:   75.72
      Required ratio:  400.00 (Side area) 
      Cumulative area ratio:   14.65
      Required ratio:    0.00 (Cumulative area) 
      Cumulative area ratio:   75.72
      Required ratio:    0.00 (Cumulative side area) 

    Layer: li1
      Partial area ratio:    0.00
      Required ratio:    0.00 (Gate area) 
      Partial area ratio:    0.00
      Required ratio:   75.00 (Side area) 
      Cumulative area ratio:    0.00
      Required ratio:    0.00 (Cumulative area) 
      Cumulative area ratio:    0.00
      Required ratio:    0.00 (Cumulative side area) 

    Via: M3M4_PR
      Partial area ratio:    0.08
      Required ratio:    6.00 (Gate area) 
      Cumulative area ratio:    0.93
      Required ratio:    0.00 (Cumulative area) 

    Via: M2M3_PR
      Partial area ratio:    0.22
      Required ratio:    6.00 (Gate area) 
      Cumulative area ratio:    0.69
      Required ratio:    0.00 (Cumulative area) 

    Via: M1M2_PR
      Partial area ratio:    0.28
      Required ratio:    6.00 (Gate area) 
      Cumulative area ratio:    0.46
      Required ratio:    0.00 (Cumulative area) 

    Via: L1M1_PR_MR
      Partial area ratio:    0.18
      Required ratio:    3.00 (Gate area) 
      Cumulative area ratio:    0.18
      Required ratio:    0.00 (Cumulative area) 

  Pin: _5079_/A1_N (sky130_fd_sc_hd__a2bb2o_2)
    Layer: met4
      Partial area ratio:   10.01
      Required ratio:    0.00 (Gate area) 
      Partial area ratio:   54.63
      Required ratio: 3236.16 (Side area) 
      Cumulative area ratio:  140.44
      Required ratio:    0.00 (Cumulative area) 
      Cumulative area ratio:  750.23
      Required ratio:    0.00 (Cumulative side area) 

    Layer: met3
      Partial area ratio:   74.77
      Required ratio:    0.00 (Gate area) 
      Partial area ratio:  401.81
      Required ratio:  400.00 (Side area) (VIOLATED)
      Cumulative area ratio:   75.26
      Required ratio:    0.00 (Cumulative area) 
      Cumulative area ratio:  405.47
      Required ratio:    0.00 (Cumulative side area) 

    Layer: met2
      Partial area ratio:    0.27
      Required ratio:    0.00 (Gate area) 
      Partial area ratio:    1.98
      Required ratio:  400.00 (Side area) 
      Cumulative area ratio:    0.48
      Required ratio:    0.00 (Cumulative area) 
      Cumulative area ratio:    3.65
      Required ratio:    0.00 (Cumulative side area) 

    Layer: met1
      Partial area ratio:    0.21
      Required ratio:    0.00 (Gate area) 
      Partial area ratio:    1.67
      Required ratio:  400.00 (Side area) 
      Cumulative area ratio:    0.21
      Required ratio:    0.00 (Cumulative area) 
      Cumulative area ratio:    1.67
      Required ratio:    0.00 (Cumulative side area) 

    Layer: li1
      Partial area ratio:    0.00
      Required ratio:    0.00 (Gate area) 
      Partial area ratio:    0.00
      Required ratio:   75.00 (Side area) 
      Cumulative area ratio:    0.00
      Required ratio:    0.00 (Cumulative area) 
      Cumulative area ratio:    0.00
      Required ratio:    0.00 (Cumulative side area) 

    Via: M3M4_PR
      Partial area ratio:    0.25
      Required ratio:    6.00 (Gate area) 
      Cumulative area ratio:    0.83
      Required ratio:    0.00 (Cumulative area) 

    Via: M2M3_PR
      Partial area ratio:    0.25
      Required ratio:    6.00 (Gate area) 
      Cumulative area ratio:    0.57
      Required ratio:    0.00 (Cumulative area) 

    Via: M1M2_PR
      Partial area ratio:    0.14
      Required ratio:    6.00 (Gate area) 
      Cumulative area ratio:    0.32
      Required ratio:    0.00 (Cumulative area) 

    Via: L1M1_PR_MR
      Partial area ratio:    0.18
      Required ratio:    3.00 (Gate area) 
      Cumulative area ratio:    0.18
      Required ratio:    0.00 (Cumulative area) 

  Pin: _5294_/A1_N (sky130_fd_sc_hd__a2bb2o_2)
    Layer: met4
      Partial area ratio:   10.01
      Required ratio:    0.00 (Gate area) 
      Partial area ratio:   54.63
      Required ratio: 3236.16 (Side area) 
      Cumulative area ratio:   66.08
      Required ratio:    0.00 (Cumulative area) 
      Cumulative area ratio:  350.49
      Required ratio:    0.00 (Cumulative side area) 

    Layer: met3
      Partial area ratio:   22.03
      Required ratio:    0.00 (Gate area) 
      Partial area ratio:  119.38
      Required ratio:  400.00 (Side area) 
      Cumulative area ratio:   56.07
      Required ratio:    0.00 (Cumulative area) 
      Cumulative area ratio:  295.86
      Required ratio:    0.00 (Cumulative side area) 

    Layer: met2
      Partial area ratio:    0.57
      Required ratio:    0.00 (Gate area) 
      Partial area ratio:    3.48
      Required ratio:  400.00 (Side area) 
      Cumulative area ratio:    0.90
      Required ratio:    0.00 (Cumulative area) 
      Cumulative area ratio:    5.72
      Required ratio:    0.00 (Cumulative side area) 

    Layer: met1
      Partial area ratio:    0.33
      Required ratio:    0.00 (Gate area) 
      Partial area ratio:    2.25
      Required ratio:  400.00 (Side area) 
      Cumulative area ratio:    0.33
      Required ratio:    0.00 (Cumulative area) 
      Cumulative area ratio:    2.25
      Required ratio:    0.00 (Cumulative side area) 

    Layer: li1
      Partial area ratio:    0.00
      Required ratio:    0.00 (Gate area) 
      Partial area ratio:    0.00
      Required ratio:   75.00 (Side area) 
      Cumulative area ratio:    0.00
      Required ratio:    0.00 (Cumulative area) 
      Cumulative area ratio:    0.00
      Required ratio:    0.00 (Cumulative side area) 

    Via: M3M4_PR
      Partial area ratio:    0.08
      Required ratio:    6.00 (Gate area) 
      Cumulative area ratio:    1.32
      Required ratio:    0.00 (Cumulative area) 

    Via: M2M3_PR
      Partial area ratio:    0.25
      Required ratio:    6.00 (Gate area) 
      Cumulative area ratio:    0.57
      Required ratio:    0.00 (Cumulative area) 

    Via: M1M2_PR
      Partial area ratio:    0.14
      Required ratio:    6.00 (Gate area) 
      Cumulative area ratio:    0.32
      Required ratio:    0.00 (Cumulative area) 

    Via: L1M1_PR_MR
      Partial area ratio:    0.18
      Required ratio:    3.00 (Gate area) 
      Cumulative area ratio:    0.18
      Required ratio:    0.00 (Cumulative area) 

  Pin: _5121_/B1 (sky130_fd_sc_hd__o21ai_1)
    Layer: met4
      Partial area ratio:   10.01
      Required ratio:    0.00 (Gate area) 
      Partial area ratio:   54.63
      Required ratio: 3236.16 (Side area) 
      Cumulative area ratio:   65.18
      Required ratio:    0.00 (Cumulative area) 
      Cumulative area ratio:  344.76
      Required ratio:    0.00 (Cumulative side area) 

    Layer: met3
      Partial area ratio:   22.03
      Required ratio:    0.00 (Gate area) 
      Partial area ratio:  119.38
      Required ratio:  400.00 (Side area) 
      Cumulative area ratio:   55.17
      Required ratio:    0.00 (Cumulative area) 
      Cumulative area ratio:  290.13
      Required ratio:    0.00 (Cumulative side area) 

    Layer: met2
      Partial area ratio:   17.64
      Required ratio:    0.00 (Gate area) 
      Partial area ratio:   90.39
      Required ratio:  400.00 (Side area) 
      Cumulative area ratio:   32.30
      Required ratio:    0.00 (Cumulative area) 
      Cumulative area ratio:  166.11
      Required ratio:    0.00 (Cumulative side area) 

    Layer: met1
      Partial area ratio:    0.00
      Required ratio:    0.00 (Gate area) 
      Partial area ratio:    0.00
      Required ratio:  400.00 (Side area) 
      Cumulative area ratio:    0.00
      Required ratio:    0.00 (Cumulative area) 
      Cumulative area ratio:    0.00
      Required ratio:    0.00 (Cumulative side area) 

    Layer: li1
      Partial area ratio:    0.00
      Required ratio:    0.00 (Gate area) 
      Partial area ratio:    0.00
      Required ratio:   75.00 (Side area) 
      Cumulative area ratio:    0.00
      Required ratio:    0.00 (Cumulative area) 
      Cumulative area ratio:    0.00
      Required ratio:    0.00 (Cumulative side area) 

    Via: M3M4_PR
      Partial area ratio:    0.08
      Required ratio:    6.00 (Gate area) 
      Cumulative area ratio:    1.00
      Required ratio:    0.00 (Cumulative area) 

    Via: M2M3_PR
      Partial area ratio:    0.22
      Required ratio:    6.00 (Gate area) 
      Cumulative area ratio:    0.76
      Required ratio:    0.00 (Cumulative area) 

    Via: M1M2_PR
      Partial area ratio:    0.11
      Required ratio:    6.00 (Gate area) 
      Cumulative area ratio:    0.25
      Required ratio:    0.00 (Cumulative area) 

    Via: L1M1_PR_MR
      Partial area ratio:    0.14
      Required ratio:    3.00 (Gate area) 
      Cumulative area ratio:    0.14
      Required ratio:    0.00 (Cumulative area) 

  Pin: _5208_/A1 (sky130_fd_sc_hd__o21ai_4)
    Layer: met3
      Partial area ratio:   14.21
      Required ratio:    0.00 (Gate area) 
      Partial area ratio:   76.25
      Required ratio:  400.00 (Side area) 
      Cumulative area ratio:   14.31
      Required ratio:    0.00 (Cumulative area) 
      Cumulative area ratio:   76.81
      Required ratio:    0.00 (Cumulative side area) 

    Layer: met2
      Partial area ratio:    0.09
      Required ratio:    0.00 (Gate area) 
      Partial area ratio:    0.56
      Required ratio:  400.00 (Side area) 
      Cumulative area ratio:    0.09
      Required ratio:    0.00 (Cumulative area) 
      Cumulative area ratio:    0.56
      Required ratio:    0.00 (Cumulative side area) 

    Layer: met1
      Partial area ratio:    0.00
      Required ratio:    0.00 (Gate area) 
      Partial area ratio:    0.00
      Required ratio:  400.00 (Side area) 
      Cumulative area ratio:    0.00
      Required ratio:    0.00 (Cumulative area) 
      Cumulative area ratio:    0.00
      Required ratio:    0.00 (Cumulative side area) 

    Layer: li1
      Partial area ratio:    0.00
      Required ratio:    0.00 (Gate area) 
      Partial area ratio:    0.00
      Required ratio:   75.00 (Side area) 
      Cumulative area ratio:    0.00
      Required ratio:    0.00 (Cumulative area) 
      Cumulative area ratio:    0.00
      Required ratio:    0.00 (Cumulative side area) 

    Via: M3M4_PR
      Partial area ratio:    0.02
      Required ratio:    6.00 (Gate area) 
      Cumulative area ratio:    0.11
      Required ratio:    0.00 (Cumulative area) 

    Via: M2M3_PR
      Partial area ratio:    0.04
      Required ratio:    6.00 (Gate area) 
      Cumulative area ratio:    0.09
      Required ratio:    0.00 (Cumulative area) 

    Via: M1M2_PR
      Partial area ratio:    0.02
      Required ratio:    6.00 (Gate area) 
      Cumulative area ratio:    0.05
      Required ratio:    0.00 (Cumulative area) 

    Via: L1M1_PR_MR
      Partial area ratio:    0.03
      Required ratio:    3.00 (Gate area) 
      Cumulative area ratio:    0.03
      Required ratio:    0.00 (Cumulative area) 

  Pin: _5464_/A1 (sky130_fd_sc_hd__o21ai_4)
    Layer: met3
      Partial area ratio:   14.21
      Required ratio:    0.00 (Gate area) 
      Partial area ratio:   76.25
      Required ratio:  400.00 (Side area) 
      Cumulative area ratio:   14.98
      Required ratio:    0.00 (Cumulative area) 
      Cumulative area ratio:   80.43
      Required ratio:    0.00 (Cumulative side area) 

    Layer: met2
      Partial area ratio:    0.14
      Required ratio:    0.00 (Gate area) 
      Partial area ratio:    0.86
      Required ratio:  400.00 (Side area) 
      Cumulative area ratio:    0.76
      Required ratio:    0.00 (Cumulative area) 
      Cumulative area ratio:    4.18
      Required ratio:    0.00 (Cumulative side area) 

    Layer: met1
      Partial area ratio:    0.63
      Required ratio:    0.00 (Gate area) 
      Partial area ratio:    3.32
      Required ratio:  400.00 (Side area) 
      Cumulative area ratio:    0.63
      Required ratio:    0.00 (Cumulative area) 
      Cumulative area ratio:    3.32
      Required ratio:    0.00 (Cumulative side area) 

    Layer: li1
      Partial area ratio:    0.00
      Required ratio:    0.00 (Gate area) 
      Partial area ratio:    0.00
      Required ratio:   75.00 (Side area) 
      Cumulative area ratio:    0.00
      Required ratio:    0.00 (Cumulative area) 
      Cumulative area ratio:    0.00
      Required ratio:    0.00 (Cumulative side area) 

    Via: M3M4_PR
      Partial area ratio:    0.02
      Required ratio:    6.00 (Gate area) 
      Cumulative area ratio:    0.13
      Required ratio:    0.00 (Cumulative area) 

    Via: M2M3_PR
      Partial area ratio:    0.03
      Required ratio:    6.00 (Gate area) 
      Cumulative area ratio:    0.11
      Required ratio:    0.00 (Cumulative area) 

    Via: M1M2_PR
      Partial area ratio:    0.05
      Required ratio:    6.00 (Gate area) 
      Cumulative area ratio:    0.07
      Required ratio:    0.00 (Cumulative area) 

    Via: L1M1_PR_MR
      Partial area ratio:    0.03
      Required ratio:    3.00 (Gate area) 
      Cumulative area ratio:    0.03
      Required ratio:    0.00 (Cumulative area) 

  Pin: _5482_/A1_N (sky130_fd_sc_hd__a2bb2o_2)
    Layer: met3
      Partial area ratio:   14.21
      Required ratio:    0.00 (Gate area) 
      Partial area ratio:   76.25
      Required ratio:  400.00 (Side area) 
      Cumulative area ratio:   29.40
      Required ratio:    0.00 (Cumulative area) 
      Cumulative area ratio:  154.40
      Required ratio:    0.00 (Cumulative side area) 

    Layer: met2
      Partial area ratio:    0.14
      Required ratio:    0.00 (Gate area) 
      Partial area ratio:    0.86
      Required ratio:  400.00 (Side area) 
      Cumulative area ratio:   15.19
      Required ratio:    0.00 (Cumulative area) 
      Cumulative area ratio:   78.14
      Required ratio:    0.00 (Cumulative side area) 

    Layer: met1
      Partial area ratio:   14.42
      Required ratio:    0.00 (Gate area) 
      Partial area ratio:   73.96
      Required ratio:  400.00 (Side area) 
      Cumulative area ratio:   14.42
      Required ratio:    0.00 (Cumulative area) 
      Cumulative area ratio:   73.96
      Required ratio:    0.00 (Cumulative side area) 

    Layer: li1
      Partial area ratio:    0.00
      Required ratio:    0.00 (Gate area) 
      Partial area ratio:    0.00
      Required ratio:   75.00 (Side area) 
      Cumulative area ratio:    0.00
      Required ratio:    0.00 (Cumulative area) 
      Cumulative area ratio:    0.00
      Required ratio:    0.00 (Cumulative side area) 

    Via: M3M4_PR
      Partial area ratio:    0.02
      Required ratio:    6.00 (Gate area) 
      Cumulative area ratio:    0.42
      Required ratio:    0.00 (Cumulative area) 

    Via: M2M3_PR
      Partial area ratio:    0.03
      Required ratio:    6.00 (Gate area) 
      Cumulative area ratio:    0.40
      Required ratio:    0.00 (Cumulative area) 

    Via: M1M2_PR
      Partial area ratio:    0.14
      Required ratio:    6.00 (Gate area) 
      Cumulative area ratio:    0.32
      Required ratio:    0.00 (Cumulative area) 

    Via: L1M1_PR_MR
      Partial area ratio:    0.18
      Required ratio:    3.00 (Gate area) 
      Cumulative area ratio:    0.18
      Required ratio:    0.00 (Cumulative area) 

  Pin: _5156_/A1 (sky130_fd_sc_hd__o21ai_1)
    Layer: met3
      Partial area ratio:    0.64
      Required ratio:    0.00 (Gate area) 
      Partial area ratio:    5.37
      Required ratio:  400.00 (Side area) 
      Cumulative area ratio:    2.08
      Required ratio:    0.00 (Cumulative area) 
      Cumulative area ratio:   14.16
      Required ratio:    0.00 (Cumulative side area) 

    Layer: met2
      Partial area ratio:    0.56
      Required ratio:    0.00 (Gate area) 
      Partial area ratio:    3.20
      Required ratio:  400.00 (Side area) 
      Cumulative area ratio:    1.44
      Required ratio:    0.00 (Cumulative area) 
      Cumulative area ratio:    8.80
      Required ratio:    0.00 (Cumulative side area) 

    Layer: met1
      Partial area ratio:    0.88
      Required ratio:    0.00 (Gate area) 
      Partial area ratio:    5.60
      Required ratio:  400.00 (Side area) 
      Cumulative area ratio:    0.88
      Required ratio:    0.00 (Cumulative area) 
      Cumulative area ratio:    5.60
      Required ratio:    0.00 (Cumulative side area) 

    Layer: li1
      Partial area ratio:    0.00
      Required ratio:    0.00 (Gate area) 
      Partial area ratio:    0.00
      Required ratio:   75.00 (Side area) 
      Cumulative area ratio:    0.00
      Required ratio:    0.00 (Cumulative area) 
      Cumulative area ratio:    0.00
      Required ratio:    0.00 (Cumulative side area) 

    Via: M3M4_PR
      Partial area ratio:    0.16
      Required ratio:    6.00 (Gate area) 
      Cumulative area ratio:    0.53
      Required ratio:    0.00 (Cumulative area) 

    Via: M2M3_PR
      Partial area ratio:    0.16
      Required ratio:    6.00 (Gate area) 
      Cumulative area ratio:    0.37
      Required ratio:    0.00 (Cumulative area) 

    Via: M1M2_PR
      Partial area ratio:    0.09
      Required ratio:    6.00 (Gate area) 
      Cumulative area ratio:    0.21
      Required ratio:    0.00 (Cumulative area) 

    Via: L1M1_PR_MR
      Partial area ratio:    0.12
      Required ratio:    3.00 (Gate area) 
      Cumulative area ratio:    0.12
      Required ratio:    0.00 (Cumulative area) 


Net: _3616_
  Pin: _7336_/S (sky130_fd_sc_hd__mux2_1)
    Layer: met4
      Partial area ratio:    7.91
      Required ratio:    0.00 (Gate area) 
      Partial area ratio:   42.97
      Required ratio: 3236.16 (Side area) 
      Cumulative area ratio:  145.11
      Required ratio:    0.00 (Cumulative area) 
      Cumulative area ratio:  784.54
      Required ratio:    0.00 (Cumulative side area) 

    Layer: met3
      Partial area ratio:  137.02
      Required ratio:    0.00 (Gate area) 
      Partial area ratio:  740.32
      Required ratio:  400.00 (Side area) (VIOLATED)
      Cumulative area ratio:  137.20
      Required ratio:    0.00 (Cumulative area) 
      Cumulative area ratio:  741.57
      Required ratio:    0.00 (Cumulative side area) 

    Layer: met2
      Partial area ratio:    0.17
      Required ratio:    0.00 (Gate area) 
      Partial area ratio:    1.25
      Required ratio:  400.00 (Side area) 
      Cumulative area ratio:    0.17
      Required ratio:    0.00 (Cumulative area) 
      Cumulative area ratio:    1.25
      Required ratio:    0.00 (Cumulative side area) 

    Layer: met1
      Partial area ratio:    0.00
      Required ratio:    0.00 (Gate area) 
      Partial area ratio:    0.00
      Required ratio:  400.00 (Side area) 
      Cumulative area ratio:    0.00
      Required ratio:    0.00 (Cumulative area) 
      Cumulative area ratio:    0.00
      Required ratio:    0.00 (Cumulative side area) 

    Layer: li1
      Partial area ratio:    0.00
      Required ratio:    0.00 (Gate area) 
      Partial area ratio:    0.00
      Required ratio:   75.00 (Side area) 
      Cumulative area ratio:    0.00
      Required ratio:    0.00 (Cumulative area) 
      Cumulative area ratio:    0.00
      Required ratio:    0.00 (Cumulative side area) 

    Via: M3M4_PR
      Partial area ratio:    0.32
      Required ratio:    6.00 (Gate area) 
      Cumulative area ratio:    0.68
      Required ratio:    0.00 (Cumulative area) 

    Via: M2M3_PR
      Partial area ratio:    0.16
      Required ratio:    6.00 (Gate area) 
      Cumulative area ratio:    0.36
      Required ratio:    0.00 (Cumulative area) 

    Via: M1M2_PR
      Partial area ratio:    0.09
      Required ratio:    6.00 (Gate area) 
      Cumulative area ratio:    0.20
      Required ratio:    0.00 (Cumulative area) 

    Via: L1M1_PR_MR
      Partial area ratio:    0.11
      Required ratio:    3.00 (Gate area) 
      Cumulative area ratio:    0.11
      Required ratio:    0.00 (Cumulative area) 

  Pin: _7340_/S (sky130_fd_sc_hd__mux2_1)
    Layer: met4
      Partial area ratio:    7.91
      Required ratio:    0.00 (Gate area) 
      Partial area ratio:   42.97
      Required ratio: 3236.16 (Side area) 
      Cumulative area ratio:  145.93
      Required ratio:    0.00 (Cumulative area) 
      Cumulative area ratio:  790.75
      Required ratio:    0.00 (Cumulative side area) 

    Layer: met3
      Partial area ratio:    0.63
      Required ratio:    0.00 (Gate area) 
      Partial area ratio:    5.27
      Required ratio:  400.00 (Side area) 
      Cumulative area ratio:    0.99
      Required ratio:    0.00 (Cumulative area) 
      Cumulative area ratio:    7.46
      Required ratio:    0.00 (Cumulative side area) 

    Layer: met2
      Partial area ratio:    0.36
      Required ratio:    0.00 (Gate area) 
      Partial area ratio:    2.19
      Required ratio:  400.00 (Side area) 
      Cumulative area ratio:    0.36
      Required ratio:    0.00 (Cumulative area) 
      Cumulative area ratio:    2.19
      Required ratio:    0.00 (Cumulative side area) 

    Layer: met1
      Partial area ratio:    0.00
      Required ratio:    0.00 (Gate area) 
      Partial area ratio:    0.00
      Required ratio:  400.00 (Side area) 
      Cumulative area ratio:    0.00
      Required ratio:    0.00 (Cumulative area) 
      Cumulative area ratio:    0.00
      Required ratio:    0.00 (Cumulative side area) 

    Layer: li1
      Partial area ratio:    0.00
      Required ratio:    0.00 (Gate area) 
      Partial area ratio:    0.00
      Required ratio:   75.00 (Side area) 
      Cumulative area ratio:    0.00
      Required ratio:    0.00 (Cumulative area) 
      Cumulative area ratio:    0.00
      Required ratio:    0.00 (Cumulative side area) 

    Via: M3M4_PR
      Partial area ratio:    0.16
      Required ratio:    6.00 (Gate area) 
      Cumulative area ratio:    0.52
      Required ratio:    0.00 (Cumulative area) 

    Via: M2M3_PR
      Partial area ratio:    0.16
      Required ratio:    6.00 (Gate area) 
      Cumulative area ratio:    0.36
      Required ratio:    0.00 (Cumulative area) 

    Via: M1M2_PR
      Partial area ratio:    0.09
      Required ratio:    6.00 (Gate area) 
      Cumulative area ratio:    0.20
      Required ratio:    0.00 (Cumulative area) 

    Via: L1M1_PR_MR
      Partial area ratio:    0.11
      Required ratio:    3.00 (Gate area) 
      Cumulative area ratio:    0.11
      Required ratio:    0.00 (Cumulative area) 

  Pin: _7344_/S (sky130_fd_sc_hd__mux2_1)
    Layer: met4
      Partial area ratio:    7.91
      Required ratio:    0.00 (Gate area) 
      Partial area ratio:   42.97
      Required ratio: 3236.16 (Side area) 
      Cumulative area ratio:  183.51
      Required ratio:    0.00 (Cumulative area) 
      Cumulative area ratio:  979.89
      Required ratio:    0.00 (Cumulative side area) 

    Layer: met3
      Partial area ratio:    1.96
      Required ratio:    0.00 (Gate area) 
      Partial area ratio:   11.40
      Required ratio:  400.00 (Side area) 
      Cumulative area ratio:   38.57
      Required ratio:    0.00 (Cumulative area) 
      Cumulative area ratio:  196.61
      Required ratio:    0.00 (Cumulative side area) 

    Layer: met2
      Partial area ratio:   34.67
      Required ratio:    0.00 (Gate area) 
      Partial area ratio:  174.71
      Required ratio:  400.00 (Side area) 
      Cumulative area ratio:   36.61
      Required ratio:    0.00 (Cumulative area) 
      Cumulative area ratio:  185.21
      Required ratio:    0.00 (Cumulative side area) 

    Layer: met1
      Partial area ratio:    0.84
      Required ratio:    0.00 (Gate area) 
      Partial area ratio:    4.61
      Required ratio:  400.00 (Side area) 
      Cumulative area ratio:    0.84
      Required ratio:    0.00 (Cumulative area) 
      Cumulative area ratio:    4.61
      Required ratio:    0.00 (Cumulative side area) 

    Layer: li1
      Partial area ratio:    0.00
      Required ratio:    0.00 (Gate area) 
      Partial area ratio:    0.00
      Required ratio:   75.00 (Side area) 
      Cumulative area ratio:    0.00
      Required ratio:    0.00 (Cumulative area) 
      Cumulative area ratio:    0.00
      Required ratio:    0.00 (Cumulative side area) 

    Via: M3M4_PR
      Partial area ratio:    0.08
      Required ratio:    6.00 (Gate area) 
      Cumulative area ratio:    0.54
      Required ratio:    0.00 (Cumulative area) 

    Via: M2M3_PR
      Partial area ratio:    0.08
      Required ratio:    6.00 (Gate area) 
      Cumulative area ratio:    0.46
      Required ratio:    0.00 (Cumulative area) 

    Via: M1M2_PR
      Partial area ratio:    0.09
      Required ratio:    6.00 (Gate area) 
      Cumulative area ratio:    0.20
      Required ratio:    0.00 (Cumulative area) 

    Via: L1M1_PR_MR
      Partial area ratio:    0.11
      Required ratio:    3.00 (Gate area) 
      Cumulative area ratio:    0.11
      Required ratio:    0.00 (Cumulative area) 

  Pin: _7338_/S (sky130_fd_sc_hd__mux2_1)
    Layer: met4
      Partial area ratio:    7.91
      Required ratio:    0.00 (Gate area) 
      Partial area ratio:   42.97
      Required ratio: 3236.16 (Side area) 
      Cumulative area ratio:  182.67
      Required ratio:    0.00 (Cumulative area) 
      Cumulative area ratio:  975.28
      Required ratio:    0.00 (Cumulative side area) 

    Layer: met3
      Partial area ratio:    1.96
      Required ratio:    0.00 (Gate area) 
      Partial area ratio:   11.40
      Required ratio:  400.00 (Side area) 
      Cumulative area ratio:   37.73
      Required ratio:    0.00 (Cumulative area) 
      Cumulative area ratio:  191.99
      Required ratio:    0.00 (Cumulative side area) 

    Layer: met2
      Partial area ratio:   34.67
      Required ratio:    0.00 (Gate area) 
      Partial area ratio:  174.71
      Required ratio:  400.00 (Side area) 
      Cumulative area ratio:   35.77
      Required ratio:    0.00 (Cumulative area) 
      Cumulative area ratio:  180.60
      Required ratio:    0.00 (Cumulative side area) 

    Layer: met1
      Partial area ratio:    1.10
      Required ratio:    0.00 (Gate area) 
      Partial area ratio:    5.89
      Required ratio:  400.00 (Side area) 
      Cumulative area ratio:    1.10
      Required ratio:    0.00 (Cumulative area) 
      Cumulative area ratio:    5.89
      Required ratio:    0.00 (Cumulative side area) 

    Layer: li1
      Partial area ratio:    0.00
      Required ratio:    0.00 (Gate area) 
      Partial area ratio:    0.00
      Required ratio:   75.00 (Side area) 
      Cumulative area ratio:    0.00
      Required ratio:    0.00 (Cumulative area) 
      Cumulative area ratio:    0.00
      Required ratio:    0.00 (Cumulative side area) 

    Via: M3M4_PR
      Partial area ratio:    0.08
      Required ratio:    6.00 (Gate area) 
      Cumulative area ratio:    0.45
      Required ratio:    0.00 (Cumulative area) 

    Via: M2M3_PR
      Partial area ratio:    0.08
      Required ratio:    6.00 (Gate area) 
      Cumulative area ratio:    0.37
      Required ratio:    0.00 (Cumulative area) 

    Via: M1M2_PR
      Partial area ratio:    0.18
      Required ratio:    6.00 (Gate area) 
      Cumulative area ratio:    0.29
      Required ratio:    0.00 (Cumulative area) 

    Via: L1M1_PR_MR
      Partial area ratio:    0.11
      Required ratio:    3.00 (Gate area) 
      Cumulative area ratio:    0.11
      Required ratio:    0.00 (Cumulative area) 

  Pin: _7342_/S (sky130_fd_sc_hd__mux2_1)
    Layer: met4
      Partial area ratio:    7.91
      Required ratio:    0.00 (Gate area) 
      Partial area ratio:   42.97
      Required ratio: 3236.16 (Side area) 
      Cumulative area ratio:   37.11
      Required ratio:    0.00 (Cumulative area) 
      Cumulative area ratio:  195.35
      Required ratio:    0.00 (Cumulative side area) 

    Layer: met3
      Partial area ratio:   10.54
      Required ratio:    0.00 (Gate area) 
      Partial area ratio:   57.15
      Required ratio:  400.00 (Side area) 
      Cumulative area ratio:   29.19
      Required ratio:    0.00 (Cumulative area) 
      Cumulative area ratio:  152.38
      Required ratio:    0.00 (Cumulative side area) 

    Layer: met2
      Partial area ratio:   18.32
      Required ratio:    0.00 (Gate area) 
      Partial area ratio:   93.17
      Required ratio:  400.00 (Side area) 
      Cumulative area ratio:   18.66
      Required ratio:    0.00 (Cumulative area) 
      Cumulative area ratio:   95.22
      Required ratio:    0.00 (Cumulative side area) 

    Layer: met1
      Partial area ratio:    0.33
      Required ratio:    0.00 (Gate area) 
      Partial area ratio:    2.06
      Required ratio:  400.00 (Side area) 
      Cumulative area ratio:    0.33
      Required ratio:    0.00 (Cumulative area) 
      Cumulative area ratio:    2.06
      Required ratio:    0.00 (Cumulative side area) 

    Layer: li1
      Partial area ratio:    0.00
      Required ratio:    0.00 (Gate area) 
      Partial area ratio:    0.00
      Required ratio:   75.00 (Side area) 
      Cumulative area ratio:    0.00
      Required ratio:    0.00 (Cumulative area) 
      Cumulative area ratio:    0.00
      Required ratio:    0.00 (Cumulative side area) 

    Via: M3M4_PR
      Partial area ratio:    0.03
      Required ratio:    6.00 (Gate area) 
      Cumulative area ratio:    0.55
      Required ratio:    0.00 (Cumulative area) 

    Via: M2M3_PR
      Partial area ratio:    0.32
      Required ratio:    6.00 (Gate area) 
      Cumulative area ratio:    0.52
      Required ratio:    0.00 (Cumulative area) 

    Via: M1M2_PR
      Partial area ratio:    0.09
      Required ratio:    6.00 (Gate area) 
      Cumulative area ratio:    0.20
      Required ratio:    0.00 (Cumulative area) 

    Via: L1M1_PR_MR
      Partial area ratio:    0.11
      Required ratio:    3.00 (Gate area) 
      Cumulative area ratio:    0.11
      Required ratio:    0.00 (Cumulative area) 

  Pin: _7346_/S (sky130_fd_sc_hd__mux2_1)
    Layer: met4
      Partial area ratio:    7.91
      Required ratio:    0.00 (Gate area) 
      Partial area ratio:   42.97
      Required ratio: 3236.16 (Side area) 
      Cumulative area ratio:   61.49
      Required ratio:    0.00 (Cumulative area) 
      Cumulative area ratio:  320.22
      Required ratio:    0.00 (Cumulative side area) 

    Layer: met3
      Partial area ratio:   10.54
      Required ratio:    0.00 (Gate area) 
      Partial area ratio:   57.15
      Required ratio:  400.00 (Side area) 
      Cumulative area ratio:   53.57
      Required ratio:    0.00 (Cumulative area) 
      Cumulative area ratio:  277.25
      Required ratio:    0.00 (Cumulative side area) 

    Layer: met2
      Partial area ratio:   10.12
      Required ratio:    0.00 (Gate area) 
      Partial area ratio:   51.26
      Required ratio:  400.00 (Side area) 
      Cumulative area ratio:   22.00
      Required ratio:    0.00 (Cumulative area) 
      Cumulative area ratio:  112.59
      Required ratio:    0.00 (Cumulative side area) 

    Layer: met1
      Partial area ratio:   11.88
      Required ratio:    0.00 (Gate area) 
      Partial area ratio:   61.33
      Required ratio:  400.00 (Side area) 
      Cumulative area ratio:   11.88
      Required ratio:    0.00 (Cumulative area) 
      Cumulative area ratio:   61.33
      Required ratio:    0.00 (Cumulative side area) 

    Layer: li1
      Partial area ratio:    0.00
      Required ratio:    0.00 (Gate area) 
      Partial area ratio:    0.00
      Required ratio:   75.00 (Side area) 
      Cumulative area ratio:    0.00
      Required ratio:    0.00 (Cumulative area) 
      Cumulative area ratio:    0.00
      Required ratio:    0.00 (Cumulative side area) 

    Via: M3M4_PR
      Partial area ratio:    0.03
      Required ratio:    6.00 (Gate area) 
      Cumulative area ratio:    0.92
      Required ratio:    0.00 (Cumulative area) 

    Via: M2M3_PR
      Partial area ratio:    0.11
      Required ratio:    6.00 (Gate area) 
      Cumulative area ratio:    0.40
      Required ratio:    0.00 (Cumulative area) 

    Via: M1M2_PR
      Partial area ratio:    0.18
      Required ratio:    6.00 (Gate area) 
      Cumulative area ratio:    0.29
      Required ratio:    0.00 (Cumulative area) 

    Via: L1M1_PR_MR
      Partial area ratio:    0.11
      Required ratio:    3.00 (Gate area) 
      Cumulative area ratio:    0.11
      Required ratio:    0.00 (Cumulative area) 

  Pin: _7350_/S (sky130_fd_sc_hd__mux2_1)
    Layer: met4
      Partial area ratio:    7.91
      Required ratio:    0.00 (Gate area) 
      Partial area ratio:   42.97
      Required ratio: 3236.16 (Side area) 
      Cumulative area ratio:   62.84
      Required ratio:    0.00 (Cumulative area) 
      Cumulative area ratio:  327.38
      Required ratio:    0.00 (Cumulative side area) 

    Layer: met3
      Partial area ratio:   10.54
      Required ratio:    0.00 (Gate area) 
      Partial area ratio:   57.15
      Required ratio:  400.00 (Side area) 
      Cumulative area ratio:   54.93
      Required ratio:    0.00 (Cumulative area) 
      Cumulative area ratio:  284.41
      Required ratio:    0.00 (Cumulative side area) 

    Layer: met2
      Partial area ratio:   10.12
      Required ratio:    0.00 (Gate area) 
      Partial area ratio:   51.26
      Required ratio:  400.00 (Side area) 
      Cumulative area ratio:   23.36
      Required ratio:    0.00 (Cumulative area) 
      Cumulative area ratio:  119.76
      Required ratio:    0.00 (Cumulative side area) 

    Layer: met1
      Partial area ratio:    1.36
      Required ratio:    0.00 (Gate area) 
      Partial area ratio:    7.17
      Required ratio:  400.00 (Side area) 
      Cumulative area ratio:    1.36
      Required ratio:    0.00 (Cumulative area) 
      Cumulative area ratio:    7.17
      Required ratio:    0.00 (Cumulative side area) 

    Layer: li1
      Partial area ratio:    0.00
      Required ratio:    0.00 (Gate area) 
      Partial area ratio:    0.00
      Required ratio:   75.00 (Side area) 
      Cumulative area ratio:    0.00
      Required ratio:    0.00 (Cumulative area) 
      Cumulative area ratio:    0.00
      Required ratio:    0.00 (Cumulative side area) 

    Via: M3M4_PR
      Partial area ratio:    0.03
      Required ratio:    6.00 (Gate area) 
      Cumulative area ratio:    1.01
      Required ratio:    0.00 (Cumulative area) 

    Via: M2M3_PR
      Partial area ratio:    0.11
      Required ratio:    6.00 (Gate area) 
      Cumulative area ratio:    0.49
      Required ratio:    0.00 (Cumulative area) 

    Via: M1M2_PR
      Partial area ratio:    0.09
      Required ratio:    6.00 (Gate area) 
      Cumulative area ratio:    0.20
      Required ratio:    0.00 (Cumulative area) 

    Via: L1M1_PR_MR
      Partial area ratio:    0.11
      Required ratio:    3.00 (Gate area) 
      Cumulative area ratio:    0.11
      Required ratio:    0.00 (Cumulative area) 

  Pin: _7352_/S (sky130_fd_sc_hd__mux2_1)
    Layer: met4
      Partial area ratio:    7.91
      Required ratio:    0.00 (Gate area) 
      Partial area ratio:   42.97
      Required ratio: 3236.16 (Side area) 
      Cumulative area ratio:   66.10
      Required ratio:    0.00 (Cumulative area) 
      Cumulative area ratio:  343.66
      Required ratio:    0.00 (Cumulative side area) 

    Layer: met3
      Partial area ratio:   10.54
      Required ratio:    0.00 (Gate area) 
      Partial area ratio:   57.15
      Required ratio:  400.00 (Side area) 
      Cumulative area ratio:   58.18
      Required ratio:    0.00 (Cumulative area) 
      Cumulative area ratio:  300.69
      Required ratio:    0.00 (Cumulative side area) 

    Layer: met2
      Partial area ratio:    4.61
      Required ratio:    0.00 (Gate area) 
      Partial area ratio:   23.44
      Required ratio:  400.00 (Side area) 
      Cumulative area ratio:    4.61
      Required ratio:    0.00 (Cumulative area) 
      Cumulative area ratio:   23.44
      Required ratio:    0.00 (Cumulative side area) 

    Layer: met1
      Partial area ratio:    0.00
      Required ratio:    0.00 (Gate area) 
      Partial area ratio:    0.00
      Required ratio:  400.00 (Side area) 
      Cumulative area ratio:    0.00
      Required ratio:    0.00 (Cumulative area) 
      Cumulative area ratio:    0.00
      Required ratio:    0.00 (Cumulative side area) 

    Layer: li1
      Partial area ratio:    0.00
      Required ratio:    0.00 (Gate area) 
      Partial area ratio:    0.00
      Required ratio:   75.00 (Side area) 
      Cumulative area ratio:    0.00
      Required ratio:    0.00 (Cumulative area) 
      Cumulative area ratio:    0.00
      Required ratio:    0.00 (Cumulative side area) 

    Via: M3M4_PR
      Partial area ratio:    0.03
      Required ratio:    6.00 (Gate area) 
      Cumulative area ratio:    1.09
      Required ratio:    0.00 (Cumulative area) 

    Via: M2M3_PR
      Partial area ratio:    0.08
      Required ratio:    6.00 (Gate area) 
      Cumulative area ratio:    0.28
      Required ratio:    0.00 (Cumulative area) 

    Via: M1M2_PR
      Partial area ratio:    0.09
      Required ratio:    6.00 (Gate area) 
      Cumulative area ratio:    0.20
      Required ratio:    0.00 (Cumulative area) 

    Via: L1M1_PR_MR
      Partial area ratio:    0.11
      Required ratio:    3.00 (Gate area) 
      Cumulative area ratio:    0.11
      Required ratio:    0.00 (Cumulative area) 

  Pin: _7354_/S (sky130_fd_sc_hd__mux2_1)
    Layer: met4
      Partial area ratio:    7.91
      Required ratio:    0.00 (Gate area) 
      Partial area ratio:   42.97
      Required ratio: 3236.16 (Side area) 
      Cumulative area ratio:   67.45
      Required ratio:    0.00 (Cumulative area) 
      Cumulative area ratio:  350.83
      Required ratio:    0.00 (Cumulative side area) 

    Layer: met3
      Partial area ratio:   10.54
      Required ratio:    0.00 (Gate area) 
      Partial area ratio:   57.15
      Required ratio:  400.00 (Side area) 
      Cumulative area ratio:   59.54
      Required ratio:    0.00 (Cumulative area) 
      Cumulative area ratio:  307.86
      Required ratio:    0.00 (Cumulative side area) 

    Layer: met2
      Partial area ratio:    4.61
      Required ratio:    0.00 (Gate area) 
      Partial area ratio:   23.44
      Required ratio:  400.00 (Side area) 
      Cumulative area ratio:    5.97
      Required ratio:    0.00 (Cumulative area) 
      Cumulative area ratio:   30.61
      Required ratio:    0.00 (Cumulative side area) 

    Layer: met1
      Partial area ratio:    1.36
      Required ratio:    0.00 (Gate area) 
      Partial area ratio:    7.17
      Required ratio:  400.00 (Side area) 
      Cumulative area ratio:    1.36
      Required ratio:    0.00 (Cumulative area) 
      Cumulative area ratio:    7.17
      Required ratio:    0.00 (Cumulative side area) 

    Layer: li1
      Partial area ratio:    0.00
      Required ratio:    0.00 (Gate area) 
      Partial area ratio:    0.00
      Required ratio:   75.00 (Side area) 
      Cumulative area ratio:    0.00
      Required ratio:    0.00 (Cumulative area) 
      Cumulative area ratio:    0.00
      Required ratio:    0.00 (Cumulative side area) 

    Via: M3M4_PR
      Partial area ratio:    0.03
      Required ratio:    6.00 (Gate area) 
      Cumulative area ratio:    1.09
      Required ratio:    0.00 (Cumulative area) 

    Via: M2M3_PR
      Partial area ratio:    0.08
      Required ratio:    6.00 (Gate area) 
      Cumulative area ratio:    0.28
      Required ratio:    0.00 (Cumulative area) 

    Via: M1M2_PR
      Partial area ratio:    0.09
      Required ratio:    6.00 (Gate area) 
      Cumulative area ratio:    0.20
      Required ratio:    0.00 (Cumulative area) 

    Via: L1M1_PR_MR
      Partial area ratio:    0.11
      Required ratio:    3.00 (Gate area) 
      Cumulative area ratio:    0.11
      Required ratio:    0.00 (Cumulative area) 

  Pin: _7348_/S (sky130_fd_sc_hd__mux2_1)
    Layer: met4
      Partial area ratio:    7.91
      Required ratio:    0.00 (Gate area) 
      Partial area ratio:   42.97
      Required ratio: 3236.16 (Side area) 
      Cumulative area ratio:   61.49
      Required ratio:    0.00 (Cumulative area) 
      Cumulative area ratio:  320.22
      Required ratio:    0.00 (Cumulative side area) 

    Layer: met3
      Partial area ratio:   10.54
      Required ratio:    0.00 (Gate area) 
      Partial area ratio:   57.15
      Required ratio:  400.00 (Side area) 
      Cumulative area ratio:   53.57
      Required ratio:    0.00 (Cumulative area) 
      Cumulative area ratio:  277.25
      Required ratio:    0.00 (Cumulative side area) 

    Layer: met2
      Partial area ratio:   10.12
      Required ratio:    0.00 (Gate area) 
      Partial area ratio:   51.26
      Required ratio:  400.00 (Side area) 
      Cumulative area ratio:   24.71
      Required ratio:    0.00 (Cumulative area) 
      Cumulative area ratio:  126.93
      Required ratio:    0.00 (Cumulative side area) 

    Layer: met1
      Partial area ratio:    2.71
      Required ratio:    0.00 (Gate area) 
      Partial area ratio:   14.33
      Required ratio:  400.00 (Side area) 
      Cumulative area ratio:    2.71
      Required ratio:    0.00 (Cumulative area) 
      Cumulative area ratio:   14.33
      Required ratio:    0.00 (Cumulative side area) 

    Layer: li1
      Partial area ratio:    0.00
      Required ratio:    0.00 (Gate area) 
      Partial area ratio:    0.00
      Required ratio:   75.00 (Side area) 
      Cumulative area ratio:    0.00
      Required ratio:    0.00 (Cumulative area) 
      Cumulative area ratio:    0.00
      Required ratio:    0.00 (Cumulative side area) 

    Via: M3M4_PR
      Partial area ratio:    0.03
      Required ratio:    6.00 (Gate area) 
      Cumulative area ratio:    0.92
      Required ratio:    0.00 (Cumulative area) 

    Via: M2M3_PR
      Partial area ratio:    0.11
      Required ratio:    6.00 (Gate area) 
      Cumulative area ratio:    0.58
      Required ratio:    0.00 (Cumulative area) 

    Via: M1M2_PR
      Partial area ratio:    0.18
      Required ratio:    6.00 (Gate area) 
      Cumulative area ratio:    0.29
      Required ratio:    0.00 (Cumulative area) 

    Via: L1M1_PR_MR
      Partial area ratio:    0.11
      Required ratio:    3.00 (Gate area) 
      Cumulative area ratio:    0.11
      Required ratio:    0.00 (Cumulative area) 


[INFO ANT-0002] Found 3 net violations.
[INFO ANT-0001] Found 4 pin violations.
