
===========================================================================
report_checks -path_delay min (Hold)
============================================================================
======================= Typical Corner ===================================

Startpoint: A[0] (input port clocked by __VIRTUAL_CLK__)
Endpoint: Y[0] (output port clocked by __VIRTUAL_CLK__)
Path Group: __VIRTUAL_CLK__
Path Type: min

Fanout     Cap    Slew   Delay    Time   Description
-----------------------------------------------------------------------------
                  0.00    0.00    0.00   clock __VIRTUAL_CLK__ (rise edge)
                          0.00    0.00   clock network delay (ideal)
                          2.00    2.00 v input external delay
     4    0.02    0.05    0.04    2.04 v A[0] (in)
                                         A[0] (net)
                  0.05    0.00    2.04 v _9_/A (sky130_fd_sc_hd__buf_2)
     1    0.04    0.10    0.18    2.22 v _9_/X (sky130_fd_sc_hd__buf_2)
                                         Y[0] (net)
                  0.10    0.00    2.22 v Y[0] (out)
                                  2.22   data arrival time

                  0.00    0.00    0.00   clock __VIRTUAL_CLK__ (rise edge)
                          0.00    0.00   clock network delay (ideal)
                          0.25    0.25   clock uncertainty
                          0.00    0.25   clock reconvergence pessimism
                         -2.00   -1.75   output external delay
                                 -1.75   data required time
-----------------------------------------------------------------------------
                                 -1.75   data required time
                                 -2.22   data arrival time
-----------------------------------------------------------------------------
                                  3.97   slack (MET)


Startpoint: A[3] (input port clocked by __VIRTUAL_CLK__)
Endpoint: Y[3] (output port clocked by __VIRTUAL_CLK__)
Path Group: __VIRTUAL_CLK__
Path Type: min

Fanout     Cap    Slew   Delay    Time   Description
-----------------------------------------------------------------------------
                  0.00    0.00    0.00   clock __VIRTUAL_CLK__ (rise edge)
                          0.00    0.00   clock network delay (ideal)
                          2.00    2.00 ^ input external delay
     1    0.02    0.08    0.05    2.05 ^ A[3] (in)
                                         A[3] (net)
                  0.08    0.00    2.05 ^ _8_/A (sky130_fd_sc_hd__xor2_2)
     1    0.04    0.12    0.17    2.22 v _8_/X (sky130_fd_sc_hd__xor2_2)
                                         Y[3] (net)
                  0.12    0.00    2.23 v Y[3] (out)
                                  2.23   data arrival time

                  0.00    0.00    0.00   clock __VIRTUAL_CLK__ (rise edge)
                          0.00    0.00   clock network delay (ideal)
                          0.25    0.25   clock uncertainty
                          0.00    0.25   clock reconvergence pessimism
                         -2.00   -1.75   output external delay
                                 -1.75   data required time
-----------------------------------------------------------------------------
                                 -1.75   data required time
                                 -2.23   data arrival time
-----------------------------------------------------------------------------
                                  3.98   slack (MET)


Startpoint: A[0] (input port clocked by __VIRTUAL_CLK__)
Endpoint: Y[1] (output port clocked by __VIRTUAL_CLK__)
Path Group: __VIRTUAL_CLK__
Path Type: min

Fanout     Cap    Slew   Delay    Time   Description
-----------------------------------------------------------------------------
                  0.00    0.00    0.00   clock __VIRTUAL_CLK__ (rise edge)
                          0.00    0.00   clock network delay (ideal)
                          2.00    2.00 v input external delay
     4    0.02    0.05    0.04    2.04 v A[0] (in)
                                         A[0] (net)
                  0.05    0.00    2.04 v _3_/B (sky130_fd_sc_hd__xor2_2)
     1    0.04    0.12    0.21    2.25 v _3_/X (sky130_fd_sc_hd__xor2_2)
                                         Y[1] (net)
                  0.12    0.00    2.25 v Y[1] (out)
                                  2.25   data arrival time

                  0.00    0.00    0.00   clock __VIRTUAL_CLK__ (rise edge)
                          0.00    0.00   clock network delay (ideal)
                          0.25    0.25   clock uncertainty
                          0.00    0.25   clock reconvergence pessimism
                         -2.00   -1.75   output external delay
                                 -1.75   data required time
-----------------------------------------------------------------------------
                                 -1.75   data required time
                                 -2.25   data arrival time
-----------------------------------------------------------------------------
                                  4.00   slack (MET)


Startpoint: A[2] (input port clocked by __VIRTUAL_CLK__)
Endpoint: Y[2] (output port clocked by __VIRTUAL_CLK__)
Path Group: __VIRTUAL_CLK__
Path Type: min

Fanout     Cap    Slew   Delay    Time   Description
-----------------------------------------------------------------------------
                  0.00    0.00    0.00   clock __VIRTUAL_CLK__ (rise edge)
                          0.00    0.00   clock network delay (ideal)
                          2.00    2.00 ^ input external delay
     2    0.01    0.07    0.04    2.04 ^ A[2] (in)
                                         A[2] (net)
                  0.07    0.00    2.04 ^ _5_/B1 (sky130_fd_sc_hd__o21ai_2)
     1    0.00    0.03    0.04    2.09 v _5_/Y (sky130_fd_sc_hd__o21ai_2)
                                         _0_ (net)
                  0.03    0.00    2.09 v _6_/B (sky130_fd_sc_hd__and2_2)
     1    0.00    0.03    0.16    2.25 v _6_/X (sky130_fd_sc_hd__and2_2)
                                         _1_ (net)
                  0.03    0.00    2.25 v _7_/A (sky130_fd_sc_hd__buf_1)
     1    0.04    0.24    0.23    2.48 v _7_/X (sky130_fd_sc_hd__buf_1)
                                         Y[2] (net)
                  0.24    0.00    2.49 v Y[2] (out)
                                  2.49   data arrival time

                  0.00    0.00    0.00   clock __VIRTUAL_CLK__ (rise edge)
                          0.00    0.00   clock network delay (ideal)
                          0.25    0.25   clock uncertainty
                          0.00    0.25   clock reconvergence pessimism
                         -2.00   -1.75   output external delay
                                 -1.75   data required time
-----------------------------------------------------------------------------
                                 -1.75   data required time
                                 -2.49   data arrival time
-----------------------------------------------------------------------------
                                  4.24   slack (MET)



worst slack corner Typical: 3.9739
