
===========================================================================
report_checks -path_delay max (Setup)
============================================================================
======================= Typical Corner ===================================

Startpoint: sel[0] (input port clocked by clk)
Endpoint: _167_ (rising edge-triggered flip-flop clocked by clk)
Path Group: clk
Path Type: max

Fanout     Cap    Slew   Delay    Time   Description
-----------------------------------------------------------------------------
                  0.15    0.00    0.00   clock clk (rise edge)
                          0.00    0.00   clock network delay (ideal)
                          2.00    2.00 ^ input external delay
     8    0.02    0.09    0.06    2.06 ^ sel[0] (in)
                                         sel[0] (net)
                  0.09    0.00    2.06 ^ _087_/B_N (sky130_fd_sc_hd__or2b_2)
     1    0.00    0.05    0.30    2.37 v _087_/X (sky130_fd_sc_hd__or2b_2)
                                         _012_ (net)
                  0.05    0.00    2.37 v _088_/A (sky130_fd_sc_hd__buf_1)
    10    0.03    0.17    0.21    2.57 v _088_/X (sky130_fd_sc_hd__buf_1)
                                         _013_ (net)
                  0.17    0.00    2.57 v _089_/C (sky130_fd_sc_hd__and3_2)
     2    0.00    0.04    0.27    2.85 v _089_/X (sky130_fd_sc_hd__and3_2)
                                         _014_ (net)
                  0.04    0.00    2.85 v _092_/B (sky130_fd_sc_hd__or3_2)
     2    0.00    0.08    0.47    3.32 v _092_/X (sky130_fd_sc_hd__or3_2)
                                         _017_ (net)
                  0.08    0.00    3.32 v _098_/A2 (sky130_fd_sc_hd__a21o_2)
     4    0.01    0.06    0.26    3.58 v _098_/X (sky130_fd_sc_hd__a21o_2)
                                         _022_ (net)
                  0.06    0.00    3.58 v _123_/A1 (sky130_fd_sc_hd__a211o_2)
     3    0.01    0.07    0.34    3.92 v _123_/X (sky130_fd_sc_hd__a211o_2)
                                         _045_ (net)
                  0.07    0.00    3.92 v _145_/A3 (sky130_fd_sc_hd__a31oi_2)
     2    0.01    0.17    0.23    4.14 ^ _145_/Y (sky130_fd_sc_hd__a31oi_2)
                                         _065_ (net)
                  0.17    0.00    4.14 ^ _152_/A3 (sky130_fd_sc_hd__o31a_2)
     1    0.01    0.07    0.18    4.32 ^ _152_/X (sky130_fd_sc_hd__o31a_2)
                                         _071_ (net)
                  0.07    0.00    4.32 ^ _157_/A (sky130_fd_sc_hd__xnor2_2)
     1    0.00    0.04    0.07    4.39 v _157_/Y (sky130_fd_sc_hd__xnor2_2)
                                         _004_ (net)
                  0.04    0.00    4.39 v _159_/B1 (sky130_fd_sc_hd__o221a_2)
     1    0.00    0.04    0.24    4.63 v _159_/X (sky130_fd_sc_hd__o221a_2)
                                         _079_ (net)
                  0.04    0.00    4.63 v _167_/D (sky130_fd_sc_hd__dfxtp_2)
                                  4.63   data arrival time

                  0.15   10.00   10.00   clock clk (rise edge)
                          0.00   10.00   clock network delay (ideal)
                         -0.25    9.75   clock uncertainty
                          0.00    9.75   clock reconvergence pessimism
                                  9.75 ^ _167_/CLK (sky130_fd_sc_hd__dfxtp_2)
                         -0.09    9.66   library setup time
                                  9.66   data required time
-----------------------------------------------------------------------------
                                  9.66   data required time
                                 -4.63   data arrival time
-----------------------------------------------------------------------------
                                  5.03   slack (MET)


Startpoint: sel[0] (input port clocked by clk)
Endpoint: _165_ (rising edge-triggered flip-flop clocked by clk)
Path Group: clk
Path Type: max

Fanout     Cap    Slew   Delay    Time   Description
-----------------------------------------------------------------------------
                  0.15    0.00    0.00   clock clk (rise edge)
                          0.00    0.00   clock network delay (ideal)
                          2.00    2.00 ^ input external delay
     8    0.02    0.09    0.06    2.06 ^ sel[0] (in)
                                         sel[0] (net)
                  0.09    0.00    2.06 ^ _087_/B_N (sky130_fd_sc_hd__or2b_2)
     1    0.00    0.05    0.30    2.37 v _087_/X (sky130_fd_sc_hd__or2b_2)
                                         _012_ (net)
                  0.05    0.00    2.37 v _088_/A (sky130_fd_sc_hd__buf_1)
    10    0.03    0.17    0.21    2.57 v _088_/X (sky130_fd_sc_hd__buf_1)
                                         _013_ (net)
                  0.17    0.00    2.57 v _089_/C (sky130_fd_sc_hd__and3_2)
     2    0.00    0.04    0.27    2.85 v _089_/X (sky130_fd_sc_hd__and3_2)
                                         _014_ (net)
                  0.04    0.00    2.85 v _092_/B (sky130_fd_sc_hd__or3_2)
     2    0.00    0.08    0.47    3.32 v _092_/X (sky130_fd_sc_hd__or3_2)
                                         _017_ (net)
                  0.08    0.00    3.32 v _098_/A2 (sky130_fd_sc_hd__a21o_2)
     4    0.01    0.06    0.26    3.58 v _098_/X (sky130_fd_sc_hd__a21o_2)
                                         _022_ (net)
                  0.06    0.00    3.58 v _123_/A1 (sky130_fd_sc_hd__a211o_2)
     3    0.01    0.07    0.34    3.92 v _123_/X (sky130_fd_sc_hd__a211o_2)
                                         _045_ (net)
                  0.07    0.00    3.92 v _134_/A3 (sky130_fd_sc_hd__a32o_2)
     1    0.01    0.05    0.30    4.22 v _134_/X (sky130_fd_sc_hd__a32o_2)
                                         _055_ (net)
                  0.05    0.00    4.22 v _135_/B (sky130_fd_sc_hd__xor2_2)
     1    0.00    0.04    0.14    4.36 v _135_/X (sky130_fd_sc_hd__xor2_2)
                                         _056_ (net)
                  0.04    0.00    4.36 v _138_/A2 (sky130_fd_sc_hd__a21o_2)
     1    0.00    0.03    0.20    4.56 v _138_/X (sky130_fd_sc_hd__a21o_2)
                                         _077_ (net)
                  0.03    0.00    4.56 v _165_/D (sky130_fd_sc_hd__dfxtp_2)
                                  4.56   data arrival time

                  0.15   10.00   10.00   clock clk (rise edge)
                          0.00   10.00   clock network delay (ideal)
                         -0.25    9.75   clock uncertainty
                          0.00    9.75   clock reconvergence pessimism
                                  9.75 ^ _165_/CLK (sky130_fd_sc_hd__dfxtp_2)
                         -0.08    9.67   library setup time
                                  9.67   data required time
-----------------------------------------------------------------------------
                                  9.67   data required time
                                 -4.56   data arrival time
-----------------------------------------------------------------------------
                                  5.11   slack (MET)


Startpoint: sel[0] (input port clocked by clk)
Endpoint: _166_ (rising edge-triggered flip-flop clocked by clk)
Path Group: clk
Path Type: max

Fanout     Cap    Slew   Delay    Time   Description
-----------------------------------------------------------------------------
                  0.15    0.00    0.00   clock clk (rise edge)
                          0.00    0.00   clock network delay (ideal)
                          2.00    2.00 ^ input external delay
     8    0.02    0.09    0.06    2.06 ^ sel[0] (in)
                                         sel[0] (net)
                  0.09    0.00    2.06 ^ _087_/B_N (sky130_fd_sc_hd__or2b_2)
     1    0.00    0.05    0.30    2.37 v _087_/X (sky130_fd_sc_hd__or2b_2)
                                         _012_ (net)
                  0.05    0.00    2.37 v _088_/A (sky130_fd_sc_hd__buf_1)
    10    0.03    0.17    0.21    2.57 v _088_/X (sky130_fd_sc_hd__buf_1)
                                         _013_ (net)
                  0.17    0.00    2.57 v _089_/C (sky130_fd_sc_hd__and3_2)
     2    0.00    0.04    0.27    2.85 v _089_/X (sky130_fd_sc_hd__and3_2)
                                         _014_ (net)
                  0.04    0.00    2.85 v _092_/B (sky130_fd_sc_hd__or3_2)
     2    0.00    0.08    0.47    3.32 v _092_/X (sky130_fd_sc_hd__or3_2)
                                         _017_ (net)
                  0.08    0.00    3.32 v _098_/A2 (sky130_fd_sc_hd__a21o_2)
     4    0.01    0.06    0.26    3.58 v _098_/X (sky130_fd_sc_hd__a21o_2)
                                         _022_ (net)
                  0.06    0.00    3.58 v _123_/A1 (sky130_fd_sc_hd__a211o_2)
     3    0.01    0.07    0.34    3.92 v _123_/X (sky130_fd_sc_hd__a211o_2)
                                         _045_ (net)
                  0.07    0.00    3.92 v _145_/A3 (sky130_fd_sc_hd__a31oi_2)
     2    0.01    0.17    0.23    4.14 ^ _145_/Y (sky130_fd_sc_hd__a31oi_2)
                                         _065_ (net)
                  0.17    0.00    4.14 ^ _146_/B (sky130_fd_sc_hd__nor2_2)
     1    0.01    0.06    0.07    4.21 v _146_/Y (sky130_fd_sc_hd__nor2_2)
                                         _066_ (net)
                  0.06    0.00    4.21 v _147_/B (sky130_fd_sc_hd__xnor2_2)
     1    0.00    0.04    0.13    4.34 v _147_/Y (sky130_fd_sc_hd__xnor2_2)
                                         _067_ (net)
                  0.04    0.00    4.34 v _150_/A2 (sky130_fd_sc_hd__a21o_2)
     1    0.00    0.03    0.20    4.55 v _150_/X (sky130_fd_sc_hd__a21o_2)
                                         _078_ (net)
                  0.03    0.00    4.55 v _166_/D (sky130_fd_sc_hd__dfxtp_2)
                                  4.55   data arrival time

                  0.15   10.00   10.00   clock clk (rise edge)
                          0.00   10.00   clock network delay (ideal)
                         -0.25    9.75   clock uncertainty
                          0.00    9.75   clock reconvergence pessimism
                                  9.75 ^ _166_/CLK (sky130_fd_sc_hd__dfxtp_2)
                         -0.08    9.67   library setup time
                                  9.67   data required time
-----------------------------------------------------------------------------
                                  9.67   data required time
                                 -4.55   data arrival time
-----------------------------------------------------------------------------
                                  5.12   slack (MET)


Startpoint: sel[0] (input port clocked by clk)
Endpoint: _164_ (rising edge-triggered flip-flop clocked by clk)
Path Group: clk
Path Type: max

Fanout     Cap    Slew   Delay    Time   Description
-----------------------------------------------------------------------------
                  0.15    0.00    0.00   clock clk (rise edge)
                          0.00    0.00   clock network delay (ideal)
                          2.00    2.00 ^ input external delay
     8    0.02    0.09    0.06    2.06 ^ sel[0] (in)
                                         sel[0] (net)
                  0.09    0.00    2.06 ^ _087_/B_N (sky130_fd_sc_hd__or2b_2)
     1    0.00    0.05    0.30    2.37 v _087_/X (sky130_fd_sc_hd__or2b_2)
                                         _012_ (net)
                  0.05    0.00    2.37 v _088_/A (sky130_fd_sc_hd__buf_1)
    10    0.03    0.17    0.21    2.57 v _088_/X (sky130_fd_sc_hd__buf_1)
                                         _013_ (net)
                  0.17    0.00    2.57 v _089_/C (sky130_fd_sc_hd__and3_2)
     2    0.00    0.04    0.27    2.85 v _089_/X (sky130_fd_sc_hd__and3_2)
                                         _014_ (net)
                  0.04    0.00    2.85 v _092_/B (sky130_fd_sc_hd__or3_2)
     2    0.00    0.08    0.47    3.32 v _092_/X (sky130_fd_sc_hd__or3_2)
                                         _017_ (net)
                  0.08    0.00    3.32 v _098_/A2 (sky130_fd_sc_hd__a21o_2)
     4    0.01    0.06    0.26    3.58 v _098_/X (sky130_fd_sc_hd__a21o_2)
                                         _022_ (net)
                  0.06    0.00    3.58 v _123_/A1 (sky130_fd_sc_hd__a211o_2)
     3    0.01    0.07    0.34    3.92 v _123_/X (sky130_fd_sc_hd__a211o_2)
                                         _045_ (net)
                  0.07    0.00    3.92 v _124_/B (sky130_fd_sc_hd__nand2_2)
     1    0.01    0.07    0.09    4.01 ^ _124_/Y (sky130_fd_sc_hd__nand2_2)
                                         _046_ (net)
                  0.07    0.00    4.01 ^ _125_/B (sky130_fd_sc_hd__xnor2_2)
     1    0.00    0.05    0.05    4.07 v _125_/Y (sky130_fd_sc_hd__xnor2_2)
                                         _047_ (net)
                  0.05    0.00    4.07 v _128_/A2 (sky130_fd_sc_hd__a21o_2)
     1    0.00    0.03    0.21    4.28 v _128_/X (sky130_fd_sc_hd__a21o_2)
                                         _076_ (net)
                  0.03    0.00    4.28 v _164_/D (sky130_fd_sc_hd__dfxtp_2)
                                  4.28   data arrival time

                  0.15   10.00   10.00   clock clk (rise edge)
                          0.00   10.00   clock network delay (ideal)
                         -0.25    9.75   clock uncertainty
                          0.00    9.75   clock reconvergence pessimism
                                  9.75 ^ _164_/CLK (sky130_fd_sc_hd__dfxtp_2)
                         -0.08    9.67   library setup time
                                  9.67   data required time
-----------------------------------------------------------------------------
                                  9.67   data required time
                                 -4.28   data arrival time
-----------------------------------------------------------------------------
                                  5.39   slack (MET)


Startpoint: sel[0] (input port clocked by clk)
Endpoint: _162_ (rising edge-triggered flip-flop clocked by clk)
Path Group: clk
Path Type: max

Fanout     Cap    Slew   Delay    Time   Description
-----------------------------------------------------------------------------
                  0.15    0.00    0.00   clock clk (rise edge)
                          0.00    0.00   clock network delay (ideal)
                          2.00    2.00 ^ input external delay
     8    0.02    0.09    0.06    2.06 ^ sel[0] (in)
                                         sel[0] (net)
                  0.09    0.00    2.06 ^ _087_/B_N (sky130_fd_sc_hd__or2b_2)
     1    0.00    0.05    0.30    2.37 v _087_/X (sky130_fd_sc_hd__or2b_2)
                                         _012_ (net)
                  0.05    0.00    2.37 v _088_/A (sky130_fd_sc_hd__buf_1)
    10    0.03    0.17    0.21    2.57 v _088_/X (sky130_fd_sc_hd__buf_1)
                                         _013_ (net)
                  0.17    0.00    2.57 v _089_/C (sky130_fd_sc_hd__and3_2)
     2    0.00    0.04    0.27    2.85 v _089_/X (sky130_fd_sc_hd__and3_2)
                                         _014_ (net)
                  0.04    0.00    2.85 v _092_/B (sky130_fd_sc_hd__or3_2)
     2    0.00    0.08    0.47    3.32 v _092_/X (sky130_fd_sc_hd__or3_2)
                                         _017_ (net)
                  0.08    0.00    3.32 v _098_/A2 (sky130_fd_sc_hd__a21o_2)
     4    0.01    0.06    0.26    3.58 v _098_/X (sky130_fd_sc_hd__a21o_2)
                                         _022_ (net)
                  0.06    0.00    3.58 v _103_/A (sky130_fd_sc_hd__or2_2)
     1    0.00    0.05    0.30    3.88 v _103_/X (sky130_fd_sc_hd__or2_2)
                                         _027_ (net)
                  0.05    0.00    3.88 v _104_/A2 (sky130_fd_sc_hd__a21o_2)
     1    0.00    0.03    0.21    4.09 v _104_/X (sky130_fd_sc_hd__a21o_2)
                                         _028_ (net)
                  0.03    0.00    4.09 v _106_/B1 (sky130_fd_sc_hd__o211a_2)
     1    0.00    0.04    0.12    4.22 v _106_/X (sky130_fd_sc_hd__o211a_2)
                                         _074_ (net)
                  0.04    0.00    4.22 v _162_/D (sky130_fd_sc_hd__dfxtp_2)
                                  4.22   data arrival time

                  0.15   10.00   10.00   clock clk (rise edge)
                          0.00   10.00   clock network delay (ideal)
                         -0.25    9.75   clock uncertainty
                          0.00    9.75   clock reconvergence pessimism
                                  9.75 ^ _162_/CLK (sky130_fd_sc_hd__dfxtp_2)
                         -0.09    9.66   library setup time
                                  9.66   data required time
-----------------------------------------------------------------------------
                                  9.66   data required time
                                 -4.22   data arrival time
-----------------------------------------------------------------------------
                                  5.45   slack (MET)


Startpoint: sel[0] (input port clocked by clk)
Endpoint: _163_ (rising edge-triggered flip-flop clocked by clk)
Path Group: clk
Path Type: max

Fanout     Cap    Slew   Delay    Time   Description
-----------------------------------------------------------------------------
                  0.15    0.00    0.00   clock clk (rise edge)
                          0.00    0.00   clock network delay (ideal)
                          2.00    2.00 ^ input external delay
     8    0.02    0.09    0.06    2.06 ^ sel[0] (in)
                                         sel[0] (net)
                  0.09    0.00    2.06 ^ _087_/B_N (sky130_fd_sc_hd__or2b_2)
     1    0.00    0.05    0.30    2.37 v _087_/X (sky130_fd_sc_hd__or2b_2)
                                         _012_ (net)
                  0.05    0.00    2.37 v _088_/A (sky130_fd_sc_hd__buf_1)
    10    0.03    0.17    0.21    2.57 v _088_/X (sky130_fd_sc_hd__buf_1)
                                         _013_ (net)
                  0.17    0.00    2.57 v _089_/C (sky130_fd_sc_hd__and3_2)
     2    0.00    0.04    0.27    2.85 v _089_/X (sky130_fd_sc_hd__and3_2)
                                         _014_ (net)
                  0.04    0.00    2.85 v _092_/B (sky130_fd_sc_hd__or3_2)
     2    0.00    0.08    0.47    3.32 v _092_/X (sky130_fd_sc_hd__or3_2)
                                         _017_ (net)
                  0.08    0.00    3.32 v _098_/A2 (sky130_fd_sc_hd__a21o_2)
     4    0.01    0.06    0.26    3.58 v _098_/X (sky130_fd_sc_hd__a21o_2)
                                         _022_ (net)
                  0.06    0.00    3.58 v _115_/A1 (sky130_fd_sc_hd__a21oi_2)
     1    0.01    0.14    0.17    3.75 ^ _115_/Y (sky130_fd_sc_hd__a21oi_2)
                                         _038_ (net)
                  0.14    0.00    3.75 ^ _116_/B (sky130_fd_sc_hd__xnor2_2)
     1    0.00    0.04    0.07    3.81 v _116_/Y (sky130_fd_sc_hd__xnor2_2)
                                         _039_ (net)
                  0.04    0.00    3.81 v _119_/A2 (sky130_fd_sc_hd__a21o_2)
     1    0.00    0.03    0.21    4.02 v _119_/X (sky130_fd_sc_hd__a21o_2)
                                         _075_ (net)
                  0.03    0.00    4.02 v _163_/D (sky130_fd_sc_hd__dfxtp_2)
                                  4.02   data arrival time

                  0.15   10.00   10.00   clock clk (rise edge)
                          0.00   10.00   clock network delay (ideal)
                         -0.25    9.75   clock uncertainty
                          0.00    9.75   clock reconvergence pessimism
                                  9.75 ^ _163_/CLK (sky130_fd_sc_hd__dfxtp_2)
                         -0.08    9.67   library setup time
                                  9.67   data required time
-----------------------------------------------------------------------------
                                  9.67   data required time
                                 -4.02   data arrival time
-----------------------------------------------------------------------------
                                  5.65   slack (MET)


Startpoint: sel[0] (input port clocked by clk)
Endpoint: _161_ (rising edge-triggered flip-flop clocked by clk)
Path Group: clk
Path Type: max

Fanout     Cap    Slew   Delay    Time   Description
-----------------------------------------------------------------------------
                  0.15    0.00    0.00   clock clk (rise edge)
                          0.00    0.00   clock network delay (ideal)
                          2.00    2.00 ^ input external delay
     8    0.02    0.09    0.06    2.06 ^ sel[0] (in)
                                         sel[0] (net)
                  0.09    0.00    2.06 ^ _087_/B_N (sky130_fd_sc_hd__or2b_2)
     1    0.00    0.05    0.30    2.37 v _087_/X (sky130_fd_sc_hd__or2b_2)
                                         _012_ (net)
                  0.05    0.00    2.37 v _088_/A (sky130_fd_sc_hd__buf_1)
    10    0.03    0.17    0.21    2.57 v _088_/X (sky130_fd_sc_hd__buf_1)
                                         _013_ (net)
                  0.17    0.00    2.57 v _089_/C (sky130_fd_sc_hd__and3_2)
     2    0.00    0.04    0.27    2.85 v _089_/X (sky130_fd_sc_hd__and3_2)
                                         _014_ (net)
                  0.04    0.00    2.85 v _092_/B (sky130_fd_sc_hd__or3_2)
     2    0.00    0.08    0.47    3.32 v _092_/X (sky130_fd_sc_hd__or3_2)
                                         _017_ (net)
                  0.08    0.00    3.32 v _093_/B (sky130_fd_sc_hd__and2b_2)
     1    0.01    0.05    0.23    3.55 v _093_/X (sky130_fd_sc_hd__and2b_2)
                                         _018_ (net)
                  0.05    0.00    3.55 v _094_/B (sky130_fd_sc_hd__xnor2_2)
     1    0.00    0.12    0.13    3.68 ^ _094_/Y (sky130_fd_sc_hd__xnor2_2)
                                         _019_ (net)
                  0.12    0.00    3.68 ^ _095_/B (sky130_fd_sc_hd__nand2_2)
     1    0.00    0.03    0.06    3.74 v _095_/Y (sky130_fd_sc_hd__nand2_2)
                                         _020_ (net)
                  0.03    0.00    3.74 v _097_/B1 (sky130_fd_sc_hd__o211a_2)
     1    0.00    0.04    0.12    3.86 v _097_/X (sky130_fd_sc_hd__o211a_2)
                                         _073_ (net)
                  0.04    0.00    3.86 v _161_/D (sky130_fd_sc_hd__dfxtp_2)
                                  3.86   data arrival time

                  0.15   10.00   10.00   clock clk (rise edge)
                          0.00   10.00   clock network delay (ideal)
                         -0.25    9.75   clock uncertainty
                          0.00    9.75   clock reconvergence pessimism
                                  9.75 ^ _161_/CLK (sky130_fd_sc_hd__dfxtp_2)
                         -0.09    9.66   library setup time
                                  9.66   data required time
-----------------------------------------------------------------------------
                                  9.66   data required time
                                 -3.86   data arrival time
-----------------------------------------------------------------------------
                                  5.80   slack (MET)


Startpoint: sel[1] (input port clocked by clk)
Endpoint: _160_ (rising edge-triggered flip-flop clocked by clk)
Path Group: clk
Path Type: max

Fanout     Cap    Slew   Delay    Time   Description
-----------------------------------------------------------------------------
                  0.15    0.00    0.00   clock clk (rise edge)
                          0.00    0.00   clock network delay (ideal)
                          2.00    2.00 ^ input external delay
    10    0.03    0.13    0.09    2.09 ^ sel[1] (in)
                                         sel[1] (net)
                  0.13    0.00    2.09 ^ _080_/A (sky130_fd_sc_hd__inv_2)
     8    0.02    0.06    0.09    2.18 v _080_/Y (sky130_fd_sc_hd__inv_2)
                                         _006_ (net)
                  0.06    0.00    2.18 v _081_/A (sky130_fd_sc_hd__or2_2)
     4    0.01    0.07    0.34    2.52 v _081_/X (sky130_fd_sc_hd__or2_2)
                                         _007_ (net)
                  0.07    0.00    2.52 v _082_/B1 (sky130_fd_sc_hd__o21a_2)
     1    0.00    0.03    0.12    2.64 v _082_/X (sky130_fd_sc_hd__o21a_2)
                                         _008_ (net)
                  0.03    0.00    2.64 v _084_/A1 (sky130_fd_sc_hd__mux2_2)
     1    0.00    0.05    0.26    2.90 v _084_/X (sky130_fd_sc_hd__mux2_2)
                                         _010_ (net)
                  0.05    0.00    2.90 v _085_/A (sky130_fd_sc_hd__buf_1)
     1    0.00    0.02    0.09    2.99 v _085_/X (sky130_fd_sc_hd__buf_1)
                                         _072_ (net)
                  0.02    0.00    2.99 v _160_/D (sky130_fd_sc_hd__dfxtp_2)
                                  2.99   data arrival time

                  0.15   10.00   10.00   clock clk (rise edge)
                          0.00   10.00   clock network delay (ideal)
                         -0.25    9.75   clock uncertainty
                          0.00    9.75   clock reconvergence pessimism
                                  9.75 ^ _160_/CLK (sky130_fd_sc_hd__dfxtp_2)
                         -0.08    9.67   library setup time
                                  9.67   data required time
-----------------------------------------------------------------------------
                                  9.67   data required time
                                 -2.99   data arrival time
-----------------------------------------------------------------------------
                                  6.69   slack (MET)


Startpoint: _160_ (rising edge-triggered flip-flop clocked by clk)
Endpoint: result[0] (output port clocked by clk)
Path Group: clk
Path Type: max

Fanout     Cap    Slew   Delay    Time   Description
-----------------------------------------------------------------------------
                  0.15    0.00    0.00   clock clk (rise edge)
                          0.00    0.00   clock network delay (ideal)
                  0.15    0.00    0.00 ^ _160_/CLK (sky130_fd_sc_hd__dfxtp_2)
     1    0.03    0.18    0.47    0.47 ^ _160_/Q (sky130_fd_sc_hd__dfxtp_2)
                                         result[0] (net)
                  0.18    0.00    0.47 ^ result[0] (out)
                                  0.47   data arrival time

                  0.15   10.00   10.00   clock clk (rise edge)
                          0.00   10.00   clock network delay (ideal)
                         -0.25    9.75   clock uncertainty
                          0.00    9.75   clock reconvergence pessimism
                         -2.00    7.75   output external delay
                                  7.75   data required time
-----------------------------------------------------------------------------
                                  7.75   data required time
                                 -0.47   data arrival time
-----------------------------------------------------------------------------
                                  7.28   slack (MET)


Startpoint: _161_ (rising edge-triggered flip-flop clocked by clk)
Endpoint: result[1] (output port clocked by clk)
Path Group: clk
Path Type: max

Fanout     Cap    Slew   Delay    Time   Description
-----------------------------------------------------------------------------
                  0.15    0.00    0.00   clock clk (rise edge)
                          0.00    0.00   clock network delay (ideal)
                  0.15    0.00    0.00 ^ _161_/CLK (sky130_fd_sc_hd__dfxtp_2)
     1    0.03    0.18    0.47    0.47 ^ _161_/Q (sky130_fd_sc_hd__dfxtp_2)
                                         result[1] (net)
                  0.18    0.00    0.47 ^ result[1] (out)
                                  0.47   data arrival time

                  0.15   10.00   10.00   clock clk (rise edge)
                          0.00   10.00   clock network delay (ideal)
                         -0.25    9.75   clock uncertainty
                          0.00    9.75   clock reconvergence pessimism
                         -2.00    7.75   output external delay
                                  7.75   data required time
-----------------------------------------------------------------------------
                                  7.75   data required time
                                 -0.47   data arrival time
-----------------------------------------------------------------------------
                                  7.28   slack (MET)


Startpoint: _162_ (rising edge-triggered flip-flop clocked by clk)
Endpoint: result[2] (output port clocked by clk)
Path Group: clk
Path Type: max

Fanout     Cap    Slew   Delay    Time   Description
-----------------------------------------------------------------------------
                  0.15    0.00    0.00   clock clk (rise edge)
                          0.00    0.00   clock network delay (ideal)
                  0.15    0.00    0.00 ^ _162_/CLK (sky130_fd_sc_hd__dfxtp_2)
     1    0.03    0.18    0.47    0.47 ^ _162_/Q (sky130_fd_sc_hd__dfxtp_2)
                                         result[2] (net)
                  0.18    0.00    0.47 ^ result[2] (out)
                                  0.47   data arrival time

                  0.15   10.00   10.00   clock clk (rise edge)
                          0.00   10.00   clock network delay (ideal)
                         -0.25    9.75   clock uncertainty
                          0.00    9.75   clock reconvergence pessimism
                         -2.00    7.75   output external delay
                                  7.75   data required time
-----------------------------------------------------------------------------
                                  7.75   data required time
                                 -0.47   data arrival time
-----------------------------------------------------------------------------
                                  7.28   slack (MET)


Startpoint: _163_ (rising edge-triggered flip-flop clocked by clk)
Endpoint: result[3] (output port clocked by clk)
Path Group: clk
Path Type: max

Fanout     Cap    Slew   Delay    Time   Description
-----------------------------------------------------------------------------
                  0.15    0.00    0.00   clock clk (rise edge)
                          0.00    0.00   clock network delay (ideal)
                  0.15    0.00    0.00 ^ _163_/CLK (sky130_fd_sc_hd__dfxtp_2)
     1    0.03    0.18    0.47    0.47 ^ _163_/Q (sky130_fd_sc_hd__dfxtp_2)
                                         result[3] (net)
                  0.18    0.00    0.47 ^ result[3] (out)
                                  0.47   data arrival time

                  0.15   10.00   10.00   clock clk (rise edge)
                          0.00   10.00   clock network delay (ideal)
                         -0.25    9.75   clock uncertainty
                          0.00    9.75   clock reconvergence pessimism
                         -2.00    7.75   output external delay
                                  7.75   data required time
-----------------------------------------------------------------------------
                                  7.75   data required time
                                 -0.47   data arrival time
-----------------------------------------------------------------------------
                                  7.28   slack (MET)


Startpoint: _164_ (rising edge-triggered flip-flop clocked by clk)
Endpoint: result[4] (output port clocked by clk)
Path Group: clk
Path Type: max

Fanout     Cap    Slew   Delay    Time   Description
-----------------------------------------------------------------------------
                  0.15    0.00    0.00   clock clk (rise edge)
                          0.00    0.00   clock network delay (ideal)
                  0.15    0.00    0.00 ^ _164_/CLK (sky130_fd_sc_hd__dfxtp_2)
     1    0.03    0.18    0.47    0.47 ^ _164_/Q (sky130_fd_sc_hd__dfxtp_2)
                                         result[4] (net)
                  0.18    0.00    0.47 ^ result[4] (out)
                                  0.47   data arrival time

                  0.15   10.00   10.00   clock clk (rise edge)
                          0.00   10.00   clock network delay (ideal)
                         -0.25    9.75   clock uncertainty
                          0.00    9.75   clock reconvergence pessimism
                         -2.00    7.75   output external delay
                                  7.75   data required time
-----------------------------------------------------------------------------
                                  7.75   data required time
                                 -0.47   data arrival time
-----------------------------------------------------------------------------
                                  7.28   slack (MET)


Startpoint: _165_ (rising edge-triggered flip-flop clocked by clk)
Endpoint: result[5] (output port clocked by clk)
Path Group: clk
Path Type: max

Fanout     Cap    Slew   Delay    Time   Description
-----------------------------------------------------------------------------
                  0.15    0.00    0.00   clock clk (rise edge)
                          0.00    0.00   clock network delay (ideal)
                  0.15    0.00    0.00 ^ _165_/CLK (sky130_fd_sc_hd__dfxtp_2)
     1    0.03    0.18    0.47    0.47 ^ _165_/Q (sky130_fd_sc_hd__dfxtp_2)
                                         result[5] (net)
                  0.18    0.00    0.47 ^ result[5] (out)
                                  0.47   data arrival time

                  0.15   10.00   10.00   clock clk (rise edge)
                          0.00   10.00   clock network delay (ideal)
                         -0.25    9.75   clock uncertainty
                          0.00    9.75   clock reconvergence pessimism
                         -2.00    7.75   output external delay
                                  7.75   data required time
-----------------------------------------------------------------------------
                                  7.75   data required time
                                 -0.47   data arrival time
-----------------------------------------------------------------------------
                                  7.28   slack (MET)


Startpoint: _166_ (rising edge-triggered flip-flop clocked by clk)
Endpoint: result[6] (output port clocked by clk)
Path Group: clk
Path Type: max

Fanout     Cap    Slew   Delay    Time   Description
-----------------------------------------------------------------------------
                  0.15    0.00    0.00   clock clk (rise edge)
                          0.00    0.00   clock network delay (ideal)
                  0.15    0.00    0.00 ^ _166_/CLK (sky130_fd_sc_hd__dfxtp_2)
     1    0.03    0.18    0.47    0.47 ^ _166_/Q (sky130_fd_sc_hd__dfxtp_2)
                                         result[6] (net)
                  0.18    0.00    0.47 ^ result[6] (out)
                                  0.47   data arrival time

                  0.15   10.00   10.00   clock clk (rise edge)
                          0.00   10.00   clock network delay (ideal)
                         -0.25    9.75   clock uncertainty
                          0.00    9.75   clock reconvergence pessimism
                         -2.00    7.75   output external delay
                                  7.75   data required time
-----------------------------------------------------------------------------
                                  7.75   data required time
                                 -0.47   data arrival time
-----------------------------------------------------------------------------
                                  7.28   slack (MET)


Startpoint: _167_ (rising edge-triggered flip-flop clocked by clk)
Endpoint: result[7] (output port clocked by clk)
Path Group: clk
Path Type: max

Fanout     Cap    Slew   Delay    Time   Description
-----------------------------------------------------------------------------
                  0.15    0.00    0.00   clock clk (rise edge)
                          0.00    0.00   clock network delay (ideal)
                  0.15    0.00    0.00 ^ _167_/CLK (sky130_fd_sc_hd__dfxtp_2)
     1    0.03    0.18    0.47    0.47 ^ _167_/Q (sky130_fd_sc_hd__dfxtp_2)
                                         result[7] (net)
                  0.18    0.00    0.47 ^ result[7] (out)
                                  0.47   data arrival time

                  0.15   10.00   10.00   clock clk (rise edge)
                          0.00   10.00   clock network delay (ideal)
                         -0.25    9.75   clock uncertainty
                          0.00    9.75   clock reconvergence pessimism
                         -2.00    7.75   output external delay
                                  7.75   data required time
-----------------------------------------------------------------------------
                                  7.75   data required time
                                 -0.47   data arrival time
-----------------------------------------------------------------------------
                                  7.28   slack (MET)



worst slack corner Typical: 5.0342
