
===========================================================================
report_checks -unconstrained
===========================================================================
======================= Typical Corner ===================================

Startpoint: sel[0] (input port clocked by clk)
Endpoint: _167_ (rising edge-triggered flip-flop clocked by clk)
Path Group: clk
Path Type: max

Fanout     Cap    Slew   Delay    Time   Description
-----------------------------------------------------------------------------
                  0.15    0.00    0.00   clock clk (rise edge)
                          0.00    0.00   clock network delay (ideal)
                          2.00    2.00 ^ input external delay
     8    0.02    0.09    0.06    2.06 ^ sel[0] (in)
                                         sel[0] (net)
                  0.09    0.00    2.06 ^ _087_/B_N (sky130_fd_sc_hd__or2b_2)
     1    0.00    0.05    0.30    2.37 v _087_/X (sky130_fd_sc_hd__or2b_2)
                                         _012_ (net)
                  0.05    0.00    2.37 v _088_/A (sky130_fd_sc_hd__buf_1)
    10    0.03    0.17    0.21    2.57 v _088_/X (sky130_fd_sc_hd__buf_1)
                                         _013_ (net)
                  0.17    0.00    2.57 v _089_/C (sky130_fd_sc_hd__and3_2)
     2    0.00    0.04    0.27    2.85 v _089_/X (sky130_fd_sc_hd__and3_2)
                                         _014_ (net)
                  0.04    0.00    2.85 v _092_/B (sky130_fd_sc_hd__or3_2)
     2    0.00    0.08    0.47    3.32 v _092_/X (sky130_fd_sc_hd__or3_2)
                                         _017_ (net)
                  0.08    0.00    3.32 v _098_/A2 (sky130_fd_sc_hd__a21o_2)
     4    0.01    0.06    0.26    3.58 v _098_/X (sky130_fd_sc_hd__a21o_2)
                                         _022_ (net)
                  0.06    0.00    3.58 v _123_/A1 (sky130_fd_sc_hd__a211o_2)
     3    0.01    0.07    0.34    3.92 v _123_/X (sky130_fd_sc_hd__a211o_2)
                                         _045_ (net)
                  0.07    0.00    3.92 v _145_/A3 (sky130_fd_sc_hd__a31oi_2)
     2    0.01    0.17    0.23    4.14 ^ _145_/Y (sky130_fd_sc_hd__a31oi_2)
                                         _065_ (net)
                  0.17    0.00    4.14 ^ _152_/A3 (sky130_fd_sc_hd__o31a_2)
     1    0.01    0.07    0.18    4.32 ^ _152_/X (sky130_fd_sc_hd__o31a_2)
                                         _071_ (net)
                  0.07    0.00    4.32 ^ _157_/A (sky130_fd_sc_hd__xnor2_2)
     1    0.00    0.04    0.07    4.39 v _157_/Y (sky130_fd_sc_hd__xnor2_2)
                                         _004_ (net)
                  0.04    0.00    4.39 v _159_/B1 (sky130_fd_sc_hd__o221a_2)
     1    0.00    0.04    0.24    4.63 v _159_/X (sky130_fd_sc_hd__o221a_2)
                                         _079_ (net)
                  0.04    0.00    4.63 v _167_/D (sky130_fd_sc_hd__dfxtp_2)
                                  4.63   data arrival time

                  0.15   10.00   10.00   clock clk (rise edge)
                          0.00   10.00   clock network delay (ideal)
                         -0.25    9.75   clock uncertainty
                          0.00    9.75   clock reconvergence pessimism
                                  9.75 ^ _167_/CLK (sky130_fd_sc_hd__dfxtp_2)
                         -0.09    9.66   library setup time
                                  9.66   data required time
-----------------------------------------------------------------------------
                                  9.66   data required time
                                 -4.63   data arrival time
-----------------------------------------------------------------------------
                                  5.03   slack (MET)




===========================================================================
report_checks --slack_max -0.01
============================================================================
======================= Typical Corner ===================================

No paths found.


===========================================================================
 report_check_types -max_slew -max_cap -max_fanout -violators
============================================================================
======================= Typical Corner ===================================


max slew violations count Typical: 0
max fanout violations count Typical: 0
max cap violations count Typical: 0

===========================================================================
report_parasitic_annotation -report_unannotated
============================================================================
Found 107 unannotated drivers.
 a[0]
 a[1]
 a[2]
 a[3]
 a[4]
 a[5]
 a[6]
 a[7]
 b[0]
 b[1]
 b[2]
 b[3]
 b[4]
 b[5]
 b[6]
 b[7]
 clk
 sel[0]
 sel[1]
 _080_/Y
 _081_/X
 _082_/X
 _083_/Y
 _084_/X
 _085_/X
 _086_/X
 _087_/X
 _088_/X
 _089_/X
 _090_/Y
 _091_/X
 _092_/X
 _093_/X
 _094_/Y
 _095_/Y
 _096_/X
 _097_/X
 _098_/X
 _099_/X
 _100_/Y
 _101_/X
 _102_/Y
 _103_/X
 _104_/X
 _105_/X
 _106_/X
 _107_/X
 _108_/X
 _109_/Y
 _110_/X
 _111_/Y
 _112_/X
 _113_/Y
 _114_/X
 _115_/Y
 _116_/Y
 _117_/X
 _118_/X
 _119_/X
 _120_/X
 _121_/Y
 _122_/X
 _123_/X
 _124_/Y
 _125_/Y
 _126_/X
 _127_/X
 _128_/X
 _129_/Y
 _130_/X
 _131_/Y
 _132_/Y
 _133_/X
 _134_/X
 _135_/X
 _136_/X
 _137_/X
 _138_/X
 _139_/X
 _140_/Y
 _141_/Y
 _142_/X
 _143_/Y
 _144_/X
 _145_/Y
 _146_/Y
 _147_/Y
 _148_/X
 _149_/X
 _150_/X
 _151_/X
 _152_/X
 _153_/Y
 _154_/Y
 _155_/X
 _156_/Y
 _157_/Y
 _158_/Y
 _159_/X
 _160_/Q
 _161_/Q
 _162_/Q
 _163_/Q
 _164_/Q
 _165_/Q
 _166_/Q
 _167_/Q
Found 0 partially unannotated drivers.

===========================================================================
max slew violation count 0
max fanout violation count 0
max cap violation count 0
============================================================================

===========================================================================
check_setup -verbose -unconstrained_endpoints -multiple_clock -no_clock -no_input_delay -loops -generated_clocks
===========================================================================
