Tue Jun 03 21:37:22 +0000 2025 - Executing "{openroad -exit -no_init -python /openlane/scripts/odbpy/lefutil.py get_metal_layers -o /openlane/designs/Lab4/runs/RUN_2025.06.03_21.37.22/tmp/layers.list /home/mertg/.volare/sky130A/libs.ref/sky130_fd_sc_hd/techlef/sky130_fd_sc_hd__nom.tlef}"

Tue Jun 03 21:37:23 +0000 2025 - Executing "{/openlane/scripts/mergeLef.py -o /openlane/designs/Lab4/runs/RUN_2025.06.03_21.37.22/tmp/merged.nom.lef -i /home/mertg/.volare/sky130A/libs.ref/sky130_fd_sc_hd/techlef/sky130_fd_sc_hd__nom.tlef {/home/mertg/.volare/sky130A/libs.ref/sky130_fd_sc_hd/lef/sky130_fd_sc_hd.lef /home/mertg/.volare/sky130A/libs.ref/sky130_fd_sc_hd/lef/sky130_ef_sc_hd.lef} |& tee /dev/null}"

Tue Jun 03 21:37:23 +0000 2025 - Executing "{/openlane/scripts/mergeLef.py -o /openlane/designs/Lab4/runs/RUN_2025.06.03_21.37.22/tmp/merged.min.lef -i /home/mertg/.volare/sky130A/libs.ref/sky130_fd_sc_hd/techlef/sky130_fd_sc_hd__min.tlef {/home/mertg/.volare/sky130A/libs.ref/sky130_fd_sc_hd/lef/sky130_fd_sc_hd.lef /home/mertg/.volare/sky130A/libs.ref/sky130_fd_sc_hd/lef/sky130_ef_sc_hd.lef} |& tee /dev/null}"

Tue Jun 03 21:37:23 +0000 2025 - Executing "{/openlane/scripts/mergeLef.py -o /openlane/designs/Lab4/runs/RUN_2025.06.03_21.37.22/tmp/merged.max.lef -i /home/mertg/.volare/sky130A/libs.ref/sky130_fd_sc_hd/techlef/sky130_fd_sc_hd__max.tlef {/home/mertg/.volare/sky130A/libs.ref/sky130_fd_sc_hd/lef/sky130_fd_sc_hd.lef /home/mertg/.volare/sky130A/libs.ref/sky130_fd_sc_hd/lef/sky130_ef_sc_hd.lef} |& tee /dev/null}"

Tue Jun 03 21:37:23 +0000 2025 - Executing "{python3 /openlane/scripts/mergeLib.py --output /openlane/designs/Lab4/runs/RUN_2025.06.03_21.37.22/tmp/synthesis/merged.lib --name sky130A_merged /home/mertg/.volare/sky130A/libs.ref/sky130_fd_sc_hd/lib/sky130_fd_sc_hd__tt_025C_1v80.lib}"

Tue Jun 03 21:37:23 +0000 2025 - Executing "{python3 /openlane/scripts/libtrim.py --cell-file /openlane/designs/Lab4/runs/RUN_2025.06.03_21.37.22/tmp/synthesis/trimmed.lib.exclude.list --output /openlane/designs/Lab4/runs/RUN_2025.06.03_21.37.22/tmp/synthesis/trimmed.lib /openlane/designs/Lab4/runs/RUN_2025.06.03_21.37.22/tmp/synthesis/merged.lib}"

Tue Jun 03 21:37:23 +0000 2025 - Executing "{python3 /openlane/scripts/libtrim.py --cell-file /openlane/designs/Lab4/runs/RUN_2025.06.03_21.37.22/tmp/cts/cts.lib.exclude.list --output /openlane/designs/Lab4/runs/RUN_2025.06.03_21.37.22/tmp/cts/cts.lib /home/mertg/.volare/sky130A/libs.ref/sky130_fd_sc_hd/lib/sky130_fd_sc_hd__tt_025C_1v80.lib}"

Tue Jun 03 21:37:23 +0000 2025 - Executing "{python3 /openlane/scripts/libtrim.py --cell-file /openlane/designs/Lab4/runs/RUN_2025.06.03_21.37.22/tmp/cts/cts-fastest.lib.exclude.list --output /openlane/designs/Lab4/runs/RUN_2025.06.03_21.37.22/tmp/cts/cts-fastest.lib /home/mertg/.volare/sky130A/libs.ref/sky130_fd_sc_hd/lib/sky130_fd_sc_hd__ff_n40C_1v95.lib}"

Tue Jun 03 21:37:24 +0000 2025 - Executing "{python3 /openlane/scripts/libtrim.py --cell-file /openlane/designs/Lab4/runs/RUN_2025.06.03_21.37.22/tmp/cts/cts-slowest.lib.exclude.list --output /openlane/designs/Lab4/runs/RUN_2025.06.03_21.37.22/tmp/cts/cts-slowest.lib /home/mertg/.volare/sky130A/libs.ref/sky130_fd_sc_hd/lib/sky130_fd_sc_hd__ss_100C_1v60.lib}"

Tue Jun 03 21:37:24 +0000 2025 - Executing "{python3 /openlane/scripts/new_tracks.py -i /home/mertg/.volare/sky130A/libs.tech/openlane/sky130_fd_sc_hd/tracks.info -o /openlane/designs/Lab4/runs/RUN_2025.06.03_21.37.22/tmp/routing/config.tracks}"

Tue Jun 03 21:37:24 +0000 2025 - Executing "{echo {OpenLane e73fb3c57e687a0023fcd4dcfd1566ecd478362a} > /openlane/designs/Lab4/runs/RUN_2025.06.03_21.37.22/OPENLANE_COMMIT}"

Tue Jun 03 21:37:24 +0000 2025 - Executing "{yosys -c /openlane/scripts/yosys/blackbox.tcl}"

Tue Jun 03 21:37:24 +0000 2025 - Executing "{verilator -Wall --lint-only --Wno-DECLFILENAME --top-module top /openlane/designs/Lab4/runs/RUN_2025.06.03_21.37.22/tmp/synthesis/blackbox/sky130_fd_sc_hd__blackbox.v /openlane/designs/Lab4/src/register_file.v /openlane/designs/Lab4/src/alu.v /openlane/designs/Lab4/src/top.v -Wno-fatal --relative-includes |& tee /openlane/designs/Lab4/runs/RUN_2025.06.03_21.37.22/logs/synthesis/linter.log /dev/null}"

Tue Jun 03 21:37:24 +0000 2025 - Executing "{sed -E {s/^([[:space:]]+)pg_pin(.*)/\1pin\2\n\1    direction : "inout";/g} /home/mertg/.volare/sky130A/libs.ref/sky130_fd_sc_hd/lib/sky130_fd_sc_hd__tt_025C_1v80.lib > /openlane/designs/Lab4/runs/RUN_2025.06.03_21.37.22/tmp/synthesis/1-sky130_fd_sc_hd__tt_025C_1v80.no_pg.lib}"

Tue Jun 03 21:37:24 +0000 2025 - Executing "{sed -E {s/^([[:space:]]+)pg_pin(.*)/\1pin\2\n\1    direction : "inout";/g} /openlane/designs/Lab4/runs/RUN_2025.06.03_21.37.22/tmp/synthesis/trimmed.lib > /openlane/designs/Lab4/runs/RUN_2025.06.03_21.37.22/tmp/synthesis/1-trimmed.no_pg.lib}"

Tue Jun 03 21:37:24 +0000 2025 - Executing "yosys -c /openlane/scripts/yosys/synth.tcl |& tee /dev/null /openlane/designs/Lab4/runs/RUN_2025.06.03_21.37.22/logs/synthesis/1-synthesis.log"

Tue Jun 03 21:37:24 +0000 2025 - Executing "{yosys -c /openlane/scripts/yosys/synth.tcl |& tee /dev/null /openlane/designs/Lab4/runs/RUN_2025.06.03_21.37.22/logs/synthesis/1-synthesis.log}"

Tue Jun 03 21:37:30 +0000 2025 - Executing "{sed -i.bak -e {s/\(set ::env(CURRENT_NETLIST)\).*/\1 \/openlane\/designs\/Lab4\/runs\/RUN_2025.06.03_21.37.22\/results\/synthesis\/top.v/} /openlane/designs/Lab4/runs/RUN_2025.06.03_21.37.22/config.tcl}"

Tue Jun 03 21:37:30 +0000 2025 - Executing "{sed -i.bak /defparam/d /openlane/designs/Lab4/runs/RUN_2025.06.03_21.37.22/results/synthesis/top.v}"

Tue Jun 03 21:37:30 +0000 2025 - Executing "sta -exit -no_init /openlane/scripts/openroad/sta/multi_corner.tcl |& tee /dev/null /openlane/designs/Lab4/runs/RUN_2025.06.03_21.37.22/logs/synthesis/2-sta.log"

Tue Jun 03 21:37:30 +0000 2025 - Executing "{sta -exit -no_init /openlane/scripts/openroad/sta/multi_corner.tcl |& tee /dev/null /openlane/designs/Lab4/runs/RUN_2025.06.03_21.37.22/logs/synthesis/2-sta.log}"

Tue Jun 03 21:37:31 +0000 2025 - Executing "openroad -exit /openlane/scripts/openroad/floorplan.tcl |& tee /dev/null /openlane/designs/Lab4/runs/RUN_2025.06.03_21.37.22/logs/floorplan/3-initial_fp.log"

Tue Jun 03 21:37:31 +0000 2025 - Executing "{openroad -exit /openlane/scripts/openroad/floorplan.tcl |& tee /dev/null /openlane/designs/Lab4/runs/RUN_2025.06.03_21.37.22/logs/floorplan/3-initial_fp.log}"

Tue Jun 03 21:37:32 +0000 2025 - Executing "{openroad -exit -no_init -python /openlane/scripts/odbpy/snap_to_grid.py --output /openlane/designs/Lab4/runs/RUN_2025.06.03_21.37.22/tmp/floorplan/3-minimized_pdn.txt --input-lef /openlane/designs/Lab4/runs/RUN_2025.06.03_21.37.22/tmp/merged.nom.lef 19.9525 19.720000000000002 39.905 39.440000000000005}"

Tue Jun 03 21:37:32 +0000 2025 - Executing "{openroad -exit -no_init -python /openlane/scripts/odbpy/defutil.py extract_core_dims --output-data /openlane/designs/Lab4/runs/RUN_2025.06.03_21.37.22/tmp/dimensions.txt --input-lef /openlane/designs/Lab4/runs/RUN_2025.06.03_21.37.22/tmp/merged.nom.lef /openlane/designs/Lab4/runs/RUN_2025.06.03_21.37.22/tmp/floorplan/3-initial_fp.def}"

Tue Jun 03 21:37:32 +0000 2025 - Executing "openroad -exit /openlane/scripts/openroad/ioplacer.tcl |& tee /dev/null /openlane/designs/Lab4/runs/RUN_2025.06.03_21.37.22/logs/floorplan/4-io.log"

Tue Jun 03 21:37:32 +0000 2025 - Executing "{openroad -exit /openlane/scripts/openroad/ioplacer.tcl |& tee /dev/null /openlane/designs/Lab4/runs/RUN_2025.06.03_21.37.22/logs/floorplan/4-io.log}"

Tue Jun 03 21:37:33 +0000 2025 - Executing "openroad -exit /openlane/scripts/openroad/tapcell.tcl |& tee /dev/null /openlane/designs/Lab4/runs/RUN_2025.06.03_21.37.22/logs/floorplan/5-tap.log"

Tue Jun 03 21:37:33 +0000 2025 - Executing "{openroad -exit /openlane/scripts/openroad/tapcell.tcl |& tee /dev/null /openlane/designs/Lab4/runs/RUN_2025.06.03_21.37.22/logs/floorplan/5-tap.log}"

Tue Jun 03 21:37:33 +0000 2025 - Executing "openroad -exit /openlane/scripts/openroad/pdn.tcl |& tee /dev/null /openlane/designs/Lab4/runs/RUN_2025.06.03_21.37.22/logs/floorplan/6-pdn.log"

Tue Jun 03 21:37:33 +0000 2025 - Executing "{openroad -exit /openlane/scripts/openroad/pdn.tcl |& tee /dev/null /openlane/designs/Lab4/runs/RUN_2025.06.03_21.37.22/logs/floorplan/6-pdn.log}"

Tue Jun 03 21:37:34 +0000 2025 - Executing "openroad -exit /openlane/scripts/openroad/gpl.tcl |& tee /dev/null /openlane/designs/Lab4/runs/RUN_2025.06.03_21.37.22/logs/placement/6-global_skip_io.log"

Tue Jun 03 21:37:34 +0000 2025 - Executing "{openroad -exit /openlane/scripts/openroad/gpl.tcl |& tee /dev/null /openlane/designs/Lab4/runs/RUN_2025.06.03_21.37.22/logs/placement/6-global_skip_io.log}"

Tue Jun 03 21:37:34 +0000 2025 - Executing "{python3 /openlane/scripts/write_runtime.py --conclude --seconds --time-in 1748986654 {flow failed}}"

Tue Jun 03 21:37:34 +0000 2025 - Executing "{python3 /openlane/scripts/generate_reports.py -d /openlane/designs/Lab4 --design_name top --tag RUN_2025.06.03_21.37.22 --output_file /openlane/designs/Lab4/runs/RUN_2025.06.03_21.37.22/reports/metrics.csv --man_report /openlane/designs/Lab4/runs/RUN_2025.06.03_21.37.22/reports/manufacturability.rpt --run_path /openlane/designs/Lab4/runs/RUN_2025.06.03_21.37.22}"

