[ERROR]: during executing openroad script /openlane/scripts/openroad/gpl.tcl
[ERROR]: Log: designs/Lab4/runs/RUN_2025.06.03_21.37.22/logs/placement/6-global_skip_io.log
[ERROR]: Last 10 lines:
[INFO GPL-0013] CoreBBox: ( 20.240 21.760 ) ( 179.860 179.520 ) um
[INFO GPL-0016] CoreArea:             25181.651 um^2
[INFO GPL-0017] NonPlaceInstsArea:      885.850 um^2
[INFO GPL-0018] PlaceInstsArea:       62407.354 um^2
[INFO GPL-0019] Util:                   256.865 %
[INFO GPL-0020] StdInstsArea:         62407.354 um^2
[INFO GPL-0021] MacroInstsArea:           0.000 um^2
[ERROR GPL-0301] Utilization 256.865 % exceeds 100%.
Error: gpl.tcl, 75 GPL-0301
child process exited abnormally

[ERROR]: Creating issue reproducible...
[ERROR]: Step 7 (placement) failed with error:
-code 1 -level 0 -errorstack {INNER {invokeStk1 throw_error} CALL {run_tcl_script -tool openroad -no_consume /openlane/scripts/openroad/gpl.tcl -indexed_log /openlane/designs/Lab4/runs/RUN_2025.06.03_21.37.22/logs/placement/6-global_skip_io.log -save to=/openlane/designs/Lab4/runs/RUN_2025.06.03_21.37.22/tmp/placement,name=global_skip_io,def,odb,netlist,powered_netlist} CALL {run_openroad_script /openlane/scripts/openroad/gpl.tcl -indexed_log /openlane/designs/Lab4/runs/RUN_2025.06.03_21.37.22/logs/placement/6-global_skip_io.log -save to=/openlane/designs/Lab4/runs/RUN_2025.06.03_21.37.22/tmp/placement,name=global_skip_io,def,odb,netlist,powered_netlist} CALL {global_placement_or -skip_io -name global_skip_io -log /openlane/designs/Lab4/runs/RUN_2025.06.03_21.37.22/logs/placement/global_skip_io.log} CALL run_placement CALL run_placement_step CALL {run_non_interactive_mode -design Lab4}} -errorcode NONE -errorinfo {
    while executing
"throw_error"
    (procedure "run_tcl_script" line 219)
    invoked from within
"run_tcl_script -tool openroad -no_consume {*}$args"
    (procedure "run_openroad_script" line 2)
    invoked from within
"run_openroad_script $::env(SCRIPTS_DIR)/openroad/gpl.tcl -indexed_log $log -save "to=$arg_values(-outdir),name=$arg_values(-name),def,odb,netlist,powe..."
    (procedure "global_placement_or" line 29)
    invoked from within
"global_placement_or -skip_io -name global_skip_io -log $::env(placement_logs)/global_skip_io.log"
    (procedure "run_placement" line 15)
    invoked from within
"run_placement"
    (procedure "run_placement_step" line 8)
    invoked from within
"run_placement_step"} -errorline 1
[ERROR]: Failed to create manufacturability and metric reports:
[ERROR]: Traceback (most recent call last):
  File "/openlane/scripts/generate_reports.py", line 184, in <module>
    cli()
  File "/nix/store/8ywrzlq8yyqrif2sfvbgg8vsxhj80ry7-python3-3.11.9-env/lib/python3.11/site-packages/click/core.py", line 1157, in __call__
    return self.main(*args, **kwargs)
           ^^^^^^^^^^^^^^^^^^^^^^^^^^
  File "/nix/store/8ywrzlq8yyqrif2sfvbgg8vsxhj80ry7-python3-3.11.9-env/lib/python3.11/site-packages/click/core.py", line 1078, in main
    rv = self.invoke(ctx)
         ^^^^^^^^^^^^^^^^
  File "/nix/store/8ywrzlq8yyqrif2sfvbgg8vsxhj80ry7-python3-3.11.9-env/lib/python3.11/site-packages/click/core.py", line 1434, in invoke
    return ctx.invoke(self.callback, **ctx.params)
           ^^^^^^^^^^^^^^^^^^^^^^^^^^^^^^^^^^^^^^^
  File "/nix/store/8ywrzlq8yyqrif2sfvbgg8vsxhj80ry7-python3-3.11.9-env/lib/python3.11/site-packages/click/core.py", line 783, in invoke
    return __callback(*args, **kwargs)
           ^^^^^^^^^^^^^^^^^^^^^^^^^^^
  File "/openlane/scripts/generate_reports.py", line 51, in cli
    report = Report(design, tag, design_name, params, run_path).get_report()
             ^^^^^^^^^^^^^^^^^^^^^^^^^^^^^^^^^^^^^^^^^^^^^^^^^^^^^^^^^^^^^^^
  File "/openlane/scripts/report/report.py", line 809, in get_report
    *self.extract_all_values(),
     ^^^^^^^^^^^^^^^^^^^^^^^^^
  File "/openlane/scripts/report/report.py", line 359, in extract_all_values
    power_report = Artifact(
                   ^^^^^^^^^
  File "/openlane/scripts/report/report.py", line 62, in __init__
    self.pathname = matches[0]
                    ~~~~~~~^^^
IndexError: list index out of range
[ERROR]: Flow failed.
