Instance,Terminal,Layer,X location,Y location,Voltage
FILLER_0_9_57,VGND,li1,32.2000,38.0800,0.000000
FILLER_0_9_55,VGND,li1,31.0500,38.0800,0.000000
FILLER_0_9_49,VGND,li1,29.4400,38.0800,0.000000
FILLER_0_9_37,VGND,li1,25.3000,38.0800,0.000000
FILLER_0_9_29,VGND,li1,19.3200,38.0800,0.000000
FILLER_0_9_27,VGND,li1,18.1700,38.0800,0.000000
FILLER_0_9_15,VGND,li1,15.1800,38.0800,0.000000
FILLER_0_9_3,VGND,li1,9.6600,38.0800,0.000000
FILLER_0_8_58,VGND,li1,32.4300,32.6400,0.000002
FILLER_0_8_52,VGND,li1,30.8200,32.6400,0.000002
FILLER_0_8_43,VGND,li1,25.5300,32.6400,0.000003
FILLER_0_8_35,VGND,li1,23.4600,32.6400,0.000003
FILLER_0_8_27,VGND,li1,18.1700,32.6400,0.000003
FILLER_0_8_15,VGND,li1,15.1800,32.6400,0.000003
FILLER_0_8_3,VGND,li1,9.6600,32.6400,0.000004
FILLER_0_7_57,VGND,li1,32.2000,32.6400,0.000002
FILLER_0_7_3,VGND,li1,7.1300,32.6400,0.000004
FILLER_0_6_48,VGND,li1,28.2900,27.2000,0.000018
FILLER_0_6_37,VGND,li1,24.3800,27.2000,0.000018
FILLER_0_6_20,VGND,li1,15.6400,27.2000,0.000019
FILLER_0_6_14,VGND,li1,12.6500,27.2000,0.000015
FILLER_0_6_7,VGND,li1,9.6600,27.2000,0.000015
FILLER_0_5_57,VGND,li1,32.2000,27.2000,0.000013
FILLER_0_5_15,VGND,li1,12.6500,27.2000,0.000015
FILLER_0_5_3,VGND,li1,9.6600,27.2000,0.000015
FILLER_0_4_56,VGND,li1,31.9700,21.7600,0.000005
FILLER_0_4_45,VGND,li1,26.4500,21.7600,0.000006
FILLER_0_4_41,VGND,li1,25.3000,21.7600,0.000006
FILLER_0_4_29,VGND,li1,21.6200,21.7600,0.000007
FILLER_0_4_27,VGND,li1,18.1700,21.7600,0.000008
FILLER_0_4_23,VGND,li1,17.0200,21.7600,0.000010
FILLER_0_3_57,VGND,li1,32.2000,21.7600,0.000005
FILLER_0_3_44,VGND,li1,28.5200,21.7600,0.000005
FILLER_0_3_40,VGND,li1,24.1500,21.7600,0.000007
FILLER_0_3_34,VGND,li1,22.5400,21.7600,0.000007
FILLER_0_3_25,VGND,li1,17.2500,21.7600,0.000010
FILLER_0_3_11,VGND,li1,11.0400,21.7600,0.000016
FILLER_0_3_3,VGND,li1,8.7400,21.7600,0.000016
FILLER_0_2_58,VGND,li1,32.4300,16.3200,0.000002
FILLER_0_2_50,VGND,li1,30.3600,16.3200,0.000002
FILLER_0_2_29,VGND,li1,19.0900,16.3200,0.000003
FILLER_0_2_27,VGND,li1,18.1700,16.3200,0.000003
FILLER_0_2_3,VGND,li1,7.5900,16.3200,0.000004
FILLER_0_1_57,VGND,li1,32.2000,16.3200,0.000002
FILLER_0_1_52,VGND,li1,30.3600,16.3200,0.000002
FILLER_0_1_40,VGND,li1,26.6800,16.3200,0.000003
FILLER_0_1_31,VGND,li1,20.0100,16.3200,0.000003
FILLER_0_1_23,VGND,li1,16.3300,16.3200,0.000003
FILLER_0_1_15,VGND,li1,14.2600,16.3200,0.000004
FILLER_0_1_3,VGND,li1,9.6600,16.3200,0.000004
FILLER_0_0_57,VGND,li1,32.2000,10.8800,0.000000
FILLER_0_0_53,VGND,li1,30.5900,10.8800,0.000000
FILLER_0_0_41,VGND,li1,27.1400,10.8800,0.000000
FILLER_0_0_29,VGND,li1,21.6200,10.8800,0.000000
FILLER_0_0_27,VGND,li1,18.1700,10.8800,0.000000
FILLER_0_0_15,VGND,li1,15.1800,10.8800,0.000000
FILLER_0_0_3,VGND,li1,9.6600,10.8800,0.000000
hold3,VGND,li1,22.0800,16.3200,0.000004
hold2,VGND,li1,19.3200,21.7600,0.000008
hold1,VGND,li1,27.6000,32.6400,0.000003
clkload0,VGND,li1,29.9000,21.7600,0.000006
clkbuf_1_1__f_clk,VGND,li1,26.6800,27.2000,0.000018
clkbuf_1_0__f_clk,VGND,li1,11.5000,21.7600,0.000016
clkbuf_0_clk,VGND,li1,17.4800,27.2000,0.000022
output5,VGND,li1,31.7400,27.2000,0.000013
output4,VGND,li1,21.1600,38.0800,0.000000
output3,VGND,li1,27.6000,21.7600,0.000005
output2,VGND,li1,7.8200,27.2000,0.000015
input1,VGND,li1,29.9000,27.2000,0.000015
TAP_TAPCELL_ROW_9_31,VGND,li1,31.5100,37.7880,0.000000
TAP_TAPCELL_ROW_9_30,VGND,li1,18.6300,37.7880,0.000000
TAP_TAPCELL_ROW_8_29,VGND,li1,18.6300,32.9310,0.000003
TAP_TAPCELL_ROW_7_28,VGND,li1,31.5100,32.3480,0.000002
TAP_TAPCELL_ROW_6_27,VGND,li1,18.6300,27.4910,0.000022
TAP_TAPCELL_ROW_5_26,VGND,li1,31.5100,26.9080,0.000015
TAP_TAPCELL_ROW_4_25,VGND,li1,18.6300,22.0510,0.000008
TAP_TAPCELL_ROW_3_24,VGND,li1,31.5100,21.4680,0.000006
TAP_TAPCELL_ROW_2_23,VGND,li1,18.6300,16.6110,0.000003
TAP_TAPCELL_ROW_1_22,VGND,li1,31.5100,16.0280,0.000002
TAP_TAPCELL_ROW_0_21,VGND,li1,31.5100,11.1710,0.000000
TAP_TAPCELL_ROW_0_20,VGND,li1,18.6300,11.1710,0.000000
PHY_EDGE_ROW_9_Left_19,VGND,li1,6.2100,38.0800,0.000000
PHY_EDGE_ROW_8_Left_18,VGND,li1,6.2100,32.6400,0.000004
PHY_EDGE_ROW_7_Left_17,VGND,li1,6.2100,32.6400,0.000004
PHY_EDGE_ROW_6_Left_16,VGND,li1,6.2100,27.2000,0.000015
PHY_EDGE_ROW_5_Left_15,VGND,li1,6.2100,27.2000,0.000015
PHY_EDGE_ROW_4_Left_14,VGND,li1,6.2100,21.7600,0.000016
PHY_EDGE_ROW_3_Left_13,VGND,li1,6.2100,21.7600,0.000016
PHY_EDGE_ROW_2_Left_12,VGND,li1,6.2100,16.3200,0.000004
PHY_EDGE_ROW_1_Left_11,VGND,li1,6.2100,16.3200,0.000004
PHY_EDGE_ROW_0_Left_10,VGND,li1,6.2100,10.8800,0.000000
PHY_EDGE_ROW_9_Right_9,VGND,li1,33.3500,38.0800,0.000000
PHY_EDGE_ROW_8_Right_8,VGND,li1,33.3500,32.6400,0.000002
PHY_EDGE_ROW_7_Right_7,VGND,li1,33.3500,32.6400,0.000002
PHY_EDGE_ROW_6_Right_6,VGND,li1,33.3500,27.2000,0.000013
PHY_EDGE_ROW_5_Right_5,VGND,li1,33.3500,27.2000,0.000013
PHY_EDGE_ROW_4_Right_4,VGND,li1,33.3500,21.7600,0.000005
PHY_EDGE_ROW_3_Right_3,VGND,li1,33.3500,21.7600,0.000005
PHY_EDGE_ROW_2_Right_2,VGND,li1,33.3500,16.3200,0.000002
PHY_EDGE_ROW_1_Right_1,VGND,li1,33.3500,16.3200,0.000002
PHY_EDGE_ROW_0_Right_0,VGND,li1,33.3500,10.8800,0.000000
_29_,VGND,li1,26.6800,32.6400,0.000003
_28_,VGND,li1,11.9600,32.6400,0.000004
_27_,VGND,li1,23.9200,16.3200,0.000004
_26_,VGND,li1,13.1100,16.3200,0.000004
_25_,VGND,li1,26.9100,27.2000,0.000018
_24_,VGND,li1,14.0300,27.2000,0.000015
_23_,VGND,li1,25.0700,21.7600,0.000006
_22_,VGND,li1,16.3300,21.7600,0.000010
_21_,VGND,li1,20.4700,32.6400,0.000003
_20_,VGND,li1,11.2700,27.2000,0.000015
_19_,VGND,li1,17.7100,32.6400,0.000003
_18_,VGND,li1,20.2400,32.6400,0.000003
_17_,VGND,li1,17.4800,27.2000,0.000022
_16_,VGND,li1,18.1700,16.3200,0.000003
_15_,VGND,li1,12.1900,21.7600,0.000016
_14_,VGND,li1,14.2600,21.7600,0.000012
_13_,VGND,li1,20.7000,27.2000,0.000018
