Instance,Terminal,Layer,X location,Y location,Voltage
FILLER_0_9_57,VPWR,li1,32.2000,35.3600,1.800000
FILLER_0_9_55,VPWR,li1,31.0500,35.3600,1.800000
FILLER_0_9_49,VPWR,li1,29.4400,35.3600,1.800000
FILLER_0_9_37,VPWR,li1,25.3000,35.3600,1.800000
FILLER_0_9_29,VPWR,li1,19.3200,35.3600,1.800000
FILLER_0_9_27,VPWR,li1,18.1700,35.3600,1.800000
FILLER_0_9_15,VPWR,li1,15.1800,35.3600,1.800000
FILLER_0_9_3,VPWR,li1,9.6600,35.3600,1.800000
FILLER_0_8_58,VPWR,li1,32.4300,35.3600,1.800000
FILLER_0_8_52,VPWR,li1,30.8200,35.3600,1.800000
FILLER_0_8_43,VPWR,li1,25.5300,35.3600,1.800000
FILLER_0_8_35,VPWR,li1,23.4600,35.3600,1.800000
FILLER_0_8_27,VPWR,li1,18.1700,35.3600,1.800000
FILLER_0_8_15,VPWR,li1,15.1800,35.3600,1.800000
FILLER_0_8_3,VPWR,li1,9.6600,35.3600,1.800000
FILLER_0_7_57,VPWR,li1,32.2000,29.9200,1.799997
FILLER_0_7_3,VPWR,li1,7.1300,29.9200,1.799997
FILLER_0_6_48,VPWR,li1,28.2900,29.9200,1.799996
FILLER_0_6_37,VPWR,li1,24.3800,29.9200,1.799997
FILLER_0_6_20,VPWR,li1,15.6400,29.9200,1.799996
FILLER_0_6_14,VPWR,li1,12.6500,29.9200,1.799996
FILLER_0_6_7,VPWR,li1,9.6600,29.9200,1.799997
FILLER_0_5_57,VPWR,li1,32.2000,24.4800,1.799981
FILLER_0_5_15,VPWR,li1,12.6500,24.4800,1.799971
FILLER_0_5_3,VPWR,li1,9.6600,24.4800,1.799976
FILLER_0_4_56,VPWR,li1,31.9700,24.4800,1.799981
FILLER_0_4_45,VPWR,li1,26.4500,24.4800,1.799975
FILLER_0_4_41,VPWR,li1,25.3000,24.4800,1.799975
FILLER_0_4_29,VPWR,li1,21.6200,24.4800,1.799976
FILLER_0_4_27,VPWR,li1,18.1700,24.4800,1.799974
FILLER_0_4_23,VPWR,li1,17.0200,24.4800,1.799972
FILLER_0_3_57,VPWR,li1,32.2000,19.0400,1.799998
FILLER_0_3_44,VPWR,li1,28.5200,19.0400,1.799998
FILLER_0_3_40,VPWR,li1,24.1500,19.0400,1.799996
FILLER_0_3_34,VPWR,li1,22.5400,19.0400,1.799996
FILLER_0_3_25,VPWR,li1,17.2500,19.0400,1.799997
FILLER_0_3_11,VPWR,li1,11.0400,19.0400,1.799996
FILLER_0_3_3,VPWR,li1,8.7400,19.0400,1.799997
FILLER_0_2_58,VPWR,li1,32.4300,19.0400,1.799998
FILLER_0_2_50,VPWR,li1,30.3600,19.0400,1.799998
FILLER_0_2_29,VPWR,li1,19.0900,19.0400,1.799996
FILLER_0_2_27,VPWR,li1,18.1700,19.0400,1.799996
FILLER_0_2_3,VPWR,li1,7.5900,19.0400,1.799997
FILLER_0_1_57,VPWR,li1,32.2000,13.6000,1.800000
FILLER_0_1_52,VPWR,li1,30.3600,13.6000,1.800000
FILLER_0_1_40,VPWR,li1,26.6800,13.6000,1.800000
FILLER_0_1_31,VPWR,li1,20.0100,13.6000,1.800000
FILLER_0_1_23,VPWR,li1,16.3300,13.6000,1.800000
FILLER_0_1_15,VPWR,li1,14.2600,13.6000,1.800000
FILLER_0_1_3,VPWR,li1,9.6600,13.6000,1.800000
FILLER_0_0_57,VPWR,li1,32.2000,13.6000,1.800000
FILLER_0_0_53,VPWR,li1,30.5900,13.6000,1.800000
FILLER_0_0_41,VPWR,li1,27.1400,13.6000,1.800000
FILLER_0_0_29,VPWR,li1,21.6200,13.6000,1.800000
FILLER_0_0_27,VPWR,li1,18.1700,13.6000,1.800000
FILLER_0_0_15,VPWR,li1,15.1800,13.6000,1.800000
FILLER_0_0_3,VPWR,li1,9.6600,13.6000,1.800000
hold3,VPWR,li1,22.0800,13.6000,1.800000
hold2,VPWR,li1,19.3200,19.0400,1.799996
hold1,VPWR,li1,27.6000,35.3600,1.800000
clkload0,VPWR,li1,29.9000,24.4800,1.799981
clkbuf_1_1__f_clk,VPWR,li1,26.6800,24.4800,1.799975
clkbuf_1_0__f_clk,VPWR,li1,11.5000,24.4800,1.799971
clkbuf_0_clk,VPWR,li1,17.4800,24.4800,1.799972
output5,VPWR,li1,31.7400,29.9200,1.799997
output4,VPWR,li1,21.1600,35.3600,1.800000
output3,VPWR,li1,27.6000,24.4800,1.799978
output2,VPWR,li1,7.8200,29.9200,1.799997
input1,VPWR,li1,29.9000,29.9200,1.799997
TAP_TAPCELL_ROW_9_31,VPWR,li1,31.5100,35.6660,1.800000
TAP_TAPCELL_ROW_9_30,VPWR,li1,18.6300,35.6660,1.800000
TAP_TAPCELL_ROW_8_29,VPWR,li1,18.6300,35.0530,1.800000
TAP_TAPCELL_ROW_7_28,VPWR,li1,31.5100,30.2260,1.799997
TAP_TAPCELL_ROW_6_27,VPWR,li1,18.6300,29.6130,1.799997
TAP_TAPCELL_ROW_5_26,VPWR,li1,31.5100,24.7860,1.799981
TAP_TAPCELL_ROW_4_25,VPWR,li1,18.6300,24.1730,1.799974
TAP_TAPCELL_ROW_3_24,VPWR,li1,31.5100,19.3460,1.799998
TAP_TAPCELL_ROW_2_23,VPWR,li1,18.6300,18.7330,1.799996
TAP_TAPCELL_ROW_1_22,VPWR,li1,31.5100,13.9060,1.800000
TAP_TAPCELL_ROW_0_21,VPWR,li1,31.5100,13.2930,1.800000
TAP_TAPCELL_ROW_0_20,VPWR,li1,18.6300,13.2930,1.800000
PHY_EDGE_ROW_9_Left_19,VPWR,li1,6.2100,35.3600,1.800000
PHY_EDGE_ROW_8_Left_18,VPWR,li1,6.2100,35.3600,1.800000
PHY_EDGE_ROW_7_Left_17,VPWR,li1,6.2100,29.9200,1.799997
PHY_EDGE_ROW_6_Left_16,VPWR,li1,6.2100,29.9200,1.799997
PHY_EDGE_ROW_5_Left_15,VPWR,li1,6.2100,24.4800,1.799976
PHY_EDGE_ROW_4_Left_14,VPWR,li1,6.2100,24.4800,1.799976
PHY_EDGE_ROW_3_Left_13,VPWR,li1,6.2100,19.0400,1.799997
PHY_EDGE_ROW_2_Left_12,VPWR,li1,6.2100,19.0400,1.799997
PHY_EDGE_ROW_1_Left_11,VPWR,li1,6.2100,13.6000,1.800000
PHY_EDGE_ROW_0_Left_10,VPWR,li1,6.2100,13.6000,1.800000
PHY_EDGE_ROW_9_Right_9,VPWR,li1,33.3500,35.3600,1.800000
PHY_EDGE_ROW_8_Right_8,VPWR,li1,33.3500,35.3600,1.800000
PHY_EDGE_ROW_7_Right_7,VPWR,li1,33.3500,29.9200,1.799997
PHY_EDGE_ROW_6_Right_6,VPWR,li1,33.3500,29.9200,1.799997
PHY_EDGE_ROW_5_Right_5,VPWR,li1,33.3500,24.4800,1.799981
PHY_EDGE_ROW_4_Right_4,VPWR,li1,33.3500,24.4800,1.799981
PHY_EDGE_ROW_3_Right_3,VPWR,li1,33.3500,19.0400,1.799998
PHY_EDGE_ROW_2_Right_2,VPWR,li1,33.3500,19.0400,1.799998
PHY_EDGE_ROW_1_Right_1,VPWR,li1,33.3500,13.6000,1.800000
PHY_EDGE_ROW_0_Right_0,VPWR,li1,33.3500,13.6000,1.800000
_29_,VPWR,li1,26.6800,29.9200,1.799996
_28_,VPWR,li1,11.9600,29.9200,1.799996
_27_,VPWR,li1,23.9200,19.0400,1.799996
_26_,VPWR,li1,13.1100,19.0400,1.799996
_25_,VPWR,li1,26.9100,29.9200,1.799996
_24_,VPWR,li1,14.0300,29.9200,1.799996
_23_,VPWR,li1,25.0700,19.0400,1.799997
_22_,VPWR,li1,16.3300,19.0400,1.799997
_21_,VPWR,li1,20.4700,29.9200,1.799997
_20_,VPWR,li1,11.2700,29.9200,1.799996
_19_,VPWR,li1,17.7100,29.9200,1.799997
_18_,VPWR,li1,20.2400,35.3600,1.800000
_17_,VPWR,li1,17.4800,29.9200,1.799997
_16_,VPWR,li1,18.1700,13.6000,1.800000
_15_,VPWR,li1,12.1900,19.0400,1.799996
_14_,VPWR,li1,14.2600,19.0400,1.799996
_13_,VPWR,li1,20.7000,29.9200,1.799997
