Tue Jun 03 22:01:02 +0000 2025 - Executing "{openroad -exit -no_init -python /openlane/scripts/odbpy/lefutil.py get_metal_layers -o /openlane/designs/Lab4/runs/RUN_2025.06.03_22.01.02/tmp/layers.list /home/mertg/.volare/sky130A/libs.ref/sky130_fd_sc_hd/techlef/sky130_fd_sc_hd__nom.tlef}"

Tue Jun 03 22:01:02 +0000 2025 - Executing "{/openlane/scripts/mergeLef.py -o /openlane/designs/Lab4/runs/RUN_2025.06.03_22.01.02/tmp/merged.nom.lef -i /home/mertg/.volare/sky130A/libs.ref/sky130_fd_sc_hd/techlef/sky130_fd_sc_hd__nom.tlef {/home/mertg/.volare/sky130A/libs.ref/sky130_fd_sc_hd/lef/sky130_fd_sc_hd.lef /home/mertg/.volare/sky130A/libs.ref/sky130_fd_sc_hd/lef/sky130_ef_sc_hd.lef} |& tee /dev/null}"

Tue Jun 03 22:01:02 +0000 2025 - Executing "{/openlane/scripts/mergeLef.py -o /openlane/designs/Lab4/runs/RUN_2025.06.03_22.01.02/tmp/merged.min.lef -i /home/mertg/.volare/sky130A/libs.ref/sky130_fd_sc_hd/techlef/sky130_fd_sc_hd__min.tlef {/home/mertg/.volare/sky130A/libs.ref/sky130_fd_sc_hd/lef/sky130_fd_sc_hd.lef /home/mertg/.volare/sky130A/libs.ref/sky130_fd_sc_hd/lef/sky130_ef_sc_hd.lef} |& tee /dev/null}"

Tue Jun 03 22:01:03 +0000 2025 - Executing "{/openlane/scripts/mergeLef.py -o /openlane/designs/Lab4/runs/RUN_2025.06.03_22.01.02/tmp/merged.max.lef -i /home/mertg/.volare/sky130A/libs.ref/sky130_fd_sc_hd/techlef/sky130_fd_sc_hd__max.tlef {/home/mertg/.volare/sky130A/libs.ref/sky130_fd_sc_hd/lef/sky130_fd_sc_hd.lef /home/mertg/.volare/sky130A/libs.ref/sky130_fd_sc_hd/lef/sky130_ef_sc_hd.lef} |& tee /dev/null}"

Tue Jun 03 22:01:03 +0000 2025 - Executing "{python3 /openlane/scripts/mergeLib.py --output /openlane/designs/Lab4/runs/RUN_2025.06.03_22.01.02/tmp/synthesis/merged.lib --name sky130A_merged /home/mertg/.volare/sky130A/libs.ref/sky130_fd_sc_hd/lib/sky130_fd_sc_hd__tt_025C_1v80.lib}"

Tue Jun 03 22:01:03 +0000 2025 - Executing "{python3 /openlane/scripts/libtrim.py --cell-file /openlane/designs/Lab4/runs/RUN_2025.06.03_22.01.02/tmp/synthesis/trimmed.lib.exclude.list --output /openlane/designs/Lab4/runs/RUN_2025.06.03_22.01.02/tmp/synthesis/trimmed.lib /openlane/designs/Lab4/runs/RUN_2025.06.03_22.01.02/tmp/synthesis/merged.lib}"

Tue Jun 03 22:01:03 +0000 2025 - Executing "{python3 /openlane/scripts/libtrim.py --cell-file /openlane/designs/Lab4/runs/RUN_2025.06.03_22.01.02/tmp/cts/cts.lib.exclude.list --output /openlane/designs/Lab4/runs/RUN_2025.06.03_22.01.02/tmp/cts/cts.lib /home/mertg/.volare/sky130A/libs.ref/sky130_fd_sc_hd/lib/sky130_fd_sc_hd__tt_025C_1v80.lib}"

Tue Jun 03 22:01:03 +0000 2025 - Executing "{python3 /openlane/scripts/libtrim.py --cell-file /openlane/designs/Lab4/runs/RUN_2025.06.03_22.01.02/tmp/cts/cts-fastest.lib.exclude.list --output /openlane/designs/Lab4/runs/RUN_2025.06.03_22.01.02/tmp/cts/cts-fastest.lib /home/mertg/.volare/sky130A/libs.ref/sky130_fd_sc_hd/lib/sky130_fd_sc_hd__ff_n40C_1v95.lib}"

Tue Jun 03 22:01:03 +0000 2025 - Executing "{python3 /openlane/scripts/libtrim.py --cell-file /openlane/designs/Lab4/runs/RUN_2025.06.03_22.01.02/tmp/cts/cts-slowest.lib.exclude.list --output /openlane/designs/Lab4/runs/RUN_2025.06.03_22.01.02/tmp/cts/cts-slowest.lib /home/mertg/.volare/sky130A/libs.ref/sky130_fd_sc_hd/lib/sky130_fd_sc_hd__ss_100C_1v60.lib}"

Tue Jun 03 22:01:03 +0000 2025 - Executing "{python3 /openlane/scripts/new_tracks.py -i /home/mertg/.volare/sky130A/libs.tech/openlane/sky130_fd_sc_hd/tracks.info -o /openlane/designs/Lab4/runs/RUN_2025.06.03_22.01.02/tmp/routing/config.tracks}"

Tue Jun 03 22:01:04 +0000 2025 - Executing "{echo {OpenLane e73fb3c57e687a0023fcd4dcfd1566ecd478362a} > /openlane/designs/Lab4/runs/RUN_2025.06.03_22.01.02/OPENLANE_COMMIT}"

Tue Jun 03 22:01:04 +0000 2025 - Executing "{yosys -c /openlane/scripts/yosys/blackbox.tcl}"

Tue Jun 03 22:01:04 +0000 2025 - Executing "{verilator -Wall --lint-only --Wno-DECLFILENAME --top-module top /openlane/designs/Lab4/runs/RUN_2025.06.03_22.01.02/tmp/synthesis/blackbox/sky130_fd_sc_hd__blackbox.v /openlane/designs/Lab4/src/register_file.v /openlane/designs/Lab4/src/alu.v /openlane/designs/Lab4/src/top.v -Wno-fatal --relative-includes |& tee /openlane/designs/Lab4/runs/RUN_2025.06.03_22.01.02/logs/synthesis/linter.log /dev/null}"

Tue Jun 03 22:01:04 +0000 2025 - Executing "{sed -E {s/^([[:space:]]+)pg_pin(.*)/\1pin\2\n\1    direction : "inout";/g} /home/mertg/.volare/sky130A/libs.ref/sky130_fd_sc_hd/lib/sky130_fd_sc_hd__tt_025C_1v80.lib > /openlane/designs/Lab4/runs/RUN_2025.06.03_22.01.02/tmp/synthesis/1-sky130_fd_sc_hd__tt_025C_1v80.no_pg.lib}"

Tue Jun 03 22:01:04 +0000 2025 - Executing "{sed -E {s/^([[:space:]]+)pg_pin(.*)/\1pin\2\n\1    direction : "inout";/g} /openlane/designs/Lab4/runs/RUN_2025.06.03_22.01.02/tmp/synthesis/trimmed.lib > /openlane/designs/Lab4/runs/RUN_2025.06.03_22.01.02/tmp/synthesis/1-trimmed.no_pg.lib}"

Tue Jun 03 22:01:04 +0000 2025 - Executing "yosys -c /openlane/scripts/yosys/synth.tcl |& tee /dev/null /openlane/designs/Lab4/runs/RUN_2025.06.03_22.01.02/logs/synthesis/1-synthesis.log"

Tue Jun 03 22:01:04 +0000 2025 - Executing "{yosys -c /openlane/scripts/yosys/synth.tcl |& tee /dev/null /openlane/designs/Lab4/runs/RUN_2025.06.03_22.01.02/logs/synthesis/1-synthesis.log}"

Tue Jun 03 22:01:09 +0000 2025 - Executing "{sed -i.bak -e {s/\(set ::env(CURRENT_NETLIST)\).*/\1 \/openlane\/designs\/Lab4\/runs\/RUN_2025.06.03_22.01.02\/results\/synthesis\/top.v/} /openlane/designs/Lab4/runs/RUN_2025.06.03_22.01.02/config.tcl}"

Tue Jun 03 22:01:09 +0000 2025 - Executing "{sed -i.bak /defparam/d /openlane/designs/Lab4/runs/RUN_2025.06.03_22.01.02/results/synthesis/top.v}"

Tue Jun 03 22:01:09 +0000 2025 - Executing "sta -exit -no_init /openlane/scripts/openroad/sta/multi_corner.tcl |& tee /dev/null /openlane/designs/Lab4/runs/RUN_2025.06.03_22.01.02/logs/synthesis/2-sta.log"

Tue Jun 03 22:01:09 +0000 2025 - Executing "{sta -exit -no_init /openlane/scripts/openroad/sta/multi_corner.tcl |& tee /dev/null /openlane/designs/Lab4/runs/RUN_2025.06.03_22.01.02/logs/synthesis/2-sta.log}"

Tue Jun 03 22:01:10 +0000 2025 - Executing "openroad -exit /openlane/scripts/openroad/floorplan.tcl |& tee /dev/null /openlane/designs/Lab4/runs/RUN_2025.06.03_22.01.02/logs/floorplan/3-initial_fp.log"

Tue Jun 03 22:01:10 +0000 2025 - Executing "{openroad -exit /openlane/scripts/openroad/floorplan.tcl |& tee /dev/null /openlane/designs/Lab4/runs/RUN_2025.06.03_22.01.02/logs/floorplan/3-initial_fp.log}"

Tue Jun 03 22:01:10 +0000 2025 - Executing "{openroad -exit -no_init -python /openlane/scripts/odbpy/defutil.py extract_core_dims --output-data /openlane/designs/Lab4/runs/RUN_2025.06.03_22.01.02/tmp/dimensions.txt --input-lef /openlane/designs/Lab4/runs/RUN_2025.06.03_22.01.02/tmp/merged.nom.lef /openlane/designs/Lab4/runs/RUN_2025.06.03_22.01.02/tmp/floorplan/3-initial_fp.def}"

Tue Jun 03 22:01:11 +0000 2025 - Executing "openroad -exit /openlane/scripts/openroad/ioplacer.tcl |& tee /dev/null /openlane/designs/Lab4/runs/RUN_2025.06.03_22.01.02/logs/floorplan/4-io.log"

Tue Jun 03 22:01:11 +0000 2025 - Executing "{openroad -exit /openlane/scripts/openroad/ioplacer.tcl |& tee /dev/null /openlane/designs/Lab4/runs/RUN_2025.06.03_22.01.02/logs/floorplan/4-io.log}"

Tue Jun 03 22:01:11 +0000 2025 - Executing "openroad -exit /openlane/scripts/openroad/tapcell.tcl |& tee /dev/null /openlane/designs/Lab4/runs/RUN_2025.06.03_22.01.02/logs/floorplan/5-tap.log"

Tue Jun 03 22:01:11 +0000 2025 - Executing "{openroad -exit /openlane/scripts/openroad/tapcell.tcl |& tee /dev/null /openlane/designs/Lab4/runs/RUN_2025.06.03_22.01.02/logs/floorplan/5-tap.log}"

Tue Jun 03 22:01:11 +0000 2025 - Executing "openroad -exit /openlane/scripts/openroad/pdn.tcl |& tee /dev/null /openlane/designs/Lab4/runs/RUN_2025.06.03_22.01.02/logs/floorplan/6-pdn.log"

Tue Jun 03 22:01:11 +0000 2025 - Executing "{openroad -exit /openlane/scripts/openroad/pdn.tcl |& tee /dev/null /openlane/designs/Lab4/runs/RUN_2025.06.03_22.01.02/logs/floorplan/6-pdn.log}"

Tue Jun 03 22:01:12 +0000 2025 - Executing "openroad -exit /openlane/scripts/openroad/gpl.tcl |& tee /dev/null /openlane/designs/Lab4/runs/RUN_2025.06.03_22.01.02/logs/placement/6-global_skip_io.log"

Tue Jun 03 22:01:12 +0000 2025 - Executing "{openroad -exit /openlane/scripts/openroad/gpl.tcl |& tee /dev/null /openlane/designs/Lab4/runs/RUN_2025.06.03_22.01.02/logs/placement/6-global_skip_io.log}"

Tue Jun 03 22:01:13 +0000 2025 - Executing "{sed -i.bak -e {s/\(set ::env(CURRENT_NETLIST)\).*/\1 \/openlane\/designs\/Lab4\/runs\/RUN_2025.06.03_22.01.02\/tmp\/placement\/7-global_skip_io.nl.v/} /openlane/designs/Lab4/runs/RUN_2025.06.03_22.01.02/config.tcl}"

Tue Jun 03 22:01:13 +0000 2025 - Executing "openroad -exit /openlane/scripts/openroad/sta/multi_corner.tcl |& tee /dev/null /openlane/designs/Lab4/runs/RUN_2025.06.03_22.01.02/logs/placement/8-gpl_sta.log"

Tue Jun 03 22:01:13 +0000 2025 - Executing "{openroad -exit /openlane/scripts/openroad/sta/multi_corner.tcl |& tee /dev/null /openlane/designs/Lab4/runs/RUN_2025.06.03_22.01.02/logs/placement/8-gpl_sta.log}"

Tue Jun 03 22:01:15 +0000 2025 - Executing "openroad -exit /openlane/scripts/openroad/ioplacer.tcl |& tee /dev/null /openlane/designs/Lab4/runs/RUN_2025.06.03_22.01.02/logs/placement/9-io.log"

Tue Jun 03 22:01:15 +0000 2025 - Executing "{openroad -exit /openlane/scripts/openroad/ioplacer.tcl |& tee /dev/null /openlane/designs/Lab4/runs/RUN_2025.06.03_22.01.02/logs/placement/9-io.log}"

Tue Jun 03 22:01:15 +0000 2025 - Executing "openroad -exit /openlane/scripts/openroad/gpl.tcl |& tee /dev/null /openlane/designs/Lab4/runs/RUN_2025.06.03_22.01.02/logs/placement/9-global.log"

Tue Jun 03 22:01:15 +0000 2025 - Executing "{openroad -exit /openlane/scripts/openroad/gpl.tcl |& tee /dev/null /openlane/designs/Lab4/runs/RUN_2025.06.03_22.01.02/logs/placement/9-global.log}"

Tue Jun 03 22:01:16 +0000 2025 - Executing "{sed -i.bak -e {s/\(set ::env(CURRENT_NETLIST)\).*/\1 \/openlane\/designs\/Lab4\/runs\/RUN_2025.06.03_22.01.02\/tmp\/placement\/10-global.nl.v/} /openlane/designs/Lab4/runs/RUN_2025.06.03_22.01.02/config.tcl}"

Tue Jun 03 22:01:16 +0000 2025 - Executing "openroad -exit /openlane/scripts/openroad/sta/multi_corner.tcl |& tee /dev/null /openlane/designs/Lab4/runs/RUN_2025.06.03_22.01.02/logs/placement/11-gpl_sta.log"

Tue Jun 03 22:01:16 +0000 2025 - Executing "{openroad -exit /openlane/scripts/openroad/sta/multi_corner.tcl |& tee /dev/null /openlane/designs/Lab4/runs/RUN_2025.06.03_22.01.02/logs/placement/11-gpl_sta.log}"

Tue Jun 03 22:01:18 +0000 2025 - Executing "openroad -exit /openlane/scripts/openroad/resizer.tcl |& tee /dev/null /openlane/designs/Lab4/runs/RUN_2025.06.03_22.01.02/logs/placement/12-resizer.log"

Tue Jun 03 22:01:18 +0000 2025 - Executing "{openroad -exit /openlane/scripts/openroad/resizer.tcl |& tee /dev/null /openlane/designs/Lab4/runs/RUN_2025.06.03_22.01.02/logs/placement/12-resizer.log}"

Tue Jun 03 22:01:21 +0000 2025 - Executing "{sed -i.bak -e {s/\(set ::env(CURRENT_NETLIST)\).*/\1 \/openlane\/designs\/Lab4\/runs\/RUN_2025.06.03_22.01.02\/tmp\/placement\/12-resizer.nl.v/} /openlane/designs/Lab4/runs/RUN_2025.06.03_22.01.02/config.tcl}"

Tue Jun 03 22:01:21 +0000 2025 - Executing "openroad -exit /openlane/scripts/openroad/dpl.tcl |& tee /dev/null /openlane/designs/Lab4/runs/RUN_2025.06.03_22.01.02/logs/placement/13-detailed.log"

Tue Jun 03 22:01:21 +0000 2025 - Executing "{openroad -exit /openlane/scripts/openroad/dpl.tcl |& tee /dev/null /openlane/designs/Lab4/runs/RUN_2025.06.03_22.01.02/logs/placement/13-detailed.log}"

Tue Jun 03 22:01:21 +0000 2025 - Executing "{sed -i.bak -e {s/\(set ::env(CURRENT_NETLIST)\).*/\1 \/openlane\/designs\/Lab4\/runs\/RUN_2025.06.03_22.01.02\/results\/placement\/top.nl.v/} /openlane/designs/Lab4/runs/RUN_2025.06.03_22.01.02/config.tcl}"

Tue Jun 03 22:01:21 +0000 2025 - Executing "openroad -exit /openlane/scripts/openroad/sta/multi_corner.tcl |& tee /dev/null /openlane/designs/Lab4/runs/RUN_2025.06.03_22.01.02/logs/placement/14-dpl_sta.log"

Tue Jun 03 22:01:21 +0000 2025 - Executing "{openroad -exit /openlane/scripts/openroad/sta/multi_corner.tcl |& tee /dev/null /openlane/designs/Lab4/runs/RUN_2025.06.03_22.01.02/logs/placement/14-dpl_sta.log}"

Tue Jun 03 22:01:23 +0000 2025 - Executing "openroad -exit /openlane/scripts/openroad/cts.tcl |& tee /dev/null /openlane/designs/Lab4/runs/RUN_2025.06.03_22.01.02/logs/cts/15-cts.log"

Tue Jun 03 22:01:23 +0000 2025 - Executing "{openroad -exit /openlane/scripts/openroad/cts.tcl |& tee /dev/null /openlane/designs/Lab4/runs/RUN_2025.06.03_22.01.02/logs/cts/15-cts.log}"

Tue Jun 03 22:01:29 +0000 2025 - Executing "openroad -exit /openlane/scripts/openroad/sta/multi_corner.tcl |& tee /dev/null /openlane/designs/Lab4/runs/RUN_2025.06.03_22.01.02/logs/cts/16-cts_sta.log"

Tue Jun 03 22:01:29 +0000 2025 - Executing "{openroad -exit /openlane/scripts/openroad/sta/multi_corner.tcl |& tee /dev/null /openlane/designs/Lab4/runs/RUN_2025.06.03_22.01.02/logs/cts/16-cts_sta.log}"

Tue Jun 03 22:01:32 +0000 2025 - Executing "openroad -exit /openlane/scripts/openroad/resizer_timing.tcl |& tee /dev/null /openlane/designs/Lab4/runs/RUN_2025.06.03_22.01.02/logs/cts/17-resizer.log"

Tue Jun 03 22:01:32 +0000 2025 - Executing "{openroad -exit /openlane/scripts/openroad/resizer_timing.tcl |& tee /dev/null /openlane/designs/Lab4/runs/RUN_2025.06.03_22.01.02/logs/cts/17-resizer.log}"

Tue Jun 03 22:04:15 +0000 2025 - Executing "{sed -i.bak -e {s/\(set ::env(CURRENT_NETLIST)\).*/\1 \/openlane\/designs\/Lab4\/runs\/RUN_2025.06.03_22.01.02\/tmp\/cts\/17-top.resized.nl.v/} /openlane/designs/Lab4/runs/RUN_2025.06.03_22.01.02/config.tcl}"

Tue Jun 03 22:04:15 +0000 2025 - Executing "openroad -exit /openlane/scripts/openroad/resizer_routing_design.tcl |& tee /dev/null /openlane/designs/Lab4/runs/RUN_2025.06.03_22.01.02/logs/routing/18-resizer_design.log"

Tue Jun 03 22:04:15 +0000 2025 - Executing "{openroad -exit /openlane/scripts/openroad/resizer_routing_design.tcl |& tee /dev/null /openlane/designs/Lab4/runs/RUN_2025.06.03_22.01.02/logs/routing/18-resizer_design.log}"

Tue Jun 03 22:04:19 +0000 2025 - Executing "{sed -i.bak -e {s/\(set ::env(CURRENT_NETLIST)\).*/\1 \/openlane\/designs\/Lab4\/runs\/RUN_2025.06.03_22.01.02\/tmp\/18-top.nl.v/} /openlane/designs/Lab4/runs/RUN_2025.06.03_22.01.02/config.tcl}"

Tue Jun 03 22:04:19 +0000 2025 - Executing "openroad -exit /openlane/scripts/openroad/sta/multi_corner.tcl |& tee /dev/null /openlane/designs/Lab4/runs/RUN_2025.06.03_22.01.02/logs/routing/19-rsz_design_sta.log"

Tue Jun 03 22:04:19 +0000 2025 - Executing "{openroad -exit /openlane/scripts/openroad/sta/multi_corner.tcl |& tee /dev/null /openlane/designs/Lab4/runs/RUN_2025.06.03_22.01.02/logs/routing/19-rsz_design_sta.log}"

Tue Jun 03 22:04:22 +0000 2025 - Executing "openroad -exit /openlane/scripts/openroad/resizer_routing_timing.tcl |& tee /dev/null /openlane/designs/Lab4/runs/RUN_2025.06.03_22.01.02/logs/routing/20-resizer_timing.log"

Tue Jun 03 22:04:22 +0000 2025 - Executing "{openroad -exit /openlane/scripts/openroad/resizer_routing_timing.tcl |& tee /dev/null /openlane/designs/Lab4/runs/RUN_2025.06.03_22.01.02/logs/routing/20-resizer_timing.log}"

Tue Jun 03 22:04:31 +0000 2025 - Executing "{sed -i.bak -e {s/\(set ::env(CURRENT_NETLIST)\).*/\1 \/openlane\/designs\/Lab4\/runs\/RUN_2025.06.03_22.01.02\/tmp\/20-top.nl.v/} /openlane/designs/Lab4/runs/RUN_2025.06.03_22.01.02/config.tcl}"

Tue Jun 03 22:04:31 +0000 2025 - Executing "openroad -exit /openlane/scripts/openroad/sta/multi_corner.tcl |& tee /dev/null /openlane/designs/Lab4/runs/RUN_2025.06.03_22.01.02/logs/routing/21-rsz_timing_sta.log"

Tue Jun 03 22:04:31 +0000 2025 - Executing "{openroad -exit /openlane/scripts/openroad/sta/multi_corner.tcl |& tee /dev/null /openlane/designs/Lab4/runs/RUN_2025.06.03_22.01.02/logs/routing/21-rsz_timing_sta.log}"

Tue Jun 03 22:04:34 +0000 2025 - Executing "openroad -exit /openlane/scripts/openroad/repair_antennas.tcl |& tee /dev/null /openlane/designs/Lab4/runs/RUN_2025.06.03_22.01.02/logs/routing/22-global.log"

Tue Jun 03 22:04:34 +0000 2025 - Executing "{openroad -exit /openlane/scripts/openroad/repair_antennas.tcl |& tee /dev/null /openlane/designs/Lab4/runs/RUN_2025.06.03_22.01.02/logs/routing/22-global.log}"

Tue Jun 03 22:04:37 +0000 2025 - Executing "openroad -exit /openlane/scripts/openroad/write_views.tcl |& tee /dev/null /openlane/designs/Lab4/runs/RUN_2025.06.03_22.01.02/logs/routing/22-global_write_netlist.log"

Tue Jun 03 22:04:37 +0000 2025 - Executing "{openroad -exit /openlane/scripts/openroad/write_views.tcl |& tee /dev/null /openlane/designs/Lab4/runs/RUN_2025.06.03_22.01.02/logs/routing/22-global_write_netlist.log}"

Tue Jun 03 22:04:37 +0000 2025 - Executing "{sed -i.bak -e {s/\(set ::env(CURRENT_NETLIST)\).*/\1 \/openlane\/designs\/Lab4\/runs\/RUN_2025.06.03_22.01.02\/tmp\/routing\/global.nl.v/} /openlane/designs/Lab4/runs/RUN_2025.06.03_22.01.02/config.tcl}"

Tue Jun 03 22:04:37 +0000 2025 - Executing "openroad -exit /openlane/scripts/openroad/sta/multi_corner.tcl |& tee /dev/null /openlane/designs/Lab4/runs/RUN_2025.06.03_22.01.02/logs/routing/24-grt_sta.log"

Tue Jun 03 22:04:37 +0000 2025 - Executing "{openroad -exit /openlane/scripts/openroad/sta/multi_corner.tcl |& tee /dev/null /openlane/designs/Lab4/runs/RUN_2025.06.03_22.01.02/logs/routing/24-grt_sta.log}"

Tue Jun 03 22:04:39 +0000 2025 - Executing "openroad -exit /openlane/scripts/openroad/fill.tcl |& tee /dev/null /openlane/designs/Lab4/runs/RUN_2025.06.03_22.01.02/logs/routing/25-fill.log"

Tue Jun 03 22:04:39 +0000 2025 - Executing "{openroad -exit /openlane/scripts/openroad/fill.tcl |& tee /dev/null /openlane/designs/Lab4/runs/RUN_2025.06.03_22.01.02/logs/routing/25-fill.log}"

Tue Jun 03 22:04:39 +0000 2025 - Executing "{sed -i.bak -e {s/\(set ::env(CURRENT_NETLIST)\).*/\1 \/openlane\/designs\/Lab4\/runs\/RUN_2025.06.03_22.01.02\/tmp\/routing\/25-fill.nl.v/} /openlane/designs/Lab4/runs/RUN_2025.06.03_22.01.02/config.tcl}"

Tue Jun 03 22:04:39 +0000 2025 - Executing "openroad -exit -metrics /openlane/designs/Lab4/runs/RUN_2025.06.03_22.01.02/reports/routing/26-drt_metrics.json /openlane/scripts/openroad/droute.tcl |& tee /dev/null /openlane/designs/Lab4/runs/RUN_2025.06.03_22.01.02/logs/routing/26-detailed.log"

Tue Jun 03 22:04:39 +0000 2025 - Executing "{openroad -exit -metrics /openlane/designs/Lab4/runs/RUN_2025.06.03_22.01.02/reports/routing/26-drt_metrics.json /openlane/scripts/openroad/droute.tcl |& tee /dev/null /openlane/designs/Lab4/runs/RUN_2025.06.03_22.01.02/logs/routing/26-detailed.log}"

Tue Jun 03 22:07:47 +0000 2025 - Executing "{sed -i.bak -e {s/\(set ::env(CURRENT_NETLIST)\).*/\1 \/openlane\/designs\/Lab4\/runs\/RUN_2025.06.03_22.01.02\/results\/routing\/top.nl.v/} /openlane/designs/Lab4/runs/RUN_2025.06.03_22.01.02/config.tcl}"

Tue Jun 03 22:07:47 +0000 2025 - Executing "{python3 /openlane/scripts/drc_rosetta.py tr to_klayout -o /openlane/designs/Lab4/runs/RUN_2025.06.03_22.01.02/reports/routing/drt.klayout.xml --design-name top /openlane/designs/Lab4/runs/RUN_2025.06.03_22.01.02/reports/routing/drt.drc}"

Tue Jun 03 22:07:47 +0000 2025 - Executing "{openroad -exit -no_init -python /openlane/scripts/odbpy/wire_lengths.py --report-out /openlane/designs/Lab4/runs/RUN_2025.06.03_22.01.02/reports/routing/27-wire_lengths.csv --input-lef /openlane/designs/Lab4/runs/RUN_2025.06.03_22.01.02/tmp/merged.nom.lef --output-def /openlane/designs/Lab4/runs/RUN_2025.06.03_22.01.02/results/routing/top.def --output /openlane/designs/Lab4/runs/RUN_2025.06.03_22.01.02/results/routing/top.odb /openlane/designs/Lab4/runs/RUN_2025.06.03_22.01.02/results/routing/top.odb |& tee /dev/null /openlane/designs/Lab4/runs/RUN_2025.06.03_22.01.02/logs/routing/27-wire_lengths.log}"

Tue Jun 03 22:07:48 +0000 2025 - Executing "openroad -exit /openlane/scripts/openroad/rcx.tcl |& tee /dev/null /openlane/designs/Lab4/runs/RUN_2025.06.03_22.01.02/logs/signoff/28-parasitics_extraction.min.log"

Tue Jun 03 22:07:48 +0000 2025 - Executing "{openroad -exit /openlane/scripts/openroad/rcx.tcl |& tee /dev/null /openlane/designs/Lab4/runs/RUN_2025.06.03_22.01.02/logs/signoff/28-parasitics_extraction.min.log}"

Tue Jun 03 22:07:50 +0000 2025 - Executing "sta -exit -no_init /openlane/scripts/openroad/sta/multi_corner.tcl |& tee /dev/null /openlane/designs/Lab4/runs/RUN_2025.06.03_22.01.02/logs/signoff/29-rcx_mcsta.min.log"

Tue Jun 03 22:07:50 +0000 2025 - Executing "{sta -exit -no_init /openlane/scripts/openroad/sta/multi_corner.tcl |& tee /dev/null /openlane/designs/Lab4/runs/RUN_2025.06.03_22.01.02/logs/signoff/29-rcx_mcsta.min.log}"

Tue Jun 03 22:08:04 +0000 2025 - Executing "openroad -exit /openlane/scripts/openroad/rcx.tcl |& tee /dev/null /openlane/designs/Lab4/runs/RUN_2025.06.03_22.01.02/logs/signoff/30-parasitics_extraction.max.log"

Tue Jun 03 22:08:04 +0000 2025 - Executing "{openroad -exit /openlane/scripts/openroad/rcx.tcl |& tee /dev/null /openlane/designs/Lab4/runs/RUN_2025.06.03_22.01.02/logs/signoff/30-parasitics_extraction.max.log}"

Tue Jun 03 22:08:06 +0000 2025 - Executing "sta -exit -no_init /openlane/scripts/openroad/sta/multi_corner.tcl |& tee /dev/null /openlane/designs/Lab4/runs/RUN_2025.06.03_22.01.02/logs/signoff/31-rcx_mcsta.max.log"

Tue Jun 03 22:08:06 +0000 2025 - Executing "{sta -exit -no_init /openlane/scripts/openroad/sta/multi_corner.tcl |& tee /dev/null /openlane/designs/Lab4/runs/RUN_2025.06.03_22.01.02/logs/signoff/31-rcx_mcsta.max.log}"

Tue Jun 03 22:08:19 +0000 2025 - Executing "openroad -exit /openlane/scripts/openroad/rcx.tcl |& tee /dev/null /openlane/designs/Lab4/runs/RUN_2025.06.03_22.01.02/logs/signoff/32-parasitics_extraction.nom.log"

Tue Jun 03 22:08:19 +0000 2025 - Executing "{openroad -exit /openlane/scripts/openroad/rcx.tcl |& tee /dev/null /openlane/designs/Lab4/runs/RUN_2025.06.03_22.01.02/logs/signoff/32-parasitics_extraction.nom.log}"

Tue Jun 03 22:08:21 +0000 2025 - Executing "sta -exit -no_init /openlane/scripts/openroad/sta/multi_corner.tcl |& tee /dev/null /openlane/designs/Lab4/runs/RUN_2025.06.03_22.01.02/logs/signoff/33-rcx_mcsta.nom.log"

Tue Jun 03 22:08:21 +0000 2025 - Executing "{sta -exit -no_init /openlane/scripts/openroad/sta/multi_corner.tcl |& tee /dev/null /openlane/designs/Lab4/runs/RUN_2025.06.03_22.01.02/logs/signoff/33-rcx_mcsta.nom.log}"

Tue Jun 03 22:08:34 +0000 2025 - Executing "openroad -exit /openlane/scripts/openroad/irdrop.tcl |& tee /dev/null /openlane/designs/Lab4/runs/RUN_2025.06.03_22.01.02/logs/signoff/34-irdrop.log"

Tue Jun 03 22:08:34 +0000 2025 - Executing "{openroad -exit /openlane/scripts/openroad/irdrop.tcl |& tee /dev/null /openlane/designs/Lab4/runs/RUN_2025.06.03_22.01.02/logs/signoff/34-irdrop.log}"

Tue Jun 03 22:08:37 +0000 2025 - Executing "magic -noconsole -dnull -rcfile /home/mertg/.volare/sky130A/libs.tech/magic/sky130A.magicrc < /openlane/scripts/magic/wrapper.tcl |& tee /dev/null /openlane/designs/Lab4/runs/RUN_2025.06.03_22.01.02/logs/signoff/35-gdsii.log"

Tue Jun 03 22:08:37 +0000 2025 - Executing "{magic -noconsole -dnull -rcfile /home/mertg/.volare/sky130A/libs.tech/magic/sky130A.magicrc < /openlane/scripts/magic/wrapper.tcl |& tee /dev/null /openlane/designs/Lab4/runs/RUN_2025.06.03_22.01.02/logs/signoff/35-gdsii.log}"

Tue Jun 03 22:08:40 +0000 2025 - Executing "magic -noconsole -dnull -rcfile /home/mertg/.volare/sky130A/libs.tech/magic/sky130A.magicrc < /openlane/scripts/magic/wrapper.tcl |& tee /dev/null /openlane/designs/Lab4/runs/RUN_2025.06.03_22.01.02/logs/signoff/35-gds_ptrs.log"

Tue Jun 03 22:08:40 +0000 2025 - Executing "{magic -noconsole -dnull -rcfile /home/mertg/.volare/sky130A/libs.tech/magic/sky130A.magicrc < /openlane/scripts/magic/wrapper.tcl |& tee /dev/null /openlane/designs/Lab4/runs/RUN_2025.06.03_22.01.02/logs/signoff/35-gds_ptrs.log}"

Tue Jun 03 22:08:42 +0000 2025 - Executing "{sed -i.bak -n {/^<< properties >>/,/^<< end >>/p} /openlane/designs/Lab4/runs/RUN_2025.06.03_22.01.02/tmp/signoff/gds_ptrs.mag}"

Tue Jun 03 22:08:42 +0000 2025 - Executing "magic -noconsole -dnull -rcfile /home/mertg/.volare/sky130A/libs.tech/magic/sky130A.magicrc < /openlane/scripts/magic/wrapper.tcl |& tee /dev/null /openlane/designs/Lab4/runs/RUN_2025.06.03_22.01.02/logs/signoff/35-lef.log"

Tue Jun 03 22:08:42 +0000 2025 - Executing "{magic -noconsole -dnull -rcfile /home/mertg/.volare/sky130A/libs.tech/magic/sky130A.magicrc < /openlane/scripts/magic/wrapper.tcl |& tee /dev/null /openlane/designs/Lab4/runs/RUN_2025.06.03_22.01.02/logs/signoff/35-lef.log}"

Tue Jun 03 22:08:45 +0000 2025 - Executing "magic -noconsole -dnull -rcfile /home/mertg/.volare/sky130A/libs.tech/magic/sky130A.magicrc < /openlane/scripts/magic/wrapper.tcl |& tee /dev/null /openlane/designs/Lab4/runs/RUN_2025.06.03_22.01.02/logs/signoff/35-maglef.log"

Tue Jun 03 22:08:45 +0000 2025 - Executing "{magic -noconsole -dnull -rcfile /home/mertg/.volare/sky130A/libs.tech/magic/sky130A.magicrc < /openlane/scripts/magic/wrapper.tcl |& tee /dev/null /openlane/designs/Lab4/runs/RUN_2025.06.03_22.01.02/logs/signoff/35-maglef.log}"

Tue Jun 03 22:08:45 +0000 2025 - Executing "{python3 /openlane/scripts/klayout/stream_out.py --output /openlane/designs/Lab4/runs/RUN_2025.06.03_22.01.02/results/signoff/top.klayout.gds --lyt /home/mertg/.volare/sky130A/libs.tech/klayout/tech/sky130A.lyt --lym /home/mertg/.volare/sky130A/libs.tech/klayout/tech/sky130A.map --lyp /home/mertg/.volare/sky130A/libs.tech/klayout/tech/sky130A.lyp --top top --with-gds-file /home/mertg/.volare/sky130A/libs.ref/sky130_fd_sc_hd/gds/sky130_fd_sc_hd.gds --input-lef /openlane/designs/Lab4/runs/RUN_2025.06.03_22.01.02/tmp/merged.nom.lef /openlane/designs/Lab4/runs/RUN_2025.06.03_22.01.02/results/routing/top.def |& tee /dev/null /openlane/designs/Lab4/runs/RUN_2025.06.03_22.01.02/logs/signoff/36-gdsii-klayout.log}"

Tue Jun 03 22:08:46 +0000 2025 - Executing "{klayout -b -r /openlane/scripts/klayout/xor.drc -rd a=/openlane/designs/Lab4/runs/RUN_2025.06.03_22.01.02/results/signoff/top.gds -rd b=/openlane/designs/Lab4/runs/RUN_2025.06.03_22.01.02/results/signoff/top.klayout.gds -rd jobs=1 -rd rdb_out=/openlane/designs/Lab4/runs/RUN_2025.06.03_22.01.02/reports/signoff/37-xor.xml -rd ignore=81/14 -rd rpt_out=/openlane/designs/Lab4/runs/RUN_2025.06.03_22.01.02/reports/signoff/37-xor.rpt |& tee /dev/null /openlane/designs/Lab4/runs/RUN_2025.06.03_22.01.02/logs/signoff/37-xor.log}"

Tue Jun 03 22:08:52 +0000 2025 - Executing "magic -noconsole -dnull -rcfile /home/mertg/.volare/sky130A/libs.tech/magic/sky130A.magicrc < /openlane/scripts/magic/wrapper.tcl |& tee /dev/null /openlane/designs/Lab4/runs/RUN_2025.06.03_22.01.02/logs/signoff/38-spice.log"

Tue Jun 03 22:08:52 +0000 2025 - Executing "{magic -noconsole -dnull -rcfile /home/mertg/.volare/sky130A/libs.tech/magic/sky130A.magicrc < /openlane/scripts/magic/wrapper.tcl |& tee /dev/null /openlane/designs/Lab4/runs/RUN_2025.06.03_22.01.02/logs/signoff/38-spice.log}"

Tue Jun 03 22:08:58 +0000 2025 - Executing "{openroad -exit -no_init -python /openlane/scripts/odbpy/power_utils.py write_powered_def --output /openlane/designs/Lab4/runs/RUN_2025.06.03_22.01.02/tmp/signoff/38-top.p.def --input-lef /openlane/designs/Lab4/runs/RUN_2025.06.03_22.01.02/tmp/merged.nom.lef --power-port VPWR --ground-port VGND --powered-netlist {} /openlane/designs/Lab4/runs/RUN_2025.06.03_22.01.02/results/routing/top.def |& tee /dev/null /openlane/designs/Lab4/runs/RUN_2025.06.03_22.01.02/logs/signoff/39-write_powered_def.log}"

Tue Jun 03 22:08:59 +0000 2025 - Executing "openroad -exit /openlane/scripts/openroad/write_views.tcl |& tee /dev/null /openlane/designs/Lab4/runs/RUN_2025.06.03_22.01.02/logs/signoff/39-write_powered_verilog.log"

Tue Jun 03 22:08:59 +0000 2025 - Executing "{openroad -exit /openlane/scripts/openroad/write_views.tcl |& tee /dev/null /openlane/designs/Lab4/runs/RUN_2025.06.03_22.01.02/logs/signoff/39-write_powered_verilog.log}"

Tue Jun 03 22:09:00 +0000 2025 - Executing "{sed -i.bak -e {s/\(set ::env(CURRENT_NETLIST)\).*/\1 \/openlane\/designs\/Lab4\/runs\/RUN_2025.06.03_22.01.02\/tmp\/signoff\/38-top.nl.v/} /openlane/designs/Lab4/runs/RUN_2025.06.03_22.01.02/config.tcl}"

Tue Jun 03 22:09:00 +0000 2025 - Executing "{netgen -batch source /openlane/designs/Lab4/runs/RUN_2025.06.03_22.01.02/tmp/signoff/41-setup_file.lef.lvs |& tee /dev/null /openlane/designs/Lab4/runs/RUN_2025.06.03_22.01.02/logs/signoff/41-lvs.lef.log}"

Tue Jun 03 22:09:01 +0000 2025 - Executing "magic -noconsole -dnull -rcfile /home/mertg/.volare/sky130A/libs.tech/magic/sky130A.magicrc < /openlane/scripts/magic/wrapper.tcl |& tee /dev/null /openlane/designs/Lab4/runs/RUN_2025.06.03_22.01.02/logs/signoff/42-drc.log"

Tue Jun 03 22:09:01 +0000 2025 - Executing "{magic -noconsole -dnull -rcfile /home/mertg/.volare/sky130A/libs.tech/magic/sky130A.magicrc < /openlane/scripts/magic/wrapper.tcl |& tee /dev/null /openlane/designs/Lab4/runs/RUN_2025.06.03_22.01.02/logs/signoff/42-drc.log}"

Tue Jun 03 22:09:34 +0000 2025 - Executing "{python3 /openlane/scripts/drc_rosetta.py magic to_tcl -o /openlane/designs/Lab4/runs/RUN_2025.06.03_22.01.02/reports/signoff/drc.tcl /openlane/designs/Lab4/runs/RUN_2025.06.03_22.01.02/reports/signoff/drc.rpt}"

Tue Jun 03 22:09:34 +0000 2025 - Executing "{python3 /openlane/scripts/drc_rosetta.py magic to_tr -o /openlane/designs/Lab4/runs/RUN_2025.06.03_22.01.02/reports/signoff/drc.tr /openlane/designs/Lab4/runs/RUN_2025.06.03_22.01.02/reports/signoff/drc.rpt}"

Tue Jun 03 22:09:34 +0000 2025 - Executing "{python3 /openlane/scripts/drc_rosetta.py tr to_klayout -o /openlane/designs/Lab4/runs/RUN_2025.06.03_22.01.02/reports/signoff/drc.klayout.xml --design-name top /openlane/designs/Lab4/runs/RUN_2025.06.03_22.01.02/reports/signoff/drc.tr}"

Tue Jun 03 22:09:34 +0000 2025 - Executing "{python3 /openlane/scripts/drc_rosetta.py magic to_rdb -o /openlane/designs/Lab4/runs/RUN_2025.06.03_22.01.02/reports/signoff/drc.rdb /openlane/designs/Lab4/runs/RUN_2025.06.03_22.01.02/reports/signoff/drc.rpt}"

Tue Jun 03 22:09:34 +0000 2025 - Executing "{klayout -b -zz -r /home/mertg/.volare/sky130A/libs.tech/klayout/drc/sky130A_mr.drc -rd topcell=top -rd input=/openlane/designs/Lab4/runs/RUN_2025.06.03_22.01.02/results/signoff/top.gds -rd report=/openlane/designs/Lab4/runs/RUN_2025.06.03_22.01.02/reports/signoff/violations.xml -rd feol=true -rd beol=true -rd floating_metal=false -rd seal=true -rd thread=1 |& tee /dev/null /openlane/designs/Lab4/runs/RUN_2025.06.03_22.01.02/logs/signoff/43-drc-klayout.log}"

Tue Jun 03 22:09:58 +0000 2025 - Executing "{python3 /openlane/scripts/klayout/xml_drc_report_to_json.py --xml-file /openlane/designs/Lab4/runs/RUN_2025.06.03_22.01.02/reports/signoff/violations.xml --json-file /openlane/designs/Lab4/runs/RUN_2025.06.03_22.01.02/reports/signoff/violations.json}"

Tue Jun 03 22:09:58 +0000 2025 - Executing "openroad -exit /openlane/scripts/openroad/antenna_check.tcl |& tee /dev/null /openlane/designs/Lab4/runs/RUN_2025.06.03_22.01.02/logs/signoff/44-arc.log"

Tue Jun 03 22:09:58 +0000 2025 - Executing "{openroad -exit /openlane/scripts/openroad/antenna_check.tcl |& tee /dev/null /openlane/designs/Lab4/runs/RUN_2025.06.03_22.01.02/logs/signoff/44-arc.log}"

Tue Jun 03 22:09:59 +0000 2025 - Executing "{python3 /openlane/scripts/extract_antenna_violators.py --output /openlane/designs/Lab4/runs/RUN_2025.06.03_22.01.02/reports/signoff/44-antenna_violators.rpt --plain-out /openlane/designs/Lab4/runs/RUN_2025.06.03_22.01.02/reports/signoff/44-antenna_violators_pins.txt /openlane/designs/Lab4/runs/RUN_2025.06.03_22.01.02/logs/signoff/44-arc.log}"

Tue Jun 03 22:09:59 +0000 2025 - Executing "{python3 /openlane/scripts/write_runtime.py --conclude --seconds --time-in 1748988599 {flow completed}}"

Tue Jun 03 22:09:59 +0000 2025 - Executing "{python3 /openlane/scripts/generate_reports.py -d /openlane/designs/Lab4 --design_name top --tag RUN_2025.06.03_22.01.02 --output_file /openlane/designs/Lab4/runs/RUN_2025.06.03_22.01.02/reports/metrics.csv --man_report /openlane/designs/Lab4/runs/RUN_2025.06.03_22.01.02/reports/manufacturability.rpt --run_path /openlane/designs/Lab4/runs/RUN_2025.06.03_22.01.02}"

