OpenROAD b16bda7e82721d10566ff7e2b68f1ff0be9f9e38 
Features included (+) or not (-): +Charts +GPU +GUI +Python
This program is licensed under the BSD-3 license. See the LICENSE file for details.
Components of this program may be licensed under more restrictive licenses which must be honored.
define_corners Typical
read_liberty -corner Typical /home/mertg/.volare/sky130A/libs.ref/sky130_fd_sc_hd/lib/sky130_fd_sc_hd__tt_025C_1v80.lib
Using 1e-12 for capacitance...
Using 1e+03 for resistance...
Using 1e-09 for time...
Using 1e+00 for voltage...
Using 1e-03 for current...
Using 1e-09 for power...
Using 1e-06 for distance...
[INFO]: Reading ODB at '/openlane/designs/Lab4/runs/RUN_2025.05.28_14.17.50/results/floorplan/top.odb'…
Reading design constraints file at '/openlane/scripts/base.sdc'…
[INFO]: Setting output delay to: 2.0
[INFO]: Setting input delay to: 2.0
[INFO]: Setting load to: 0.033442
[INFO]: Setting clock uncertainty to: 0.25
[INFO]: Setting clock transition to: 0.15
[INFO]: Setting timing derate to: 5.0 %
[INFO]: Setting RC values...
[INFO]: Setting signal min routing layer to: met1 and clock min routing layer to met3. 
[INFO]: Setting signal max routing layer to: met5 and clock max routing layer to met5. 
[WARNING GPL-0150] -skip_io will disable timing driven mode.
[WARNING GPL-0151] -skip_io will disable routability driven mode.
[INFO GPL-0002] DBU: 1000
[INFO GPL-0003] SiteSize: (  0.460  2.720 ) um
[INFO GPL-0004] CoreBBox: ( 10.120 10.880 ) ( 89.700 89.760 ) um
[INFO GPL-0006] NumInstances:              5442
[INFO GPL-0007] NumPlaceInstances:         5291
[INFO GPL-0008] NumFixedInstances:          151
[INFO GPL-0009] NumDummyInstances:            0
[INFO GPL-0010] NumNets:                   5342
[INFO GPL-0011] NumPins:                  18585
[INFO GPL-0012] DieBBox:  (  0.000  0.000 ) ( 100.000 100.000 ) um
[INFO GPL-0013] CoreBBox: ( 10.120 10.880 ) ( 89.700 89.760 ) um
[INFO GPL-0016] CoreArea:              6277.270 um^2
[INFO GPL-0017] NonPlaceInstsArea:      334.070 um^2
[INFO GPL-0018] PlaceInstsArea:       62407.354 um^2
[INFO GPL-0019] Util:                  1050.063 %
[INFO GPL-0020] StdInstsArea:         62407.354 um^2
[INFO GPL-0021] MacroInstsArea:           0.000 um^2
[ERROR GPL-0301] Utilization 1050.063 % exceeds 100%.
Error: gpl.tcl, 75 GPL-0301
