Mon May 26 20:08:46 +0000 2025 - Executing "{openroad -exit -no_init -python /openlane/scripts/odbpy/lefutil.py get_metal_layers -o /openlane/designs/Lab3/runs/RUN_2025.05.26_20.08.46/tmp/layers.list /home/berks/.volare/sky130A/libs.ref/sky130_fd_sc_hd/techlef/sky130_fd_sc_hd__nom.tlef}"

Mon May 26 20:08:46 +0000 2025 - Executing "{/openlane/scripts/mergeLef.py -o /openlane/designs/Lab3/runs/RUN_2025.05.26_20.08.46/tmp/merged.nom.lef -i /home/berks/.volare/sky130A/libs.ref/sky130_fd_sc_hd/techlef/sky130_fd_sc_hd__nom.tlef {/home/berks/.volare/sky130A/libs.ref/sky130_fd_sc_hd/lef/sky130_fd_sc_hd.lef /home/berks/.volare/sky130A/libs.ref/sky130_fd_sc_hd/lef/sky130_ef_sc_hd.lef} |& tee /dev/null}"

Mon May 26 20:08:47 +0000 2025 - Executing "{/openlane/scripts/mergeLef.py -o /openlane/designs/Lab3/runs/RUN_2025.05.26_20.08.46/tmp/merged.min.lef -i /home/berks/.volare/sky130A/libs.ref/sky130_fd_sc_hd/techlef/sky130_fd_sc_hd__min.tlef {/home/berks/.volare/sky130A/libs.ref/sky130_fd_sc_hd/lef/sky130_fd_sc_hd.lef /home/berks/.volare/sky130A/libs.ref/sky130_fd_sc_hd/lef/sky130_ef_sc_hd.lef} |& tee /dev/null}"

Mon May 26 20:08:47 +0000 2025 - Executing "{/openlane/scripts/mergeLef.py -o /openlane/designs/Lab3/runs/RUN_2025.05.26_20.08.46/tmp/merged.max.lef -i /home/berks/.volare/sky130A/libs.ref/sky130_fd_sc_hd/techlef/sky130_fd_sc_hd__max.tlef {/home/berks/.volare/sky130A/libs.ref/sky130_fd_sc_hd/lef/sky130_fd_sc_hd.lef /home/berks/.volare/sky130A/libs.ref/sky130_fd_sc_hd/lef/sky130_ef_sc_hd.lef} |& tee /dev/null}"

Mon May 26 20:08:47 +0000 2025 - Executing "{python3 /openlane/scripts/mergeLib.py --output /openlane/designs/Lab3/runs/RUN_2025.05.26_20.08.46/tmp/synthesis/merged.lib --name sky130A_merged /home/berks/.volare/sky130A/libs.ref/sky130_fd_sc_hd/lib/sky130_fd_sc_hd__tt_025C_1v80.lib}"

Mon May 26 20:08:47 +0000 2025 - Executing "{python3 /openlane/scripts/libtrim.py --cell-file /openlane/designs/Lab3/runs/RUN_2025.05.26_20.08.46/tmp/synthesis/trimmed.lib.exclude.list --output /openlane/designs/Lab3/runs/RUN_2025.05.26_20.08.46/tmp/synthesis/trimmed.lib /openlane/designs/Lab3/runs/RUN_2025.05.26_20.08.46/tmp/synthesis/merged.lib}"

Mon May 26 20:08:47 +0000 2025 - Executing "{python3 /openlane/scripts/libtrim.py --cell-file /openlane/designs/Lab3/runs/RUN_2025.05.26_20.08.46/tmp/cts/cts.lib.exclude.list --output /openlane/designs/Lab3/runs/RUN_2025.05.26_20.08.46/tmp/cts/cts.lib /home/berks/.volare/sky130A/libs.ref/sky130_fd_sc_hd/lib/sky130_fd_sc_hd__tt_025C_1v80.lib}"

Mon May 26 20:08:47 +0000 2025 - Executing "{python3 /openlane/scripts/libtrim.py --cell-file /openlane/designs/Lab3/runs/RUN_2025.05.26_20.08.46/tmp/cts/cts-fastest.lib.exclude.list --output /openlane/designs/Lab3/runs/RUN_2025.05.26_20.08.46/tmp/cts/cts-fastest.lib /home/berks/.volare/sky130A/libs.ref/sky130_fd_sc_hd/lib/sky130_fd_sc_hd__ff_n40C_1v95.lib}"

Mon May 26 20:08:48 +0000 2025 - Executing "{python3 /openlane/scripts/libtrim.py --cell-file /openlane/designs/Lab3/runs/RUN_2025.05.26_20.08.46/tmp/cts/cts-slowest.lib.exclude.list --output /openlane/designs/Lab3/runs/RUN_2025.05.26_20.08.46/tmp/cts/cts-slowest.lib /home/berks/.volare/sky130A/libs.ref/sky130_fd_sc_hd/lib/sky130_fd_sc_hd__ss_100C_1v60.lib}"

Mon May 26 20:08:48 +0000 2025 - Executing "{python3 /openlane/scripts/new_tracks.py -i /home/berks/.volare/sky130A/libs.tech/openlane/sky130_fd_sc_hd/tracks.info -o /openlane/designs/Lab3/runs/RUN_2025.05.26_20.08.46/tmp/routing/config.tracks}"

Mon May 26 20:08:48 +0000 2025 - Executing "{echo {OpenLane e73fb3c57e687a0023fcd4dcfd1566ecd478362a} > /openlane/designs/Lab3/runs/RUN_2025.05.26_20.08.46/OPENLANE_COMMIT}"

Mon May 26 20:08:48 +0000 2025 - Executing "{yosys -c /openlane/scripts/yosys/blackbox.tcl}"

Mon May 26 20:08:48 +0000 2025 - Executing "{verilator -Wall --lint-only --Wno-DECLFILENAME --top-module ZeroToFiveCounter /openlane/designs/Lab3/runs/RUN_2025.05.26_20.08.46/tmp/synthesis/blackbox/sky130_fd_sc_hd__blackbox.v /openlane/designs/Lab3/src/main.v -Wno-fatal --relative-includes |& tee /openlane/designs/Lab3/runs/RUN_2025.05.26_20.08.46/logs/synthesis/linter.log /dev/null}"

Mon May 26 20:08:48 +0000 2025 - Executing "{sed -E {s/^([[:space:]]+)pg_pin(.*)/\1pin\2\n\1    direction : "inout";/g} /home/berks/.volare/sky130A/libs.ref/sky130_fd_sc_hd/lib/sky130_fd_sc_hd__tt_025C_1v80.lib > /openlane/designs/Lab3/runs/RUN_2025.05.26_20.08.46/tmp/synthesis/1-sky130_fd_sc_hd__tt_025C_1v80.no_pg.lib}"

Mon May 26 20:08:48 +0000 2025 - Executing "{sed -E {s/^([[:space:]]+)pg_pin(.*)/\1pin\2\n\1    direction : "inout";/g} /openlane/designs/Lab3/runs/RUN_2025.05.26_20.08.46/tmp/synthesis/trimmed.lib > /openlane/designs/Lab3/runs/RUN_2025.05.26_20.08.46/tmp/synthesis/1-trimmed.no_pg.lib}"

Mon May 26 20:08:48 +0000 2025 - Executing "yosys -c /openlane/scripts/yosys/synth.tcl |& tee /dev/null /openlane/designs/Lab3/runs/RUN_2025.05.26_20.08.46/logs/synthesis/1-synthesis.log"

Mon May 26 20:08:48 +0000 2025 - Executing "{yosys -c /openlane/scripts/yosys/synth.tcl |& tee /dev/null /openlane/designs/Lab3/runs/RUN_2025.05.26_20.08.46/logs/synthesis/1-synthesis.log}"

Mon May 26 20:08:49 +0000 2025 - Executing "{sed -i.bak -e {s/\(set ::env(CURRENT_NETLIST)\).*/\1 \/openlane\/designs\/Lab3\/runs\/RUN_2025.05.26_20.08.46\/results\/synthesis\/ZeroToFiveCounter.v/} /openlane/designs/Lab3/runs/RUN_2025.05.26_20.08.46/config.tcl}"

Mon May 26 20:08:49 +0000 2025 - Executing "{sed -i.bak /defparam/d /openlane/designs/Lab3/runs/RUN_2025.05.26_20.08.46/results/synthesis/ZeroToFiveCounter.v}"

Mon May 26 20:08:49 +0000 2025 - Executing "sta -exit -no_init /openlane/scripts/openroad/sta/multi_corner.tcl |& tee /dev/null /openlane/designs/Lab3/runs/RUN_2025.05.26_20.08.46/logs/synthesis/2-sta.log"

Mon May 26 20:08:49 +0000 2025 - Executing "{sta -exit -no_init /openlane/scripts/openroad/sta/multi_corner.tcl |& tee /dev/null /openlane/designs/Lab3/runs/RUN_2025.05.26_20.08.46/logs/synthesis/2-sta.log}"

Mon May 26 20:08:49 +0000 2025 - Executing "openroad -exit /openlane/scripts/openroad/floorplan.tcl |& tee /dev/null /openlane/designs/Lab3/runs/RUN_2025.05.26_20.08.46/logs/floorplan/3-initial_fp.log"

Mon May 26 20:08:49 +0000 2025 - Executing "{openroad -exit /openlane/scripts/openroad/floorplan.tcl |& tee /dev/null /openlane/designs/Lab3/runs/RUN_2025.05.26_20.08.46/logs/floorplan/3-initial_fp.log}"

Mon May 26 20:08:50 +0000 2025 - Executing "{openroad -exit -no_init -python /openlane/scripts/odbpy/snap_to_grid.py --output /openlane/designs/Lab3/runs/RUN_2025.05.26_20.08.46/tmp/floorplan/3-minimized_pdn.txt --input-lef /openlane/designs/Lab3/runs/RUN_2025.05.26_20.08.46/tmp/merged.nom.lef 3.565 3.3999999999999995 7.13 6.799999999999999}"

Mon May 26 20:08:50 +0000 2025 - Executing "{openroad -exit -no_init -python /openlane/scripts/odbpy/defutil.py extract_core_dims --output-data /openlane/designs/Lab3/runs/RUN_2025.05.26_20.08.46/tmp/dimensions.txt --input-lef /openlane/designs/Lab3/runs/RUN_2025.05.26_20.08.46/tmp/merged.nom.lef /openlane/designs/Lab3/runs/RUN_2025.05.26_20.08.46/tmp/floorplan/3-initial_fp.def}"

Mon May 26 20:08:50 +0000 2025 - Executing "openroad -exit /openlane/scripts/openroad/ioplacer.tcl |& tee /dev/null /openlane/designs/Lab3/runs/RUN_2025.05.26_20.08.46/logs/floorplan/4-io.log"

Mon May 26 20:08:50 +0000 2025 - Executing "{openroad -exit /openlane/scripts/openroad/ioplacer.tcl |& tee /dev/null /openlane/designs/Lab3/runs/RUN_2025.05.26_20.08.46/logs/floorplan/4-io.log}"

Mon May 26 20:08:51 +0000 2025 - Executing "openroad -exit /openlane/scripts/openroad/tapcell.tcl |& tee /dev/null /openlane/designs/Lab3/runs/RUN_2025.05.26_20.08.46/logs/floorplan/5-tap.log"

Mon May 26 20:08:51 +0000 2025 - Executing "{openroad -exit /openlane/scripts/openroad/tapcell.tcl |& tee /dev/null /openlane/designs/Lab3/runs/RUN_2025.05.26_20.08.46/logs/floorplan/5-tap.log}"

Mon May 26 20:08:51 +0000 2025 - Executing "openroad -exit /openlane/scripts/openroad/pdn.tcl |& tee /dev/null /openlane/designs/Lab3/runs/RUN_2025.05.26_20.08.46/logs/floorplan/6-pdn.log"

Mon May 26 20:08:51 +0000 2025 - Executing "{openroad -exit /openlane/scripts/openroad/pdn.tcl |& tee /dev/null /openlane/designs/Lab3/runs/RUN_2025.05.26_20.08.46/logs/floorplan/6-pdn.log}"

Mon May 26 20:08:52 +0000 2025 - Executing "openroad -exit /openlane/scripts/openroad/gpl.tcl |& tee /dev/null /openlane/designs/Lab3/runs/RUN_2025.05.26_20.08.46/logs/placement/6-global_skip_io.log"

Mon May 26 20:08:52 +0000 2025 - Executing "{openroad -exit /openlane/scripts/openroad/gpl.tcl |& tee /dev/null /openlane/designs/Lab3/runs/RUN_2025.05.26_20.08.46/logs/placement/6-global_skip_io.log}"

Mon May 26 20:08:52 +0000 2025 - Executing "{sed -i.bak -e {s/\(set ::env(CURRENT_NETLIST)\).*/\1 \/openlane\/designs\/Lab3\/runs\/RUN_2025.05.26_20.08.46\/tmp\/placement\/7-global_skip_io.nl.v/} /openlane/designs/Lab3/runs/RUN_2025.05.26_20.08.46/config.tcl}"

Mon May 26 20:08:52 +0000 2025 - Executing "openroad -exit /openlane/scripts/openroad/sta/multi_corner.tcl |& tee /dev/null /openlane/designs/Lab3/runs/RUN_2025.05.26_20.08.46/logs/placement/8-gpl_sta.log"

Mon May 26 20:08:52 +0000 2025 - Executing "{openroad -exit /openlane/scripts/openroad/sta/multi_corner.tcl |& tee /dev/null /openlane/designs/Lab3/runs/RUN_2025.05.26_20.08.46/logs/placement/8-gpl_sta.log}"

Mon May 26 20:08:53 +0000 2025 - Executing "openroad -exit /openlane/scripts/openroad/ioplacer.tcl |& tee /dev/null /openlane/designs/Lab3/runs/RUN_2025.05.26_20.08.46/logs/placement/9-io.log"

Mon May 26 20:08:53 +0000 2025 - Executing "{openroad -exit /openlane/scripts/openroad/ioplacer.tcl |& tee /dev/null /openlane/designs/Lab3/runs/RUN_2025.05.26_20.08.46/logs/placement/9-io.log}"

Mon May 26 20:08:53 +0000 2025 - Executing "openroad -exit /openlane/scripts/openroad/gpl.tcl |& tee /dev/null /openlane/designs/Lab3/runs/RUN_2025.05.26_20.08.46/logs/placement/9-global.log"

Mon May 26 20:08:53 +0000 2025 - Executing "{openroad -exit /openlane/scripts/openroad/gpl.tcl |& tee /dev/null /openlane/designs/Lab3/runs/RUN_2025.05.26_20.08.46/logs/placement/9-global.log}"

Mon May 26 20:08:54 +0000 2025 - Executing "{sed -i.bak -e {s/\(set ::env(CURRENT_NETLIST)\).*/\1 \/openlane\/designs\/Lab3\/runs\/RUN_2025.05.26_20.08.46\/tmp\/placement\/10-global.nl.v/} /openlane/designs/Lab3/runs/RUN_2025.05.26_20.08.46/config.tcl}"

Mon May 26 20:08:54 +0000 2025 - Executing "openroad -exit /openlane/scripts/openroad/sta/multi_corner.tcl |& tee /dev/null /openlane/designs/Lab3/runs/RUN_2025.05.26_20.08.46/logs/placement/11-gpl_sta.log"

Mon May 26 20:08:54 +0000 2025 - Executing "{openroad -exit /openlane/scripts/openroad/sta/multi_corner.tcl |& tee /dev/null /openlane/designs/Lab3/runs/RUN_2025.05.26_20.08.46/logs/placement/11-gpl_sta.log}"

Mon May 26 20:08:54 +0000 2025 - Executing "openroad -exit /openlane/scripts/openroad/resizer.tcl |& tee /dev/null /openlane/designs/Lab3/runs/RUN_2025.05.26_20.08.46/logs/placement/12-resizer.log"

Mon May 26 20:08:54 +0000 2025 - Executing "{openroad -exit /openlane/scripts/openroad/resizer.tcl |& tee /dev/null /openlane/designs/Lab3/runs/RUN_2025.05.26_20.08.46/logs/placement/12-resizer.log}"

Mon May 26 20:08:55 +0000 2025 - Executing "{sed -i.bak -e {s/\(set ::env(CURRENT_NETLIST)\).*/\1 \/openlane\/designs\/Lab3\/runs\/RUN_2025.05.26_20.08.46\/tmp\/placement\/12-resizer.nl.v/} /openlane/designs/Lab3/runs/RUN_2025.05.26_20.08.46/config.tcl}"

Mon May 26 20:08:56 +0000 2025 - Executing "openroad -exit /openlane/scripts/openroad/dpl.tcl |& tee /dev/null /openlane/designs/Lab3/runs/RUN_2025.05.26_20.08.46/logs/placement/13-detailed.log"

Mon May 26 20:08:56 +0000 2025 - Executing "{openroad -exit /openlane/scripts/openroad/dpl.tcl |& tee /dev/null /openlane/designs/Lab3/runs/RUN_2025.05.26_20.08.46/logs/placement/13-detailed.log}"

Mon May 26 20:08:56 +0000 2025 - Executing "{sed -i.bak -e {s/\(set ::env(CURRENT_NETLIST)\).*/\1 \/openlane\/designs\/Lab3\/runs\/RUN_2025.05.26_20.08.46\/results\/placement\/ZeroToFiveCounter.nl.v/} /openlane/designs/Lab3/runs/RUN_2025.05.26_20.08.46/config.tcl}"

Mon May 26 20:08:56 +0000 2025 - Executing "openroad -exit /openlane/scripts/openroad/sta/multi_corner.tcl |& tee /dev/null /openlane/designs/Lab3/runs/RUN_2025.05.26_20.08.46/logs/placement/14-dpl_sta.log"

Mon May 26 20:08:56 +0000 2025 - Executing "{openroad -exit /openlane/scripts/openroad/sta/multi_corner.tcl |& tee /dev/null /openlane/designs/Lab3/runs/RUN_2025.05.26_20.08.46/logs/placement/14-dpl_sta.log}"

Mon May 26 20:08:56 +0000 2025 - Executing "openroad -exit /openlane/scripts/openroad/cts.tcl |& tee /dev/null /openlane/designs/Lab3/runs/RUN_2025.05.26_20.08.46/logs/cts/15-cts.log"

Mon May 26 20:08:56 +0000 2025 - Executing "{openroad -exit /openlane/scripts/openroad/cts.tcl |& tee /dev/null /openlane/designs/Lab3/runs/RUN_2025.05.26_20.08.46/logs/cts/15-cts.log}"

Mon May 26 20:09:02 +0000 2025 - Executing "openroad -exit /openlane/scripts/openroad/sta/multi_corner.tcl |& tee /dev/null /openlane/designs/Lab3/runs/RUN_2025.05.26_20.08.46/logs/cts/16-cts_sta.log"

Mon May 26 20:09:02 +0000 2025 - Executing "{openroad -exit /openlane/scripts/openroad/sta/multi_corner.tcl |& tee /dev/null /openlane/designs/Lab3/runs/RUN_2025.05.26_20.08.46/logs/cts/16-cts_sta.log}"

Mon May 26 20:09:02 +0000 2025 - Executing "openroad -exit /openlane/scripts/openroad/resizer_timing.tcl |& tee /dev/null /openlane/designs/Lab3/runs/RUN_2025.05.26_20.08.46/logs/cts/17-resizer.log"

Mon May 26 20:09:02 +0000 2025 - Executing "{openroad -exit /openlane/scripts/openroad/resizer_timing.tcl |& tee /dev/null /openlane/designs/Lab3/runs/RUN_2025.05.26_20.08.46/logs/cts/17-resizer.log}"

Mon May 26 20:09:03 +0000 2025 - Executing "{sed -i.bak -e {s/\(set ::env(CURRENT_NETLIST)\).*/\1 \/openlane\/designs\/Lab3\/runs\/RUN_2025.05.26_20.08.46\/tmp\/cts\/17-ZeroToFiveCounter.resized.nl.v/} /openlane/designs/Lab3/runs/RUN_2025.05.26_20.08.46/config.tcl}"

Mon May 26 20:09:03 +0000 2025 - Executing "openroad -exit /openlane/scripts/openroad/resizer_routing_design.tcl |& tee /dev/null /openlane/designs/Lab3/runs/RUN_2025.05.26_20.08.46/logs/routing/18-resizer_design.log"

Mon May 26 20:09:03 +0000 2025 - Executing "{openroad -exit /openlane/scripts/openroad/resizer_routing_design.tcl |& tee /dev/null /openlane/designs/Lab3/runs/RUN_2025.05.26_20.08.46/logs/routing/18-resizer_design.log}"

Mon May 26 20:09:05 +0000 2025 - Executing "{sed -i.bak -e {s/\(set ::env(CURRENT_NETLIST)\).*/\1 \/openlane\/designs\/Lab3\/runs\/RUN_2025.05.26_20.08.46\/tmp\/18-ZeroToFiveCounter.nl.v/} /openlane/designs/Lab3/runs/RUN_2025.05.26_20.08.46/config.tcl}"

Mon May 26 20:09:05 +0000 2025 - Executing "openroad -exit /openlane/scripts/openroad/sta/multi_corner.tcl |& tee /dev/null /openlane/designs/Lab3/runs/RUN_2025.05.26_20.08.46/logs/routing/19-rsz_design_sta.log"

Mon May 26 20:09:05 +0000 2025 - Executing "{openroad -exit /openlane/scripts/openroad/sta/multi_corner.tcl |& tee /dev/null /openlane/designs/Lab3/runs/RUN_2025.05.26_20.08.46/logs/routing/19-rsz_design_sta.log}"

Mon May 26 20:09:05 +0000 2025 - Executing "openroad -exit /openlane/scripts/openroad/resizer_routing_timing.tcl |& tee /dev/null /openlane/designs/Lab3/runs/RUN_2025.05.26_20.08.46/logs/routing/20-resizer_timing.log"

Mon May 26 20:09:05 +0000 2025 - Executing "{openroad -exit /openlane/scripts/openroad/resizer_routing_timing.tcl |& tee /dev/null /openlane/designs/Lab3/runs/RUN_2025.05.26_20.08.46/logs/routing/20-resizer_timing.log}"

Mon May 26 20:09:07 +0000 2025 - Executing "{sed -i.bak -e {s/\(set ::env(CURRENT_NETLIST)\).*/\1 \/openlane\/designs\/Lab3\/runs\/RUN_2025.05.26_20.08.46\/tmp\/20-ZeroToFiveCounter.nl.v/} /openlane/designs/Lab3/runs/RUN_2025.05.26_20.08.46/config.tcl}"

Mon May 26 20:09:07 +0000 2025 - Executing "openroad -exit /openlane/scripts/openroad/sta/multi_corner.tcl |& tee /dev/null /openlane/designs/Lab3/runs/RUN_2025.05.26_20.08.46/logs/routing/21-rsz_timing_sta.log"

Mon May 26 20:09:07 +0000 2025 - Executing "{openroad -exit /openlane/scripts/openroad/sta/multi_corner.tcl |& tee /dev/null /openlane/designs/Lab3/runs/RUN_2025.05.26_20.08.46/logs/routing/21-rsz_timing_sta.log}"

Mon May 26 20:09:07 +0000 2025 - Executing "openroad -exit /openlane/scripts/openroad/repair_antennas.tcl |& tee /dev/null /openlane/designs/Lab3/runs/RUN_2025.05.26_20.08.46/logs/routing/22-global.log"

Mon May 26 20:09:07 +0000 2025 - Executing "{openroad -exit /openlane/scripts/openroad/repair_antennas.tcl |& tee /dev/null /openlane/designs/Lab3/runs/RUN_2025.05.26_20.08.46/logs/routing/22-global.log}"

Mon May 26 20:09:08 +0000 2025 - Executing "openroad -exit /openlane/scripts/openroad/write_views.tcl |& tee /dev/null /openlane/designs/Lab3/runs/RUN_2025.05.26_20.08.46/logs/routing/22-global_write_netlist.log"

Mon May 26 20:09:08 +0000 2025 - Executing "{openroad -exit /openlane/scripts/openroad/write_views.tcl |& tee /dev/null /openlane/designs/Lab3/runs/RUN_2025.05.26_20.08.46/logs/routing/22-global_write_netlist.log}"

Mon May 26 20:09:08 +0000 2025 - Executing "{sed -i.bak -e {s/\(set ::env(CURRENT_NETLIST)\).*/\1 \/openlane\/designs\/Lab3\/runs\/RUN_2025.05.26_20.08.46\/tmp\/routing\/global.nl.v/} /openlane/designs/Lab3/runs/RUN_2025.05.26_20.08.46/config.tcl}"

Mon May 26 20:09:08 +0000 2025 - Executing "openroad -exit /openlane/scripts/openroad/sta/multi_corner.tcl |& tee /dev/null /openlane/designs/Lab3/runs/RUN_2025.05.26_20.08.46/logs/routing/24-grt_sta.log"

Mon May 26 20:09:08 +0000 2025 - Executing "{openroad -exit /openlane/scripts/openroad/sta/multi_corner.tcl |& tee /dev/null /openlane/designs/Lab3/runs/RUN_2025.05.26_20.08.46/logs/routing/24-grt_sta.log}"

Mon May 26 20:09:08 +0000 2025 - Executing "openroad -exit /openlane/scripts/openroad/fill.tcl |& tee /dev/null /openlane/designs/Lab3/runs/RUN_2025.05.26_20.08.46/logs/routing/25-fill.log"

Mon May 26 20:09:09 +0000 2025 - Executing "{openroad -exit /openlane/scripts/openroad/fill.tcl |& tee /dev/null /openlane/designs/Lab3/runs/RUN_2025.05.26_20.08.46/logs/routing/25-fill.log}"

Mon May 26 20:09:09 +0000 2025 - Executing "{sed -i.bak -e {s/\(set ::env(CURRENT_NETLIST)\).*/\1 \/openlane\/designs\/Lab3\/runs\/RUN_2025.05.26_20.08.46\/tmp\/routing\/25-fill.nl.v/} /openlane/designs/Lab3/runs/RUN_2025.05.26_20.08.46/config.tcl}"

Mon May 26 20:09:09 +0000 2025 - Executing "openroad -exit -metrics /openlane/designs/Lab3/runs/RUN_2025.05.26_20.08.46/reports/routing/26-drt_metrics.json /openlane/scripts/openroad/droute.tcl |& tee /dev/null /openlane/designs/Lab3/runs/RUN_2025.05.26_20.08.46/logs/routing/26-detailed.log"

Mon May 26 20:09:09 +0000 2025 - Executing "{openroad -exit -metrics /openlane/designs/Lab3/runs/RUN_2025.05.26_20.08.46/reports/routing/26-drt_metrics.json /openlane/scripts/openroad/droute.tcl |& tee /dev/null /openlane/designs/Lab3/runs/RUN_2025.05.26_20.08.46/logs/routing/26-detailed.log}"

Mon May 26 20:09:11 +0000 2025 - Executing "{sed -i.bak -e {s/\(set ::env(CURRENT_NETLIST)\).*/\1 \/openlane\/designs\/Lab3\/runs\/RUN_2025.05.26_20.08.46\/results\/routing\/ZeroToFiveCounter.nl.v/} /openlane/designs/Lab3/runs/RUN_2025.05.26_20.08.46/config.tcl}"

Mon May 26 20:09:11 +0000 2025 - Executing "{python3 /openlane/scripts/drc_rosetta.py tr to_klayout -o /openlane/designs/Lab3/runs/RUN_2025.05.26_20.08.46/reports/routing/drt.klayout.xml --design-name ZeroToFiveCounter /openlane/designs/Lab3/runs/RUN_2025.05.26_20.08.46/reports/routing/drt.drc}"

Mon May 26 20:09:11 +0000 2025 - Executing "{openroad -exit -no_init -python /openlane/scripts/odbpy/wire_lengths.py --report-out /openlane/designs/Lab3/runs/RUN_2025.05.26_20.08.46/reports/routing/27-wire_lengths.csv --input-lef /openlane/designs/Lab3/runs/RUN_2025.05.26_20.08.46/tmp/merged.nom.lef --output-def /openlane/designs/Lab3/runs/RUN_2025.05.26_20.08.46/results/routing/ZeroToFiveCounter.def --output /openlane/designs/Lab3/runs/RUN_2025.05.26_20.08.46/results/routing/ZeroToFiveCounter.odb /openlane/designs/Lab3/runs/RUN_2025.05.26_20.08.46/results/routing/ZeroToFiveCounter.odb |& tee /dev/null /openlane/designs/Lab3/runs/RUN_2025.05.26_20.08.46/logs/routing/27-wire_lengths.log}"

Mon May 26 20:09:12 +0000 2025 - Executing "openroad -exit /openlane/scripts/openroad/rcx.tcl |& tee /dev/null /openlane/designs/Lab3/runs/RUN_2025.05.26_20.08.46/logs/signoff/28-parasitics_extraction.min.log"

Mon May 26 20:09:12 +0000 2025 - Executing "{openroad -exit /openlane/scripts/openroad/rcx.tcl |& tee /dev/null /openlane/designs/Lab3/runs/RUN_2025.05.26_20.08.46/logs/signoff/28-parasitics_extraction.min.log}"

Mon May 26 20:09:12 +0000 2025 - Executing "sta -exit -no_init /openlane/scripts/openroad/sta/multi_corner.tcl |& tee /dev/null /openlane/designs/Lab3/runs/RUN_2025.05.26_20.08.46/logs/signoff/29-rcx_mcsta.min.log"

Mon May 26 20:09:12 +0000 2025 - Executing "{sta -exit -no_init /openlane/scripts/openroad/sta/multi_corner.tcl |& tee /dev/null /openlane/designs/Lab3/runs/RUN_2025.05.26_20.08.46/logs/signoff/29-rcx_mcsta.min.log}"

Mon May 26 20:09:13 +0000 2025 - Executing "openroad -exit /openlane/scripts/openroad/rcx.tcl |& tee /dev/null /openlane/designs/Lab3/runs/RUN_2025.05.26_20.08.46/logs/signoff/30-parasitics_extraction.max.log"

Mon May 26 20:09:13 +0000 2025 - Executing "{openroad -exit /openlane/scripts/openroad/rcx.tcl |& tee /dev/null /openlane/designs/Lab3/runs/RUN_2025.05.26_20.08.46/logs/signoff/30-parasitics_extraction.max.log}"

Mon May 26 20:09:14 +0000 2025 - Executing "sta -exit -no_init /openlane/scripts/openroad/sta/multi_corner.tcl |& tee /dev/null /openlane/designs/Lab3/runs/RUN_2025.05.26_20.08.46/logs/signoff/31-rcx_mcsta.max.log"

Mon May 26 20:09:14 +0000 2025 - Executing "{sta -exit -no_init /openlane/scripts/openroad/sta/multi_corner.tcl |& tee /dev/null /openlane/designs/Lab3/runs/RUN_2025.05.26_20.08.46/logs/signoff/31-rcx_mcsta.max.log}"

Mon May 26 20:09:17 +0000 2025 - Executing "openroad -exit /openlane/scripts/openroad/rcx.tcl |& tee /dev/null /openlane/designs/Lab3/runs/RUN_2025.05.26_20.08.46/logs/signoff/32-parasitics_extraction.nom.log"

Mon May 26 20:09:17 +0000 2025 - Executing "{openroad -exit /openlane/scripts/openroad/rcx.tcl |& tee /dev/null /openlane/designs/Lab3/runs/RUN_2025.05.26_20.08.46/logs/signoff/32-parasitics_extraction.nom.log}"

Mon May 26 20:09:17 +0000 2025 - Executing "sta -exit -no_init /openlane/scripts/openroad/sta/multi_corner.tcl |& tee /dev/null /openlane/designs/Lab3/runs/RUN_2025.05.26_20.08.46/logs/signoff/33-rcx_mcsta.nom.log"

Mon May 26 20:09:17 +0000 2025 - Executing "{sta -exit -no_init /openlane/scripts/openroad/sta/multi_corner.tcl |& tee /dev/null /openlane/designs/Lab3/runs/RUN_2025.05.26_20.08.46/logs/signoff/33-rcx_mcsta.nom.log}"

Mon May 26 20:09:18 +0000 2025 - Executing "openroad -exit /openlane/scripts/openroad/irdrop.tcl |& tee /dev/null /openlane/designs/Lab3/runs/RUN_2025.05.26_20.08.46/logs/signoff/34-irdrop.log"

Mon May 26 20:09:18 +0000 2025 - Executing "{openroad -exit /openlane/scripts/openroad/irdrop.tcl |& tee /dev/null /openlane/designs/Lab3/runs/RUN_2025.05.26_20.08.46/logs/signoff/34-irdrop.log}"

Mon May 26 20:09:19 +0000 2025 - Executing "magic -noconsole -dnull -rcfile /home/berks/.volare/sky130A/libs.tech/magic/sky130A.magicrc < /openlane/scripts/magic/wrapper.tcl |& tee /dev/null /openlane/designs/Lab3/runs/RUN_2025.05.26_20.08.46/logs/signoff/35-gdsii.log"

Mon May 26 20:09:19 +0000 2025 - Executing "{magic -noconsole -dnull -rcfile /home/berks/.volare/sky130A/libs.tech/magic/sky130A.magicrc < /openlane/scripts/magic/wrapper.tcl |& tee /dev/null /openlane/designs/Lab3/runs/RUN_2025.05.26_20.08.46/logs/signoff/35-gdsii.log}"

Mon May 26 20:09:19 +0000 2025 - Executing "magic -noconsole -dnull -rcfile /home/berks/.volare/sky130A/libs.tech/magic/sky130A.magicrc < /openlane/scripts/magic/wrapper.tcl |& tee /dev/null /openlane/designs/Lab3/runs/RUN_2025.05.26_20.08.46/logs/signoff/35-gds_ptrs.log"

Mon May 26 20:09:19 +0000 2025 - Executing "{magic -noconsole -dnull -rcfile /home/berks/.volare/sky130A/libs.tech/magic/sky130A.magicrc < /openlane/scripts/magic/wrapper.tcl |& tee /dev/null /openlane/designs/Lab3/runs/RUN_2025.05.26_20.08.46/logs/signoff/35-gds_ptrs.log}"

Mon May 26 20:09:20 +0000 2025 - Executing "{sed -i.bak -n {/^<< properties >>/,/^<< end >>/p} /openlane/designs/Lab3/runs/RUN_2025.05.26_20.08.46/tmp/signoff/gds_ptrs.mag}"

Mon May 26 20:09:20 +0000 2025 - Executing "magic -noconsole -dnull -rcfile /home/berks/.volare/sky130A/libs.tech/magic/sky130A.magicrc < /openlane/scripts/magic/wrapper.tcl |& tee /dev/null /openlane/designs/Lab3/runs/RUN_2025.05.26_20.08.46/logs/signoff/35-lef.log"

Mon May 26 20:09:20 +0000 2025 - Executing "{magic -noconsole -dnull -rcfile /home/berks/.volare/sky130A/libs.tech/magic/sky130A.magicrc < /openlane/scripts/magic/wrapper.tcl |& tee /dev/null /openlane/designs/Lab3/runs/RUN_2025.05.26_20.08.46/logs/signoff/35-lef.log}"

Mon May 26 20:09:20 +0000 2025 - Executing "magic -noconsole -dnull -rcfile /home/berks/.volare/sky130A/libs.tech/magic/sky130A.magicrc < /openlane/scripts/magic/wrapper.tcl |& tee /dev/null /openlane/designs/Lab3/runs/RUN_2025.05.26_20.08.46/logs/signoff/35-maglef.log"

Mon May 26 20:09:20 +0000 2025 - Executing "{magic -noconsole -dnull -rcfile /home/berks/.volare/sky130A/libs.tech/magic/sky130A.magicrc < /openlane/scripts/magic/wrapper.tcl |& tee /dev/null /openlane/designs/Lab3/runs/RUN_2025.05.26_20.08.46/logs/signoff/35-maglef.log}"

Mon May 26 20:09:20 +0000 2025 - Executing "{python3 /openlane/scripts/klayout/stream_out.py --output /openlane/designs/Lab3/runs/RUN_2025.05.26_20.08.46/results/signoff/ZeroToFiveCounter.klayout.gds --lyt /home/berks/.volare/sky130A/libs.tech/klayout/tech/sky130A.lyt --lym /home/berks/.volare/sky130A/libs.tech/klayout/tech/sky130A.map --lyp /home/berks/.volare/sky130A/libs.tech/klayout/tech/sky130A.lyp --top ZeroToFiveCounter --with-gds-file /home/berks/.volare/sky130A/libs.ref/sky130_fd_sc_hd/gds/sky130_fd_sc_hd.gds --input-lef /openlane/designs/Lab3/runs/RUN_2025.05.26_20.08.46/tmp/merged.nom.lef /openlane/designs/Lab3/runs/RUN_2025.05.26_20.08.46/results/routing/ZeroToFiveCounter.def |& tee /dev/null /openlane/designs/Lab3/runs/RUN_2025.05.26_20.08.46/logs/signoff/36-gdsii-klayout.log}"

Mon May 26 20:09:20 +0000 2025 - Executing "{klayout -b -r /openlane/scripts/klayout/xor.drc -rd a=/openlane/designs/Lab3/runs/RUN_2025.05.26_20.08.46/results/signoff/ZeroToFiveCounter.gds -rd b=/openlane/designs/Lab3/runs/RUN_2025.05.26_20.08.46/results/signoff/ZeroToFiveCounter.klayout.gds -rd jobs=1 -rd rdb_out=/openlane/designs/Lab3/runs/RUN_2025.05.26_20.08.46/reports/signoff/37-xor.xml -rd ignore=81/14 -rd rpt_out=/openlane/designs/Lab3/runs/RUN_2025.05.26_20.08.46/reports/signoff/37-xor.rpt |& tee /dev/null /openlane/designs/Lab3/runs/RUN_2025.05.26_20.08.46/logs/signoff/37-xor.log}"

Mon May 26 20:09:21 +0000 2025 - Executing "magic -noconsole -dnull -rcfile /home/berks/.volare/sky130A/libs.tech/magic/sky130A.magicrc < /openlane/scripts/magic/wrapper.tcl |& tee /dev/null /openlane/designs/Lab3/runs/RUN_2025.05.26_20.08.46/logs/signoff/38-spice.log"

Mon May 26 20:09:21 +0000 2025 - Executing "{magic -noconsole -dnull -rcfile /home/berks/.volare/sky130A/libs.tech/magic/sky130A.magicrc < /openlane/scripts/magic/wrapper.tcl |& tee /dev/null /openlane/designs/Lab3/runs/RUN_2025.05.26_20.08.46/logs/signoff/38-spice.log}"

Mon May 26 20:09:21 +0000 2025 - Executing "{openroad -exit -no_init -python /openlane/scripts/odbpy/power_utils.py write_powered_def --output /openlane/designs/Lab3/runs/RUN_2025.05.26_20.08.46/tmp/signoff/38-ZeroToFiveCounter.p.def --input-lef /openlane/designs/Lab3/runs/RUN_2025.05.26_20.08.46/tmp/merged.nom.lef --power-port VPWR --ground-port VGND --powered-netlist {} /openlane/designs/Lab3/runs/RUN_2025.05.26_20.08.46/results/routing/ZeroToFiveCounter.def |& tee /dev/null /openlane/designs/Lab3/runs/RUN_2025.05.26_20.08.46/logs/signoff/39-write_powered_def.log}"

Mon May 26 20:09:22 +0000 2025 - Executing "openroad -exit /openlane/scripts/openroad/write_views.tcl |& tee /dev/null /openlane/designs/Lab3/runs/RUN_2025.05.26_20.08.46/logs/signoff/39-write_powered_verilog.log"

Mon May 26 20:09:22 +0000 2025 - Executing "{openroad -exit /openlane/scripts/openroad/write_views.tcl |& tee /dev/null /openlane/designs/Lab3/runs/RUN_2025.05.26_20.08.46/logs/signoff/39-write_powered_verilog.log}"

Mon May 26 20:09:22 +0000 2025 - Executing "{sed -i.bak -e {s/\(set ::env(CURRENT_NETLIST)\).*/\1 \/openlane\/designs\/Lab3\/runs\/RUN_2025.05.26_20.08.46\/tmp\/signoff\/38-ZeroToFiveCounter.nl.v/} /openlane/designs/Lab3/runs/RUN_2025.05.26_20.08.46/config.tcl}"

Mon May 26 20:09:22 +0000 2025 - Executing "{netgen -batch source /openlane/designs/Lab3/runs/RUN_2025.05.26_20.08.46/tmp/signoff/41-setup_file.lef.lvs |& tee /dev/null /openlane/designs/Lab3/runs/RUN_2025.05.26_20.08.46/logs/signoff/41-lvs.lef.log}"

Mon May 26 20:09:22 +0000 2025 - Executing "magic -noconsole -dnull -rcfile /home/berks/.volare/sky130A/libs.tech/magic/sky130A.magicrc < /openlane/scripts/magic/wrapper.tcl |& tee /dev/null /openlane/designs/Lab3/runs/RUN_2025.05.26_20.08.46/logs/signoff/42-drc.log"

Mon May 26 20:09:22 +0000 2025 - Executing "{magic -noconsole -dnull -rcfile /home/berks/.volare/sky130A/libs.tech/magic/sky130A.magicrc < /openlane/scripts/magic/wrapper.tcl |& tee /dev/null /openlane/designs/Lab3/runs/RUN_2025.05.26_20.08.46/logs/signoff/42-drc.log}"

Mon May 26 20:09:23 +0000 2025 - Executing "{python3 /openlane/scripts/drc_rosetta.py magic to_tcl -o /openlane/designs/Lab3/runs/RUN_2025.05.26_20.08.46/reports/signoff/drc.tcl /openlane/designs/Lab3/runs/RUN_2025.05.26_20.08.46/reports/signoff/drc.rpt}"

Mon May 26 20:09:23 +0000 2025 - Executing "{python3 /openlane/scripts/drc_rosetta.py magic to_tr -o /openlane/designs/Lab3/runs/RUN_2025.05.26_20.08.46/reports/signoff/drc.tr /openlane/designs/Lab3/runs/RUN_2025.05.26_20.08.46/reports/signoff/drc.rpt}"

Mon May 26 20:09:23 +0000 2025 - Executing "{python3 /openlane/scripts/drc_rosetta.py tr to_klayout -o /openlane/designs/Lab3/runs/RUN_2025.05.26_20.08.46/reports/signoff/drc.klayout.xml --design-name ZeroToFiveCounter /openlane/designs/Lab3/runs/RUN_2025.05.26_20.08.46/reports/signoff/drc.tr}"

Mon May 26 20:09:23 +0000 2025 - Executing "{python3 /openlane/scripts/drc_rosetta.py magic to_rdb -o /openlane/designs/Lab3/runs/RUN_2025.05.26_20.08.46/reports/signoff/drc.rdb /openlane/designs/Lab3/runs/RUN_2025.05.26_20.08.46/reports/signoff/drc.rpt}"

Mon May 26 20:09:23 +0000 2025 - Executing "{klayout -b -zz -r /home/berks/.volare/sky130A/libs.tech/klayout/drc/sky130A_mr.drc -rd topcell=ZeroToFiveCounter -rd input=/openlane/designs/Lab3/runs/RUN_2025.05.26_20.08.46/results/signoff/ZeroToFiveCounter.gds -rd report=/openlane/designs/Lab3/runs/RUN_2025.05.26_20.08.46/reports/signoff/violations.xml -rd feol=true -rd beol=true -rd floating_metal=false -rd seal=true -rd thread=1 |& tee /dev/null /openlane/designs/Lab3/runs/RUN_2025.05.26_20.08.46/logs/signoff/43-drc-klayout.log}"

Mon May 26 20:09:24 +0000 2025 - Executing "{python3 /openlane/scripts/klayout/xml_drc_report_to_json.py --xml-file /openlane/designs/Lab3/runs/RUN_2025.05.26_20.08.46/reports/signoff/violations.xml --json-file /openlane/designs/Lab3/runs/RUN_2025.05.26_20.08.46/reports/signoff/violations.json}"

Mon May 26 20:09:24 +0000 2025 - Executing "openroad -exit /openlane/scripts/openroad/antenna_check.tcl |& tee /dev/null /openlane/designs/Lab3/runs/RUN_2025.05.26_20.08.46/logs/signoff/44-arc.log"

Mon May 26 20:09:24 +0000 2025 - Executing "{openroad -exit /openlane/scripts/openroad/antenna_check.tcl |& tee /dev/null /openlane/designs/Lab3/runs/RUN_2025.05.26_20.08.46/logs/signoff/44-arc.log}"

Mon May 26 20:09:24 +0000 2025 - Executing "{python3 /openlane/scripts/extract_antenna_violators.py --output /openlane/designs/Lab3/runs/RUN_2025.05.26_20.08.46/reports/signoff/44-antenna_violators.rpt --plain-out /openlane/designs/Lab3/runs/RUN_2025.05.26_20.08.46/reports/signoff/44-antenna_violators_pins.txt /openlane/designs/Lab3/runs/RUN_2025.05.26_20.08.46/logs/signoff/44-arc.log}"

Mon May 26 20:09:24 +0000 2025 - Executing "{python3 /openlane/scripts/write_runtime.py --conclude --seconds --time-in 1748290164 {flow completed}}"

Mon May 26 20:09:24 +0000 2025 - Executing "{python3 /openlane/scripts/generate_reports.py -d /openlane/designs/Lab3 --design_name ZeroToFiveCounter --tag RUN_2025.05.26_20.08.46 --output_file /openlane/designs/Lab3/runs/RUN_2025.05.26_20.08.46/reports/metrics.csv --man_report /openlane/designs/Lab3/runs/RUN_2025.05.26_20.08.46/reports/manufacturability.rpt --run_path /openlane/designs/Lab3/runs/RUN_2025.05.26_20.08.46}"

Mon May 26 20:09:25 +0000 2025 - Executing "{python3 /openlane/scripts/write_runtime.py --conclude --seconds --time-in 1748290165 {flow failed}}"

Mon May 26 20:09:25 +0000 2025 - Executing "{python3 /openlane/scripts/generate_reports.py -d /openlane/designs/Lab3 --design_name ZeroToFiveCounter --tag RUN_2025.05.26_20.08.46 --output_file /openlane/designs/Lab3/runs/RUN_2025.05.26_20.08.46/reports/metrics.csv --man_report /openlane/designs/Lab3/runs/RUN_2025.05.26_20.08.46/reports/manufacturability.rpt --run_path /openlane/designs/Lab3/runs/RUN_2025.05.26_20.08.46}"

