
===========================================================================
 report_power
============================================================================
======================= Fastest Corner ===================================

Group                  Internal  Switching    Leakage      Total
                          Power      Power      Power      Power (Watts)
----------------------------------------------------------------
Sequential             4.28e-05   1.27e-06   1.16e-10   4.41e-05  24.0%
Combinational          2.65e-05   3.70e-05   6.26e-10   6.35e-05  34.6%
Clock                  5.89e-05   1.70e-05   4.40e-10   7.59e-05  41.3%
Macro                  0.00e+00   0.00e+00   0.00e+00   0.00e+00   0.0%
Pad                    0.00e+00   0.00e+00   0.00e+00   0.00e+00   0.0%
----------------------------------------------------------------
Total                  1.28e-04   5.53e-05   1.18e-09   1.83e-04 100.0%
                          69.8%      30.2%       0.0%

======================= Slowest Corner ===================================

Group                  Internal  Switching    Leakage      Total
                          Power      Power      Power      Power (Watts)
----------------------------------------------------------------
Sequential             2.91e-05   8.31e-07   1.17e-07   3.00e-05  23.5%
Combinational          1.98e-05   2.46e-05   5.21e-07   4.50e-05  35.2%
Clock                  4.16e-05   1.10e-05   5.73e-08   5.26e-05  41.2%
Macro                  0.00e+00   0.00e+00   0.00e+00   0.00e+00   0.0%
Pad                    0.00e+00   0.00e+00   0.00e+00   0.00e+00   0.0%
----------------------------------------------------------------
Total                  9.05e-05   3.64e-05   6.95e-07   1.28e-04 100.0%
                          70.9%      28.5%       0.5%

======================= Typical Corner ===================================

Group                  Internal  Switching    Leakage      Total
                          Power      Power      Power      Power (Watts)
----------------------------------------------------------------
Sequential             3.70e-05   1.07e-06   6.74e-11   3.81e-05  23.9%
Combinational          2.41e-05   3.14e-05   4.11e-10   5.55e-05  34.9%
Clock                  5.12e-05   1.43e-05   2.85e-10   6.55e-05  41.2%
Macro                  0.00e+00   0.00e+00   0.00e+00   0.00e+00   0.0%
Pad                    0.00e+00   0.00e+00   0.00e+00   0.00e+00   0.0%
----------------------------------------------------------------
Total                  1.12e-04   4.67e-05   7.63e-10   1.59e-04 100.0%
                          70.6%      29.4%       0.0%

