
 /----------------------------------------------------------------------------\
 |                                                                            |
 |  yosys -- Yosys Open SYnthesis Suite                                       |
 |                                                                            |
 |  Copyright (C) 2012 - 2020  Claire Xenia Wolf <claire@yosyshq.com>         |
 |                                                                            |
 |  Permission to use, copy, modify, and/or distribute this software for any  |
 |  purpose with or without fee is hereby granted, provided that the above    |
 |  copyright notice and this permission notice appear in all copies.         |
 |                                                                            |
 |  THE SOFTWARE IS PROVIDED "AS IS" AND THE AUTHOR DISCLAIMS ALL WARRANTIES  |
 |  WITH REGARD TO THIS SOFTWARE INCLUDING ALL IMPLIED WARRANTIES OF          |
 |  MERCHANTABILITY AND FITNESS. IN NO EVENT SHALL THE AUTHOR BE LIABLE FOR   |
 |  ANY SPECIAL, DIRECT, INDIRECT, OR CONSEQUENTIAL DAMAGES OR ANY DAMAGES    |
 |  WHATSOEVER RESULTING FROM LOSS OF USE, DATA OR PROFITS, WHETHER IN AN     |
 |  ACTION OF CONTRACT, NEGLIGENCE OR OTHER TORTIOUS ACTION, ARISING OUT OF   |
 |  OR IN CONNECTION WITH THE USE OR PERFORMANCE OF THIS SOFTWARE.            |
 |                                                                            |
 \----------------------------------------------------------------------------/

 Yosys 0.38 (git sha1 543faed9c8c, clang++ 17.0.6 -fPIC -Os)

[TCL: yosys -import] Command name collision: found pre-existing command `cd' -> skip.
[TCL: yosys -import] Command name collision: found pre-existing command `eval' -> skip.
[TCL: yosys -import] Command name collision: found pre-existing command `exec' -> skip.
[TCL: yosys -import] Command name collision: found pre-existing command `read' -> skip.
[TCL: yosys -import] Command name collision: found pre-existing command `trace' -> skip.

1. Executing Liberty frontend: /home/berks/.volare/sky130A/libs.ref/sky130_fd_sc_hd/lib/sky130_fd_sc_hd__tt_025C_1v80.lib
Imported 428 cell types from liberty file.

2. Executing Verilog-2005 frontend: /openlane/designs/Lab5/src/alu.v
Parsing SystemVerilog input from `/openlane/designs/Lab5/src/alu.v' to AST representation.
Storing AST representation for module `$abstract\alu'.
Successfully finished Verilog frontend.

3. Executing Verilog-2005 frontend: /openlane/designs/Lab5/src/instr_decoder.v
Parsing SystemVerilog input from `/openlane/designs/Lab5/src/instr_decoder.v' to AST representation.
Storing AST representation for module `$abstract\instr_decoder'.
Successfully finished Verilog frontend.

4. Executing Verilog-2005 frontend: /openlane/designs/Lab5/src/instr_mem.v
Parsing SystemVerilog input from `/openlane/designs/Lab5/src/instr_mem.v' to AST representation.
Storing AST representation for module `$abstract\instr_mem'.
Successfully finished Verilog frontend.

5. Executing Verilog-2005 frontend: /openlane/designs/Lab5/src/pc_counter.v
Parsing SystemVerilog input from `/openlane/designs/Lab5/src/pc_counter.v' to AST representation.
Storing AST representation for module `$abstract\pc_counter'.
Successfully finished Verilog frontend.

6. Executing Verilog-2005 frontend: /openlane/designs/Lab5/src/reg_file.v
Parsing SystemVerilog input from `/openlane/designs/Lab5/src/reg_file.v' to AST representation.
Storing AST representation for module `$abstract\reg_file'.
Successfully finished Verilog frontend.

7. Executing Verilog-2005 frontend: /openlane/designs/Lab5/src/semi_cpu_top.v
Parsing SystemVerilog input from `/openlane/designs/Lab5/src/semi_cpu_top.v' to AST representation.
Storing AST representation for module `$abstract\semi_cpu_top'.
Successfully finished Verilog frontend.

8. Executing HIERARCHY pass (managing design hierarchy).

9. Executing AST frontend in derive mode using pre-parsed AST for module `\semi_cpu_top'.
Generating RTLIL representation for module `\semi_cpu_top'.

9.1. Analyzing design hierarchy..
Top module:  \semi_cpu_top

9.2. Executing AST frontend in derive mode using pre-parsed AST for module `\alu'.
Generating RTLIL representation for module `\alu'.

9.3. Executing AST frontend in derive mode using pre-parsed AST for module `\reg_file'.
Generating RTLIL representation for module `\reg_file'.
Warning: Replacing memory \regs with list of registers. See /openlane/designs/Lab5/src/reg_file.v:18

9.4. Executing AST frontend in derive mode using pre-parsed AST for module `\instr_decoder'.
Generating RTLIL representation for module `\instr_decoder'.

9.5. Executing AST frontend in derive mode using pre-parsed AST for module `\instr_mem'.
Generating RTLIL representation for module `\instr_mem'.

9.6. Executing AST frontend in derive mode using pre-parsed AST for module `\pc_counter'.
Generating RTLIL representation for module `\pc_counter'.

9.7. Analyzing design hierarchy..
Top module:  \semi_cpu_top
Used module:     \alu
Used module:     \reg_file
Used module:     \instr_decoder
Used module:     \instr_mem
Used module:     \pc_counter

9.8. Analyzing design hierarchy..
Top module:  \semi_cpu_top
Used module:     \alu
Used module:     \reg_file
Used module:     \instr_decoder
Used module:     \instr_mem
Used module:     \pc_counter
Removing unused module `$abstract\semi_cpu_top'.
Removing unused module `$abstract\reg_file'.
Removing unused module `$abstract\pc_counter'.
Removing unused module `$abstract\instr_mem'.
Removing unused module `$abstract\instr_decoder'.
Removing unused module `$abstract\alu'.
Removed 6 unused modules.

10. Generating Graphviz representation of design.
Writing dot description to `/openlane/designs/Lab5/runs/RUN_2025.06.17_22.11.30/tmp/synthesis/hierarchy.dot'.
Dumping module semi_cpu_top to page 1.
Renaming module semi_cpu_top to semi_cpu_top.

11. Executing TRIBUF pass.

12. Executing HIERARCHY pass (managing design hierarchy).

12.1. Analyzing design hierarchy..
Top module:  \semi_cpu_top
Used module:     \alu
Used module:     \reg_file
Used module:     \instr_decoder
Used module:     \instr_mem
Used module:     \pc_counter

12.2. Analyzing design hierarchy..
Top module:  \semi_cpu_top
Used module:     \alu
Used module:     \reg_file
Used module:     \instr_decoder
Used module:     \instr_mem
Used module:     \pc_counter
Removed 0 unused modules.

13. Executing PROC_CLEAN pass (remove empty switches from decision trees).
Cleaned up 0 empty switches.

14. Executing PROC_RMDEAD pass (remove dead branches from decision trees).
Marked 1 switch rules as full_case in process $proc$/openlane/designs/Lab5/src/instr_mem.v:16$50 in module instr_mem.
Removed 1 dead cases from process $proc$/openlane/designs/Lab5/src/reg_file.v:0$41 in module reg_file.
Marked 1 switch rules as full_case in process $proc$/openlane/designs/Lab5/src/reg_file.v:0$41 in module reg_file.
Removed 1 dead cases from process $proc$/openlane/designs/Lab5/src/reg_file.v:0$38 in module reg_file.
Marked 1 switch rules as full_case in process $proc$/openlane/designs/Lab5/src/reg_file.v:0$38 in module reg_file.
Removed 1 dead cases from process $proc$/openlane/designs/Lab5/src/reg_file.v:15$17 in module reg_file.
Marked 4 switch rules as full_case in process $proc$/openlane/designs/Lab5/src/reg_file.v:15$17 in module reg_file.
Marked 1 switch rules as full_case in process $proc$/openlane/designs/Lab5/src/alu.v:8$6 in module alu.
Marked 1 switch rules as full_case in process $proc$/openlane/designs/Lab5/src/pc_counter.v:8$66 in module pc_counter.
Removed a total of 3 dead cases.

15. Executing PROC_PRUNE pass (remove redundant assignments in processes).
Removed 0 redundant assignments.
Promoted 15 assignments to connections.

16. Executing PROC_INIT pass (extract init attributes).

17. Executing PROC_ARST pass (detect async resets in processes).
Found async reset \reset in `\reg_file.$proc$/openlane/designs/Lab5/src/reg_file.v:15$17'.
Found async reset \reset in `\pc_counter.$proc$/openlane/designs/Lab5/src/pc_counter.v:8$66'.

18. Executing PROC_ROM pass (convert switches to ROMs).
Converted 0 switches.
<suppressed ~8 debug messages>

19. Executing PROC_MUX pass (convert decision trees to multiplexers).
Creating decoders for process `\instr_mem.$proc$/openlane/designs/Lab5/src/instr_mem.v:0$59'.
Creating decoders for process `\instr_mem.$proc$/openlane/designs/Lab5/src/instr_mem.v:16$50'.
     1/1: $1\instr[31:0]
Creating decoders for process `\reg_file.$proc$/openlane/designs/Lab5/src/reg_file.v:0$41'.
     1/1: $1$mem2reg_rd$\regs$/openlane/designs/Lab5/src/reg_file.v:25$16_DATA[31:0]$43
Creating decoders for process `\reg_file.$proc$/openlane/designs/Lab5/src/reg_file.v:0$38'.
     1/1: $1$mem2reg_rd$\regs$/openlane/designs/Lab5/src/reg_file.v:24$15_DATA[31:0]$40
Creating decoders for process `\reg_file.$proc$/openlane/designs/Lab5/src/reg_file.v:15$17'.
     1/42: $3$mem2reg_rd$\regs$/openlane/designs/Lab5/src/reg_file.v:21$14_DATA[31:0]$32
     2/42: $2$mem2reg_wr$\regs$/openlane/designs/Lab5/src/reg_file.v:21$13_ADDR[4:0]$28
     3/42: $2$mem2reg_wr$\regs$/openlane/designs/Lab5/src/reg_file.v:21$13_DATA[31:0]$29
     4/42: $2$mem2reg_rd$\regs$/openlane/designs/Lab5/src/reg_file.v:21$14_DATA[31:0]$31
     5/42: $2$mem2reg_rd$\regs$/openlane/designs/Lab5/src/reg_file.v:21$14_ADDR[4:0]$30
     6/42: $1$mem2reg_rd$\regs$/openlane/designs/Lab5/src/reg_file.v:21$14_DATA[31:0]$25
     7/42: $1$mem2reg_rd$\regs$/openlane/designs/Lab5/src/reg_file.v:21$14_ADDR[4:0]$24
     8/42: $1$mem2reg_wr$\regs$/openlane/designs/Lab5/src/reg_file.v:21$13_DATA[31:0]$23
     9/42: $1$mem2reg_wr$\regs$/openlane/designs/Lab5/src/reg_file.v:21$13_ADDR[4:0]$22
    10/42: $1\i[31:0]
    11/42: $0\regs[31][31:0]
    12/42: $0\regs[30][31:0]
    13/42: $0\regs[29][31:0]
    14/42: $0\regs[28][31:0]
    15/42: $0\regs[27][31:0]
    16/42: $0\regs[26][31:0]
    17/42: $0\regs[25][31:0]
    18/42: $0\regs[24][31:0]
    19/42: $0\regs[23][31:0]
    20/42: $0\regs[22][31:0]
    21/42: $0\regs[21][31:0]
    22/42: $0\regs[20][31:0]
    23/42: $0\regs[19][31:0]
    24/42: $0\regs[18][31:0]
    25/42: $0\regs[17][31:0]
    26/42: $0\regs[16][31:0]
    27/42: $0\regs[15][31:0]
    28/42: $0\regs[14][31:0]
    29/42: $0\regs[13][31:0]
    30/42: $0\regs[12][31:0]
    31/42: $0\regs[11][31:0]
    32/42: $0\regs[10][31:0]
    33/42: $0\regs[9][31:0]
    34/42: $0\regs[8][31:0]
    35/42: $0\regs[7][31:0]
    36/42: $0\regs[6][31:0]
    37/42: $0\regs[5][31:0]
    38/42: $0\regs[4][31:0]
    39/42: $0\regs[3][31:0]
    40/42: $0\regs[2][31:0]
    41/42: $0\regs[1][31:0]
    42/42: $0\regs[0][31:0]
Creating decoders for process `\alu.$proc$/openlane/designs/Lab5/src/alu.v:8$6'.
     1/1: $1\res[31:0]
Creating decoders for process `\pc_counter.$proc$/openlane/designs/Lab5/src/pc_counter.v:8$66'.
     1/1: $0\pc[31:0]

20. Executing PROC_DLATCH pass (convert process syncs to latches).
No latch inferred for signal `\instr_mem.$memwr$\mem$/openlane/designs/Lab5/src/instr_mem.v:9$44_EN' from process `\instr_mem.$proc$/openlane/designs/Lab5/src/instr_mem.v:0$59'.
No latch inferred for signal `\instr_mem.$memwr$\mem$/openlane/designs/Lab5/src/instr_mem.v:10$45_EN' from process `\instr_mem.$proc$/openlane/designs/Lab5/src/instr_mem.v:0$59'.
No latch inferred for signal `\instr_mem.$memwr$\mem$/openlane/designs/Lab5/src/instr_mem.v:11$46_EN' from process `\instr_mem.$proc$/openlane/designs/Lab5/src/instr_mem.v:0$59'.
No latch inferred for signal `\instr_mem.$memwr$\mem$/openlane/designs/Lab5/src/instr_mem.v:12$47_EN' from process `\instr_mem.$proc$/openlane/designs/Lab5/src/instr_mem.v:0$59'.
No latch inferred for signal `\instr_mem.$memwr$\mem$/openlane/designs/Lab5/src/instr_mem.v:13$48_EN' from process `\instr_mem.$proc$/openlane/designs/Lab5/src/instr_mem.v:0$59'.
No latch inferred for signal `\instr_mem.$memwr$\mem$/openlane/designs/Lab5/src/instr_mem.v:14$49_EN' from process `\instr_mem.$proc$/openlane/designs/Lab5/src/instr_mem.v:0$59'.
No latch inferred for signal `\instr_mem.\instr' from process `\instr_mem.$proc$/openlane/designs/Lab5/src/instr_mem.v:16$50'.
No latch inferred for signal `\reg_file.$mem2reg_rd$\regs$/openlane/designs/Lab5/src/reg_file.v:25$16_DATA' from process `\reg_file.$proc$/openlane/designs/Lab5/src/reg_file.v:0$41'.
No latch inferred for signal `\reg_file.$mem2reg_rd$\regs$/openlane/designs/Lab5/src/reg_file.v:24$15_DATA' from process `\reg_file.$proc$/openlane/designs/Lab5/src/reg_file.v:0$38'.
No latch inferred for signal `\alu.\res' from process `\alu.$proc$/openlane/designs/Lab5/src/alu.v:8$6'.

21. Executing PROC_DFF pass (convert process syncs to FFs).
Creating register for signal `\reg_file.\i' using process `\reg_file.$proc$/openlane/designs/Lab5/src/reg_file.v:15$17'.
  created $adff cell `$procdff$851' with positive edge clock and positive level reset.
Creating register for signal `\reg_file.\regs[0]' using process `\reg_file.$proc$/openlane/designs/Lab5/src/reg_file.v:15$17'.
  created $adff cell `$procdff$852' with positive edge clock and positive level reset.
Creating register for signal `\reg_file.\regs[1]' using process `\reg_file.$proc$/openlane/designs/Lab5/src/reg_file.v:15$17'.
  created $adff cell `$procdff$853' with positive edge clock and positive level reset.
Creating register for signal `\reg_file.\regs[2]' using process `\reg_file.$proc$/openlane/designs/Lab5/src/reg_file.v:15$17'.
  created $adff cell `$procdff$854' with positive edge clock and positive level reset.
Creating register for signal `\reg_file.\regs[3]' using process `\reg_file.$proc$/openlane/designs/Lab5/src/reg_file.v:15$17'.
  created $adff cell `$procdff$855' with positive edge clock and positive level reset.
Creating register for signal `\reg_file.\regs[4]' using process `\reg_file.$proc$/openlane/designs/Lab5/src/reg_file.v:15$17'.
  created $adff cell `$procdff$856' with positive edge clock and positive level reset.
Creating register for signal `\reg_file.\regs[5]' using process `\reg_file.$proc$/openlane/designs/Lab5/src/reg_file.v:15$17'.
  created $adff cell `$procdff$857' with positive edge clock and positive level reset.
Creating register for signal `\reg_file.\regs[6]' using process `\reg_file.$proc$/openlane/designs/Lab5/src/reg_file.v:15$17'.
  created $adff cell `$procdff$858' with positive edge clock and positive level reset.
Creating register for signal `\reg_file.\regs[7]' using process `\reg_file.$proc$/openlane/designs/Lab5/src/reg_file.v:15$17'.
  created $adff cell `$procdff$859' with positive edge clock and positive level reset.
Creating register for signal `\reg_file.\regs[8]' using process `\reg_file.$proc$/openlane/designs/Lab5/src/reg_file.v:15$17'.
  created $adff cell `$procdff$860' with positive edge clock and positive level reset.
Creating register for signal `\reg_file.\regs[9]' using process `\reg_file.$proc$/openlane/designs/Lab5/src/reg_file.v:15$17'.
  created $adff cell `$procdff$861' with positive edge clock and positive level reset.
Creating register for signal `\reg_file.\regs[10]' using process `\reg_file.$proc$/openlane/designs/Lab5/src/reg_file.v:15$17'.
  created $adff cell `$procdff$862' with positive edge clock and positive level reset.
Creating register for signal `\reg_file.\regs[11]' using process `\reg_file.$proc$/openlane/designs/Lab5/src/reg_file.v:15$17'.
  created $adff cell `$procdff$863' with positive edge clock and positive level reset.
Creating register for signal `\reg_file.\regs[12]' using process `\reg_file.$proc$/openlane/designs/Lab5/src/reg_file.v:15$17'.
  created $adff cell `$procdff$864' with positive edge clock and positive level reset.
Creating register for signal `\reg_file.\regs[13]' using process `\reg_file.$proc$/openlane/designs/Lab5/src/reg_file.v:15$17'.
  created $adff cell `$procdff$865' with positive edge clock and positive level reset.
Creating register for signal `\reg_file.\regs[14]' using process `\reg_file.$proc$/openlane/designs/Lab5/src/reg_file.v:15$17'.
  created $adff cell `$procdff$866' with positive edge clock and positive level reset.
Creating register for signal `\reg_file.\regs[15]' using process `\reg_file.$proc$/openlane/designs/Lab5/src/reg_file.v:15$17'.
  created $adff cell `$procdff$867' with positive edge clock and positive level reset.
Creating register for signal `\reg_file.\regs[16]' using process `\reg_file.$proc$/openlane/designs/Lab5/src/reg_file.v:15$17'.
  created $adff cell `$procdff$868' with positive edge clock and positive level reset.
Creating register for signal `\reg_file.\regs[17]' using process `\reg_file.$proc$/openlane/designs/Lab5/src/reg_file.v:15$17'.
  created $adff cell `$procdff$869' with positive edge clock and positive level reset.
Creating register for signal `\reg_file.\regs[18]' using process `\reg_file.$proc$/openlane/designs/Lab5/src/reg_file.v:15$17'.
  created $adff cell `$procdff$870' with positive edge clock and positive level reset.
Creating register for signal `\reg_file.\regs[19]' using process `\reg_file.$proc$/openlane/designs/Lab5/src/reg_file.v:15$17'.
  created $adff cell `$procdff$871' with positive edge clock and positive level reset.
Creating register for signal `\reg_file.\regs[20]' using process `\reg_file.$proc$/openlane/designs/Lab5/src/reg_file.v:15$17'.
  created $adff cell `$procdff$872' with positive edge clock and positive level reset.
Creating register for signal `\reg_file.\regs[21]' using process `\reg_file.$proc$/openlane/designs/Lab5/src/reg_file.v:15$17'.
  created $adff cell `$procdff$873' with positive edge clock and positive level reset.
Creating register for signal `\reg_file.\regs[22]' using process `\reg_file.$proc$/openlane/designs/Lab5/src/reg_file.v:15$17'.
  created $adff cell `$procdff$874' with positive edge clock and positive level reset.
Creating register for signal `\reg_file.\regs[23]' using process `\reg_file.$proc$/openlane/designs/Lab5/src/reg_file.v:15$17'.
  created $adff cell `$procdff$875' with positive edge clock and positive level reset.
Creating register for signal `\reg_file.\regs[24]' using process `\reg_file.$proc$/openlane/designs/Lab5/src/reg_file.v:15$17'.
  created $adff cell `$procdff$876' with positive edge clock and positive level reset.
Creating register for signal `\reg_file.\regs[25]' using process `\reg_file.$proc$/openlane/designs/Lab5/src/reg_file.v:15$17'.
  created $adff cell `$procdff$877' with positive edge clock and positive level reset.
Creating register for signal `\reg_file.\regs[26]' using process `\reg_file.$proc$/openlane/designs/Lab5/src/reg_file.v:15$17'.
  created $adff cell `$procdff$878' with positive edge clock and positive level reset.
Creating register for signal `\reg_file.\regs[27]' using process `\reg_file.$proc$/openlane/designs/Lab5/src/reg_file.v:15$17'.
  created $adff cell `$procdff$879' with positive edge clock and positive level reset.
Creating register for signal `\reg_file.\regs[28]' using process `\reg_file.$proc$/openlane/designs/Lab5/src/reg_file.v:15$17'.
  created $adff cell `$procdff$880' with positive edge clock and positive level reset.
Creating register for signal `\reg_file.\regs[29]' using process `\reg_file.$proc$/openlane/designs/Lab5/src/reg_file.v:15$17'.
  created $adff cell `$procdff$881' with positive edge clock and positive level reset.
Creating register for signal `\reg_file.\regs[30]' using process `\reg_file.$proc$/openlane/designs/Lab5/src/reg_file.v:15$17'.
  created $adff cell `$procdff$882' with positive edge clock and positive level reset.
Creating register for signal `\reg_file.\regs[31]' using process `\reg_file.$proc$/openlane/designs/Lab5/src/reg_file.v:15$17'.
  created $adff cell `$procdff$883' with positive edge clock and positive level reset.
Creating register for signal `\reg_file.$mem2reg_wr$\regs$/openlane/designs/Lab5/src/reg_file.v:21$13_ADDR' using process `\reg_file.$proc$/openlane/designs/Lab5/src/reg_file.v:15$17'.
  created $adff cell `$procdff$884' with positive edge clock and positive level reset.
Creating register for signal `\reg_file.$mem2reg_wr$\regs$/openlane/designs/Lab5/src/reg_file.v:21$13_DATA' using process `\reg_file.$proc$/openlane/designs/Lab5/src/reg_file.v:15$17'.
  created $adff cell `$procdff$885' with positive edge clock and positive level reset.
Creating register for signal `\reg_file.$mem2reg_rd$\regs$/openlane/designs/Lab5/src/reg_file.v:21$14_ADDR' using process `\reg_file.$proc$/openlane/designs/Lab5/src/reg_file.v:15$17'.
  created $adff cell `$procdff$886' with positive edge clock and positive level reset.
Creating register for signal `\reg_file.$mem2reg_rd$\regs$/openlane/designs/Lab5/src/reg_file.v:21$14_DATA' using process `\reg_file.$proc$/openlane/designs/Lab5/src/reg_file.v:15$17'.
  created $adff cell `$procdff$887' with positive edge clock and positive level reset.
Creating register for signal `\pc_counter.\pc' using process `\pc_counter.$proc$/openlane/designs/Lab5/src/pc_counter.v:8$66'.
  created $adff cell `$procdff$888' with positive edge clock and positive level reset.

22. Executing PROC_MEMWR pass (convert process memory writes to cells).

23. Executing PROC_CLEAN pass (remove empty switches from decision trees).
Removing empty process `instr_mem.$proc$/openlane/designs/Lab5/src/instr_mem.v:0$59'.
Found and cleaned up 1 empty switch in `\instr_mem.$proc$/openlane/designs/Lab5/src/instr_mem.v:16$50'.
Removing empty process `instr_mem.$proc$/openlane/designs/Lab5/src/instr_mem.v:16$50'.
Found and cleaned up 1 empty switch in `\reg_file.$proc$/openlane/designs/Lab5/src/reg_file.v:0$41'.
Removing empty process `reg_file.$proc$/openlane/designs/Lab5/src/reg_file.v:0$41'.
Found and cleaned up 1 empty switch in `\reg_file.$proc$/openlane/designs/Lab5/src/reg_file.v:0$38'.
Removing empty process `reg_file.$proc$/openlane/designs/Lab5/src/reg_file.v:0$38'.
Found and cleaned up 3 empty switches in `\reg_file.$proc$/openlane/designs/Lab5/src/reg_file.v:15$17'.
Removing empty process `reg_file.$proc$/openlane/designs/Lab5/src/reg_file.v:15$17'.
Found and cleaned up 1 empty switch in `\alu.$proc$/openlane/designs/Lab5/src/alu.v:8$6'.
Removing empty process `alu.$proc$/openlane/designs/Lab5/src/alu.v:8$6'.
Found and cleaned up 1 empty switch in `\pc_counter.$proc$/openlane/designs/Lab5/src/pc_counter.v:8$66'.
Removing empty process `pc_counter.$proc$/openlane/designs/Lab5/src/pc_counter.v:8$66'.
Cleaned up 8 empty switches.

24. Executing CHECK pass (checking for obvious problems).
Checking module semi_cpu_top...
Checking module instr_mem...
Checking module instr_decoder...
Checking module reg_file...
Checking module alu...
Checking module pc_counter...
Found and reported 0 problems.

25. Executing OPT_EXPR pass (perform const folding).
Optimizing module semi_cpu_top.
Optimizing module instr_mem.
Optimizing module instr_decoder.
Optimizing module reg_file.
<suppressed ~7 debug messages>
Optimizing module alu.
Optimizing module pc_counter.

26. Executing FLATTEN pass (flatten design).
Deleting now unused module instr_mem.
Deleting now unused module instr_decoder.
Deleting now unused module reg_file.
Deleting now unused module alu.
Deleting now unused module pc_counter.
<suppressed ~5 debug messages>

27. Executing OPT_EXPR pass (perform const folding).
Optimizing module semi_cpu_top.

28. Executing OPT_CLEAN pass (remove unused cells and wires).
Finding unused cells or wires in module \semi_cpu_top..
Removed 9 unused cells and 126 unused wires.
<suppressed ~11 debug messages>

29. Executing OPT pass (performing simple optimizations).

29.1. Executing OPT_EXPR pass (perform const folding).
Optimizing module semi_cpu_top.

29.2. Executing OPT_MERGE pass (detect identical cells).
Finding identical cells in module `\semi_cpu_top'.
<suppressed ~108 debug messages>
Removed a total of 36 cells.

29.3. Executing OPT_MUXTREE pass (detect dead branches in mux trees).
Running muxtree optimizer on module \semi_cpu_top..
  Creating internal representation of mux trees.
  Evaluating internal representation of mux trees.
  Analyzing evaluation results.
    dead port 32/33 on $pmux $flatten\RF0.$procmux$104.
    dead port 32/33 on $pmux $flatten\RF0.$procmux$71.
Removed 2 multiplexer ports.
<suppressed ~38 debug messages>

29.4. Executing OPT_REDUCE pass (consolidate $*mux and $reduce_* inputs).
  Optimizing cells in module \semi_cpu_top.
Performed a total of 0 changes.

29.5. Executing OPT_MERGE pass (detect identical cells).
Finding identical cells in module `\semi_cpu_top'.
Removed a total of 0 cells.

29.6. Executing OPT_DFF pass (perform DFF optimizations).

29.7. Executing OPT_CLEAN pass (remove unused cells and wires).
Finding unused cells or wires in module \semi_cpu_top..
Removed 0 unused cells and 36 unused wires.
<suppressed ~1 debug messages>

29.8. Executing OPT_EXPR pass (perform const folding).
Optimizing module semi_cpu_top.

29.9. Rerunning OPT passes. (Maybe there is more to do..)

29.10. Executing OPT_MUXTREE pass (detect dead branches in mux trees).
Running muxtree optimizer on module \semi_cpu_top..
  Creating internal representation of mux trees.
  Evaluating internal representation of mux trees.
  Analyzing evaluation results.
Removed 0 multiplexer ports.
<suppressed ~38 debug messages>

29.11. Executing OPT_REDUCE pass (consolidate $*mux and $reduce_* inputs).
  Optimizing cells in module \semi_cpu_top.
Performed a total of 0 changes.

29.12. Executing OPT_MERGE pass (detect identical cells).
Finding identical cells in module `\semi_cpu_top'.
Removed a total of 0 cells.

29.13. Executing OPT_DFF pass (perform DFF optimizations).

29.14. Executing OPT_CLEAN pass (remove unused cells and wires).
Finding unused cells or wires in module \semi_cpu_top..

29.15. Executing OPT_EXPR pass (perform const folding).
Optimizing module semi_cpu_top.

29.16. Finished OPT passes. (There is nothing left to do.)

30. Executing FSM pass (extract and optimize FSM).

30.1. Executing FSM_DETECT pass (finding FSMs in design).

30.2. Executing FSM_EXTRACT pass (extracting FSM from design).

30.3. Executing FSM_OPT pass (simple optimizations of FSMs).

30.4. Executing OPT_CLEAN pass (remove unused cells and wires).
Finding unused cells or wires in module \semi_cpu_top..

30.5. Executing FSM_OPT pass (simple optimizations of FSMs).

30.6. Executing FSM_RECODE pass (re-assigning FSM state encoding).

30.7. Executing FSM_INFO pass (dumping all available information on FSM cells).

30.8. Executing FSM_MAP pass (mapping FSMs to basic logic).

31. Executing OPT pass (performing simple optimizations).

31.1. Executing OPT_EXPR pass (perform const folding).
Optimizing module semi_cpu_top.

31.2. Executing OPT_MERGE pass (detect identical cells).
Finding identical cells in module `\semi_cpu_top'.
Removed a total of 0 cells.

31.3. Executing OPT_MUXTREE pass (detect dead branches in mux trees).
Running muxtree optimizer on module \semi_cpu_top..
  Creating internal representation of mux trees.
  Evaluating internal representation of mux trees.
  Analyzing evaluation results.
Removed 0 multiplexer ports.
<suppressed ~38 debug messages>

31.4. Executing OPT_REDUCE pass (consolidate $*mux and $reduce_* inputs).
  Optimizing cells in module \semi_cpu_top.
Performed a total of 0 changes.

31.5. Executing OPT_MERGE pass (detect identical cells).
Finding identical cells in module `\semi_cpu_top'.
Removed a total of 0 cells.

31.6. Executing OPT_DFF pass (perform DFF optimizations).
Adding EN signal on $flatten\RF0.$procdff$883 ($adff) from module semi_cpu_top (D = $flatten\RF0.$add$/openlane/designs/Lab5/src/reg_file.v:21$33_Y, Q = \RF0.regs[31]).
Adding EN signal on $flatten\RF0.$procdff$882 ($adff) from module semi_cpu_top (D = $flatten\RF0.$add$/openlane/designs/Lab5/src/reg_file.v:21$33_Y, Q = \RF0.regs[30]).
Adding EN signal on $flatten\RF0.$procdff$881 ($adff) from module semi_cpu_top (D = $flatten\RF0.$add$/openlane/designs/Lab5/src/reg_file.v:21$33_Y, Q = \RF0.regs[29]).
Adding EN signal on $flatten\RF0.$procdff$880 ($adff) from module semi_cpu_top (D = $flatten\RF0.$add$/openlane/designs/Lab5/src/reg_file.v:21$33_Y, Q = \RF0.regs[28]).
Adding EN signal on $flatten\RF0.$procdff$879 ($adff) from module semi_cpu_top (D = $flatten\RF0.$add$/openlane/designs/Lab5/src/reg_file.v:21$33_Y, Q = \RF0.regs[27]).
Adding EN signal on $flatten\RF0.$procdff$878 ($adff) from module semi_cpu_top (D = $flatten\RF0.$add$/openlane/designs/Lab5/src/reg_file.v:21$33_Y, Q = \RF0.regs[26]).
Adding EN signal on $flatten\RF0.$procdff$877 ($adff) from module semi_cpu_top (D = $flatten\RF0.$add$/openlane/designs/Lab5/src/reg_file.v:21$33_Y, Q = \RF0.regs[25]).
Adding EN signal on $flatten\RF0.$procdff$876 ($adff) from module semi_cpu_top (D = $flatten\RF0.$add$/openlane/designs/Lab5/src/reg_file.v:21$33_Y, Q = \RF0.regs[24]).
Adding EN signal on $flatten\RF0.$procdff$875 ($adff) from module semi_cpu_top (D = $flatten\RF0.$add$/openlane/designs/Lab5/src/reg_file.v:21$33_Y, Q = \RF0.regs[23]).
Adding EN signal on $flatten\RF0.$procdff$874 ($adff) from module semi_cpu_top (D = $flatten\RF0.$add$/openlane/designs/Lab5/src/reg_file.v:21$33_Y, Q = \RF0.regs[22]).
Adding EN signal on $flatten\RF0.$procdff$873 ($adff) from module semi_cpu_top (D = $flatten\RF0.$add$/openlane/designs/Lab5/src/reg_file.v:21$33_Y, Q = \RF0.regs[21]).
Adding EN signal on $flatten\RF0.$procdff$872 ($adff) from module semi_cpu_top (D = $flatten\RF0.$add$/openlane/designs/Lab5/src/reg_file.v:21$33_Y, Q = \RF0.regs[20]).
Adding EN signal on $flatten\RF0.$procdff$871 ($adff) from module semi_cpu_top (D = $flatten\RF0.$add$/openlane/designs/Lab5/src/reg_file.v:21$33_Y, Q = \RF0.regs[19]).
Adding EN signal on $flatten\RF0.$procdff$870 ($adff) from module semi_cpu_top (D = $flatten\RF0.$add$/openlane/designs/Lab5/src/reg_file.v:21$33_Y, Q = \RF0.regs[18]).
Adding EN signal on $flatten\RF0.$procdff$869 ($adff) from module semi_cpu_top (D = $flatten\RF0.$add$/openlane/designs/Lab5/src/reg_file.v:21$33_Y, Q = \RF0.regs[17]).
Adding EN signal on $flatten\RF0.$procdff$868 ($adff) from module semi_cpu_top (D = $flatten\RF0.$add$/openlane/designs/Lab5/src/reg_file.v:21$33_Y, Q = \RF0.regs[16]).
Adding EN signal on $flatten\RF0.$procdff$867 ($adff) from module semi_cpu_top (D = $flatten\RF0.$add$/openlane/designs/Lab5/src/reg_file.v:21$33_Y, Q = \RF0.regs[15]).
Adding EN signal on $flatten\RF0.$procdff$866 ($adff) from module semi_cpu_top (D = $flatten\RF0.$add$/openlane/designs/Lab5/src/reg_file.v:21$33_Y, Q = \RF0.regs[14]).
Adding EN signal on $flatten\RF0.$procdff$865 ($adff) from module semi_cpu_top (D = $flatten\RF0.$add$/openlane/designs/Lab5/src/reg_file.v:21$33_Y, Q = \RF0.regs[13]).
Adding EN signal on $flatten\RF0.$procdff$864 ($adff) from module semi_cpu_top (D = $flatten\RF0.$add$/openlane/designs/Lab5/src/reg_file.v:21$33_Y, Q = \RF0.regs[12]).
Adding EN signal on $flatten\RF0.$procdff$863 ($adff) from module semi_cpu_top (D = $flatten\RF0.$add$/openlane/designs/Lab5/src/reg_file.v:21$33_Y, Q = \RF0.regs[11]).
Adding EN signal on $flatten\RF0.$procdff$862 ($adff) from module semi_cpu_top (D = $flatten\RF0.$add$/openlane/designs/Lab5/src/reg_file.v:21$33_Y, Q = \RF0.regs[10]).
Adding EN signal on $flatten\RF0.$procdff$861 ($adff) from module semi_cpu_top (D = $flatten\RF0.$add$/openlane/designs/Lab5/src/reg_file.v:21$33_Y, Q = \RF0.regs[9]).
Adding EN signal on $flatten\RF0.$procdff$860 ($adff) from module semi_cpu_top (D = $flatten\RF0.$add$/openlane/designs/Lab5/src/reg_file.v:21$33_Y, Q = \RF0.regs[8]).
Adding EN signal on $flatten\RF0.$procdff$859 ($adff) from module semi_cpu_top (D = $flatten\RF0.$add$/openlane/designs/Lab5/src/reg_file.v:21$33_Y, Q = \RF0.regs[7]).
Adding EN signal on $flatten\RF0.$procdff$858 ($adff) from module semi_cpu_top (D = $flatten\RF0.$add$/openlane/designs/Lab5/src/reg_file.v:21$33_Y, Q = \RF0.regs[6]).
Adding EN signal on $flatten\RF0.$procdff$857 ($adff) from module semi_cpu_top (D = $flatten\RF0.$add$/openlane/designs/Lab5/src/reg_file.v:21$33_Y, Q = \RF0.regs[5]).
Adding EN signal on $flatten\RF0.$procdff$856 ($adff) from module semi_cpu_top (D = $flatten\RF0.$add$/openlane/designs/Lab5/src/reg_file.v:21$33_Y, Q = \RF0.regs[4]).
Adding EN signal on $flatten\RF0.$procdff$855 ($adff) from module semi_cpu_top (D = $flatten\RF0.$add$/openlane/designs/Lab5/src/reg_file.v:21$33_Y, Q = \RF0.regs[3]).
Adding EN signal on $flatten\RF0.$procdff$854 ($adff) from module semi_cpu_top (D = $flatten\RF0.$add$/openlane/designs/Lab5/src/reg_file.v:21$33_Y, Q = \RF0.regs[2]).
Adding EN signal on $flatten\RF0.$procdff$853 ($adff) from module semi_cpu_top (D = $flatten\RF0.$add$/openlane/designs/Lab5/src/reg_file.v:21$33_Y, Q = \RF0.regs[1]).
Adding EN signal on $flatten\RF0.$procdff$852 ($adff) from module semi_cpu_top (D = $flatten\RF0.$add$/openlane/designs/Lab5/src/reg_file.v:21$33_Y, Q = \RF0.regs[0]).
Adding EN signal on $flatten\PC0.$procdff$888 ($adff) from module semi_cpu_top (D = $flatten\PC0.$add$/openlane/designs/Lab5/src/pc_counter.v:12$67_Y, Q = \PC0.pc).

31.7. Executing OPT_CLEAN pass (remove unused cells and wires).
Finding unused cells or wires in module \semi_cpu_top..
Removed 65 unused cells and 65 unused wires.
<suppressed ~66 debug messages>

31.8. Executing OPT_EXPR pass (perform const folding).
Optimizing module semi_cpu_top.

31.9. Rerunning OPT passes. (Maybe there is more to do..)

31.10. Executing OPT_MUXTREE pass (detect dead branches in mux trees).
Running muxtree optimizer on module \semi_cpu_top..
  Creating internal representation of mux trees.
  Evaluating internal representation of mux trees.
  Analyzing evaluation results.
Removed 0 multiplexer ports.
<suppressed ~5 debug messages>

31.11. Executing OPT_REDUCE pass (consolidate $*mux and $reduce_* inputs).
  Optimizing cells in module \semi_cpu_top.
Performed a total of 0 changes.

31.12. Executing OPT_MERGE pass (detect identical cells).
Finding identical cells in module `\semi_cpu_top'.
Removed a total of 0 cells.

31.13. Executing OPT_DFF pass (perform DFF optimizations).

31.14. Executing OPT_CLEAN pass (remove unused cells and wires).
Finding unused cells or wires in module \semi_cpu_top..

31.15. Executing OPT_EXPR pass (perform const folding).
Optimizing module semi_cpu_top.

31.16. Finished OPT passes. (There is nothing left to do.)

32. Executing WREDUCE pass (reducing word size of cells).
Removed top 29 address bits (of 32) from memory init port semi_cpu_top.$flatten\IM0.$meminit$\mem$/openlane/designs/Lab5/src/instr_mem.v:10$54 (IM0.mem).
Removed top 29 address bits (of 32) from memory init port semi_cpu_top.$flatten\IM0.$meminit$\mem$/openlane/designs/Lab5/src/instr_mem.v:11$55 (IM0.mem).
Removed top 29 address bits (of 32) from memory init port semi_cpu_top.$flatten\IM0.$meminit$\mem$/openlane/designs/Lab5/src/instr_mem.v:12$56 (IM0.mem).
Removed top 29 address bits (of 32) from memory init port semi_cpu_top.$flatten\IM0.$meminit$\mem$/openlane/designs/Lab5/src/instr_mem.v:13$57 (IM0.mem).
Removed top 29 address bits (of 32) from memory init port semi_cpu_top.$flatten\IM0.$meminit$\mem$/openlane/designs/Lab5/src/instr_mem.v:14$58 (IM0.mem).
Removed top 29 address bits (of 32) from memory init port semi_cpu_top.$flatten\IM0.$meminit$\mem$/openlane/designs/Lab5/src/instr_mem.v:9$53 (IM0.mem).
Removed top 29 address bits (of 32) from memory read port semi_cpu_top.$flatten\IM0.$memrd$\mem$/openlane/designs/Lab5/src/instr_mem.v:18$52 (IM0.mem).
Removed top 31 bits (of 32) from port B of cell semi_cpu_top.$flatten\PC0.$add$/openlane/designs/Lab5/src/pc_counter.v:12$67 ($add).
Removed top 29 bits (of 32) from port B of cell semi_cpu_top.$flatten\IM0.$lt$/openlane/designs/Lab5/src/instr_mem.v:17$51 ($lt).
Removed top 4 bits (of 5) from port B of cell semi_cpu_top.$flatten\RF0.$procmux$169_CMP0 ($eq).
Removed top 3 bits (of 5) from port B of cell semi_cpu_top.$flatten\RF0.$procmux$168_CMP0 ($eq).
Removed top 3 bits (of 5) from port B of cell semi_cpu_top.$flatten\RF0.$procmux$167_CMP0 ($eq).
Removed top 2 bits (of 5) from port B of cell semi_cpu_top.$flatten\RF0.$procmux$166_CMP0 ($eq).
Removed top 2 bits (of 5) from port B of cell semi_cpu_top.$flatten\RF0.$procmux$165_CMP0 ($eq).
Removed top 2 bits (of 5) from port B of cell semi_cpu_top.$flatten\RF0.$procmux$164_CMP0 ($eq).
Removed top 2 bits (of 5) from port B of cell semi_cpu_top.$flatten\RF0.$procmux$163_CMP0 ($eq).
Removed top 1 bits (of 5) from port B of cell semi_cpu_top.$flatten\RF0.$procmux$162_CMP0 ($eq).
Removed top 1 bits (of 5) from port B of cell semi_cpu_top.$flatten\RF0.$procmux$161_CMP0 ($eq).
Removed top 1 bits (of 5) from port B of cell semi_cpu_top.$flatten\RF0.$procmux$160_CMP0 ($eq).
Removed top 1 bits (of 5) from port B of cell semi_cpu_top.$flatten\RF0.$procmux$159_CMP0 ($eq).
Removed top 1 bits (of 5) from port B of cell semi_cpu_top.$flatten\RF0.$procmux$158_CMP0 ($eq).
Removed top 1 bits (of 5) from port B of cell semi_cpu_top.$flatten\RF0.$procmux$157_CMP0 ($eq).
Removed top 1 bits (of 5) from port B of cell semi_cpu_top.$flatten\RF0.$procmux$156_CMP0 ($eq).
Removed top 1 bits (of 5) from port B of cell semi_cpu_top.$flatten\RF0.$procmux$155_CMP0 ($eq).
Removed top 4 bits (of 5) from port B of cell semi_cpu_top.$flatten\RF0.$procmux$135_CMP0 ($eq).
Removed top 3 bits (of 5) from port B of cell semi_cpu_top.$flatten\RF0.$procmux$134_CMP0 ($eq).
Removed top 3 bits (of 5) from port B of cell semi_cpu_top.$flatten\RF0.$procmux$133_CMP0 ($eq).
Removed top 2 bits (of 5) from port B of cell semi_cpu_top.$flatten\RF0.$procmux$132_CMP0 ($eq).
Removed top 2 bits (of 5) from port B of cell semi_cpu_top.$flatten\RF0.$procmux$131_CMP0 ($eq).
Removed top 2 bits (of 5) from port B of cell semi_cpu_top.$flatten\RF0.$procmux$130_CMP0 ($eq).
Removed top 2 bits (of 5) from port B of cell semi_cpu_top.$flatten\RF0.$procmux$129_CMP0 ($eq).
Removed top 1 bits (of 5) from port B of cell semi_cpu_top.$flatten\RF0.$procmux$128_CMP0 ($eq).
Removed top 1 bits (of 5) from port B of cell semi_cpu_top.$flatten\RF0.$procmux$127_CMP0 ($eq).
Removed top 1 bits (of 5) from port B of cell semi_cpu_top.$flatten\RF0.$procmux$126_CMP0 ($eq).
Removed top 1 bits (of 5) from port B of cell semi_cpu_top.$flatten\RF0.$procmux$125_CMP0 ($eq).
Removed top 1 bits (of 5) from port B of cell semi_cpu_top.$flatten\RF0.$procmux$124_CMP0 ($eq).
Removed top 1 bits (of 5) from port B of cell semi_cpu_top.$flatten\RF0.$procmux$123_CMP0 ($eq).
Removed top 1 bits (of 5) from port B of cell semi_cpu_top.$flatten\RF0.$procmux$122_CMP0 ($eq).
Removed top 1 bits (of 5) from port B of cell semi_cpu_top.$flatten\RF0.$procmux$121_CMP0 ($eq).
Removed top 4 bits (of 5) from port B of cell semi_cpu_top.$flatten\RF0.$procmux$102_CMP0 ($eq).
Removed top 3 bits (of 5) from port B of cell semi_cpu_top.$flatten\RF0.$procmux$101_CMP0 ($eq).
Removed top 3 bits (of 5) from port B of cell semi_cpu_top.$flatten\RF0.$procmux$100_CMP0 ($eq).
Removed top 2 bits (of 5) from port B of cell semi_cpu_top.$flatten\RF0.$procmux$99_CMP0 ($eq).
Removed top 2 bits (of 5) from port B of cell semi_cpu_top.$flatten\RF0.$procmux$98_CMP0 ($eq).
Removed top 2 bits (of 5) from port B of cell semi_cpu_top.$flatten\RF0.$procmux$97_CMP0 ($eq).
Removed top 2 bits (of 5) from port B of cell semi_cpu_top.$flatten\RF0.$procmux$96_CMP0 ($eq).
Removed top 1 bits (of 5) from port B of cell semi_cpu_top.$flatten\RF0.$procmux$95_CMP0 ($eq).
Removed top 1 bits (of 5) from port B of cell semi_cpu_top.$flatten\RF0.$procmux$94_CMP0 ($eq).
Removed top 1 bits (of 5) from port B of cell semi_cpu_top.$flatten\RF0.$procmux$93_CMP0 ($eq).
Removed top 1 bits (of 5) from port B of cell semi_cpu_top.$flatten\RF0.$procmux$92_CMP0 ($eq).
Removed top 1 bits (of 5) from port B of cell semi_cpu_top.$flatten\RF0.$procmux$91_CMP0 ($eq).
Removed top 1 bits (of 5) from port B of cell semi_cpu_top.$flatten\RF0.$procmux$90_CMP0 ($eq).
Removed top 1 bits (of 5) from port B of cell semi_cpu_top.$flatten\RF0.$procmux$89_CMP0 ($eq).
Removed top 1 bits (of 5) from port B of cell semi_cpu_top.$flatten\RF0.$procmux$88_CMP0 ($eq).
Removed top 1 bits (of 3) from port B of cell semi_cpu_top.$flatten\ALU0.$procmux$848_CMP0 ($eq).
Removed top 1 bits (of 3) from port B of cell semi_cpu_top.$flatten\ALU0.$procmux$847_CMP0 ($eq).

33. Executing PEEPOPT pass (run peephole optimizers).

34. Executing OPT_CLEAN pass (remove unused cells and wires).
Finding unused cells or wires in module \semi_cpu_top..

35. Executing ALUMACC pass (create $alu and $macc cells).
Extracting $alu and $macc cells in module semi_cpu_top:
  creating $macc model for $flatten\ALU0.$add$/openlane/designs/Lab5/src/alu.v:10$7 ($add).
  creating $macc model for $flatten\ALU0.$add$/openlane/designs/Lab5/src/alu.v:14$11 ($add).
  creating $macc model for $flatten\ALU0.$sub$/openlane/designs/Lab5/src/alu.v:11$8 ($sub).
  creating $macc model for $flatten\ALU0.$sub$/openlane/designs/Lab5/src/alu.v:15$12 ($sub).
  creating $macc model for $flatten\PC0.$add$/openlane/designs/Lab5/src/pc_counter.v:12$67 ($add).
  creating $macc model for $flatten\RF0.$add$/openlane/designs/Lab5/src/reg_file.v:21$33 ($add).
  creating $alu model for $macc $flatten\RF0.$add$/openlane/designs/Lab5/src/reg_file.v:21$33.
  creating $alu model for $macc $flatten\PC0.$add$/openlane/designs/Lab5/src/pc_counter.v:12$67.
  creating $alu model for $macc $flatten\ALU0.$sub$/openlane/designs/Lab5/src/alu.v:15$12.
  creating $alu model for $macc $flatten\ALU0.$sub$/openlane/designs/Lab5/src/alu.v:11$8.
  creating $alu model for $macc $flatten\ALU0.$add$/openlane/designs/Lab5/src/alu.v:14$11.
  creating $alu model for $macc $flatten\ALU0.$add$/openlane/designs/Lab5/src/alu.v:10$7.
  creating $alu model for $flatten\IM0.$lt$/openlane/designs/Lab5/src/instr_mem.v:17$51 ($lt): new $alu
  creating $alu cell for $flatten\IM0.$lt$/openlane/designs/Lab5/src/instr_mem.v:17$51: $auto$alumacc.cc:485:replace_alu$987
  creating $alu cell for $flatten\ALU0.$add$/openlane/designs/Lab5/src/alu.v:10$7: $auto$alumacc.cc:485:replace_alu$998
  creating $alu cell for $flatten\ALU0.$sub$/openlane/designs/Lab5/src/alu.v:11$8: $auto$alumacc.cc:485:replace_alu$1001
  creating $alu cell for $flatten\ALU0.$add$/openlane/designs/Lab5/src/alu.v:14$11: $auto$alumacc.cc:485:replace_alu$1004
  creating $alu cell for $flatten\ALU0.$sub$/openlane/designs/Lab5/src/alu.v:15$12: $auto$alumacc.cc:485:replace_alu$1007
  creating $alu cell for $flatten\PC0.$add$/openlane/designs/Lab5/src/pc_counter.v:12$67: $auto$alumacc.cc:485:replace_alu$1010
  creating $alu cell for $flatten\RF0.$add$/openlane/designs/Lab5/src/reg_file.v:21$33: $auto$alumacc.cc:485:replace_alu$1013
  created 7 $alu and 0 $macc cells.

36. Executing SHARE pass (SAT-based resource sharing).
Found 3 cells in module semi_cpu_top that may be considered for resource sharing.
  Analyzing resource sharing options for $flatten\IM0.$memrd$\mem$/openlane/designs/Lab5/src/instr_mem.v:18$52 ($memrd):
    Found 1 activation_patterns using ctrl signal $auto$rtlil.cc:2476:Not$997.
    No candidates found.
  Analyzing resource sharing options for $flatten\ALU0.$shr$/openlane/designs/Lab5/src/alu.v:13$10 ($shr):
    Found 1 activation_patterns using ctrl signal $flatten\ALU0.$procmux$845_CMP.
    No candidates found.
  Analyzing resource sharing options for $flatten\ALU0.$shl$/openlane/designs/Lab5/src/alu.v:12$9 ($shl):
    Found 1 activation_patterns using ctrl signal $flatten\ALU0.$procmux$846_CMP.
    No candidates found.

37. Executing OPT pass (performing simple optimizations).

37.1. Executing OPT_EXPR pass (perform const folding).
Optimizing module semi_cpu_top.
<suppressed ~1 debug messages>

37.2. Executing OPT_MERGE pass (detect identical cells).
Finding identical cells in module `\semi_cpu_top'.
Removed a total of 0 cells.

37.3. Executing OPT_MUXTREE pass (detect dead branches in mux trees).
Running muxtree optimizer on module \semi_cpu_top..
  Creating internal representation of mux trees.
  Evaluating internal representation of mux trees.
  Analyzing evaluation results.
Removed 0 multiplexer ports.
<suppressed ~5 debug messages>

37.4. Executing OPT_REDUCE pass (consolidate $*mux and $reduce_* inputs).
  Optimizing cells in module \semi_cpu_top.
Performed a total of 0 changes.

37.5. Executing OPT_MERGE pass (detect identical cells).
Finding identical cells in module `\semi_cpu_top'.
Removed a total of 0 cells.

37.6. Executing OPT_DFF pass (perform DFF optimizations).

37.7. Executing OPT_CLEAN pass (remove unused cells and wires).
Finding unused cells or wires in module \semi_cpu_top..
Removed 1 unused cells and 2 unused wires.
<suppressed ~2 debug messages>

37.8. Executing OPT_EXPR pass (perform const folding).
Optimizing module semi_cpu_top.

37.9. Rerunning OPT passes. (Maybe there is more to do..)

37.10. Executing OPT_MUXTREE pass (detect dead branches in mux trees).
Running muxtree optimizer on module \semi_cpu_top..
  Creating internal representation of mux trees.
  Evaluating internal representation of mux trees.
  Analyzing evaluation results.
Removed 0 multiplexer ports.
<suppressed ~5 debug messages>

37.11. Executing OPT_REDUCE pass (consolidate $*mux and $reduce_* inputs).
  Optimizing cells in module \semi_cpu_top.
Performed a total of 0 changes.

37.12. Executing OPT_MERGE pass (detect identical cells).
Finding identical cells in module `\semi_cpu_top'.
Removed a total of 0 cells.

37.13. Executing OPT_DFF pass (perform DFF optimizations).

37.14. Executing OPT_CLEAN pass (remove unused cells and wires).
Finding unused cells or wires in module \semi_cpu_top..

37.15. Executing OPT_EXPR pass (perform const folding).
Optimizing module semi_cpu_top.

37.16. Finished OPT passes. (There is nothing left to do.)

38. Executing MEMORY pass.

38.1. Executing OPT_MEM pass (optimize memories).
semi_cpu_top.IM0.mem: removing const-0 lane 0
semi_cpu_top.IM0.mem: removing const-0 lane 1
semi_cpu_top.IM0.mem: removing const-0 lane 2
semi_cpu_top.IM0.mem: removing const-0 lane 3
semi_cpu_top.IM0.mem: removing const-0 lane 4
semi_cpu_top.IM0.mem: removing const-0 lane 5
semi_cpu_top.IM0.mem: removing const-0 lane 6
semi_cpu_top.IM0.mem: removing const-0 lane 7
semi_cpu_top.IM0.mem: removing const-0 lane 8
semi_cpu_top.IM0.mem: removing const-0 lane 9
semi_cpu_top.IM0.mem: removing const-0 lane 10
semi_cpu_top.IM0.mem: removing const-0 lane 11
semi_cpu_top.IM0.mem: removing const-0 lane 12
semi_cpu_top.IM0.mem: removing const-0 lane 13
semi_cpu_top.IM0.mem: removing const-0 lane 18
semi_cpu_top.IM0.mem: removing const-0 lane 21
Performed a total of 1 transformations.

38.2. Executing OPT_MEM_PRIORITY pass (removing unnecessary memory write priority relations).
Performed a total of 0 transformations.

38.3. Executing OPT_MEM_FEEDBACK pass (finding memory read-to-write feedback paths).

38.4. Executing MEMORY_BMUX2ROM pass (converting muxes to ROMs).

38.5. Executing MEMORY_DFF pass (merging $dff cells to $memrd).
Checking read port `\IM0.mem'[0] in module `\semi_cpu_top': no output FF found.
Checking read port address `\IM0.mem'[0] in module `\semi_cpu_top': address FF has async set and/or reset, not supported.

38.6. Executing OPT_CLEAN pass (remove unused cells and wires).
Finding unused cells or wires in module \semi_cpu_top..

38.7. Executing MEMORY_SHARE pass (consolidating $memrd/$memwr cells).

38.8. Executing OPT_MEM_WIDEN pass (optimize memories where all ports are wide).
Performed a total of 0 transformations.

38.9. Executing OPT_CLEAN pass (remove unused cells and wires).
Finding unused cells or wires in module \semi_cpu_top..

38.10. Executing MEMORY_COLLECT pass (generating $mem cells).

39. Executing OPT_CLEAN pass (remove unused cells and wires).
Finding unused cells or wires in module \semi_cpu_top..

40. Executing OPT pass (performing simple optimizations).

40.1. Executing OPT_EXPR pass (perform const folding).
Optimizing module semi_cpu_top.
<suppressed ~4 debug messages>

40.2. Executing OPT_MERGE pass (detect identical cells).
Finding identical cells in module `\semi_cpu_top'.
Removed a total of 0 cells.

40.3. Executing OPT_DFF pass (perform DFF optimizations).

40.4. Executing OPT_CLEAN pass (remove unused cells and wires).
Finding unused cells or wires in module \semi_cpu_top..
Removed 2 unused cells and 3 unused wires.
<suppressed ~3 debug messages>

40.5. Finished fast OPT passes.

41. Executing MEMORY_MAP pass (converting memories to logic and flip-flops).
Mapping memory \IM0.mem in module \semi_cpu_top:
  created 6 $dff cells and 0 static cells of width 16.
  read interface: 0 $dff and 7 $mux cells.
  write interface: 0 write mux blocks.

42. Executing OPT pass (performing simple optimizations).

42.1. Executing OPT_EXPR pass (perform const folding).
Optimizing module semi_cpu_top.
<suppressed ~3 debug messages>

42.2. Executing OPT_MERGE pass (detect identical cells).
Finding identical cells in module `\semi_cpu_top'.
Removed a total of 0 cells.

42.3. Executing OPT_MUXTREE pass (detect dead branches in mux trees).
Running muxtree optimizer on module \semi_cpu_top..
  Creating internal representation of mux trees.
  Evaluating internal representation of mux trees.
  Analyzing evaluation results.
Removed 0 multiplexer ports.
<suppressed ~5 debug messages>

42.4. Executing OPT_REDUCE pass (consolidate $*mux and $reduce_* inputs).
  Optimizing cells in module \semi_cpu_top.
    Consolidated identical input bits for $mux cell $memory\IM0.mem$rdmux[0][2][1]$1030:
      Old ports: A=16'0101100101101111, B=16'1111010011010101, Y=$memory\IM0.mem$rdmux[0][1][0]$b$1023
      New ports: A=2'01, B=2'10, Y={ $memory\IM0.mem$rdmux[0][1][0]$b$1023 [4] $memory\IM0.mem$rdmux[0][1][0]$b$1023 [1] }
      New connections: { $memory\IM0.mem$rdmux[0][1][0]$b$1023 [15:5] $memory\IM0.mem$rdmux[0][1][0]$b$1023 [3:2] $memory\IM0.mem$rdmux[0][1][0]$b$1023 [0] } = { $memory\IM0.mem$rdmux[0][1][0]$b$1023 [4] 1'1 $memory\IM0.mem$rdmux[0][1][0]$b$1023 [4] 1'1 $memory\IM0.mem$rdmux[0][1][0]$b$1023 [1] $memory\IM0.mem$rdmux[0][1][0]$b$1023 [4] 1'0 $memory\IM0.mem$rdmux[0][1][0]$b$1023 [1] $memory\IM0.mem$rdmux[0][1][0]$b$1023 [4] 1'1 $memory\IM0.mem$rdmux[0][1][0]$b$1023 [1] $memory\IM0.mem$rdmux[0][1][0]$b$1023 [1] 2'11 }
    Consolidated identical input bits for $mux cell $memory\IM0.mem$rdmux[0][2][0]$1027:
      Old ports: A=16'1100101000001010, B=16'1100111100001111, Y=$memory\IM0.mem$rdmux[0][1][0]$a$1022
      New ports: A=1'0, B=1'1, Y=$memory\IM0.mem$rdmux[0][1][0]$a$1022 [0]
      New connections: $memory\IM0.mem$rdmux[0][1][0]$a$1022 [15:1] = { 5'11001 $memory\IM0.mem$rdmux[0][1][0]$a$1022 [0] 1'1 $memory\IM0.mem$rdmux[0][1][0]$a$1022 [0] 5'00001 $memory\IM0.mem$rdmux[0][1][0]$a$1022 [0] 1'1 }
    Consolidated identical input bits for $mux cell $flatten\IM0.$procmux$69:
      Old ports: A={ $flatten\IM0.$memrd$\mem$/openlane/designs/Lab5/src/instr_mem.v:18$52_DATA [31:22] 1'0 $flatten\IM0.$memrd$\mem$/openlane/designs/Lab5/src/instr_mem.v:18$52_DATA [20:19] 1'0 $flatten\IM0.$memrd$\mem$/openlane/designs/Lab5/src/instr_mem.v:18$52_DATA [17:14] 14'00000000000000 }, B=0, Y=\DEC0.instr
      New ports: A={ $flatten\IM0.$memrd$\mem$/openlane/designs/Lab5/src/instr_mem.v:18$52_DATA [31:22] $flatten\IM0.$memrd$\mem$/openlane/designs/Lab5/src/instr_mem.v:18$52_DATA [20:19] $flatten\IM0.$memrd$\mem$/openlane/designs/Lab5/src/instr_mem.v:18$52_DATA [17:14] }, B=16'0000000000000000, Y={ \DEC0.instr [31:22] \DEC0.instr [20:19] \DEC0.instr [17:14] }
      New connections: { \DEC0.instr [21] \DEC0.instr [18] \DEC0.instr [13:0] } = 16'0000000000000000
    Consolidated identical input bits for $mux cell $memory\IM0.mem$rdmux[0][2][2]$1033:
      Old ports: A=16'1100010100000010, B=16'1001111011010101, Y=$memory\IM0.mem$rdmux[0][1][1]$a$1025
      New ports: A=2'10, B=2'01, Y=$memory\IM0.mem$rdmux[0][1][1]$a$1025 [1:0]
      New connections: $memory\IM0.mem$rdmux[0][1][1]$a$1025 [15:2] = { 1'1 $memory\IM0.mem$rdmux[0][1][1]$a$1025 [1] 1'0 $memory\IM0.mem$rdmux[0][1][1]$a$1025 [0] $memory\IM0.mem$rdmux[0][1][1]$a$1025 [0] 1'1 $memory\IM0.mem$rdmux[0][1][1]$a$1025 [0] $memory\IM0.mem$rdmux[0][1][1]$a$1025 [1:0] $memory\IM0.mem$rdmux[0][1][1]$a$1025 [0] 1'0 $memory\IM0.mem$rdmux[0][1][1]$a$1025 [0] 1'0 $memory\IM0.mem$rdmux[0][1][1]$a$1025 [0] }
  Optimizing cells in module \semi_cpu_top.
    Consolidated identical input bits for $mux cell $memory\IM0.mem$rdmux[0][1][1]$1024:
      Old ports: A=$memory\IM0.mem$rdmux[0][1][1]$a$1025, B=16'x, Y=$memory\IM0.mem$rdmux[0][0][0]$b$1020
      New ports: A={ 2'10 $memory\IM0.mem$rdmux[0][1][1]$a$1025 [1:0] }, B=4'x, Y={ $memory\IM0.mem$rdmux[0][0][0]$b$1020 [10] $memory\IM0.mem$rdmux[0][0][0]$b$1020 [3] $memory\IM0.mem$rdmux[0][0][0]$b$1020 [1:0] }
      New connections: { $memory\IM0.mem$rdmux[0][0][0]$b$1020 [15:11] $memory\IM0.mem$rdmux[0][0][0]$b$1020 [9:4] $memory\IM0.mem$rdmux[0][0][0]$b$1020 [2] } = { $memory\IM0.mem$rdmux[0][0][0]$b$1020 [10] $memory\IM0.mem$rdmux[0][0][0]$b$1020 [1] $memory\IM0.mem$rdmux[0][0][0]$b$1020 [3] $memory\IM0.mem$rdmux[0][0][0]$b$1020 [0] $memory\IM0.mem$rdmux[0][0][0]$b$1020 [0] $memory\IM0.mem$rdmux[0][0][0]$b$1020 [0] $memory\IM0.mem$rdmux[0][0][0]$b$1020 [1:0] $memory\IM0.mem$rdmux[0][0][0]$b$1020 [0] $memory\IM0.mem$rdmux[0][0][0]$b$1020 [3] $memory\IM0.mem$rdmux[0][0][0]$b$1020 [0] $memory\IM0.mem$rdmux[0][0][0]$b$1020 [0] }
    Consolidated identical input bits for $mux cell $memory\IM0.mem$rdmux[0][1][0]$1021:
      Old ports: A=$memory\IM0.mem$rdmux[0][1][0]$a$1022, B=$memory\IM0.mem$rdmux[0][1][0]$b$1023, Y=$memory\IM0.mem$rdmux[0][0][0]$a$1019
      New ports: A={ 1'1 $memory\IM0.mem$rdmux[0][1][0]$a$1022 [0] 1'1 $memory\IM0.mem$rdmux[0][1][0]$a$1022 [0] 4'0001 $memory\IM0.mem$rdmux[0][1][0]$a$1022 [0] }, B={ $memory\IM0.mem$rdmux[0][1][0]$b$1023 [4] $memory\IM0.mem$rdmux[0][1][0]$b$1023 [4] 1'0 $memory\IM0.mem$rdmux[0][1][0]$b$1023 [1] 1'1 $memory\IM0.mem$rdmux[0][1][0]$b$1023 [1] $memory\IM0.mem$rdmux[0][1][0]$b$1023 [4] $memory\IM0.mem$rdmux[0][1][0]$b$1023 [1] 1'1 }, Y={ $memory\IM0.mem$rdmux[0][0][0]$a$1019 [15] $memory\IM0.mem$rdmux[0][0][0]$a$1019 [10:8] $memory\IM0.mem$rdmux[0][0][0]$a$1019 [6:4] $memory\IM0.mem$rdmux[0][0][0]$a$1019 [1:0] }
      New connections: { $memory\IM0.mem$rdmux[0][0][0]$a$1019 [14:11] $memory\IM0.mem$rdmux[0][0][0]$a$1019 [7] $memory\IM0.mem$rdmux[0][0][0]$a$1019 [3:2] } = { 1'1 $memory\IM0.mem$rdmux[0][0][0]$a$1019 [4] $memory\IM0.mem$rdmux[0][0][0]$a$1019 [6] $memory\IM0.mem$rdmux[0][0][0]$a$1019 [1] $memory\IM0.mem$rdmux[0][0][0]$a$1019 [4] $memory\IM0.mem$rdmux[0][0][0]$a$1019 [1:0] }
  Optimizing cells in module \semi_cpu_top.
    Consolidated identical input bits for $mux cell $memory\IM0.mem$rdmux[0][0][0]$1018:
      Old ports: A=$memory\IM0.mem$rdmux[0][0][0]$a$1019, B=$memory\IM0.mem$rdmux[0][0][0]$b$1020, Y={ $flatten\IM0.$memrd$\mem$/openlane/designs/Lab5/src/instr_mem.v:18$52_DATA [31:22] $flatten\IM0.$memrd$\mem$/openlane/designs/Lab5/src/instr_mem.v:18$52_DATA [20:19] $flatten\IM0.$memrd$\mem$/openlane/designs/Lab5/src/instr_mem.v:18$52_DATA [17:14] }
      New ports: A={ $memory\IM0.mem$rdmux[0][0][0]$a$1019 [15] 1'1 $memory\IM0.mem$rdmux[0][0][0]$a$1019 [4] $memory\IM0.mem$rdmux[0][0][0]$a$1019 [1] $memory\IM0.mem$rdmux[0][0][0]$a$1019 [10:8] $memory\IM0.mem$rdmux[0][0][0]$a$1019 [6:4] $memory\IM0.mem$rdmux[0][0][0]$a$1019 [1] $memory\IM0.mem$rdmux[0][0][0]$a$1019 [1:0] }, B={ $memory\IM0.mem$rdmux[0][0][0]$b$1020 [10] $memory\IM0.mem$rdmux[0][0][0]$b$1020 [1] $memory\IM0.mem$rdmux[0][0][0]$b$1020 [3] $memory\IM0.mem$rdmux[0][0][0]$b$1020 [0] $memory\IM0.mem$rdmux[0][0][0]$b$1020 [10] $memory\IM0.mem$rdmux[0][0][0]$b$1020 [0] $memory\IM0.mem$rdmux[0][0][0]$b$1020 [1:0] $memory\IM0.mem$rdmux[0][0][0]$b$1020 [3] $memory\IM0.mem$rdmux[0][0][0]$b$1020 [0] $memory\IM0.mem$rdmux[0][0][0]$b$1020 [3] $memory\IM0.mem$rdmux[0][0][0]$b$1020 [1:0] }, Y={ $flatten\IM0.$memrd$\mem$/openlane/designs/Lab5/src/instr_mem.v:18$52_DATA [31:29] $flatten\IM0.$memrd$\mem$/openlane/designs/Lab5/src/instr_mem.v:18$52_DATA [27:24] $flatten\IM0.$memrd$\mem$/openlane/designs/Lab5/src/instr_mem.v:18$52_DATA [22] $flatten\IM0.$memrd$\mem$/openlane/designs/Lab5/src/instr_mem.v:18$52_DATA [20:19] $flatten\IM0.$memrd$\mem$/openlane/designs/Lab5/src/instr_mem.v:18$52_DATA [17] $flatten\IM0.$memrd$\mem$/openlane/designs/Lab5/src/instr_mem.v:18$52_DATA [15:14] }
      New connections: { $flatten\IM0.$memrd$\mem$/openlane/designs/Lab5/src/instr_mem.v:18$52_DATA [28] $flatten\IM0.$memrd$\mem$/openlane/designs/Lab5/src/instr_mem.v:18$52_DATA [23] $flatten\IM0.$memrd$\mem$/openlane/designs/Lab5/src/instr_mem.v:18$52_DATA [16] } = { $flatten\IM0.$memrd$\mem$/openlane/designs/Lab5/src/instr_mem.v:18$52_DATA [22] $flatten\IM0.$memrd$\mem$/openlane/designs/Lab5/src/instr_mem.v:18$52_DATA [19] $flatten\IM0.$memrd$\mem$/openlane/designs/Lab5/src/instr_mem.v:18$52_DATA [14] }
  Optimizing cells in module \semi_cpu_top.
    Consolidated identical input bits for $mux cell $flatten\IM0.$procmux$69:
      Old ports: A={ $flatten\IM0.$memrd$\mem$/openlane/designs/Lab5/src/instr_mem.v:18$52_DATA [31:22] $flatten\IM0.$memrd$\mem$/openlane/designs/Lab5/src/instr_mem.v:18$52_DATA [20:19] $flatten\IM0.$memrd$\mem$/openlane/designs/Lab5/src/instr_mem.v:18$52_DATA [17:14] }, B=16'0000000000000000, Y={ \DEC0.instr [31:22] \DEC0.instr [20:19] \DEC0.instr [17:14] }
      New ports: A={ $flatten\IM0.$memrd$\mem$/openlane/designs/Lab5/src/instr_mem.v:18$52_DATA [31:29] $flatten\IM0.$memrd$\mem$/openlane/designs/Lab5/src/instr_mem.v:18$52_DATA [27:24] $flatten\IM0.$memrd$\mem$/openlane/designs/Lab5/src/instr_mem.v:18$52_DATA [22] $flatten\IM0.$memrd$\mem$/openlane/designs/Lab5/src/instr_mem.v:18$52_DATA [20:19] $flatten\IM0.$memrd$\mem$/openlane/designs/Lab5/src/instr_mem.v:18$52_DATA [17] $flatten\IM0.$memrd$\mem$/openlane/designs/Lab5/src/instr_mem.v:18$52_DATA [15:14] }, B=13'0000000000000, Y={ \DEC0.instr [31:29] \DEC0.instr [27:24] \DEC0.instr [22] \DEC0.instr [20:19] \DEC0.instr [17] \DEC0.instr [15:14] }
      New connections: { \DEC0.instr [28] \DEC0.instr [23] \DEC0.instr [16] } = { \DEC0.instr [22] \DEC0.instr [19] \DEC0.instr [14] }
  Optimizing cells in module \semi_cpu_top.
Performed a total of 8 changes.

42.5. Executing OPT_MERGE pass (detect identical cells).
Finding identical cells in module `\semi_cpu_top'.
Removed a total of 0 cells.

42.6. Executing OPT_SHARE pass.
    Found cells that share an operand and can be merged by moving the $pmux $flatten\ALU0.$procmux$842 in front of them:
        $auto$alumacc.cc:485:replace_alu$1007
        $auto$alumacc.cc:485:replace_alu$1004
        $auto$alumacc.cc:485:replace_alu$1001
        $auto$alumacc.cc:485:replace_alu$998

42.7. Executing OPT_DFF pass (perform DFF optimizations).

42.8. Executing OPT_CLEAN pass (remove unused cells and wires).
Finding unused cells or wires in module \semi_cpu_top..
Removed 0 unused cells and 21 unused wires.
<suppressed ~1 debug messages>

42.9. Executing OPT_EXPR pass (perform const folding).
Optimizing module semi_cpu_top.
<suppressed ~65 debug messages>

42.10. Rerunning OPT passes. (Maybe there is more to do..)

42.11. Executing OPT_MUXTREE pass (detect dead branches in mux trees).
Running muxtree optimizer on module \semi_cpu_top..
  Creating internal representation of mux trees.
  Evaluating internal representation of mux trees.
  Analyzing evaluation results.
    dead port 1/31 on $pmux $flatten\RF0.$procmux$104.
    dead port 2/31 on $pmux $flatten\RF0.$procmux$104.
    dead port 3/31 on $pmux $flatten\RF0.$procmux$104.
    dead port 4/31 on $pmux $flatten\RF0.$procmux$104.
    dead port 6/31 on $pmux $flatten\RF0.$procmux$104.
    dead port 8/31 on $pmux $flatten\RF0.$procmux$104.
    dead port 9/31 on $pmux $flatten\RF0.$procmux$104.
    dead port 10/31 on $pmux $flatten\RF0.$procmux$104.
    dead port 11/31 on $pmux $flatten\RF0.$procmux$104.
    dead port 12/31 on $pmux $flatten\RF0.$procmux$104.
    dead port 14/31 on $pmux $flatten\RF0.$procmux$104.
    dead port 16/31 on $pmux $flatten\RF0.$procmux$104.
    dead port 17/31 on $pmux $flatten\RF0.$procmux$104.
    dead port 18/31 on $pmux $flatten\RF0.$procmux$104.
    dead port 19/31 on $pmux $flatten\RF0.$procmux$104.
    dead port 20/31 on $pmux $flatten\RF0.$procmux$104.
    dead port 21/31 on $pmux $flatten\RF0.$procmux$104.
    dead port 23/31 on $pmux $flatten\RF0.$procmux$104.
    dead port 25/31 on $pmux $flatten\RF0.$procmux$104.
    dead port 26/31 on $pmux $flatten\RF0.$procmux$104.
    dead port 27/31 on $pmux $flatten\RF0.$procmux$104.
    dead port 28/31 on $pmux $flatten\RF0.$procmux$104.
    dead port 29/31 on $pmux $flatten\RF0.$procmux$104.
    dead port 1/31 on $pmux $flatten\RF0.$procmux$71.
    dead port 2/31 on $pmux $flatten\RF0.$procmux$71.
    dead port 3/31 on $pmux $flatten\RF0.$procmux$71.
    dead port 4/31 on $pmux $flatten\RF0.$procmux$71.
    dead port 5/31 on $pmux $flatten\RF0.$procmux$71.
    dead port 6/31 on $pmux $flatten\RF0.$procmux$71.
    dead port 7/31 on $pmux $flatten\RF0.$procmux$71.
    dead port 8/31 on $pmux $flatten\RF0.$procmux$71.
    dead port 9/31 on $pmux $flatten\RF0.$procmux$71.
    dead port 10/31 on $pmux $flatten\RF0.$procmux$71.
    dead port 11/31 on $pmux $flatten\RF0.$procmux$71.
    dead port 12/31 on $pmux $flatten\RF0.$procmux$71.
    dead port 13/31 on $pmux $flatten\RF0.$procmux$71.
    dead port 14/31 on $pmux $flatten\RF0.$procmux$71.
    dead port 15/31 on $pmux $flatten\RF0.$procmux$71.
    dead port 16/31 on $pmux $flatten\RF0.$procmux$71.
    dead port 18/31 on $pmux $flatten\RF0.$procmux$71.
    dead port 20/31 on $pmux $flatten\RF0.$procmux$71.
    dead port 21/31 on $pmux $flatten\RF0.$procmux$71.
    dead port 23/31 on $pmux $flatten\RF0.$procmux$71.
    dead port 26/31 on $pmux $flatten\RF0.$procmux$71.
    dead port 28/31 on $pmux $flatten\RF0.$procmux$71.
    dead port 29/31 on $pmux $flatten\RF0.$procmux$71.
Removed 46 multiplexer ports.
<suppressed ~6 debug messages>

42.12. Executing OPT_REDUCE pass (consolidate $*mux and $reduce_* inputs).
  Optimizing cells in module \semi_cpu_top.
    New ctrl vector for $pmux cell $flatten\ALU0.$procmux$842: { $flatten\ALU0.$procmux$846_CMP $flatten\ALU0.$procmux$845_CMP $auto$opt_reduce.cc:134:opt_pmux$1049 }
  Optimizing cells in module \semi_cpu_top.
Performed a total of 1 changes.

42.13. Executing OPT_MERGE pass (detect identical cells).
Finding identical cells in module `\semi_cpu_top'.
Removed a total of 0 cells.

42.14. Executing OPT_SHARE pass.

42.15. Executing OPT_DFF pass (perform DFF optimizations).

42.16. Executing OPT_CLEAN pass (remove unused cells and wires).
Finding unused cells or wires in module \semi_cpu_top..
Removed 0 unused cells and 48 unused wires.
<suppressed ~1 debug messages>

42.17. Executing OPT_EXPR pass (perform const folding).
Optimizing module semi_cpu_top.

42.18. Rerunning OPT passes. (Maybe there is more to do..)

42.19. Executing OPT_MUXTREE pass (detect dead branches in mux trees).
Running muxtree optimizer on module \semi_cpu_top..
  Creating internal representation of mux trees.
  Evaluating internal representation of mux trees.
  Analyzing evaluation results.
Removed 0 multiplexer ports.
<suppressed ~6 debug messages>

42.20. Executing OPT_REDUCE pass (consolidate $*mux and $reduce_* inputs).
  Optimizing cells in module \semi_cpu_top.
Performed a total of 0 changes.

42.21. Executing OPT_MERGE pass (detect identical cells).
Finding identical cells in module `\semi_cpu_top'.
Removed a total of 0 cells.

42.22. Executing OPT_SHARE pass.

42.23. Executing OPT_DFF pass (perform DFF optimizations).

42.24. Executing OPT_CLEAN pass (remove unused cells and wires).
Finding unused cells or wires in module \semi_cpu_top..

42.25. Executing OPT_EXPR pass (perform const folding).
Optimizing module semi_cpu_top.

42.26. Finished OPT passes. (There is nothing left to do.)

43. Executing TECHMAP pass (map to technology primitives).

43.1. Executing Verilog-2005 frontend: /nix/store/sx2v0i73mn1ih2z1nk61pm9n5gjgpidy-yosys/bin/../share/yosys/techmap.v
Parsing Verilog input from `/nix/store/sx2v0i73mn1ih2z1nk61pm9n5gjgpidy-yosys/bin/../share/yosys/techmap.v' to AST representation.
Generating RTLIL representation for module `\_90_simplemap_bool_ops'.
Generating RTLIL representation for module `\_90_simplemap_reduce_ops'.
Generating RTLIL representation for module `\_90_simplemap_logic_ops'.
Generating RTLIL representation for module `\_90_simplemap_compare_ops'.
Generating RTLIL representation for module `\_90_simplemap_various'.
Generating RTLIL representation for module `\_90_simplemap_registers'.
Generating RTLIL representation for module `\_90_shift_ops_shr_shl_sshl_sshr'.
Generating RTLIL representation for module `\_90_shift_shiftx'.
Generating RTLIL representation for module `\_90_fa'.
Generating RTLIL representation for module `\_90_lcu'.
Generating RTLIL representation for module `\_90_alu'.
Generating RTLIL representation for module `\_90_macc'.
Generating RTLIL representation for module `\_90_alumacc'.
Generating RTLIL representation for module `\$__div_mod_u'.
Generating RTLIL representation for module `\$__div_mod_trunc'.
Generating RTLIL representation for module `\_90_div'.
Generating RTLIL representation for module `\_90_mod'.
Generating RTLIL representation for module `\$__div_mod_floor'.
Generating RTLIL representation for module `\_90_divfloor'.
Generating RTLIL representation for module `\_90_modfloor'.
Generating RTLIL representation for module `\_90_pow'.
Generating RTLIL representation for module `\_90_pmux'.
Generating RTLIL representation for module `\_90_demux'.
Generating RTLIL representation for module `\_90_lut'.
Successfully finished Verilog frontend.

43.2. Continuing TECHMAP pass.
Using extmapper simplemap for cells of type $eq.
Using extmapper simplemap for cells of type $logic_or.
Using extmapper simplemap for cells of type $mux.
Using template $paramod$c83925f608704c3fa34790ddcfce9302bdcd7533\_90_pmux for cells of type $pmux.
Using template $paramod$54d740639e1393b22262823179ff783ea9f17a35\_90_pmux for cells of type $pmux.
Using template $paramod$fbc7873bff55778c0b3173955b7e4bce1d9d6834\_90_alu for cells of type $alu.
Using template $paramod$constmap:4621fcf06a436d1e2a4080e2ed9866a7d07a6e07$paramod$feecc7a0dbd012970970f2858f15e786e251f677\_90_shift_ops_shr_shl_sshl_sshr for cells of type $shr.
Using template $paramod$constmap:4621fcf06a436d1e2a4080e2ed9866a7d07a6e07$paramod$335cfd09f1afa8139c4aafcbbe5f361887b79c5e\_90_shift_ops_shr_shl_sshl_sshr for cells of type $shl.
Using extmapper simplemap for cells of type $reduce_and.
Running "alumacc" on wrapper $extern:wrap:$neg:A_SIGNED=0:A_WIDTH=32:Y_WIDTH=32:394426c56d1a028ba8fdd5469b163e04011def47.
Using template $extern:wrap:$neg:A_SIGNED=0:A_WIDTH=32:Y_WIDTH=32:394426c56d1a028ba8fdd5469b163e04011def47 for cells of type $extern:wrap:$neg:A_SIGNED=0:A_WIDTH=32:Y_WIDTH=32:394426c56d1a028ba8fdd5469b163e04011def47.
Using extmapper simplemap for cells of type $or.
Using extmapper simplemap for cells of type $not.
Using template $paramod$076c9a7a3f037230073fe14dd4865d470cb48917\_90_alu for cells of type $alu.
Using extmapper simplemap for cells of type $adffe.
Using extmapper simplemap for cells of type $logic_not.
Using template $paramod$49f1dc3dcd6d2c748486fe94c6744a34a19bbafe\_90_pmux for cells of type $pmux.
Using extmapper simplemap for cells of type $reduce_or.
Using extmapper simplemap for cells of type $logic_and.
Using extmapper simplemap for cells of type $reduce_bool.
Using template $paramod$6a42b6fefed750f8a1c58eab59479d960557103c\_90_alu for cells of type $alu.
Using extmapper simplemap for cells of type $and.
Using extmapper simplemap for cells of type $pos.
Using template $paramod\_90_lcu\WIDTH=32'00000000000000000000000000100000 for cells of type $lcu.
Using extmapper simplemap for cells of type $xor.
Using template $paramod$c6baa65225090ac0a120feab1b920965244aa496\_90_alu for cells of type $alu.
No more expansions possible.
<suppressed ~2360 debug messages>

44. Executing OPT pass (performing simple optimizations).

44.1. Executing OPT_EXPR pass (perform const folding).
Optimizing module semi_cpu_top.
<suppressed ~1087 debug messages>

44.2. Executing OPT_MERGE pass (detect identical cells).
Finding identical cells in module `\semi_cpu_top'.
<suppressed ~1023 debug messages>
Removed a total of 341 cells.

44.3. Executing OPT_DFF pass (perform DFF optimizations).

44.4. Executing OPT_CLEAN pass (remove unused cells and wires).
Finding unused cells or wires in module \semi_cpu_top..
Removed 134 unused cells and 1493 unused wires.
<suppressed ~135 debug messages>

44.5. Finished fast OPT passes.

45. Executing ABC pass (technology mapping using ABC).

45.1. Extracting gate netlist of module `\semi_cpu_top' to `<abc-temp-dir>/input.blif'..
Extracted 4724 gates and 5783 wires to a netlist network with 1057 inputs and 128 outputs.

45.1.1. Executing ABC.
Running ABC command: "/nix/store/wq2q0njg3sx8wvj2akz7x1qxwyrv9xlr-yosys-abc/bin/abc" -s -f <abc-temp-dir>/abc.script 2>&1
ABC: ABC command line: "source <abc-temp-dir>/abc.script".
ABC: 
ABC: + read_blif <abc-temp-dir>/input.blif 
ABC: + read_library <abc-temp-dir>/stdcells.genlib 
ABC: Entered genlib library with 13 gates from file "<abc-temp-dir>/stdcells.genlib".
ABC: + strash 
ABC: + dretime 
ABC: + map 
ABC: + write_blif <abc-temp-dir>/output.blif 

45.1.2. Re-integrating ABC results.
ABC RESULTS:               NOT cells:       92
ABC RESULTS:               MUX cells:      396
ABC RESULTS:              XNOR cells:       34
ABC RESULTS:             ORNOT cells:      186
ABC RESULTS:               NOR cells:      117
ABC RESULTS:                OR cells:     1372
ABC RESULTS:              NAND cells:       48
ABC RESULTS:            ANDNOT cells:     2106
ABC RESULTS:               AND cells:       50
ABC RESULTS:               XOR cells:      154
ABC RESULTS:        internal signals:     4598
ABC RESULTS:           input signals:     1057
ABC RESULTS:          output signals:      128
Removing temp directory.

46. Executing OPT pass (performing simple optimizations).

46.1. Executing OPT_EXPR pass (perform const folding).
Optimizing module semi_cpu_top.

46.2. Executing OPT_MERGE pass (detect identical cells).
Finding identical cells in module `\semi_cpu_top'.
<suppressed ~57 debug messages>
Removed a total of 19 cells.

46.3. Executing OPT_DFF pass (perform DFF optimizations).

46.4. Executing OPT_CLEAN pass (remove unused cells and wires).
Finding unused cells or wires in module \semi_cpu_top..
Removed 0 unused cells and 1952 unused wires.
<suppressed ~12 debug messages>

46.5. Finished fast OPT passes.

47. Executing HIERARCHY pass (managing design hierarchy).

47.1. Analyzing design hierarchy..
Top module:  \semi_cpu_top

47.2. Analyzing design hierarchy..
Top module:  \semi_cpu_top
Removed 0 unused modules.

48. Printing statistics.

=== semi_cpu_top ===

   Number of wires:               4505
   Number of wire bits:           5967
   Number of public wires:          61
   Number of public wire bits:    1399
   Number of memories:               0
   Number of memory bits:            0
   Number of processes:              0
   Number of cells:               5592
     $_ANDNOT_                    2096
     $_AND_                         49
     $_DFFE_PP0P_                 1056
     $_MUX_                        395
     $_NAND_                        48
     $_NOR_                        117
     $_NOT_                         92
     $_ORNOT_                      185
     $_OR_                        1366
     $_XNOR_                        34
     $_XOR_                        154

49. Executing CHECK pass (checking for obvious problems).
Checking module semi_cpu_top...
Found and reported 0 problems.

50. Generating Graphviz representation of design.
Writing dot description to `/openlane/designs/Lab5/runs/RUN_2025.06.17_22.11.30/tmp/synthesis/post_techmap.dot'.
Dumping module semi_cpu_top to page 1.

51. Executing SHARE pass (SAT-based resource sharing).

52. Executing OPT pass (performing simple optimizations).

52.1. Executing OPT_EXPR pass (perform const folding).
Optimizing module semi_cpu_top.

52.2. Executing OPT_MERGE pass (detect identical cells).
Finding identical cells in module `\semi_cpu_top'.
Removed a total of 0 cells.

52.3. Executing OPT_MUXTREE pass (detect dead branches in mux trees).
Running muxtree optimizer on module \semi_cpu_top..
  Creating internal representation of mux trees.
  No muxes found in this module.
Removed 0 multiplexer ports.

52.4. Executing OPT_REDUCE pass (consolidate $*mux and $reduce_* inputs).
  Optimizing cells in module \semi_cpu_top.
Performed a total of 0 changes.

52.5. Executing OPT_MERGE pass (detect identical cells).
Finding identical cells in module `\semi_cpu_top'.
Removed a total of 0 cells.

52.6. Executing OPT_DFF pass (perform DFF optimizations).

52.7. Executing OPT_CLEAN pass (remove unused cells and wires).
Finding unused cells or wires in module \semi_cpu_top..

52.8. Executing OPT_EXPR pass (perform const folding).
Optimizing module semi_cpu_top.

52.9. Finished OPT passes. (There is nothing left to do.)

53. Executing OPT_CLEAN pass (remove unused cells and wires).
Finding unused cells or wires in module \semi_cpu_top..
Removed 0 unused cells and 24 unused wires.
<suppressed ~24 debug messages>

54. Printing statistics.

=== semi_cpu_top ===

   Number of wires:               4481
   Number of wire bits:           5659
   Number of public wires:          37
   Number of public wire bits:    1091
   Number of memories:               0
   Number of memory bits:            0
   Number of processes:              0
   Number of cells:               5592
     $_ANDNOT_                    2096
     $_AND_                         49
     $_DFFE_PP0P_                 1056
     $_MUX_                        395
     $_NAND_                        48
     $_NOR_                        117
     $_NOT_                         92
     $_ORNOT_                      185
     $_OR_                        1366
     $_XNOR_                        34
     $_XOR_                        154

mapping tbuf

55. Executing TECHMAP pass (map to technology primitives).

55.1. Executing Verilog-2005 frontend: /home/berks/.volare/sky130A/libs.tech/openlane/sky130_fd_sc_hd/tribuff_map.v
Parsing Verilog input from `/home/berks/.volare/sky130A/libs.tech/openlane/sky130_fd_sc_hd/tribuff_map.v' to AST representation.
Generating RTLIL representation for module `\$_TBUF_'.
Successfully finished Verilog frontend.

55.2. Continuing TECHMAP pass.
No more expansions possible.
<suppressed ~3 debug messages>

56. Executing SIMPLEMAP pass (map simple cells to gate primitives).

57. Executing TECHMAP pass (map to technology primitives).

57.1. Executing Verilog-2005 frontend: /home/berks/.volare/sky130A/libs.tech/openlane/sky130_fd_sc_hd/latch_map.v
Parsing Verilog input from `/home/berks/.volare/sky130A/libs.tech/openlane/sky130_fd_sc_hd/latch_map.v' to AST representation.
Generating RTLIL representation for module `\$_DLATCH_P_'.
Generating RTLIL representation for module `\$_DLATCH_N_'.
Successfully finished Verilog frontend.

57.2. Continuing TECHMAP pass.
No more expansions possible.
<suppressed ~4 debug messages>

58. Executing SIMPLEMAP pass (map simple cells to gate primitives).

59. Executing DFFLIBMAP pass (mapping DFF cells to sequential cells from liberty file).
  cell sky130_fd_sc_hd__dfxtp_2 (noninv, pins=3, area=21.27) is a direct match for cell type $_DFF_P_.
  cell sky130_fd_sc_hd__dfrtp_2 (noninv, pins=4, area=26.28) is a direct match for cell type $_DFF_PN0_.
  cell sky130_fd_sc_hd__dfstp_2 (noninv, pins=4, area=26.28) is a direct match for cell type $_DFF_PN1_.
  cell sky130_fd_sc_hd__dfbbn_2 (noninv, pins=6, area=35.03) is a direct match for cell type $_DFFSR_NNN_.
  final dff cell mappings:
    unmapped dff cell: $_DFF_N_
    \sky130_fd_sc_hd__dfxtp_2 _DFF_P_ (.CLK( C), .D( D), .Q( Q));
    unmapped dff cell: $_DFF_NN0_
    unmapped dff cell: $_DFF_NN1_
    unmapped dff cell: $_DFF_NP0_
    unmapped dff cell: $_DFF_NP1_
    \sky130_fd_sc_hd__dfrtp_2 _DFF_PN0_ (.CLK( C), .D( D), .Q( Q), .RESET_B( R));
    \sky130_fd_sc_hd__dfstp_2 _DFF_PN1_ (.CLK( C), .D( D), .Q( Q), .SET_B( R));
    unmapped dff cell: $_DFF_PP0_
    unmapped dff cell: $_DFF_PP1_
    \sky130_fd_sc_hd__dfbbn_2 _DFFSR_NNN_ (.CLK_N( C), .D( D), .Q( Q), .Q_N(~Q), .RESET_B( R), .SET_B( S));
    unmapped dff cell: $_DFFSR_NNP_
    unmapped dff cell: $_DFFSR_NPN_
    unmapped dff cell: $_DFFSR_NPP_
    unmapped dff cell: $_DFFSR_PNN_
    unmapped dff cell: $_DFFSR_PNP_
    unmapped dff cell: $_DFFSR_PPN_
    unmapped dff cell: $_DFFSR_PPP_

59.1. Executing DFFLEGALIZE pass (convert FFs to types supported by the target).
Mapping DFF cells in module `\semi_cpu_top':
  mapped 1056 $_DFF_PN0_ cells to \sky130_fd_sc_hd__dfrtp_2 cells.

60. Printing statistics.

=== semi_cpu_top ===

   Number of wires:               6593
   Number of wire bits:           7771
   Number of public wires:          37
   Number of public wire bits:    1091
   Number of memories:               0
   Number of memory bits:            0
   Number of processes:              0
   Number of cells:               7704
     $_ANDNOT_                    2096
     $_AND_                         49
     $_MUX_                       1451
     $_NAND_                        48
     $_NOR_                        117
     $_NOT_                       1148
     $_ORNOT_                      185
     $_OR_                        1366
     $_XNOR_                        34
     $_XOR_                        154
     sky130_fd_sc_hd__dfrtp_2     1056

[INFO]: USING STRATEGY AREA 0

61. Executing ABC pass (technology mapping using ABC).

61.1. Extracting gate netlist of module `\semi_cpu_top' to `/tmp/yosys-abc-wo3EO2/input.blif'..
Extracted 6648 gates and 7706 wires to a netlist network with 1058 inputs and 2144 outputs.

61.1.1. Executing ABC.
Running ABC command: "/nix/store/wq2q0njg3sx8wvj2akz7x1qxwyrv9xlr-yosys-abc/bin/abc" -s -f /tmp/yosys-abc-wo3EO2/abc.script 2>&1
ABC: ABC command line: "source /tmp/yosys-abc-wo3EO2/abc.script".
ABC: 
ABC: + read_blif /tmp/yosys-abc-wo3EO2/input.blif 
ABC: + read_lib -w /openlane/designs/Lab5/runs/RUN_2025.06.17_22.11.30/tmp/synthesis/trimmed.lib 
ABC: Parsing finished successfully.  Parsing time =     0.05 sec
ABC: Scl_LibertyReadGenlib() skipped sequential cell "sky130_fd_sc_hd__dfbbn_2".
ABC: Scl_LibertyReadGenlib() skipped sequential cell "sky130_fd_sc_hd__dfrbp_2".
ABC: Scl_LibertyReadGenlib() skipped sequential cell "sky130_fd_sc_hd__dfrtp_2".
ABC: Scl_LibertyReadGenlib() skipped sequential cell "sky130_fd_sc_hd__dfrtp_4".
ABC: Scl_LibertyReadGenlib() skipped sequential cell "sky130_fd_sc_hd__dfsbp_2".
ABC: Scl_LibertyReadGenlib() skipped sequential cell "sky130_fd_sc_hd__dfstp_2".
ABC: Scl_LibertyReadGenlib() skipped sequential cell "sky130_fd_sc_hd__dfstp_4".
ABC: Scl_LibertyReadGenlib() skipped sequential cell "sky130_fd_sc_hd__dfxbp_2".
ABC: Scl_LibertyReadGenlib() skipped sequential cell "sky130_fd_sc_hd__dfxtp_2".
ABC: Scl_LibertyReadGenlib() skipped sequential cell "sky130_fd_sc_hd__dfxtp_4".
ABC: Scl_LibertyReadGenlib() skipped sequential cell "sky130_fd_sc_hd__dlxtn_1".
ABC: Scl_LibertyReadGenlib() skipped sequential cell "sky130_fd_sc_hd__dlxtn_2".
ABC: Scl_LibertyReadGenlib() skipped sequential cell "sky130_fd_sc_hd__dlxtn_4".
ABC: Scl_LibertyReadGenlib() skipped sequential cell "sky130_fd_sc_hd__dlxtp_1".
ABC: Scl_LibertyReadGenlib() skipped three-state cell "sky130_fd_sc_hd__ebufn_2".
ABC: Scl_LibertyReadGenlib() skipped three-state cell "sky130_fd_sc_hd__ebufn_4".
ABC: Scl_LibertyReadGenlib() skipped three-state cell "sky130_fd_sc_hd__ebufn_8".
ABC: Library "sky130A_merged" from "/openlane/designs/Lab5/runs/RUN_2025.06.17_22.11.30/tmp/synthesis/trimmed.lib" has 175 cells (17 skipped: 14 seq; 3 tri-state; 0 no func; 0 dont_use).  Time =     0.08 sec
ABC: Memory =    9.54 MB. Time =     0.08 sec
ABC: Warning: Detected 2 multi-output gates (for example, "sky130_fd_sc_hd__fa_1").
ABC: + read_constr -v /openlane/designs/Lab5/runs/RUN_2025.06.17_22.11.30/tmp/synthesis/synthesis.sdc 
ABC: Setting driving cell to be "sky130_fd_sc_hd__inv_2".
ABC: Setting output load to be 33.442001.
ABC: + read_constr /openlane/designs/Lab5/runs/RUN_2025.06.17_22.11.30/tmp/synthesis/synthesis.sdc 
ABC: + fx 
ABC: + mfs 
ABC: + strash 
ABC: + drf -l 
ABC: + balance 
ABC: + drw -l 
ABC: + drf -l 
ABC: + balance 
ABC: + drw -l 
ABC: + drw -l -z 
ABC: + balance 
ABC: + drf -l -z 
ABC: + drw -l -z 
ABC: + balance 
ABC: + retime -D -D 10000 -M 5 
ABC: + scleanup 
ABC: Error: The network is combinational.
ABC: + fraig_store 
ABC: + balance 
ABC: + fraig_store 
ABC: + balance 
ABC: + drw -l 
ABC: + drf -l 
ABC: + balance 
ABC: + drw -l 
ABC: + drw -l -z 
ABC: + balance 
ABC: + drf -l -z 
ABC: + drw -l -z 
ABC: + balance 
ABC: + fraig_store 
ABC: + balance 
ABC: + drw -l 
ABC: + drf -l 
ABC: + balance 
ABC: + drw -l 
ABC: + drw -l -z 
ABC: + balance 
ABC: + drf -l -z 
ABC: + drw -l -z 
ABC: + balance 
ABC: + fraig_store 
ABC: + balance 
ABC: + drw -l 
ABC: + drf -l 
ABC: + balance 
ABC: + drw -l 
ABC: + drw -l -z 
ABC: + balance 
ABC: + drf -l -z 
ABC: + drw -l -z 
ABC: + balance 
ABC: + fraig_store 
ABC: + fraig_restore 
ABC: + amap -m -Q 0.1 -F 20 -A 20 -C 5000 
ABC: + retime -D -D 10000 
ABC: + &get -n 
ABC: + &st 
ABC: + &dch 
ABC: + &nf 
ABC: + &put 
ABC: + buffer -N 10 -S 750.0 
ABC: + upsize -D 10000 
ABC: + dnsize -D 10000 
ABC: + stime -p 
ABC: WireLoad = "none"  Gates =   4795 ( 67.5 %)   Cap = 16.2 ff ( 14.1 %)   Area =    27478.85 ( 32.2 %)   Delay =  9950.11 ps  (  2.6 %)               
ABC: Path  0 --      21 : 0    4 pi                        A =   0.00  Df =  57.1  -31.4 ps  S =  85.5 ps  Cin =  0.0 ff  Cout =  17.3 ff  Cmax =   0.0 ff  G =    0  
ABC: Path  1 --    3600 : 4    1 sky130_fd_sc_hd__or4_2    A =   8.76  Df = 670.0 -486.5 ps  S = 106.9 ps  Cin =  1.5 ff  Cout =   4.6 ff  Cmax = 310.4 ff  G =  290  
ABC: Path  2 --    3604 : 4    3 sky130_fd_sc_hd__nor4_2   A =  12.51  Df = 975.3 -726.1 ps  S = 228.0 ps  Cin =  4.3 ff  Cout =   4.8 ff  Cmax =  64.1 ff  G =  108  
ABC: Path  3 --    3605 : 1   10 sky130_fd_sc_hd__buf_2    A =   5.00  Df =1178.1 -785.8 ps  S =  99.7 ps  Cin =  1.7 ff  Cout =  18.3 ff  Cmax = 315.9 ff  G = 1037  
ABC: Path  4 --    3732 : 4    2 sky130_fd_sc_hd__or4bb_4  A =  15.01  Df =1718.1-1103.1 ps  S =  89.4 ps  Cin =  1.9 ff  Cout =   7.0 ff  Cmax = 532.8 ff  G =  350  
ABC: Path  5 --    3733 : 4    7 sky130_fd_sc_hd__o31a_2   A =  10.01  Df =1886.6 -166.9 ps  S = 130.1 ps  Cin =  2.3 ff  Cout =  21.4 ff  Cmax = 285.7 ff  G =  871  
ABC: Path  6 --    3734 : 3    9 sky130_fd_sc_hd__a21o_2   A =   8.76  Df =2151.3 -232.0 ps  S = 156.3 ps  Cin =  2.4 ff  Cout =  29.8 ff  Cmax = 309.5 ff  G = 1215  
ABC: Path  7 --    3735 : 4    4 sky130_fd_sc_hd__or4_4    A =  11.26  Df =2590.6 -244.8 ps  S =  93.8 ps  Cin =  2.4 ff  Cout =   9.5 ff  Cmax = 534.7 ff  G =  382  
ABC: Path  8 --    3739 : 4    1 sky130_fd_sc_hd__or4_2    A =   8.76  Df =3226.4 -780.4 ps  S =  92.3 ps  Cin =  1.5 ff  Cout =   1.8 ff  Cmax = 310.4 ff  G =  115  
ABC: Path  9 --    3740 : 1    9 sky130_fd_sc_hd__buf_2    A =   5.00  Df =3416.4 -789.9 ps  S = 157.7 ps  Cin =  1.7 ff  Cout =  31.0 ff  Cmax = 315.9 ff  G = 1705  
ABC: Path 10 --    3831 : 3    1 sky130_fd_sc_hd__or3_4    A =  11.26  Df =3795.7-1026.9 ps  S =  60.3 ps  Cin =  2.4 ff  Cout =   2.4 ff  Cmax = 531.9 ff  G =   99  
ABC: Path 11 --    3833 : 4    4 sky130_fd_sc_hd__a31o_2   A =   8.76  Df =4067.5 -309.1 ps  S = 114.6 ps  Cin =  2.4 ff  Cout =  16.9 ff  Cmax = 271.9 ff  G =  689  
ABC: Path 12 --    3903 : 2    4 sky130_fd_sc_hd__xnor2_2  A =  16.27  Df =4289.2 -346.4 ps  S = 207.9 ps  Cin =  8.5 ff  Cout =  12.1 ff  Cmax = 121.8 ff  G =  138  
ABC: Path 13 --    3904 : 4    1 sky130_fd_sc_hd__or4bb_2  A =  12.51  Df =4812.6 -451.2 ps  S =  84.5 ps  Cin =  1.5 ff  Cout =   1.4 ff  Cmax = 312.2 ff  G =   90  
ABC: Path 14 --    3905 : 4    3 sky130_fd_sc_hd__or4_2    A =   8.76  Df =5396.9 -918.0 ps  S = 126.9 ps  Cin =  1.5 ff  Cout =   9.7 ff  Cmax = 310.4 ff  G =  613  
ABC: Path 15 --    3931 : 4    4 sky130_fd_sc_hd__a211o_2  A =  10.01  Df =5784.6-1048.9 ps  S =  71.8 ps  Cin =  2.4 ff  Cout =  11.8 ff  Cmax = 325.0 ff  G =  484  
ABC: Path 16 --    3959 : 3    3 sky130_fd_sc_hd__a21o_2   A =   8.76  Df =5997.0 -906.5 ps  S =  60.3 ps  Cin =  2.4 ff  Cout =   9.3 ff  Cmax = 309.5 ff  G =  384  
ABC: Path 17 --    4469 : 3    5 sky130_fd_sc_hd__a21o_2   A =   8.76  Df =6217.4 -966.0 ps  S =  91.4 ps  Cin =  2.4 ff  Cout =  16.1 ff  Cmax = 309.5 ff  G =  654  
ABC: Path 18 --    4470 : 3    3 sky130_fd_sc_hd__and3_2   A =   7.51  Df =6441.6 -989.8 ps  S =  65.1 ps  Cin =  1.5 ff  Cout =   7.4 ff  Cmax = 309.5 ff  G =  467  
ABC: Path 19 --    4481 : 5    3 sky130_fd_sc_hd__o32a_2   A =  11.26  Df =6831.2 -264.3 ps  S =  75.1 ps  Cin =  2.3 ff  Cout =  11.2 ff  Cmax = 300.3 ff  G =  464  
ABC: Path 20 --    4482 : 4    4 sky130_fd_sc_hd__a2bb2o_2 A =  11.26  Df =7106.9 -345.3 ps  S =  86.2 ps  Cin =  1.7 ff  Cout =  13.4 ff  Cmax = 300.3 ff  G =  743  
ABC: Path 21 --    4496 : 3    2 sky130_fd_sc_hd__or3_2    A =   7.51  Df =7577.7 -518.1 ps  S =  75.7 ps  Cin =  1.5 ff  Cout =   3.1 ff  Cmax = 310.4 ff  G =  190  
ABC: Path 22 --    4824 : 4    1 sky130_fd_sc_hd__or4_2    A =   8.76  Df =8179.3 -701.9 ps  S =  95.7 ps  Cin =  1.5 ff  Cout =   2.4 ff  Cmax = 310.4 ff  G =  154  
ABC: Path 23 --    4834 : 5    4 sky130_fd_sc_hd__o2111a_2 A =  12.51  Df =8391.0 -178.5 ps  S = 117.3 ps  Cin =  2.4 ff  Cout =  18.3 ff  Cmax = 299.4 ff  G =  721  
ABC: Path 24 --    4835 : 4    2 sky130_fd_sc_hd__or4_4    A =  11.26  Df =8815.2 -465.1 ps  S =  87.9 ps  Cin =  2.4 ff  Cout =   6.6 ff  Cmax = 534.7 ff  G =  265  
ABC: Path 25 --    4848 : 3    3 sky130_fd_sc_hd__a21oi_2  A =   8.76  Df =9024.7 -609.9 ps  S = 176.5 ps  Cin =  4.6 ff  Cout =  11.9 ff  Cmax = 128.2 ff  G =  244  
ABC: Path 26 --    4854 : 4    2 sky130_fd_sc_hd__o31a_2   A =  10.01  Df =9204.5 -467.8 ps  S =  76.8 ps  Cin =  2.3 ff  Cout =  10.9 ff  Cmax = 285.7 ff  G =  450  
ABC: Path 27 --    4855 : 4    1 sky130_fd_sc_hd__a22o_2   A =  10.01  Df =9357.9 -372.1 ps  S =  62.0 ps  Cin =  2.3 ff  Cout =   8.4 ff  Cmax = 301.2 ff  G =  351  
ABC: Path 28 --    4856 : 2    6 sky130_fd_sc_hd__xnor2_2  A =  16.27  Df =9511.0 -339.3 ps  S = 202.0 ps  Cin =  8.5 ff  Cout =  11.6 ff  Cmax = 121.8 ff  G =  130  
ABC: Path 29 --    5986 : 3    1 sky130_fd_sc_hd__mux2_2   A =  11.26  Df =9771.4 -421.8 ps  S =  44.1 ps  Cin =  2.3 ff  Cout =   1.8 ff  Cmax = 297.6 ff  G =   76  
ABC: Path 30 --    5987 : 1    1 sky130_fd_sc_hd__buf_2    A =   5.00  Df =9950.1 -408.0 ps  S = 168.8 ps  Cin =  1.7 ff  Cout =  33.4 ff  Cmax = 315.9 ff  G = 1936  
ABC: Start-point = pi20 (\IM0.addr [12]).  End-point = po672 ($auto$rtlil.cc:2684:MuxGate$16450).
ABC: + print_stats -m 
ABC: netlist                       : i/o = 1058/ 2144  lat =    0  nd =  4795  edge =   8074  area =27468.81  delay =32.00  lev = 32
ABC: + write_blif /tmp/yosys-abc-wo3EO2/output.blif 

61.1.2. Re-integrating ABC results.
ABC RESULTS:   sky130_fd_sc_hd__nor2b_2 cells:        1
ABC RESULTS:   sky130_fd_sc_hd__or4bb_4 cells:        1
ABC RESULTS:   sky130_fd_sc_hd__and4b_2 cells:        4
ABC RESULTS:   sky130_fd_sc_hd__and4_2 cells:        5
ABC RESULTS:   sky130_fd_sc_hd__nor4_2 cells:        3
ABC RESULTS:   sky130_fd_sc_hd__or3_4 cells:        1
ABC RESULTS:   sky130_fd_sc_hd__nand2b_2 cells:        1
ABC RESULTS:   sky130_fd_sc_hd__o221a_2 cells:        1
ABC RESULTS:   sky130_fd_sc_hd__a311oi_2 cells:        1
ABC RESULTS:   sky130_fd_sc_hd__or2b_2 cells:        4
ABC RESULTS:   sky130_fd_sc_hd__a311o_2 cells:        1
ABC RESULTS:   sky130_fd_sc_hd__o32ai_2 cells:        1
ABC RESULTS:   sky130_fd_sc_hd__a21boi_2 cells:        1
ABC RESULTS:   sky130_fd_sc_hd__or4bb_2 cells:        2
ABC RESULTS:   sky130_fd_sc_hd__a211oi_2 cells:        5
ABC RESULTS:   sky130_fd_sc_hd__o22ai_2 cells:        3
ABC RESULTS:   sky130_fd_sc_hd__and3b_2 cells:        4
ABC RESULTS:   sky130_fd_sc_hd__o211ai_2 cells:        2
ABC RESULTS:   sky130_fd_sc_hd__o311a_2 cells:        3
ABC RESULTS:   sky130_fd_sc_hd__or4_2 cells:       10
ABC RESULTS:   sky130_fd_sc_hd__o2111a_2 cells:        1
ABC RESULTS:   sky130_fd_sc_hd__or4_4 cells:        3
ABC RESULTS:   sky130_fd_sc_hd__nand3_2 cells:       11
ABC RESULTS:   sky130_fd_sc_hd__o22a_2 cells:        7
ABC RESULTS:   sky130_fd_sc_hd__o2bb2a_2 cells:        6
ABC RESULTS:   sky130_fd_sc_hd__a22oi_2 cells:       28
ABC RESULTS:   sky130_fd_sc_hd__a41o_2 cells:        1
ABC RESULTS:   sky130_fd_sc_hd__o31a_2 cells:       11
ABC RESULTS:   sky130_fd_sc_hd__mux4_2 cells:       15
ABC RESULTS:   sky130_fd_sc_hd__and3_2 cells:       41
ABC RESULTS:   sky130_fd_sc_hd__o21ba_2 cells:        1
ABC RESULTS:   sky130_fd_sc_hd__or3b_2 cells:        3
ABC RESULTS:   sky130_fd_sc_hd__and2b_2 cells:       11
ABC RESULTS:   sky130_fd_sc_hd__xnor2_2 cells:       27
ABC RESULTS:   sky130_fd_sc_hd__o21bai_2 cells:        7
ABC RESULTS:   sky130_fd_sc_hd__and2_2 cells:       56
ABC RESULTS:   sky130_fd_sc_hd__buf_2 cells:       10
ABC RESULTS:   sky130_fd_sc_hd__or2_2 cells:       58
ABC RESULTS:   sky130_fd_sc_hd__xor2_2 cells:       30
ABC RESULTS:   sky130_fd_sc_hd__a21o_2 cells:       37
ABC RESULTS:   sky130_fd_sc_hd__or3_2 cells:       25
ABC RESULTS:   sky130_fd_sc_hd__a21bo_2 cells:       12
ABC RESULTS:   sky130_fd_sc_hd__a32o_2 cells:       18
ABC RESULTS:   sky130_fd_sc_hd__o31ai_2 cells:        4
ABC RESULTS:   sky130_fd_sc_hd__a21oi_2 cells:       52
ABC RESULTS:   sky130_fd_sc_hd__a31oi_2 cells:        4
ABC RESULTS:   sky130_fd_sc_hd__mux2_2 cells:      414
ABC RESULTS:   sky130_fd_sc_hd__o211a_2 cells:       15
ABC RESULTS:   sky130_fd_sc_hd__o32a_2 cells:       24
ABC RESULTS:   sky130_fd_sc_hd__nor2_2 cells:      134
ABC RESULTS:   sky130_fd_sc_hd__a211o_2 cells:       17
ABC RESULTS:   sky130_fd_sc_hd__o21ai_2 cells:       42
ABC RESULTS:   sky130_fd_sc_hd__a22o_2 cells:      125
ABC RESULTS:   sky130_fd_sc_hd__a31o_2 cells:       29
ABC RESULTS:   sky130_fd_sc_hd__o21a_2 cells:       45
ABC RESULTS:   sky130_fd_sc_hd__nand2_2 cells:       96
ABC RESULTS:   sky130_fd_sc_hd__nand4_2 cells:        1
ABC RESULTS:   sky130_fd_sc_hd__a2bb2o_2 cells:       15
ABC RESULTS:   sky130_fd_sc_hd__nor3_2 cells:       11
ABC RESULTS:   sky130_fd_sc_hd__a221o_2 cells:       67
ABC RESULTS:   sky130_fd_sc_hd__buf_1 cells:     2106
ABC RESULTS:   sky130_fd_sc_hd__inv_2 cells:     1121
ABC RESULTS:        internal signals:     4504
ABC RESULTS:           input signals:     1058
ABC RESULTS:          output signals:     2144
Removing temp directory.

62. Executing SETUNDEF pass (replace undef values with defined constants).

63. Executing HILOMAP pass (mapping to constant drivers).

64. Executing SPLITNETS pass (splitting up multi-bit signals).

65. Executing OPT_CLEAN pass (remove unused cells and wires).
Finding unused cells or wires in module \semi_cpu_top..
Removed 3276 unused cells and 11046 unused wires.
<suppressed ~4077 debug messages>

66. Executing INSBUF pass (insert buffer cells for connected wires).

67. Executing CHECK pass (checking for obvious problems).
Checking module semi_cpu_top...
Found and reported 0 problems.

68. Printing statistics.

=== semi_cpu_top ===

   Number of wires:               2547
   Number of wire bits:           2578
   Number of public wires:         260
   Number of public wire bits:     291
   Number of memories:               0
   Number of memory bits:            0
   Number of processes:              0
   Number of cells:               2575
     sky130_fd_sc_hd__a211o_2       17
     sky130_fd_sc_hd__a211oi_2       5
     sky130_fd_sc_hd__a21bo_2       12
     sky130_fd_sc_hd__a21boi_2       1
     sky130_fd_sc_hd__a21o_2        37
     sky130_fd_sc_hd__a21oi_2       52
     sky130_fd_sc_hd__a221o_2       67
     sky130_fd_sc_hd__a22o_2       125
     sky130_fd_sc_hd__a22oi_2       28
     sky130_fd_sc_hd__a2bb2o_2      15
     sky130_fd_sc_hd__a311o_2        1
     sky130_fd_sc_hd__a311oi_2       1
     sky130_fd_sc_hd__a31o_2        29
     sky130_fd_sc_hd__a31oi_2        4
     sky130_fd_sc_hd__a32o_2        18
     sky130_fd_sc_hd__a41o_2         1
     sky130_fd_sc_hd__and2_2        56
     sky130_fd_sc_hd__and2b_2       11
     sky130_fd_sc_hd__and3_2        41
     sky130_fd_sc_hd__and3b_2        4
     sky130_fd_sc_hd__and4_2         5
     sky130_fd_sc_hd__and4b_2        4
     sky130_fd_sc_hd__buf_1        430
     sky130_fd_sc_hd__buf_2         10
     sky130_fd_sc_hd__dfrtp_2      256
     sky130_fd_sc_hd__inv_2        321
     sky130_fd_sc_hd__mux2_2       414
     sky130_fd_sc_hd__mux4_2        15
     sky130_fd_sc_hd__nand2_2       96
     sky130_fd_sc_hd__nand2b_2       1
     sky130_fd_sc_hd__nand3_2       11
     sky130_fd_sc_hd__nand4_2        1
     sky130_fd_sc_hd__nor2_2       134
     sky130_fd_sc_hd__nor2b_2        1
     sky130_fd_sc_hd__nor3_2        11
     sky130_fd_sc_hd__nor4_2         3
     sky130_fd_sc_hd__o2111a_2       1
     sky130_fd_sc_hd__o211a_2       15
     sky130_fd_sc_hd__o211ai_2       2
     sky130_fd_sc_hd__o21a_2        45
     sky130_fd_sc_hd__o21ai_2       42
     sky130_fd_sc_hd__o21ba_2        1
     sky130_fd_sc_hd__o21bai_2       7
     sky130_fd_sc_hd__o221a_2        1
     sky130_fd_sc_hd__o22a_2         7
     sky130_fd_sc_hd__o22ai_2        3
     sky130_fd_sc_hd__o2bb2a_2       6
     sky130_fd_sc_hd__o311a_2        3
     sky130_fd_sc_hd__o31a_2        11
     sky130_fd_sc_hd__o31ai_2        4
     sky130_fd_sc_hd__o32a_2        24
     sky130_fd_sc_hd__o32ai_2        1
     sky130_fd_sc_hd__or2_2         58
     sky130_fd_sc_hd__or2b_2         4
     sky130_fd_sc_hd__or3_2         25
     sky130_fd_sc_hd__or3_4          1
     sky130_fd_sc_hd__or3b_2         3
     sky130_fd_sc_hd__or4_2         10
     sky130_fd_sc_hd__or4_4          3
     sky130_fd_sc_hd__or4bb_2        2
     sky130_fd_sc_hd__or4bb_4        1
     sky130_fd_sc_hd__xnor2_2       27
     sky130_fd_sc_hd__xor2_2        30

   Chip area for module '\semi_cpu_top': 24911.392000

69. Executing Verilog backend.
Dumping module `\semi_cpu_top'.

70. Executing JSON backend.

Warnings: 1 unique messages, 1 total
End of script. Logfile hash: 099b07e199, CPU: user 1.75s system 0.05s, MEM: 54.00 MB peak
Yosys 0.38 (git sha1 543faed9c8c, clang++ 17.0.6 -fPIC -Os)
Time spent: 73% 2x abc (4 sec), 5% 26x opt_expr (0 sec), ...
