
 /----------------------------------------------------------------------------\
 |                                                                            |
 |  yosys -- Yosys Open SYnthesis Suite                                       |
 |                                                                            |
 |  Copyright (C) 2012 - 2020  Claire Xenia Wolf <claire@yosyshq.com>         |
 |                                                                            |
 |  Permission to use, copy, modify, and/or distribute this software for any  |
 |  purpose with or without fee is hereby granted, provided that the above    |
 |  copyright notice and this permission notice appear in all copies.         |
 |                                                                            |
 |  THE SOFTWARE IS PROVIDED "AS IS" AND THE AUTHOR DISCLAIMS ALL WARRANTIES  |
 |  WITH REGARD TO THIS SOFTWARE INCLUDING ALL IMPLIED WARRANTIES OF          |
 |  MERCHANTABILITY AND FITNESS. IN NO EVENT SHALL THE AUTHOR BE LIABLE FOR   |
 |  ANY SPECIAL, DIRECT, INDIRECT, OR CONSEQUENTIAL DAMAGES OR ANY DAMAGES    |
 |  WHATSOEVER RESULTING FROM LOSS OF USE, DATA OR PROFITS, WHETHER IN AN     |
 |  ACTION OF CONTRACT, NEGLIGENCE OR OTHER TORTIOUS ACTION, ARISING OUT OF   |
 |  OR IN CONNECTION WITH THE USE OR PERFORMANCE OF THIS SOFTWARE.            |
 |                                                                            |
 \----------------------------------------------------------------------------/

 Yosys 0.38 (git sha1 543faed9c8c, clang++ 17.0.6 -fPIC -Os)

[TCL: yosys -import] Command name collision: found pre-existing command `cd' -> skip.
[TCL: yosys -import] Command name collision: found pre-existing command `eval' -> skip.
[TCL: yosys -import] Command name collision: found pre-existing command `exec' -> skip.
[TCL: yosys -import] Command name collision: found pre-existing command `read' -> skip.
[TCL: yosys -import] Command name collision: found pre-existing command `trace' -> skip.

1. Executing Liberty frontend: /home/berks/.volare/sky130A/libs.ref/sky130_fd_sc_hd/lib/sky130_fd_sc_hd__tt_025C_1v80.lib
Imported 428 cell types from liberty file.

2. Executing Verilog-2005 frontend: /openlane/designs/Lab2N/src/alu.v
Parsing SystemVerilog input from `/openlane/designs/Lab2N/src/alu.v' to AST representation.
Storing AST representation for module `$abstract\alu'.
Successfully finished Verilog frontend.

3. Executing HIERARCHY pass (managing design hierarchy).

4. Executing AST frontend in derive mode using pre-parsed AST for module `\alu'.
Generating RTLIL representation for module `\alu'.

4.1. Analyzing design hierarchy..
Top module:  \alu

4.2. Analyzing design hierarchy..
Top module:  \alu
Removing unused module `$abstract\alu'.
Removed 1 unused modules.

5. Generating Graphviz representation of design.
Writing dot description to `/openlane/designs/Lab2N/runs/RUN_2025.06.18_11.51.30/tmp/synthesis/hierarchy.dot'.
Dumping module alu to page 1.
Renaming module alu to alu.

6. Executing TRIBUF pass.

7. Executing HIERARCHY pass (managing design hierarchy).

7.1. Analyzing design hierarchy..
Top module:  \alu

7.2. Analyzing design hierarchy..
Top module:  \alu
Removed 0 unused modules.

8. Executing PROC_CLEAN pass (remove empty switches from decision trees).
Cleaned up 0 empty switches.

9. Executing PROC_RMDEAD pass (remove dead branches from decision trees).
Removed 1 dead cases from process $proc$/openlane/designs/Lab2N/src/alu.v:9$1 in module alu.
Marked 1 switch rules as full_case in process $proc$/openlane/designs/Lab2N/src/alu.v:9$1 in module alu.
Removed a total of 1 dead cases.

10. Executing PROC_PRUNE pass (remove redundant assignments in processes).
Removed 1 redundant assignment.
Promoted 0 assignments to connections.

11. Executing PROC_INIT pass (extract init attributes).

12. Executing PROC_ARST pass (detect async resets in processes).

13. Executing PROC_ROM pass (convert switches to ROMs).
Converted 0 switches.
<suppressed ~1 debug messages>

14. Executing PROC_MUX pass (convert decision trees to multiplexers).
Creating decoders for process `\alu.$proc$/openlane/designs/Lab2N/src/alu.v:9$1'.
     1/1: $0\result[7:0]

15. Executing PROC_DLATCH pass (convert process syncs to latches).

16. Executing PROC_DFF pass (convert process syncs to FFs).
Creating register for signal `\alu.\result' using process `\alu.$proc$/openlane/designs/Lab2N/src/alu.v:9$1'.
  created $dff cell `$procdff$11' with positive edge clock.

17. Executing PROC_MEMWR pass (convert process memory writes to cells).

18. Executing PROC_CLEAN pass (remove empty switches from decision trees).
Found and cleaned up 1 empty switch in `\alu.$proc$/openlane/designs/Lab2N/src/alu.v:9$1'.
Removing empty process `alu.$proc$/openlane/designs/Lab2N/src/alu.v:9$1'.
Cleaned up 1 empty switch.

19. Executing CHECK pass (checking for obvious problems).
Checking module alu...
Found and reported 0 problems.

20. Executing OPT_EXPR pass (perform const folding).
Optimizing module alu.
<suppressed ~1 debug messages>

21. Executing FLATTEN pass (flatten design).

22. Executing OPT_EXPR pass (perform const folding).
Optimizing module alu.

23. Executing OPT_CLEAN pass (remove unused cells and wires).
Finding unused cells or wires in module \alu..
Removed 0 unused cells and 1 unused wires.
<suppressed ~1 debug messages>

24. Executing OPT pass (performing simple optimizations).

24.1. Executing OPT_EXPR pass (perform const folding).
Optimizing module alu.

24.2. Executing OPT_MERGE pass (detect identical cells).
Finding identical cells in module `\alu'.
Removed a total of 0 cells.

24.3. Executing OPT_MUXTREE pass (detect dead branches in mux trees).
Running muxtree optimizer on module \alu..
  Creating internal representation of mux trees.
  Evaluating internal representation of mux trees.
  Analyzing evaluation results.
Removed 0 multiplexer ports.
<suppressed ~1 debug messages>

24.4. Executing OPT_REDUCE pass (consolidate $*mux and $reduce_* inputs).
  Optimizing cells in module \alu.
Performed a total of 0 changes.

24.5. Executing OPT_MERGE pass (detect identical cells).
Finding identical cells in module `\alu'.
Removed a total of 0 cells.

24.6. Executing OPT_DFF pass (perform DFF optimizations).

24.7. Executing OPT_CLEAN pass (remove unused cells and wires).
Finding unused cells or wires in module \alu..

24.8. Executing OPT_EXPR pass (perform const folding).
Optimizing module alu.

24.9. Finished OPT passes. (There is nothing left to do.)

25. Executing FSM pass (extract and optimize FSM).

25.1. Executing FSM_DETECT pass (finding FSMs in design).

25.2. Executing FSM_EXTRACT pass (extracting FSM from design).

25.3. Executing FSM_OPT pass (simple optimizations of FSMs).

25.4. Executing OPT_CLEAN pass (remove unused cells and wires).
Finding unused cells or wires in module \alu..

25.5. Executing FSM_OPT pass (simple optimizations of FSMs).

25.6. Executing FSM_RECODE pass (re-assigning FSM state encoding).

25.7. Executing FSM_INFO pass (dumping all available information on FSM cells).

25.8. Executing FSM_MAP pass (mapping FSMs to basic logic).

26. Executing OPT pass (performing simple optimizations).

26.1. Executing OPT_EXPR pass (perform const folding).
Optimizing module alu.

26.2. Executing OPT_MERGE pass (detect identical cells).
Finding identical cells in module `\alu'.
Removed a total of 0 cells.

26.3. Executing OPT_MUXTREE pass (detect dead branches in mux trees).
Running muxtree optimizer on module \alu..
  Creating internal representation of mux trees.
  Evaluating internal representation of mux trees.
  Analyzing evaluation results.
Removed 0 multiplexer ports.
<suppressed ~1 debug messages>

26.4. Executing OPT_REDUCE pass (consolidate $*mux and $reduce_* inputs).
  Optimizing cells in module \alu.
Performed a total of 0 changes.

26.5. Executing OPT_MERGE pass (detect identical cells).
Finding identical cells in module `\alu'.
Removed a total of 0 cells.

26.6. Executing OPT_DFF pass (perform DFF optimizations).

26.7. Executing OPT_CLEAN pass (remove unused cells and wires).
Finding unused cells or wires in module \alu..

26.8. Executing OPT_EXPR pass (perform const folding).
Optimizing module alu.

26.9. Finished OPT passes. (There is nothing left to do.)

27. Executing WREDUCE pass (reducing word size of cells).
Removed top 1 bits (of 2) from port B of cell alu.$procmux$9_CMP0 ($eq).

28. Executing PEEPOPT pass (run peephole optimizers).

29. Executing OPT_CLEAN pass (remove unused cells and wires).
Finding unused cells or wires in module \alu..

30. Executing ALUMACC pass (create $alu and $macc cells).
Extracting $alu and $macc cells in module alu:
  creating $macc model for $add$/openlane/designs/Lab2N/src/alu.v:11$2 ($add).
  creating $macc model for $sub$/openlane/designs/Lab2N/src/alu.v:12$3 ($sub).
  creating $alu model for $macc $sub$/openlane/designs/Lab2N/src/alu.v:12$3.
  creating $alu model for $macc $add$/openlane/designs/Lab2N/src/alu.v:11$2.
  creating $alu cell for $add$/openlane/designs/Lab2N/src/alu.v:11$2: $auto$alumacc.cc:485:replace_alu$12
  creating $alu cell for $sub$/openlane/designs/Lab2N/src/alu.v:12$3: $auto$alumacc.cc:485:replace_alu$15
  created 2 $alu and 0 $macc cells.

31. Executing SHARE pass (SAT-based resource sharing).

32. Executing OPT pass (performing simple optimizations).

32.1. Executing OPT_EXPR pass (perform const folding).
Optimizing module alu.

32.2. Executing OPT_MERGE pass (detect identical cells).
Finding identical cells in module `\alu'.
Removed a total of 0 cells.

32.3. Executing OPT_MUXTREE pass (detect dead branches in mux trees).
Running muxtree optimizer on module \alu..
  Creating internal representation of mux trees.
  Evaluating internal representation of mux trees.
  Analyzing evaluation results.
Removed 0 multiplexer ports.
<suppressed ~1 debug messages>

32.4. Executing OPT_REDUCE pass (consolidate $*mux and $reduce_* inputs).
  Optimizing cells in module \alu.
Performed a total of 0 changes.

32.5. Executing OPT_MERGE pass (detect identical cells).
Finding identical cells in module `\alu'.
Removed a total of 0 cells.

32.6. Executing OPT_DFF pass (perform DFF optimizations).

32.7. Executing OPT_CLEAN pass (remove unused cells and wires).
Finding unused cells or wires in module \alu..

32.8. Executing OPT_EXPR pass (perform const folding).
Optimizing module alu.

32.9. Finished OPT passes. (There is nothing left to do.)

33. Executing MEMORY pass.

33.1. Executing OPT_MEM pass (optimize memories).
Performed a total of 0 transformations.

33.2. Executing OPT_MEM_PRIORITY pass (removing unnecessary memory write priority relations).
Performed a total of 0 transformations.

33.3. Executing OPT_MEM_FEEDBACK pass (finding memory read-to-write feedback paths).

33.4. Executing MEMORY_BMUX2ROM pass (converting muxes to ROMs).

33.5. Executing MEMORY_DFF pass (merging $dff cells to $memrd).

33.6. Executing OPT_CLEAN pass (remove unused cells and wires).
Finding unused cells or wires in module \alu..

33.7. Executing MEMORY_SHARE pass (consolidating $memrd/$memwr cells).

33.8. Executing OPT_MEM_WIDEN pass (optimize memories where all ports are wide).
Performed a total of 0 transformations.

33.9. Executing OPT_CLEAN pass (remove unused cells and wires).
Finding unused cells or wires in module \alu..

33.10. Executing MEMORY_COLLECT pass (generating $mem cells).

34. Executing OPT_CLEAN pass (remove unused cells and wires).
Finding unused cells or wires in module \alu..

35. Executing OPT pass (performing simple optimizations).

35.1. Executing OPT_EXPR pass (perform const folding).
Optimizing module alu.
<suppressed ~1 debug messages>

35.2. Executing OPT_MERGE pass (detect identical cells).
Finding identical cells in module `\alu'.
Removed a total of 0 cells.

35.3. Executing OPT_DFF pass (perform DFF optimizations).

35.4. Executing OPT_CLEAN pass (remove unused cells and wires).
Finding unused cells or wires in module \alu..
Removed 1 unused cells and 1 unused wires.
<suppressed ~2 debug messages>

35.5. Finished fast OPT passes.

36. Executing MEMORY_MAP pass (converting memories to logic and flip-flops).

37. Executing OPT pass (performing simple optimizations).

37.1. Executing OPT_EXPR pass (perform const folding).
Optimizing module alu.

37.2. Executing OPT_MERGE pass (detect identical cells).
Finding identical cells in module `\alu'.
Removed a total of 0 cells.

37.3. Executing OPT_MUXTREE pass (detect dead branches in mux trees).
Running muxtree optimizer on module \alu..
  Creating internal representation of mux trees.
  Evaluating internal representation of mux trees.
  Analyzing evaluation results.
Removed 0 multiplexer ports.
<suppressed ~1 debug messages>

37.4. Executing OPT_REDUCE pass (consolidate $*mux and $reduce_* inputs).
  Optimizing cells in module \alu.
Performed a total of 0 changes.

37.5. Executing OPT_MERGE pass (detect identical cells).
Finding identical cells in module `\alu'.
Removed a total of 0 cells.

37.6. Executing OPT_SHARE pass.
    Found cells that share an operand and can be merged by moving the $pmux $procmux$6 in front of them:
        $auto$alumacc.cc:485:replace_alu$15
        $auto$alumacc.cc:485:replace_alu$12

37.7. Executing OPT_DFF pass (perform DFF optimizations).

37.8. Executing OPT_CLEAN pass (remove unused cells and wires).
Finding unused cells or wires in module \alu..
Removed 0 unused cells and 6 unused wires.
<suppressed ~1 debug messages>

37.9. Executing OPT_EXPR pass (perform const folding).
Optimizing module alu.

37.10. Rerunning OPT passes. (Maybe there is more to do..)

37.11. Executing OPT_MUXTREE pass (detect dead branches in mux trees).
Running muxtree optimizer on module \alu..
  Creating internal representation of mux trees.
  Evaluating internal representation of mux trees.
  Analyzing evaluation results.
Removed 0 multiplexer ports.
<suppressed ~2 debug messages>

37.12. Executing OPT_REDUCE pass (consolidate $*mux and $reduce_* inputs).
  Optimizing cells in module \alu.
    New ctrl vector for $pmux cell $procmux$6: { $procmux$8_CMP $procmux$7_CMP }
  Optimizing cells in module \alu.
Performed a total of 1 changes.

37.13. Executing OPT_MERGE pass (detect identical cells).
Finding identical cells in module `\alu'.
Removed a total of 0 cells.

37.14. Executing OPT_SHARE pass.

37.15. Executing OPT_DFF pass (perform DFF optimizations).

37.16. Executing OPT_CLEAN pass (remove unused cells and wires).
Finding unused cells or wires in module \alu..

37.17. Executing OPT_EXPR pass (perform const folding).
Optimizing module alu.

37.18. Rerunning OPT passes. (Maybe there is more to do..)

37.19. Executing OPT_MUXTREE pass (detect dead branches in mux trees).
Running muxtree optimizer on module \alu..
  Creating internal representation of mux trees.
  Evaluating internal representation of mux trees.
  Analyzing evaluation results.
Removed 0 multiplexer ports.
<suppressed ~2 debug messages>

37.20. Executing OPT_REDUCE pass (consolidate $*mux and $reduce_* inputs).
  Optimizing cells in module \alu.
Performed a total of 0 changes.

37.21. Executing OPT_MERGE pass (detect identical cells).
Finding identical cells in module `\alu'.
Removed a total of 0 cells.

37.22. Executing OPT_SHARE pass.

37.23. Executing OPT_DFF pass (perform DFF optimizations).

37.24. Executing OPT_CLEAN pass (remove unused cells and wires).
Finding unused cells or wires in module \alu..

37.25. Executing OPT_EXPR pass (perform const folding).
Optimizing module alu.

37.26. Finished OPT passes. (There is nothing left to do.)

38. Executing TECHMAP pass (map to technology primitives).

38.1. Executing Verilog-2005 frontend: /nix/store/sx2v0i73mn1ih2z1nk61pm9n5gjgpidy-yosys/bin/../share/yosys/techmap.v
Parsing Verilog input from `/nix/store/sx2v0i73mn1ih2z1nk61pm9n5gjgpidy-yosys/bin/../share/yosys/techmap.v' to AST representation.
Generating RTLIL representation for module `\_90_simplemap_bool_ops'.
Generating RTLIL representation for module `\_90_simplemap_reduce_ops'.
Generating RTLIL representation for module `\_90_simplemap_logic_ops'.
Generating RTLIL representation for module `\_90_simplemap_compare_ops'.
Generating RTLIL representation for module `\_90_simplemap_various'.
Generating RTLIL representation for module `\_90_simplemap_registers'.
Generating RTLIL representation for module `\_90_shift_ops_shr_shl_sshl_sshr'.
Generating RTLIL representation for module `\_90_shift_shiftx'.
Generating RTLIL representation for module `\_90_fa'.
Generating RTLIL representation for module `\_90_lcu'.
Generating RTLIL representation for module `\_90_alu'.
Generating RTLIL representation for module `\_90_macc'.
Generating RTLIL representation for module `\_90_alumacc'.
Generating RTLIL representation for module `\$__div_mod_u'.
Generating RTLIL representation for module `\$__div_mod_trunc'.
Generating RTLIL representation for module `\_90_div'.
Generating RTLIL representation for module `\_90_mod'.
Generating RTLIL representation for module `\$__div_mod_floor'.
Generating RTLIL representation for module `\_90_divfloor'.
Generating RTLIL representation for module `\_90_modfloor'.
Generating RTLIL representation for module `\_90_pow'.
Generating RTLIL representation for module `\_90_pmux'.
Generating RTLIL representation for module `\_90_demux'.
Generating RTLIL representation for module `\_90_lut'.
Successfully finished Verilog frontend.

38.2. Continuing TECHMAP pass.
Using template $paramod$a1bc51c02ce12ac21eb18988e83292af48ed7d72\_90_alu for cells of type $alu.
Using extmapper simplemap for cells of type $mux.
Using extmapper simplemap for cells of type $and.
Using extmapper simplemap for cells of type $or.
Using extmapper simplemap for cells of type $eq.
Using template $paramod$fc16b9f758000d363d24f130038bd99b46b4fa1b\_90_pmux for cells of type $pmux.
Running "alumacc" on wrapper $extern:wrap:$neg:A_SIGNED=0:A_WIDTH=8:Y_WIDTH=8:394426c56d1a028ba8fdd5469b163e04011def47.
Using template $extern:wrap:$neg:A_SIGNED=0:A_WIDTH=8:Y_WIDTH=8:394426c56d1a028ba8fdd5469b163e04011def47 for cells of type $extern:wrap:$neg:A_SIGNED=0:A_WIDTH=8:Y_WIDTH=8:394426c56d1a028ba8fdd5469b163e04011def47.
Using extmapper simplemap for cells of type $dff.
Using extmapper simplemap for cells of type $xor.
Using template $paramod\_90_lcu\WIDTH=32'00000000000000000000000000001000 for cells of type $lcu.
Using extmapper simplemap for cells of type $pos.
Using extmapper simplemap for cells of type $not.
Using extmapper simplemap for cells of type $reduce_or.
Using template $paramod$fd7bfb1a4f3a7c2ac1a35670d0fa64ccc7b91841\_90_alu for cells of type $alu.
No more expansions possible.
<suppressed ~347 debug messages>

39. Executing OPT pass (performing simple optimizations).

39.1. Executing OPT_EXPR pass (perform const folding).
Optimizing module alu.
<suppressed ~70 debug messages>

39.2. Executing OPT_MERGE pass (detect identical cells).
Finding identical cells in module `\alu'.
<suppressed ~9 debug messages>
Removed a total of 3 cells.

39.3. Executing OPT_DFF pass (perform DFF optimizations).

39.4. Executing OPT_CLEAN pass (remove unused cells and wires).
Finding unused cells or wires in module \alu..
Removed 13 unused cells and 121 unused wires.
<suppressed ~14 debug messages>

39.5. Finished fast OPT passes.

40. Executing ABC pass (technology mapping using ABC).

40.1. Extracting gate netlist of module `\alu' to `<abc-temp-dir>/input.blif'..
Extracted 135 gates and 153 wires to a netlist network with 18 inputs and 8 outputs.

40.1.1. Executing ABC.
Running ABC command: "/nix/store/wq2q0njg3sx8wvj2akz7x1qxwyrv9xlr-yosys-abc/bin/abc" -s -f <abc-temp-dir>/abc.script 2>&1
ABC: ABC command line: "source <abc-temp-dir>/abc.script".
ABC: 
ABC: + read_blif <abc-temp-dir>/input.blif 
ABC: + read_library <abc-temp-dir>/stdcells.genlib 
ABC: Entered genlib library with 13 gates from file "<abc-temp-dir>/stdcells.genlib".
ABC: + strash 
ABC: + dretime 
ABC: + map 
ABC: + write_blif <abc-temp-dir>/output.blif 

40.1.2. Re-integrating ABC results.
ABC RESULTS:               AND cells:        5
ABC RESULTS:               NOT cells:        7
ABC RESULTS:              XNOR cells:        7
ABC RESULTS:               XOR cells:       14
ABC RESULTS:               NOR cells:       13
ABC RESULTS:              NAND cells:       13
ABC RESULTS:            ANDNOT cells:       33
ABC RESULTS:                OR cells:       14
ABC RESULTS:               MUX cells:       15
ABC RESULTS:        internal signals:      127
ABC RESULTS:           input signals:       18
ABC RESULTS:          output signals:        8
Removing temp directory.

41. Executing OPT pass (performing simple optimizations).

41.1. Executing OPT_EXPR pass (perform const folding).
Optimizing module alu.

41.2. Executing OPT_MERGE pass (detect identical cells).
Finding identical cells in module `\alu'.
Removed a total of 0 cells.

41.3. Executing OPT_DFF pass (perform DFF optimizations).

41.4. Executing OPT_CLEAN pass (remove unused cells and wires).
Finding unused cells or wires in module \alu..
Removed 0 unused cells and 59 unused wires.
<suppressed ~1 debug messages>

41.5. Finished fast OPT passes.

42. Executing HIERARCHY pass (managing design hierarchy).

42.1. Analyzing design hierarchy..
Top module:  \alu

42.2. Analyzing design hierarchy..
Top module:  \alu
Removed 0 unused modules.

43. Printing statistics.

=== alu ===

   Number of wires:                119
   Number of wire bits:            148
   Number of public wires:           5
   Number of public wire bits:      27
   Number of memories:               0
   Number of memory bits:            0
   Number of processes:              0
   Number of cells:                129
     $_ANDNOT_                      33
     $_AND_                          5
     $_DFF_P_                        8
     $_MUX_                         15
     $_NAND_                        13
     $_NOR_                         13
     $_NOT_                          7
     $_OR_                          14
     $_XNOR_                         7
     $_XOR_                         14

44. Executing CHECK pass (checking for obvious problems).
Checking module alu...
Found and reported 0 problems.

45. Generating Graphviz representation of design.
Writing dot description to `/openlane/designs/Lab2N/runs/RUN_2025.06.18_11.51.30/tmp/synthesis/post_techmap.dot'.
Dumping module alu to page 1.

46. Executing SHARE pass (SAT-based resource sharing).

47. Executing OPT pass (performing simple optimizations).

47.1. Executing OPT_EXPR pass (perform const folding).
Optimizing module alu.

47.2. Executing OPT_MERGE pass (detect identical cells).
Finding identical cells in module `\alu'.
Removed a total of 0 cells.

47.3. Executing OPT_MUXTREE pass (detect dead branches in mux trees).
Running muxtree optimizer on module \alu..
  Creating internal representation of mux trees.
  No muxes found in this module.
Removed 0 multiplexer ports.

47.4. Executing OPT_REDUCE pass (consolidate $*mux and $reduce_* inputs).
  Optimizing cells in module \alu.
Performed a total of 0 changes.

47.5. Executing OPT_MERGE pass (detect identical cells).
Finding identical cells in module `\alu'.
Removed a total of 0 cells.

47.6. Executing OPT_DFF pass (perform DFF optimizations).

47.7. Executing OPT_CLEAN pass (remove unused cells and wires).
Finding unused cells or wires in module \alu..

47.8. Executing OPT_EXPR pass (perform const folding).
Optimizing module alu.

47.9. Finished OPT passes. (There is nothing left to do.)

48. Executing OPT_CLEAN pass (remove unused cells and wires).
Finding unused cells or wires in module \alu..

49. Printing statistics.

=== alu ===

   Number of wires:                119
   Number of wire bits:            148
   Number of public wires:           5
   Number of public wire bits:      27
   Number of memories:               0
   Number of memory bits:            0
   Number of processes:              0
   Number of cells:                129
     $_ANDNOT_                      33
     $_AND_                          5
     $_DFF_P_                        8
     $_MUX_                         15
     $_NAND_                        13
     $_NOR_                         13
     $_NOT_                          7
     $_OR_                          14
     $_XNOR_                         7
     $_XOR_                         14

mapping tbuf

50. Executing TECHMAP pass (map to technology primitives).

50.1. Executing Verilog-2005 frontend: /home/berks/.volare/sky130A/libs.tech/openlane/sky130_fd_sc_hd/tribuff_map.v
Parsing Verilog input from `/home/berks/.volare/sky130A/libs.tech/openlane/sky130_fd_sc_hd/tribuff_map.v' to AST representation.
Generating RTLIL representation for module `\$_TBUF_'.
Successfully finished Verilog frontend.

50.2. Continuing TECHMAP pass.
No more expansions possible.
<suppressed ~3 debug messages>

51. Executing SIMPLEMAP pass (map simple cells to gate primitives).

52. Executing TECHMAP pass (map to technology primitives).

52.1. Executing Verilog-2005 frontend: /home/berks/.volare/sky130A/libs.tech/openlane/sky130_fd_sc_hd/latch_map.v
Parsing Verilog input from `/home/berks/.volare/sky130A/libs.tech/openlane/sky130_fd_sc_hd/latch_map.v' to AST representation.
Generating RTLIL representation for module `\$_DLATCH_P_'.
Generating RTLIL representation for module `\$_DLATCH_N_'.
Successfully finished Verilog frontend.

52.2. Continuing TECHMAP pass.
No more expansions possible.
<suppressed ~4 debug messages>

53. Executing SIMPLEMAP pass (map simple cells to gate primitives).

54. Executing DFFLIBMAP pass (mapping DFF cells to sequential cells from liberty file).
  cell sky130_fd_sc_hd__dfxtp_2 (noninv, pins=3, area=21.27) is a direct match for cell type $_DFF_P_.
  cell sky130_fd_sc_hd__dfrtp_2 (noninv, pins=4, area=26.28) is a direct match for cell type $_DFF_PN0_.
  cell sky130_fd_sc_hd__dfstp_2 (noninv, pins=4, area=26.28) is a direct match for cell type $_DFF_PN1_.
  cell sky130_fd_sc_hd__dfbbn_2 (noninv, pins=6, area=35.03) is a direct match for cell type $_DFFSR_NNN_.
  final dff cell mappings:
    unmapped dff cell: $_DFF_N_
    \sky130_fd_sc_hd__dfxtp_2 _DFF_P_ (.CLK( C), .D( D), .Q( Q));
    unmapped dff cell: $_DFF_NN0_
    unmapped dff cell: $_DFF_NN1_
    unmapped dff cell: $_DFF_NP0_
    unmapped dff cell: $_DFF_NP1_
    \sky130_fd_sc_hd__dfrtp_2 _DFF_PN0_ (.CLK( C), .D( D), .Q( Q), .RESET_B( R));
    \sky130_fd_sc_hd__dfstp_2 _DFF_PN1_ (.CLK( C), .D( D), .Q( Q), .SET_B( R));
    unmapped dff cell: $_DFF_PP0_
    unmapped dff cell: $_DFF_PP1_
    \sky130_fd_sc_hd__dfbbn_2 _DFFSR_NNN_ (.CLK_N( C), .D( D), .Q( Q), .Q_N(~Q), .RESET_B( R), .SET_B( S));
    unmapped dff cell: $_DFFSR_NNP_
    unmapped dff cell: $_DFFSR_NPN_
    unmapped dff cell: $_DFFSR_NPP_
    unmapped dff cell: $_DFFSR_PNN_
    unmapped dff cell: $_DFFSR_PNP_
    unmapped dff cell: $_DFFSR_PPN_
    unmapped dff cell: $_DFFSR_PPP_

54.1. Executing DFFLEGALIZE pass (convert FFs to types supported by the target).
Mapping DFF cells in module `\alu':
  mapped 8 $_DFF_P_ cells to \sky130_fd_sc_hd__dfxtp_2 cells.

55. Printing statistics.

=== alu ===

   Number of wires:                119
   Number of wire bits:            148
   Number of public wires:           5
   Number of public wire bits:      27
   Number of memories:               0
   Number of memory bits:            0
   Number of processes:              0
   Number of cells:                129
     $_ANDNOT_                      33
     $_AND_                          5
     $_MUX_                         15
     $_NAND_                        13
     $_NOR_                         13
     $_NOT_                          7
     $_OR_                          14
     $_XNOR_                         7
     $_XOR_                         14
     sky130_fd_sc_hd__dfxtp_2        8

[INFO]: USING STRATEGY AREA 0

56. Executing ABC pass (technology mapping using ABC).

56.1. Extracting gate netlist of module `\alu' to `/tmp/yosys-abc-jhfvEL/input.blif'..
Extracted 121 gates and 139 wires to a netlist network with 18 inputs and 8 outputs.

56.1.1. Executing ABC.
Running ABC command: "/nix/store/wq2q0njg3sx8wvj2akz7x1qxwyrv9xlr-yosys-abc/bin/abc" -s -f /tmp/yosys-abc-jhfvEL/abc.script 2>&1
ABC: ABC command line: "source /tmp/yosys-abc-jhfvEL/abc.script".
ABC: 
ABC: + read_blif /tmp/yosys-abc-jhfvEL/input.blif 
ABC: + read_lib -w /openlane/designs/Lab2N/runs/RUN_2025.06.18_11.51.30/tmp/synthesis/trimmed.lib 
ABC: Parsing finished successfully.  Parsing time =     0.02 sec
ABC: Scl_LibertyReadGenlib() skipped sequential cell "sky130_fd_sc_hd__dfbbn_2".
ABC: Scl_LibertyReadGenlib() skipped sequential cell "sky130_fd_sc_hd__dfrbp_2".
ABC: Scl_LibertyReadGenlib() skipped sequential cell "sky130_fd_sc_hd__dfrtp_2".
ABC: Scl_LibertyReadGenlib() skipped sequential cell "sky130_fd_sc_hd__dfrtp_4".
ABC: Scl_LibertyReadGenlib() skipped sequential cell "sky130_fd_sc_hd__dfsbp_2".
ABC: Scl_LibertyReadGenlib() skipped sequential cell "sky130_fd_sc_hd__dfstp_2".
ABC: Scl_LibertyReadGenlib() skipped sequential cell "sky130_fd_sc_hd__dfstp_4".
ABC: Scl_LibertyReadGenlib() skipped sequential cell "sky130_fd_sc_hd__dfxbp_2".
ABC: Scl_LibertyReadGenlib() skipped sequential cell "sky130_fd_sc_hd__dfxtp_2".
ABC: Scl_LibertyReadGenlib() skipped sequential cell "sky130_fd_sc_hd__dfxtp_4".
ABC: Scl_LibertyReadGenlib() skipped sequential cell "sky130_fd_sc_hd__dlxtn_1".
ABC: Scl_LibertyReadGenlib() skipped sequential cell "sky130_fd_sc_hd__dlxtn_2".
ABC: Scl_LibertyReadGenlib() skipped sequential cell "sky130_fd_sc_hd__dlxtn_4".
ABC: Scl_LibertyReadGenlib() skipped sequential cell "sky130_fd_sc_hd__dlxtp_1".
ABC: Scl_LibertyReadGenlib() skipped three-state cell "sky130_fd_sc_hd__ebufn_2".
ABC: Scl_LibertyReadGenlib() skipped three-state cell "sky130_fd_sc_hd__ebufn_4".
ABC: Scl_LibertyReadGenlib() skipped three-state cell "sky130_fd_sc_hd__ebufn_8".
ABC: Library "sky130A_merged" from "/openlane/designs/Lab2N/runs/RUN_2025.06.18_11.51.30/tmp/synthesis/trimmed.lib" has 175 cells (17 skipped: 14 seq; 3 tri-state; 0 no func; 0 dont_use).  Time =     0.03 sec
ABC: Memory =    9.54 MB. Time =     0.03 sec
ABC: Warning: Detected 2 multi-output gates (for example, "sky130_fd_sc_hd__fa_1").
ABC: + read_constr -v /openlane/designs/Lab2N/runs/RUN_2025.06.18_11.51.30/tmp/synthesis/synthesis.sdc 
ABC: Setting driving cell to be "sky130_fd_sc_hd__inv_2".
ABC: Setting output load to be 33.442001.
ABC: + read_constr /openlane/designs/Lab2N/runs/RUN_2025.06.18_11.51.30/tmp/synthesis/synthesis.sdc 
ABC: + fx 
ABC: + mfs 
ABC: + strash 
ABC: + drf -l 
ABC: + balance 
ABC: + drw -l 
ABC: + drf -l 
ABC: + balance 
ABC: + drw -l 
ABC: + drw -l -z 
ABC: + balance 
ABC: + drf -l -z 
ABC: + drw -l -z 
ABC: + balance 
ABC: + retime -D -D 10000.0 -M 5 
ABC: + scleanup 
ABC: Error: The network is combinational.
ABC: + fraig_store 
ABC: + balance 
ABC: + fraig_store 
ABC: + balance 
ABC: + drw -l 
ABC: + drf -l 
ABC: + balance 
ABC: + drw -l 
ABC: + drw -l -z 
ABC: + balance 
ABC: + drf -l -z 
ABC: + drw -l -z 
ABC: + balance 
ABC: + fraig_store 
ABC: + balance 
ABC: + drw -l 
ABC: + drf -l 
ABC: + balance 
ABC: + drw -l 
ABC: + drw -l -z 
ABC: + balance 
ABC: + drf -l -z 
ABC: + drw -l -z 
ABC: + balance 
ABC: + fraig_store 
ABC: + balance 
ABC: + drw -l 
ABC: + drf -l 
ABC: + balance 
ABC: + drw -l 
ABC: + drw -l -z 
ABC: + balance 
ABC: + drf -l -z 
ABC: + drw -l -z 
ABC: + balance 
ABC: + fraig_store 
ABC: + fraig_restore 
ABC: + amap -m -Q 0.1 -F 20 -A 20 -C 5000 
ABC: + retime -D -D 10000.0 
ABC: + &get -n 
ABC: + &st 
ABC: + &dch 
ABC: + &nf 
ABC: + &put 
ABC: + buffer -N 10 -S 750.0 
ABC: + upsize -D 10000.0 
ABC: Current delay (2544.64 ps) does not exceed the target delay (10000.00 ps). Upsizing is not performed.
ABC: + dnsize -D 10000.0 
ABC: + stime -p 
ABC: WireLoad = "none"  Gates =     80 (  5.0 %)   Cap = 10.2 ff (  0.9 %)   Area =      765.73 ( 95.0 %)   Delay =  2679.07 ps  ( 13.8 %)               
ABC: Path  0 --       4 : 0    8 pi                       A =   0.00  Df =  59.7  -34.0 ps  S =  89.1 ps  Cin =  0.0 ff  Cout =  18.1 ff  Cmax =   0.0 ff  G =    0  
ABC: Path  1 --      34 : 2    1 sky130_fd_sc_hd__or2b_2  A =   8.76  Df = 348.4 -137.7 ps  S =  49.1 ps  Cin =  1.6 ff  Cout =   2.2 ff  Cmax = 312.2 ff  G =  134  
ABC: Path  2 --      35 : 1   10 sky130_fd_sc_hd__buf_1   A =   3.75  Df = 547.5  -43.0 ps  S = 364.0 ps  Cin =  2.1 ff  Cout =  30.7 ff  Cmax = 130.0 ff  G = 1402  
ABC: Path  3 --      36 : 3    2 sky130_fd_sc_hd__and3_2  A =   7.51  Df = 809.1  -66.0 ps  S =  53.1 ps  Cin =  1.5 ff  Cout =   4.1 ff  Cmax = 309.5 ff  G =  266  
ABC: Path  4 --      39 : 3    2 sky130_fd_sc_hd__or3_2   A =   7.51  Df =1254.7 -404.2 ps  S =  80.9 ps  Cin =  1.5 ff  Cout =   4.1 ff  Cmax = 310.4 ff  G =  258  
ABC: Path  5 --      45 : 3    4 sky130_fd_sc_hd__a21o_2  A =   8.76  Df =1504.6 -506.0 ps  S =  77.9 ps  Cin =  2.4 ff  Cout =  13.2 ff  Cmax = 309.5 ff  G =  540  
ABC: Path  6 --      70 : 4    3 sky130_fd_sc_hd__a211o_2 A =  10.01  Df =1827.7 -486.1 ps  S =  70.4 ps  Cin =  2.4 ff  Cout =  11.7 ff  Cmax = 325.0 ff  G =  473  
ABC: Path  7 --      92 : 4    2 sky130_fd_sc_hd__a31oi_2 A =  12.51  Df =2042.3 -600.1 ps  S = 170.2 ps  Cin =  4.4 ff  Cout =   7.2 ff  Cmax = 118.1 ff  G =  153  
ABC: Path  8 --      99 : 4    1 sky130_fd_sc_hd__o31a_2  A =  10.01  Df =2212.9 -425.7 ps  S =  68.1 ps  Cin =  2.3 ff  Cout =   9.0 ff  Cmax = 285.7 ff  G =  369  
ABC: Path  9 --     104 : 2    1 sky130_fd_sc_hd__xnor2_2 A =  16.27  Df =2343.8 -418.0 ps  S =  96.1 ps  Cin =  8.5 ff  Cout =   2.4 ff  Cmax = 121.8 ff  G =   27  
ABC: Path 10 --     106 : 5    1 sky130_fd_sc_hd__o221a_2 A =  11.26  Df =2679.1 -437.2 ps  S = 196.2 ps  Cin =  2.3 ff  Cout =  33.4 ff  Cmax = 281.1 ff  G = 1424  
ABC: Start-point = pi3 (\sel [0]).  End-point = po7 ($procmux$6.Y [7]).
ABC: + print_stats -m 
ABC: netlist                       : i/o =   18/    8  lat =    0  nd =    80  edge =    219  area =765.88  delay =10.00  lev = 10
ABC: + write_blif /tmp/yosys-abc-jhfvEL/output.blif 

56.1.2. Re-integrating ABC results.
ABC RESULTS:   sky130_fd_sc_hd__mux2_2 cells:        1
ABC RESULTS:   sky130_fd_sc_hd__or2b_2 cells:        2
ABC RESULTS:   sky130_fd_sc_hd__buf_1 cells:        2
ABC RESULTS:   sky130_fd_sc_hd__or3_2 cells:        2
ABC RESULTS:   sky130_fd_sc_hd__nand3b_2 cells:        1
ABC RESULTS:   sky130_fd_sc_hd__inv_2 cells:        2
ABC RESULTS:   sky130_fd_sc_hd__and3_2 cells:        2
ABC RESULTS:   sky130_fd_sc_hd__a21oi_2 cells:        2
ABC RESULTS:   sky130_fd_sc_hd__o21a_2 cells:        4
ABC RESULTS:   sky130_fd_sc_hd__a211o_2 cells:        3
ABC RESULTS:   sky130_fd_sc_hd__a211oi_2 cells:        1
ABC RESULTS:   sky130_fd_sc_hd__o311a_2 cells:        1
ABC RESULTS:   sky130_fd_sc_hd__nor3_2 cells:        1
ABC RESULTS:   sky130_fd_sc_hd__o21ai_2 cells:        1
ABC RESULTS:   sky130_fd_sc_hd__and2b_2 cells:        2
ABC RESULTS:   sky130_fd_sc_hd__a32o_2 cells:        1
ABC RESULTS:   sky130_fd_sc_hd__xor2_2 cells:        3
ABC RESULTS:   sky130_fd_sc_hd__or2_2 cells:        3
ABC RESULTS:   sky130_fd_sc_hd__a21bo_2 cells:        2
ABC RESULTS:   sky130_fd_sc_hd__a31oi_2 cells:        1
ABC RESULTS:   sky130_fd_sc_hd__o211a_2 cells:        6
ABC RESULTS:   sky130_fd_sc_hd__and2_2 cells:        2
ABC RESULTS:   sky130_fd_sc_hd__o31a_2 cells:        2
ABC RESULTS:   sky130_fd_sc_hd__nor2_2 cells:        4
ABC RESULTS:   sky130_fd_sc_hd__a21o_2 cells:       12
ABC RESULTS:   sky130_fd_sc_hd__xnor2_2 cells:        9
ABC RESULTS:   sky130_fd_sc_hd__nand2_2 cells:        7
ABC RESULTS:   sky130_fd_sc_hd__o221a_2 cells:        1
ABC RESULTS:        internal signals:      113
ABC RESULTS:           input signals:       18
ABC RESULTS:          output signals:        8
Removing temp directory.

57. Executing SETUNDEF pass (replace undef values with defined constants).

58. Executing HILOMAP pass (mapping to constant drivers).

59. Executing SPLITNETS pass (splitting up multi-bit signals).

60. Executing OPT_CLEAN pass (remove unused cells and wires).
Finding unused cells or wires in module \alu..
Removed 0 unused cells and 139 unused wires.
<suppressed ~1 debug messages>

61. Executing INSBUF pass (insert buffer cells for connected wires).

62. Executing CHECK pass (checking for obvious problems).
Checking module alu...
Found and reported 0 problems.

63. Printing statistics.

=== alu ===

   Number of wires:                 85
   Number of wire bits:            107
   Number of public wires:           5
   Number of public wire bits:      27
   Number of memories:               0
   Number of memory bits:            0
   Number of processes:              0
   Number of cells:                 88
     sky130_fd_sc_hd__a211o_2        3
     sky130_fd_sc_hd__a211oi_2       1
     sky130_fd_sc_hd__a21bo_2        2
     sky130_fd_sc_hd__a21o_2        12
     sky130_fd_sc_hd__a21oi_2        2
     sky130_fd_sc_hd__a31oi_2        1
     sky130_fd_sc_hd__a32o_2         1
     sky130_fd_sc_hd__and2_2         2
     sky130_fd_sc_hd__and2b_2        2
     sky130_fd_sc_hd__and3_2         2
     sky130_fd_sc_hd__buf_1          2
     sky130_fd_sc_hd__dfxtp_2        8
     sky130_fd_sc_hd__inv_2          2
     sky130_fd_sc_hd__mux2_2         1
     sky130_fd_sc_hd__nand2_2        7
     sky130_fd_sc_hd__nand3b_2       1
     sky130_fd_sc_hd__nor2_2         4
     sky130_fd_sc_hd__nor3_2         1
     sky130_fd_sc_hd__o211a_2        6
     sky130_fd_sc_hd__o21a_2         4
     sky130_fd_sc_hd__o21ai_2        1
     sky130_fd_sc_hd__o221a_2        1
     sky130_fd_sc_hd__o311a_2        1
     sky130_fd_sc_hd__o31a_2         2
     sky130_fd_sc_hd__or2_2          3
     sky130_fd_sc_hd__or2b_2         2
     sky130_fd_sc_hd__or3_2          2
     sky130_fd_sc_hd__xnor2_2        9
     sky130_fd_sc_hd__xor2_2         3

   Chip area for module '\alu': 935.897600

64. Executing Verilog backend.
Dumping module `\alu'.

65. Executing JSON backend.

End of script. Logfile hash: 6c08f42b2d, CPU: user 0.23s system 0.01s, MEM: 42.23 MB peak
Yosys 0.38 (git sha1 543faed9c8c, clang++ 17.0.6 -fPIC -Os)
Time spent: 38% 2x abc (0 sec), 19% 2x read_liberty (0 sec), ...
