OpenSTA 2.5.0 GITDIR-NOT Copyright (c) 2024, Parallax Software, Inc.
License GPLv3: GNU GPL version 3 <http://gnu.org/licenses/gpl.html>

This is free software, and you are free to change and redistribute it
under certain conditions; type `show_copying' for details. 
This program comes with ABSOLUTELY NO WARRANTY; for details type `show_warranty'.
define_corners Typical
read_liberty -corner Typical /home/berks/.volare/sky130A/libs.ref/sky130_fd_sc_hd/lib/sky130_fd_sc_hd__tt_025C_1v80.lib
Using 1e-12 for capacitance...
Using 1e+03 for resistance...
Using 1e-09 for time...
Using 1e+00 for voltage...
Using 1e-03 for current...
Using 1e-09 for power...
Using 1e-06 for distance...
Reading netlist '/openlane/designs/Lab2N/runs/RUN_2025.06.18_11.51.30/results/synthesis/alu.v'…
Reading design constraints file at '/openlane/scripts/base.sdc'…
[INFO]: Setting output delay to: 2.0
[INFO]: Setting input delay to: 2.0
[INFO]: Setting load to: 0.033442
[INFO]: Setting clock uncertainty to: 0.25
[INFO]: Setting clock transition to: 0.15
[INFO]: Setting timing derate to: 5.0 %
min_report

===========================================================================
report_checks -path_delay min (Hold)
============================================================================
======================= Typical Corner ===================================

Startpoint: b[2] (input port clocked by clk)
Endpoint: _162_ (rising edge-triggered flip-flop clocked by clk)
Path Group: clk
Path Type: min

Fanout     Cap    Slew   Delay    Time   Description
-----------------------------------------------------------------------------
                  0.15    0.00    0.00   clock clk (rise edge)
                          0.00    0.00   clock network delay (ideal)
                          2.00    2.00 ^ input external delay
     4    0.02    0.08    0.05    2.05 ^ b[2] (in)
                                         b[2] (net)
                  0.08    0.00    2.05 ^ _106_/A1 (sky130_fd_sc_hd__o211a_2)
     1    0.00    0.04    0.16    2.21 ^ _106_/X (sky130_fd_sc_hd__o211a_2)
                                         _074_ (net)
                  0.04    0.00    2.21 ^ _162_/D (sky130_fd_sc_hd__dfxtp_2)
                                  2.21   data arrival time

                  0.15    0.00    0.00   clock clk (rise edge)
                          0.00    0.00   clock network delay (ideal)
                          0.25    0.25   clock uncertainty
                          0.00    0.25   clock reconvergence pessimism
                                  0.25 ^ _162_/CLK (sky130_fd_sc_hd__dfxtp_2)
                         -0.02    0.23   library hold time
                                  0.23   data required time
-----------------------------------------------------------------------------
                                  0.23   data required time
                                 -2.21   data arrival time
-----------------------------------------------------------------------------
                                  1.97   slack (MET)


Startpoint: b[1] (input port clocked by clk)
Endpoint: _161_ (rising edge-triggered flip-flop clocked by clk)
Path Group: clk
Path Type: min

Fanout     Cap    Slew   Delay    Time   Description
-----------------------------------------------------------------------------
                  0.15    0.00    0.00   clock clk (rise edge)
                          0.00    0.00   clock network delay (ideal)
                          2.00    2.00 ^ input external delay
     6    0.02    0.08    0.05    2.05 ^ b[1] (in)
                                         b[1] (net)
                  0.08    0.00    2.05 ^ _097_/A1 (sky130_fd_sc_hd__o211a_2)
     1    0.00    0.04    0.16    2.21 ^ _097_/X (sky130_fd_sc_hd__o211a_2)
                                         _073_ (net)
                  0.04    0.00    2.21 ^ _161_/D (sky130_fd_sc_hd__dfxtp_2)
                                  2.21   data arrival time

                  0.15    0.00    0.00   clock clk (rise edge)
                          0.00    0.00   clock network delay (ideal)
                          0.25    0.25   clock uncertainty
                          0.00    0.25   clock reconvergence pessimism
                                  0.25 ^ _161_/CLK (sky130_fd_sc_hd__dfxtp_2)
                         -0.02    0.23   library hold time
                                  0.23   data required time
-----------------------------------------------------------------------------
                                  0.23   data required time
                                 -2.21   data arrival time
-----------------------------------------------------------------------------
                                  1.97   slack (MET)


Startpoint: sel[1] (input port clocked by clk)
Endpoint: _167_ (rising edge-triggered flip-flop clocked by clk)
Path Group: clk
Path Type: min

Fanout     Cap    Slew   Delay    Time   Description
-----------------------------------------------------------------------------
                  0.15    0.00    0.00   clock clk (rise edge)
                          0.00    0.00   clock network delay (ideal)
                          2.00    2.00 v input external delay
    10    0.03    0.06    0.04    2.04 v sel[1] (in)
                                         sel[1] (net)
                  0.06    0.00    2.04 v _158_/A (sky130_fd_sc_hd__nand2_2)
     1    0.00    0.03    0.05    2.09 ^ _158_/Y (sky130_fd_sc_hd__nand2_2)
                                         _005_ (net)
                  0.03    0.00    2.09 ^ _159_/C1 (sky130_fd_sc_hd__o221a_2)
     1    0.00    0.04    0.14    2.23 ^ _159_/X (sky130_fd_sc_hd__o221a_2)
                                         _079_ (net)
                  0.04    0.00    2.23 ^ _167_/D (sky130_fd_sc_hd__dfxtp_2)
                                  2.23   data arrival time

                  0.15    0.00    0.00   clock clk (rise edge)
                          0.00    0.00   clock network delay (ideal)
                          0.25    0.25   clock uncertainty
                          0.00    0.25   clock reconvergence pessimism
                                  0.25 ^ _167_/CLK (sky130_fd_sc_hd__dfxtp_2)
                         -0.02    0.23   library hold time
                                  0.23   data required time
-----------------------------------------------------------------------------
                                  0.23   data required time
                                 -2.23   data arrival time
-----------------------------------------------------------------------------
                                  1.99   slack (MET)


Startpoint: a[0] (input port clocked by clk)
Endpoint: _160_ (rising edge-triggered flip-flop clocked by clk)
Path Group: clk
Path Type: min

Fanout     Cap    Slew   Delay    Time   Description
-----------------------------------------------------------------------------
                  0.15    0.00    0.00   clock clk (rise edge)
                          0.00    0.00   clock network delay (ideal)
                          2.00    2.00 v input external delay
     3    0.01    0.02    0.01    2.01 v a[0] (in)
                                         a[0] (net)
                  0.02    0.00    2.01 v _083_/A (sky130_fd_sc_hd__nand2_2)
     1    0.00    0.03    0.04    2.05 ^ _083_/Y (sky130_fd_sc_hd__nand2_2)
                                         _009_ (net)
                  0.03    0.00    2.05 ^ _084_/S (sky130_fd_sc_hd__mux2_2)
     1    0.00    0.03    0.12    2.17 ^ _084_/X (sky130_fd_sc_hd__mux2_2)
                                         _010_ (net)
                  0.03    0.00    2.17 ^ _085_/A (sky130_fd_sc_hd__buf_1)
     1    0.00    0.03    0.06    2.24 ^ _085_/X (sky130_fd_sc_hd__buf_1)
                                         _072_ (net)
                  0.03    0.00    2.24 ^ _160_/D (sky130_fd_sc_hd__dfxtp_2)
                                  2.24   data arrival time

                  0.15    0.00    0.00   clock clk (rise edge)
                          0.00    0.00   clock network delay (ideal)
                          0.25    0.25   clock uncertainty
                          0.00    0.25   clock reconvergence pessimism
                                  0.25 ^ _160_/CLK (sky130_fd_sc_hd__dfxtp_2)
                         -0.01    0.24   library hold time
                                  0.24   data required time
-----------------------------------------------------------------------------
                                  0.24   data required time
                                 -2.24   data arrival time
-----------------------------------------------------------------------------
                                  2.00   slack (MET)


Startpoint: a[3] (input port clocked by clk)
Endpoint: _163_ (rising edge-triggered flip-flop clocked by clk)
Path Group: clk
Path Type: min

Fanout     Cap    Slew   Delay    Time   Description
-----------------------------------------------------------------------------
                  0.15    0.00    0.00   clock clk (rise edge)
                          0.00    0.00   clock network delay (ideal)
                          2.00    2.00 ^ input external delay
     4    0.01    0.05    0.03    2.03 ^ a[3] (in)
                                         a[3] (net)
                  0.05    0.00    2.03 ^ _118_/A2 (sky130_fd_sc_hd__o211a_2)
     1    0.00    0.04    0.15    2.18 ^ _118_/X (sky130_fd_sc_hd__o211a_2)
                                         _041_ (net)
                  0.04    0.00    2.18 ^ _119_/B1 (sky130_fd_sc_hd__a21o_2)
     1    0.00    0.02    0.07    2.24 ^ _119_/X (sky130_fd_sc_hd__a21o_2)
                                         _075_ (net)
                  0.02    0.00    2.24 ^ _163_/D (sky130_fd_sc_hd__dfxtp_2)
                                  2.24   data arrival time

                  0.15    0.00    0.00   clock clk (rise edge)
                          0.00    0.00   clock network delay (ideal)
                          0.25    0.25   clock uncertainty
                          0.00    0.25   clock reconvergence pessimism
                                  0.25 ^ _163_/CLK (sky130_fd_sc_hd__dfxtp_2)
                         -0.01    0.24   library hold time
                                  0.24   data required time
-----------------------------------------------------------------------------
                                  0.24   data required time
                                 -2.24   data arrival time
-----------------------------------------------------------------------------
                                  2.01   slack (MET)


Startpoint: sel[1] (input port clocked by clk)
Endpoint: _164_ (rising edge-triggered flip-flop clocked by clk)
Path Group: clk
Path Type: min

Fanout     Cap    Slew   Delay    Time   Description
-----------------------------------------------------------------------------
                  0.15    0.00    0.00   clock clk (rise edge)
                          0.00    0.00   clock network delay (ideal)
                          2.00    2.00 v input external delay
    10    0.03    0.06    0.04    2.04 v sel[1] (in)
                                         sel[1] (net)
                  0.06    0.00    2.04 v _080_/A (sky130_fd_sc_hd__inv_2)
     8    0.02    0.10    0.10    2.14 ^ _080_/Y (sky130_fd_sc_hd__inv_2)
                                         _006_ (net)
                  0.10    0.00    2.14 ^ _128_/A1 (sky130_fd_sc_hd__a21o_2)
     1    0.00    0.02    0.11    2.25 ^ _128_/X (sky130_fd_sc_hd__a21o_2)
                                         _076_ (net)
                  0.02    0.00    2.25 ^ _164_/D (sky130_fd_sc_hd__dfxtp_2)
                                  2.25   data arrival time

                  0.15    0.00    0.00   clock clk (rise edge)
                          0.00    0.00   clock network delay (ideal)
                          0.25    0.25   clock uncertainty
                          0.00    0.25   clock reconvergence pessimism
                                  0.25 ^ _164_/CLK (sky130_fd_sc_hd__dfxtp_2)
                         -0.01    0.24   library hold time
                                  0.24   data required time
-----------------------------------------------------------------------------
                                  0.24   data required time
                                 -2.25   data arrival time
-----------------------------------------------------------------------------
                                  2.01   slack (MET)


Startpoint: sel[1] (input port clocked by clk)
Endpoint: _165_ (rising edge-triggered flip-flop clocked by clk)
Path Group: clk
Path Type: min

Fanout     Cap    Slew   Delay    Time   Description
-----------------------------------------------------------------------------
                  0.15    0.00    0.00   clock clk (rise edge)
                          0.00    0.00   clock network delay (ideal)
                          2.00    2.00 v input external delay
    10    0.03    0.06    0.04    2.04 v sel[1] (in)
                                         sel[1] (net)
                  0.06    0.00    2.04 v _080_/A (sky130_fd_sc_hd__inv_2)
     8    0.02    0.10    0.10    2.14 ^ _080_/Y (sky130_fd_sc_hd__inv_2)
                                         _006_ (net)
                  0.10    0.00    2.14 ^ _138_/A1 (sky130_fd_sc_hd__a21o_2)
     1    0.00    0.02    0.11    2.25 ^ _138_/X (sky130_fd_sc_hd__a21o_2)
                                         _077_ (net)
                  0.02    0.00    2.25 ^ _165_/D (sky130_fd_sc_hd__dfxtp_2)
                                  2.25   data arrival time

                  0.15    0.00    0.00   clock clk (rise edge)
                          0.00    0.00   clock network delay (ideal)
                          0.25    0.25   clock uncertainty
                          0.00    0.25   clock reconvergence pessimism
                                  0.25 ^ _165_/CLK (sky130_fd_sc_hd__dfxtp_2)
                         -0.01    0.24   library hold time
                                  0.24   data required time
-----------------------------------------------------------------------------
                                  0.24   data required time
                                 -2.25   data arrival time
-----------------------------------------------------------------------------
                                  2.01   slack (MET)


Startpoint: sel[1] (input port clocked by clk)
Endpoint: _166_ (rising edge-triggered flip-flop clocked by clk)
Path Group: clk
Path Type: min

Fanout     Cap    Slew   Delay    Time   Description
-----------------------------------------------------------------------------
                  0.15    0.00    0.00   clock clk (rise edge)
                          0.00    0.00   clock network delay (ideal)
                          2.00    2.00 v input external delay
    10    0.03    0.06    0.04    2.04 v sel[1] (in)
                                         sel[1] (net)
                  0.06    0.00    2.04 v _080_/A (sky130_fd_sc_hd__inv_2)
     8    0.02    0.10    0.10    2.14 ^ _080_/Y (sky130_fd_sc_hd__inv_2)
                                         _006_ (net)
                  0.10    0.00    2.14 ^ _150_/A1 (sky130_fd_sc_hd__a21o_2)
     1    0.00    0.02    0.11    2.25 ^ _150_/X (sky130_fd_sc_hd__a21o_2)
                                         _078_ (net)
                  0.02    0.00    2.25 ^ _166_/D (sky130_fd_sc_hd__dfxtp_2)
                                  2.25   data arrival time

                  0.15    0.00    0.00   clock clk (rise edge)
                          0.00    0.00   clock network delay (ideal)
                          0.25    0.25   clock uncertainty
                          0.00    0.25   clock reconvergence pessimism
                                  0.25 ^ _166_/CLK (sky130_fd_sc_hd__dfxtp_2)
                         -0.01    0.24   library hold time
                                  0.24   data required time
-----------------------------------------------------------------------------
                                  0.24   data required time
                                 -2.25   data arrival time
-----------------------------------------------------------------------------
                                  2.01   slack (MET)


Startpoint: _160_ (rising edge-triggered flip-flop clocked by clk)
Endpoint: result[0] (output port clocked by clk)
Path Group: clk
Path Type: min

Fanout     Cap    Slew   Delay    Time   Description
-----------------------------------------------------------------------------
                  0.15    0.00    0.00   clock clk (rise edge)
                          0.00    0.00   clock network delay (ideal)
                  0.15    0.00    0.00 ^ _160_/CLK (sky130_fd_sc_hd__dfxtp_2)
     1    0.03    0.09    0.38    0.38 v _160_/Q (sky130_fd_sc_hd__dfxtp_2)
                                         result[0] (net)
                  0.09    0.00    0.38 v result[0] (out)
                                  0.38   data arrival time

                  0.15    0.00    0.00   clock clk (rise edge)
                          0.00    0.00   clock network delay (ideal)
                          0.25    0.25   clock uncertainty
                          0.00    0.25   clock reconvergence pessimism
                         -2.00   -1.75   output external delay
                                 -1.75   data required time
-----------------------------------------------------------------------------
                                 -1.75   data required time
                                 -0.38   data arrival time
-----------------------------------------------------------------------------
                                  2.13   slack (MET)


Startpoint: _161_ (rising edge-triggered flip-flop clocked by clk)
Endpoint: result[1] (output port clocked by clk)
Path Group: clk
Path Type: min

Fanout     Cap    Slew   Delay    Time   Description
-----------------------------------------------------------------------------
                  0.15    0.00    0.00   clock clk (rise edge)
                          0.00    0.00   clock network delay (ideal)
                  0.15    0.00    0.00 ^ _161_/CLK (sky130_fd_sc_hd__dfxtp_2)
     1    0.03    0.09    0.38    0.38 v _161_/Q (sky130_fd_sc_hd__dfxtp_2)
                                         result[1] (net)
                  0.09    0.00    0.38 v result[1] (out)
                                  0.38   data arrival time

                  0.15    0.00    0.00   clock clk (rise edge)
                          0.00    0.00   clock network delay (ideal)
                          0.25    0.25   clock uncertainty
                          0.00    0.25   clock reconvergence pessimism
                         -2.00   -1.75   output external delay
                                 -1.75   data required time
-----------------------------------------------------------------------------
                                 -1.75   data required time
                                 -0.38   data arrival time
-----------------------------------------------------------------------------
                                  2.13   slack (MET)


Startpoint: _162_ (rising edge-triggered flip-flop clocked by clk)
Endpoint: result[2] (output port clocked by clk)
Path Group: clk
Path Type: min

Fanout     Cap    Slew   Delay    Time   Description
-----------------------------------------------------------------------------
                  0.15    0.00    0.00   clock clk (rise edge)
                          0.00    0.00   clock network delay (ideal)
                  0.15    0.00    0.00 ^ _162_/CLK (sky130_fd_sc_hd__dfxtp_2)
     1    0.03    0.09    0.38    0.38 v _162_/Q (sky130_fd_sc_hd__dfxtp_2)
                                         result[2] (net)
                  0.09    0.00    0.38 v result[2] (out)
                                  0.38   data arrival time

                  0.15    0.00    0.00   clock clk (rise edge)
                          0.00    0.00   clock network delay (ideal)
                          0.25    0.25   clock uncertainty
                          0.00    0.25   clock reconvergence pessimism
                         -2.00   -1.75   output external delay
                                 -1.75   data required time
-----------------------------------------------------------------------------
                                 -1.75   data required time
                                 -0.38   data arrival time
-----------------------------------------------------------------------------
                                  2.13   slack (MET)


Startpoint: _163_ (rising edge-triggered flip-flop clocked by clk)
Endpoint: result[3] (output port clocked by clk)
Path Group: clk
Path Type: min

Fanout     Cap    Slew   Delay    Time   Description
-----------------------------------------------------------------------------
                  0.15    0.00    0.00   clock clk (rise edge)
                          0.00    0.00   clock network delay (ideal)
                  0.15    0.00    0.00 ^ _163_/CLK (sky130_fd_sc_hd__dfxtp_2)
     1    0.03    0.09    0.38    0.38 v _163_/Q (sky130_fd_sc_hd__dfxtp_2)
                                         result[3] (net)
                  0.09    0.00    0.38 v result[3] (out)
                                  0.38   data arrival time

                  0.15    0.00    0.00   clock clk (rise edge)
                          0.00    0.00   clock network delay (ideal)
                          0.25    0.25   clock uncertainty
                          0.00    0.25   clock reconvergence pessimism
                         -2.00   -1.75   output external delay
                                 -1.75   data required time
-----------------------------------------------------------------------------
                                 -1.75   data required time
                                 -0.38   data arrival time
-----------------------------------------------------------------------------
                                  2.13   slack (MET)


Startpoint: _164_ (rising edge-triggered flip-flop clocked by clk)
Endpoint: result[4] (output port clocked by clk)
Path Group: clk
Path Type: min

Fanout     Cap    Slew   Delay    Time   Description
-----------------------------------------------------------------------------
                  0.15    0.00    0.00   clock clk (rise edge)
                          0.00    0.00   clock network delay (ideal)
                  0.15    0.00    0.00 ^ _164_/CLK (sky130_fd_sc_hd__dfxtp_2)
     1    0.03    0.09    0.38    0.38 v _164_/Q (sky130_fd_sc_hd__dfxtp_2)
                                         result[4] (net)
                  0.09    0.00    0.38 v result[4] (out)
                                  0.38   data arrival time

                  0.15    0.00    0.00   clock clk (rise edge)
                          0.00    0.00   clock network delay (ideal)
                          0.25    0.25   clock uncertainty
                          0.00    0.25   clock reconvergence pessimism
                         -2.00   -1.75   output external delay
                                 -1.75   data required time
-----------------------------------------------------------------------------
                                 -1.75   data required time
                                 -0.38   data arrival time
-----------------------------------------------------------------------------
                                  2.13   slack (MET)


Startpoint: _165_ (rising edge-triggered flip-flop clocked by clk)
Endpoint: result[5] (output port clocked by clk)
Path Group: clk
Path Type: min

Fanout     Cap    Slew   Delay    Time   Description
-----------------------------------------------------------------------------
                  0.15    0.00    0.00   clock clk (rise edge)
                          0.00    0.00   clock network delay (ideal)
                  0.15    0.00    0.00 ^ _165_/CLK (sky130_fd_sc_hd__dfxtp_2)
     1    0.03    0.09    0.38    0.38 v _165_/Q (sky130_fd_sc_hd__dfxtp_2)
                                         result[5] (net)
                  0.09    0.00    0.38 v result[5] (out)
                                  0.38   data arrival time

                  0.15    0.00    0.00   clock clk (rise edge)
                          0.00    0.00   clock network delay (ideal)
                          0.25    0.25   clock uncertainty
                          0.00    0.25   clock reconvergence pessimism
                         -2.00   -1.75   output external delay
                                 -1.75   data required time
-----------------------------------------------------------------------------
                                 -1.75   data required time
                                 -0.38   data arrival time
-----------------------------------------------------------------------------
                                  2.13   slack (MET)


Startpoint: _166_ (rising edge-triggered flip-flop clocked by clk)
Endpoint: result[6] (output port clocked by clk)
Path Group: clk
Path Type: min

Fanout     Cap    Slew   Delay    Time   Description
-----------------------------------------------------------------------------
                  0.15    0.00    0.00   clock clk (rise edge)
                          0.00    0.00   clock network delay (ideal)
                  0.15    0.00    0.00 ^ _166_/CLK (sky130_fd_sc_hd__dfxtp_2)
     1    0.03    0.09    0.38    0.38 v _166_/Q (sky130_fd_sc_hd__dfxtp_2)
                                         result[6] (net)
                  0.09    0.00    0.38 v result[6] (out)
                                  0.38   data arrival time

                  0.15    0.00    0.00   clock clk (rise edge)
                          0.00    0.00   clock network delay (ideal)
                          0.25    0.25   clock uncertainty
                          0.00    0.25   clock reconvergence pessimism
                         -2.00   -1.75   output external delay
                                 -1.75   data required time
-----------------------------------------------------------------------------
                                 -1.75   data required time
                                 -0.38   data arrival time
-----------------------------------------------------------------------------
                                  2.13   slack (MET)


Startpoint: _167_ (rising edge-triggered flip-flop clocked by clk)
Endpoint: result[7] (output port clocked by clk)
Path Group: clk
Path Type: min

Fanout     Cap    Slew   Delay    Time   Description
-----------------------------------------------------------------------------
                  0.15    0.00    0.00   clock clk (rise edge)
                          0.00    0.00   clock network delay (ideal)
                  0.15    0.00    0.00 ^ _167_/CLK (sky130_fd_sc_hd__dfxtp_2)
     1    0.03    0.09    0.38    0.38 v _167_/Q (sky130_fd_sc_hd__dfxtp_2)
                                         result[7] (net)
                  0.09    0.00    0.38 v result[7] (out)
                                  0.38   data arrival time

                  0.15    0.00    0.00   clock clk (rise edge)
                          0.00    0.00   clock network delay (ideal)
                          0.25    0.25   clock uncertainty
                          0.00    0.25   clock reconvergence pessimism
                         -2.00   -1.75   output external delay
                                 -1.75   data required time
-----------------------------------------------------------------------------
                                 -1.75   data required time
                                 -0.38   data arrival time
-----------------------------------------------------------------------------
                                  2.13   slack (MET)



worst slack corner Typical: 1.9730
min_report_end
max_report

===========================================================================
report_checks -path_delay max (Setup)
============================================================================
======================= Typical Corner ===================================

Startpoint: sel[0] (input port clocked by clk)
Endpoint: _167_ (rising edge-triggered flip-flop clocked by clk)
Path Group: clk
Path Type: max

Fanout     Cap    Slew   Delay    Time   Description
-----------------------------------------------------------------------------
                  0.15    0.00    0.00   clock clk (rise edge)
                          0.00    0.00   clock network delay (ideal)
                          2.00    2.00 ^ input external delay
     8    0.02    0.09    0.06    2.06 ^ sel[0] (in)
                                         sel[0] (net)
                  0.09    0.00    2.06 ^ _087_/B_N (sky130_fd_sc_hd__or2b_2)
     1    0.00    0.05    0.30    2.37 v _087_/X (sky130_fd_sc_hd__or2b_2)
                                         _012_ (net)
                  0.05    0.00    2.37 v _088_/A (sky130_fd_sc_hd__buf_1)
    10    0.03    0.17    0.21    2.57 v _088_/X (sky130_fd_sc_hd__buf_1)
                                         _013_ (net)
                  0.17    0.00    2.57 v _089_/C (sky130_fd_sc_hd__and3_2)
     2    0.00    0.04    0.27    2.85 v _089_/X (sky130_fd_sc_hd__and3_2)
                                         _014_ (net)
                  0.04    0.00    2.85 v _092_/B (sky130_fd_sc_hd__or3_2)
     2    0.00    0.08    0.47    3.32 v _092_/X (sky130_fd_sc_hd__or3_2)
                                         _017_ (net)
                  0.08    0.00    3.32 v _098_/A2 (sky130_fd_sc_hd__a21o_2)
     4    0.01    0.06    0.26    3.58 v _098_/X (sky130_fd_sc_hd__a21o_2)
                                         _022_ (net)
                  0.06    0.00    3.58 v _123_/A1 (sky130_fd_sc_hd__a211o_2)
     3    0.01    0.07    0.34    3.92 v _123_/X (sky130_fd_sc_hd__a211o_2)
                                         _045_ (net)
                  0.07    0.00    3.92 v _145_/A3 (sky130_fd_sc_hd__a31oi_2)
     2    0.01    0.17    0.23    4.14 ^ _145_/Y (sky130_fd_sc_hd__a31oi_2)
                                         _065_ (net)
                  0.17    0.00    4.14 ^ _152_/A3 (sky130_fd_sc_hd__o31a_2)
     1    0.01    0.07    0.18    4.32 ^ _152_/X (sky130_fd_sc_hd__o31a_2)
                                         _071_ (net)
                  0.07    0.00    4.32 ^ _157_/A (sky130_fd_sc_hd__xnor2_2)
     1    0.00    0.04    0.07    4.39 v _157_/Y (sky130_fd_sc_hd__xnor2_2)
                                         _004_ (net)
                  0.04    0.00    4.39 v _159_/B1 (sky130_fd_sc_hd__o221a_2)
     1    0.00    0.04    0.24    4.63 v _159_/X (sky130_fd_sc_hd__o221a_2)
                                         _079_ (net)
                  0.04    0.00    4.63 v _167_/D (sky130_fd_sc_hd__dfxtp_2)
                                  4.63   data arrival time

                  0.15   10.00   10.00   clock clk (rise edge)
                          0.00   10.00   clock network delay (ideal)
                         -0.25    9.75   clock uncertainty
                          0.00    9.75   clock reconvergence pessimism
                                  9.75 ^ _167_/CLK (sky130_fd_sc_hd__dfxtp_2)
                         -0.09    9.66   library setup time
                                  9.66   data required time
-----------------------------------------------------------------------------
                                  9.66   data required time
                                 -4.63   data arrival time
-----------------------------------------------------------------------------
                                  5.03   slack (MET)


Startpoint: sel[0] (input port clocked by clk)
Endpoint: _165_ (rising edge-triggered flip-flop clocked by clk)
Path Group: clk
Path Type: max

Fanout     Cap    Slew   Delay    Time   Description
-----------------------------------------------------------------------------
                  0.15    0.00    0.00   clock clk (rise edge)
                          0.00    0.00   clock network delay (ideal)
                          2.00    2.00 ^ input external delay
     8    0.02    0.09    0.06    2.06 ^ sel[0] (in)
                                         sel[0] (net)
                  0.09    0.00    2.06 ^ _087_/B_N (sky130_fd_sc_hd__or2b_2)
     1    0.00    0.05    0.30    2.37 v _087_/X (sky130_fd_sc_hd__or2b_2)
                                         _012_ (net)
                  0.05    0.00    2.37 v _088_/A (sky130_fd_sc_hd__buf_1)
    10    0.03    0.17    0.21    2.57 v _088_/X (sky130_fd_sc_hd__buf_1)
                                         _013_ (net)
                  0.17    0.00    2.57 v _089_/C (sky130_fd_sc_hd__and3_2)
     2    0.00    0.04    0.27    2.85 v _089_/X (sky130_fd_sc_hd__and3_2)
                                         _014_ (net)
                  0.04    0.00    2.85 v _092_/B (sky130_fd_sc_hd__or3_2)
     2    0.00    0.08    0.47    3.32 v _092_/X (sky130_fd_sc_hd__or3_2)
                                         _017_ (net)
                  0.08    0.00    3.32 v _098_/A2 (sky130_fd_sc_hd__a21o_2)
     4    0.01    0.06    0.26    3.58 v _098_/X (sky130_fd_sc_hd__a21o_2)
                                         _022_ (net)
                  0.06    0.00    3.58 v _123_/A1 (sky130_fd_sc_hd__a211o_2)
     3    0.01    0.07    0.34    3.92 v _123_/X (sky130_fd_sc_hd__a211o_2)
                                         _045_ (net)
                  0.07    0.00    3.92 v _134_/A3 (sky130_fd_sc_hd__a32o_2)
     1    0.01    0.05    0.30    4.22 v _134_/X (sky130_fd_sc_hd__a32o_2)
                                         _055_ (net)
                  0.05    0.00    4.22 v _135_/B (sky130_fd_sc_hd__xor2_2)
     1    0.00    0.04    0.14    4.36 v _135_/X (sky130_fd_sc_hd__xor2_2)
                                         _056_ (net)
                  0.04    0.00    4.36 v _138_/A2 (sky130_fd_sc_hd__a21o_2)
     1    0.00    0.03    0.20    4.56 v _138_/X (sky130_fd_sc_hd__a21o_2)
                                         _077_ (net)
                  0.03    0.00    4.56 v _165_/D (sky130_fd_sc_hd__dfxtp_2)
                                  4.56   data arrival time

                  0.15   10.00   10.00   clock clk (rise edge)
                          0.00   10.00   clock network delay (ideal)
                         -0.25    9.75   clock uncertainty
                          0.00    9.75   clock reconvergence pessimism
                                  9.75 ^ _165_/CLK (sky130_fd_sc_hd__dfxtp_2)
                         -0.08    9.67   library setup time
                                  9.67   data required time
-----------------------------------------------------------------------------
                                  9.67   data required time
                                 -4.56   data arrival time
-----------------------------------------------------------------------------
                                  5.11   slack (MET)


Startpoint: sel[0] (input port clocked by clk)
Endpoint: _166_ (rising edge-triggered flip-flop clocked by clk)
Path Group: clk
Path Type: max

Fanout     Cap    Slew   Delay    Time   Description
-----------------------------------------------------------------------------
                  0.15    0.00    0.00   clock clk (rise edge)
                          0.00    0.00   clock network delay (ideal)
                          2.00    2.00 ^ input external delay
     8    0.02    0.09    0.06    2.06 ^ sel[0] (in)
                                         sel[0] (net)
                  0.09    0.00    2.06 ^ _087_/B_N (sky130_fd_sc_hd__or2b_2)
     1    0.00    0.05    0.30    2.37 v _087_/X (sky130_fd_sc_hd__or2b_2)
                                         _012_ (net)
                  0.05    0.00    2.37 v _088_/A (sky130_fd_sc_hd__buf_1)
    10    0.03    0.17    0.21    2.57 v _088_/X (sky130_fd_sc_hd__buf_1)
                                         _013_ (net)
                  0.17    0.00    2.57 v _089_/C (sky130_fd_sc_hd__and3_2)
     2    0.00    0.04    0.27    2.85 v _089_/X (sky130_fd_sc_hd__and3_2)
                                         _014_ (net)
                  0.04    0.00    2.85 v _092_/B (sky130_fd_sc_hd__or3_2)
     2    0.00    0.08    0.47    3.32 v _092_/X (sky130_fd_sc_hd__or3_2)
                                         _017_ (net)
                  0.08    0.00    3.32 v _098_/A2 (sky130_fd_sc_hd__a21o_2)
     4    0.01    0.06    0.26    3.58 v _098_/X (sky130_fd_sc_hd__a21o_2)
                                         _022_ (net)
                  0.06    0.00    3.58 v _123_/A1 (sky130_fd_sc_hd__a211o_2)
     3    0.01    0.07    0.34    3.92 v _123_/X (sky130_fd_sc_hd__a211o_2)
                                         _045_ (net)
                  0.07    0.00    3.92 v _145_/A3 (sky130_fd_sc_hd__a31oi_2)
     2    0.01    0.17    0.23    4.14 ^ _145_/Y (sky130_fd_sc_hd__a31oi_2)
                                         _065_ (net)
                  0.17    0.00    4.14 ^ _146_/B (sky130_fd_sc_hd__nor2_2)
     1    0.01    0.06    0.07    4.21 v _146_/Y (sky130_fd_sc_hd__nor2_2)
                                         _066_ (net)
                  0.06    0.00    4.21 v _147_/B (sky130_fd_sc_hd__xnor2_2)
     1    0.00    0.04    0.13    4.34 v _147_/Y (sky130_fd_sc_hd__xnor2_2)
                                         _067_ (net)
                  0.04    0.00    4.34 v _150_/A2 (sky130_fd_sc_hd__a21o_2)
     1    0.00    0.03    0.20    4.55 v _150_/X (sky130_fd_sc_hd__a21o_2)
                                         _078_ (net)
                  0.03    0.00    4.55 v _166_/D (sky130_fd_sc_hd__dfxtp_2)
                                  4.55   data arrival time

                  0.15   10.00   10.00   clock clk (rise edge)
                          0.00   10.00   clock network delay (ideal)
                         -0.25    9.75   clock uncertainty
                          0.00    9.75   clock reconvergence pessimism
                                  9.75 ^ _166_/CLK (sky130_fd_sc_hd__dfxtp_2)
                         -0.08    9.67   library setup time
                                  9.67   data required time
-----------------------------------------------------------------------------
                                  9.67   data required time
                                 -4.55   data arrival time
-----------------------------------------------------------------------------
                                  5.12   slack (MET)


Startpoint: sel[0] (input port clocked by clk)
Endpoint: _164_ (rising edge-triggered flip-flop clocked by clk)
Path Group: clk
Path Type: max

Fanout     Cap    Slew   Delay    Time   Description
-----------------------------------------------------------------------------
                  0.15    0.00    0.00   clock clk (rise edge)
                          0.00    0.00   clock network delay (ideal)
                          2.00    2.00 ^ input external delay
     8    0.02    0.09    0.06    2.06 ^ sel[0] (in)
                                         sel[0] (net)
                  0.09    0.00    2.06 ^ _087_/B_N (sky130_fd_sc_hd__or2b_2)
     1    0.00    0.05    0.30    2.37 v _087_/X (sky130_fd_sc_hd__or2b_2)
                                         _012_ (net)
                  0.05    0.00    2.37 v _088_/A (sky130_fd_sc_hd__buf_1)
    10    0.03    0.17    0.21    2.57 v _088_/X (sky130_fd_sc_hd__buf_1)
                                         _013_ (net)
                  0.17    0.00    2.57 v _089_/C (sky130_fd_sc_hd__and3_2)
     2    0.00    0.04    0.27    2.85 v _089_/X (sky130_fd_sc_hd__and3_2)
                                         _014_ (net)
                  0.04    0.00    2.85 v _092_/B (sky130_fd_sc_hd__or3_2)
     2    0.00    0.08    0.47    3.32 v _092_/X (sky130_fd_sc_hd__or3_2)
                                         _017_ (net)
                  0.08    0.00    3.32 v _098_/A2 (sky130_fd_sc_hd__a21o_2)
     4    0.01    0.06    0.26    3.58 v _098_/X (sky130_fd_sc_hd__a21o_2)
                                         _022_ (net)
                  0.06    0.00    3.58 v _123_/A1 (sky130_fd_sc_hd__a211o_2)
     3    0.01    0.07    0.34    3.92 v _123_/X (sky130_fd_sc_hd__a211o_2)
                                         _045_ (net)
                  0.07    0.00    3.92 v _124_/B (sky130_fd_sc_hd__nand2_2)
     1    0.01    0.07    0.09    4.01 ^ _124_/Y (sky130_fd_sc_hd__nand2_2)
                                         _046_ (net)
                  0.07    0.00    4.01 ^ _125_/B (sky130_fd_sc_hd__xnor2_2)
     1    0.00    0.05    0.05    4.07 v _125_/Y (sky130_fd_sc_hd__xnor2_2)
                                         _047_ (net)
                  0.05    0.00    4.07 v _128_/A2 (sky130_fd_sc_hd__a21o_2)
     1    0.00    0.03    0.21    4.28 v _128_/X (sky130_fd_sc_hd__a21o_2)
                                         _076_ (net)
                  0.03    0.00    4.28 v _164_/D (sky130_fd_sc_hd__dfxtp_2)
                                  4.28   data arrival time

                  0.15   10.00   10.00   clock clk (rise edge)
                          0.00   10.00   clock network delay (ideal)
                         -0.25    9.75   clock uncertainty
                          0.00    9.75   clock reconvergence pessimism
                                  9.75 ^ _164_/CLK (sky130_fd_sc_hd__dfxtp_2)
                         -0.08    9.67   library setup time
                                  9.67   data required time
-----------------------------------------------------------------------------
                                  9.67   data required time
                                 -4.28   data arrival time
-----------------------------------------------------------------------------
                                  5.39   slack (MET)


Startpoint: sel[0] (input port clocked by clk)
Endpoint: _162_ (rising edge-triggered flip-flop clocked by clk)
Path Group: clk
Path Type: max

Fanout     Cap    Slew   Delay    Time   Description
-----------------------------------------------------------------------------
                  0.15    0.00    0.00   clock clk (rise edge)
                          0.00    0.00   clock network delay (ideal)
                          2.00    2.00 ^ input external delay
     8    0.02    0.09    0.06    2.06 ^ sel[0] (in)
                                         sel[0] (net)
                  0.09    0.00    2.06 ^ _087_/B_N (sky130_fd_sc_hd__or2b_2)
     1    0.00    0.05    0.30    2.37 v _087_/X (sky130_fd_sc_hd__or2b_2)
                                         _012_ (net)
                  0.05    0.00    2.37 v _088_/A (sky130_fd_sc_hd__buf_1)
    10    0.03    0.17    0.21    2.57 v _088_/X (sky130_fd_sc_hd__buf_1)
                                         _013_ (net)
                  0.17    0.00    2.57 v _089_/C (sky130_fd_sc_hd__and3_2)
     2    0.00    0.04    0.27    2.85 v _089_/X (sky130_fd_sc_hd__and3_2)
                                         _014_ (net)
                  0.04    0.00    2.85 v _092_/B (sky130_fd_sc_hd__or3_2)
     2    0.00    0.08    0.47    3.32 v _092_/X (sky130_fd_sc_hd__or3_2)
                                         _017_ (net)
                  0.08    0.00    3.32 v _098_/A2 (sky130_fd_sc_hd__a21o_2)
     4    0.01    0.06    0.26    3.58 v _098_/X (sky130_fd_sc_hd__a21o_2)
                                         _022_ (net)
                  0.06    0.00    3.58 v _103_/A (sky130_fd_sc_hd__or2_2)
     1    0.00    0.05    0.30    3.88 v _103_/X (sky130_fd_sc_hd__or2_2)
                                         _027_ (net)
                  0.05    0.00    3.88 v _104_/A2 (sky130_fd_sc_hd__a21o_2)
     1    0.00    0.03    0.21    4.09 v _104_/X (sky130_fd_sc_hd__a21o_2)
                                         _028_ (net)
                  0.03    0.00    4.09 v _106_/B1 (sky130_fd_sc_hd__o211a_2)
     1    0.00    0.04    0.12    4.22 v _106_/X (sky130_fd_sc_hd__o211a_2)
                                         _074_ (net)
                  0.04    0.00    4.22 v _162_/D (sky130_fd_sc_hd__dfxtp_2)
                                  4.22   data arrival time

                  0.15   10.00   10.00   clock clk (rise edge)
                          0.00   10.00   clock network delay (ideal)
                         -0.25    9.75   clock uncertainty
                          0.00    9.75   clock reconvergence pessimism
                                  9.75 ^ _162_/CLK (sky130_fd_sc_hd__dfxtp_2)
                         -0.09    9.66   library setup time
                                  9.66   data required time
-----------------------------------------------------------------------------
                                  9.66   data required time
                                 -4.22   data arrival time
-----------------------------------------------------------------------------
                                  5.45   slack (MET)


Startpoint: sel[0] (input port clocked by clk)
Endpoint: _163_ (rising edge-triggered flip-flop clocked by clk)
Path Group: clk
Path Type: max

Fanout     Cap    Slew   Delay    Time   Description
-----------------------------------------------------------------------------
                  0.15    0.00    0.00   clock clk (rise edge)
                          0.00    0.00   clock network delay (ideal)
                          2.00    2.00 ^ input external delay
     8    0.02    0.09    0.06    2.06 ^ sel[0] (in)
                                         sel[0] (net)
                  0.09    0.00    2.06 ^ _087_/B_N (sky130_fd_sc_hd__or2b_2)
     1    0.00    0.05    0.30    2.37 v _087_/X (sky130_fd_sc_hd__or2b_2)
                                         _012_ (net)
                  0.05    0.00    2.37 v _088_/A (sky130_fd_sc_hd__buf_1)
    10    0.03    0.17    0.21    2.57 v _088_/X (sky130_fd_sc_hd__buf_1)
                                         _013_ (net)
                  0.17    0.00    2.57 v _089_/C (sky130_fd_sc_hd__and3_2)
     2    0.00    0.04    0.27    2.85 v _089_/X (sky130_fd_sc_hd__and3_2)
                                         _014_ (net)
                  0.04    0.00    2.85 v _092_/B (sky130_fd_sc_hd__or3_2)
     2    0.00    0.08    0.47    3.32 v _092_/X (sky130_fd_sc_hd__or3_2)
                                         _017_ (net)
                  0.08    0.00    3.32 v _098_/A2 (sky130_fd_sc_hd__a21o_2)
     4    0.01    0.06    0.26    3.58 v _098_/X (sky130_fd_sc_hd__a21o_2)
                                         _022_ (net)
                  0.06    0.00    3.58 v _115_/A1 (sky130_fd_sc_hd__a21oi_2)
     1    0.01    0.14    0.17    3.75 ^ _115_/Y (sky130_fd_sc_hd__a21oi_2)
                                         _038_ (net)
                  0.14    0.00    3.75 ^ _116_/B (sky130_fd_sc_hd__xnor2_2)
     1    0.00    0.04    0.07    3.81 v _116_/Y (sky130_fd_sc_hd__xnor2_2)
                                         _039_ (net)
                  0.04    0.00    3.81 v _119_/A2 (sky130_fd_sc_hd__a21o_2)
     1    0.00    0.03    0.21    4.02 v _119_/X (sky130_fd_sc_hd__a21o_2)
                                         _075_ (net)
                  0.03    0.00    4.02 v _163_/D (sky130_fd_sc_hd__dfxtp_2)
                                  4.02   data arrival time

                  0.15   10.00   10.00   clock clk (rise edge)
                          0.00   10.00   clock network delay (ideal)
                         -0.25    9.75   clock uncertainty
                          0.00    9.75   clock reconvergence pessimism
                                  9.75 ^ _163_/CLK (sky130_fd_sc_hd__dfxtp_2)
                         -0.08    9.67   library setup time
                                  9.67   data required time
-----------------------------------------------------------------------------
                                  9.67   data required time
                                 -4.02   data arrival time
-----------------------------------------------------------------------------
                                  5.65   slack (MET)


Startpoint: sel[0] (input port clocked by clk)
Endpoint: _161_ (rising edge-triggered flip-flop clocked by clk)
Path Group: clk
Path Type: max

Fanout     Cap    Slew   Delay    Time   Description
-----------------------------------------------------------------------------
                  0.15    0.00    0.00   clock clk (rise edge)
                          0.00    0.00   clock network delay (ideal)
                          2.00    2.00 ^ input external delay
     8    0.02    0.09    0.06    2.06 ^ sel[0] (in)
                                         sel[0] (net)
                  0.09    0.00    2.06 ^ _087_/B_N (sky130_fd_sc_hd__or2b_2)
     1    0.00    0.05    0.30    2.37 v _087_/X (sky130_fd_sc_hd__or2b_2)
                                         _012_ (net)
                  0.05    0.00    2.37 v _088_/A (sky130_fd_sc_hd__buf_1)
    10    0.03    0.17    0.21    2.57 v _088_/X (sky130_fd_sc_hd__buf_1)
                                         _013_ (net)
                  0.17    0.00    2.57 v _089_/C (sky130_fd_sc_hd__and3_2)
     2    0.00    0.04    0.27    2.85 v _089_/X (sky130_fd_sc_hd__and3_2)
                                         _014_ (net)
                  0.04    0.00    2.85 v _092_/B (sky130_fd_sc_hd__or3_2)
     2    0.00    0.08    0.47    3.32 v _092_/X (sky130_fd_sc_hd__or3_2)
                                         _017_ (net)
                  0.08    0.00    3.32 v _093_/B (sky130_fd_sc_hd__and2b_2)
     1    0.01    0.05    0.23    3.55 v _093_/X (sky130_fd_sc_hd__and2b_2)
                                         _018_ (net)
                  0.05    0.00    3.55 v _094_/B (sky130_fd_sc_hd__xnor2_2)
     1    0.00    0.12    0.13    3.68 ^ _094_/Y (sky130_fd_sc_hd__xnor2_2)
                                         _019_ (net)
                  0.12    0.00    3.68 ^ _095_/B (sky130_fd_sc_hd__nand2_2)
     1    0.00    0.03    0.06    3.74 v _095_/Y (sky130_fd_sc_hd__nand2_2)
                                         _020_ (net)
                  0.03    0.00    3.74 v _097_/B1 (sky130_fd_sc_hd__o211a_2)
     1    0.00    0.04    0.12    3.86 v _097_/X (sky130_fd_sc_hd__o211a_2)
                                         _073_ (net)
                  0.04    0.00    3.86 v _161_/D (sky130_fd_sc_hd__dfxtp_2)
                                  3.86   data arrival time

                  0.15   10.00   10.00   clock clk (rise edge)
                          0.00   10.00   clock network delay (ideal)
                         -0.25    9.75   clock uncertainty
                          0.00    9.75   clock reconvergence pessimism
                                  9.75 ^ _161_/CLK (sky130_fd_sc_hd__dfxtp_2)
                         -0.09    9.66   library setup time
                                  9.66   data required time
-----------------------------------------------------------------------------
                                  9.66   data required time
                                 -3.86   data arrival time
-----------------------------------------------------------------------------
                                  5.80   slack (MET)


Startpoint: sel[1] (input port clocked by clk)
Endpoint: _160_ (rising edge-triggered flip-flop clocked by clk)
Path Group: clk
Path Type: max

Fanout     Cap    Slew   Delay    Time   Description
-----------------------------------------------------------------------------
                  0.15    0.00    0.00   clock clk (rise edge)
                          0.00    0.00   clock network delay (ideal)
                          2.00    2.00 ^ input external delay
    10    0.03    0.13    0.09    2.09 ^ sel[1] (in)
                                         sel[1] (net)
                  0.13    0.00    2.09 ^ _080_/A (sky130_fd_sc_hd__inv_2)
     8    0.02    0.06    0.09    2.18 v _080_/Y (sky130_fd_sc_hd__inv_2)
                                         _006_ (net)
                  0.06    0.00    2.18 v _081_/A (sky130_fd_sc_hd__or2_2)
     4    0.01    0.07    0.34    2.52 v _081_/X (sky130_fd_sc_hd__or2_2)
                                         _007_ (net)
                  0.07    0.00    2.52 v _082_/B1 (sky130_fd_sc_hd__o21a_2)
     1    0.00    0.03    0.12    2.64 v _082_/X (sky130_fd_sc_hd__o21a_2)
                                         _008_ (net)
                  0.03    0.00    2.64 v _084_/A1 (sky130_fd_sc_hd__mux2_2)
     1    0.00    0.05    0.26    2.90 v _084_/X (sky130_fd_sc_hd__mux2_2)
                                         _010_ (net)
                  0.05    0.00    2.90 v _085_/A (sky130_fd_sc_hd__buf_1)
     1    0.00    0.02    0.09    2.99 v _085_/X (sky130_fd_sc_hd__buf_1)
                                         _072_ (net)
                  0.02    0.00    2.99 v _160_/D (sky130_fd_sc_hd__dfxtp_2)
                                  2.99   data arrival time

                  0.15   10.00   10.00   clock clk (rise edge)
                          0.00   10.00   clock network delay (ideal)
                         -0.25    9.75   clock uncertainty
                          0.00    9.75   clock reconvergence pessimism
                                  9.75 ^ _160_/CLK (sky130_fd_sc_hd__dfxtp_2)
                         -0.08    9.67   library setup time
                                  9.67   data required time
-----------------------------------------------------------------------------
                                  9.67   data required time
                                 -2.99   data arrival time
-----------------------------------------------------------------------------
                                  6.69   slack (MET)


Startpoint: _160_ (rising edge-triggered flip-flop clocked by clk)
Endpoint: result[0] (output port clocked by clk)
Path Group: clk
Path Type: max

Fanout     Cap    Slew   Delay    Time   Description
-----------------------------------------------------------------------------
                  0.15    0.00    0.00   clock clk (rise edge)
                          0.00    0.00   clock network delay (ideal)
                  0.15    0.00    0.00 ^ _160_/CLK (sky130_fd_sc_hd__dfxtp_2)
     1    0.03    0.18    0.47    0.47 ^ _160_/Q (sky130_fd_sc_hd__dfxtp_2)
                                         result[0] (net)
                  0.18    0.00    0.47 ^ result[0] (out)
                                  0.47   data arrival time

                  0.15   10.00   10.00   clock clk (rise edge)
                          0.00   10.00   clock network delay (ideal)
                         -0.25    9.75   clock uncertainty
                          0.00    9.75   clock reconvergence pessimism
                         -2.00    7.75   output external delay
                                  7.75   data required time
-----------------------------------------------------------------------------
                                  7.75   data required time
                                 -0.47   data arrival time
-----------------------------------------------------------------------------
                                  7.28   slack (MET)


Startpoint: _161_ (rising edge-triggered flip-flop clocked by clk)
Endpoint: result[1] (output port clocked by clk)
Path Group: clk
Path Type: max

Fanout     Cap    Slew   Delay    Time   Description
-----------------------------------------------------------------------------
                  0.15    0.00    0.00   clock clk (rise edge)
                          0.00    0.00   clock network delay (ideal)
                  0.15    0.00    0.00 ^ _161_/CLK (sky130_fd_sc_hd__dfxtp_2)
     1    0.03    0.18    0.47    0.47 ^ _161_/Q (sky130_fd_sc_hd__dfxtp_2)
                                         result[1] (net)
                  0.18    0.00    0.47 ^ result[1] (out)
                                  0.47   data arrival time

                  0.15   10.00   10.00   clock clk (rise edge)
                          0.00   10.00   clock network delay (ideal)
                         -0.25    9.75   clock uncertainty
                          0.00    9.75   clock reconvergence pessimism
                         -2.00    7.75   output external delay
                                  7.75   data required time
-----------------------------------------------------------------------------
                                  7.75   data required time
                                 -0.47   data arrival time
-----------------------------------------------------------------------------
                                  7.28   slack (MET)


Startpoint: _162_ (rising edge-triggered flip-flop clocked by clk)
Endpoint: result[2] (output port clocked by clk)
Path Group: clk
Path Type: max

Fanout     Cap    Slew   Delay    Time   Description
-----------------------------------------------------------------------------
                  0.15    0.00    0.00   clock clk (rise edge)
                          0.00    0.00   clock network delay (ideal)
                  0.15    0.00    0.00 ^ _162_/CLK (sky130_fd_sc_hd__dfxtp_2)
     1    0.03    0.18    0.47    0.47 ^ _162_/Q (sky130_fd_sc_hd__dfxtp_2)
                                         result[2] (net)
                  0.18    0.00    0.47 ^ result[2] (out)
                                  0.47   data arrival time

                  0.15   10.00   10.00   clock clk (rise edge)
                          0.00   10.00   clock network delay (ideal)
                         -0.25    9.75   clock uncertainty
                          0.00    9.75   clock reconvergence pessimism
                         -2.00    7.75   output external delay
                                  7.75   data required time
-----------------------------------------------------------------------------
                                  7.75   data required time
                                 -0.47   data arrival time
-----------------------------------------------------------------------------
                                  7.28   slack (MET)


Startpoint: _163_ (rising edge-triggered flip-flop clocked by clk)
Endpoint: result[3] (output port clocked by clk)
Path Group: clk
Path Type: max

Fanout     Cap    Slew   Delay    Time   Description
-----------------------------------------------------------------------------
                  0.15    0.00    0.00   clock clk (rise edge)
                          0.00    0.00   clock network delay (ideal)
                  0.15    0.00    0.00 ^ _163_/CLK (sky130_fd_sc_hd__dfxtp_2)
     1    0.03    0.18    0.47    0.47 ^ _163_/Q (sky130_fd_sc_hd__dfxtp_2)
                                         result[3] (net)
                  0.18    0.00    0.47 ^ result[3] (out)
                                  0.47   data arrival time

                  0.15   10.00   10.00   clock clk (rise edge)
                          0.00   10.00   clock network delay (ideal)
                         -0.25    9.75   clock uncertainty
                          0.00    9.75   clock reconvergence pessimism
                         -2.00    7.75   output external delay
                                  7.75   data required time
-----------------------------------------------------------------------------
                                  7.75   data required time
                                 -0.47   data arrival time
-----------------------------------------------------------------------------
                                  7.28   slack (MET)


Startpoint: _164_ (rising edge-triggered flip-flop clocked by clk)
Endpoint: result[4] (output port clocked by clk)
Path Group: clk
Path Type: max

Fanout     Cap    Slew   Delay    Time   Description
-----------------------------------------------------------------------------
                  0.15    0.00    0.00   clock clk (rise edge)
                          0.00    0.00   clock network delay (ideal)
                  0.15    0.00    0.00 ^ _164_/CLK (sky130_fd_sc_hd__dfxtp_2)
     1    0.03    0.18    0.47    0.47 ^ _164_/Q (sky130_fd_sc_hd__dfxtp_2)
                                         result[4] (net)
                  0.18    0.00    0.47 ^ result[4] (out)
                                  0.47   data arrival time

                  0.15   10.00   10.00   clock clk (rise edge)
                          0.00   10.00   clock network delay (ideal)
                         -0.25    9.75   clock uncertainty
                          0.00    9.75   clock reconvergence pessimism
                         -2.00    7.75   output external delay
                                  7.75   data required time
-----------------------------------------------------------------------------
                                  7.75   data required time
                                 -0.47   data arrival time
-----------------------------------------------------------------------------
                                  7.28   slack (MET)


Startpoint: _165_ (rising edge-triggered flip-flop clocked by clk)
Endpoint: result[5] (output port clocked by clk)
Path Group: clk
Path Type: max

Fanout     Cap    Slew   Delay    Time   Description
-----------------------------------------------------------------------------
                  0.15    0.00    0.00   clock clk (rise edge)
                          0.00    0.00   clock network delay (ideal)
                  0.15    0.00    0.00 ^ _165_/CLK (sky130_fd_sc_hd__dfxtp_2)
     1    0.03    0.18    0.47    0.47 ^ _165_/Q (sky130_fd_sc_hd__dfxtp_2)
                                         result[5] (net)
                  0.18    0.00    0.47 ^ result[5] (out)
                                  0.47   data arrival time

                  0.15   10.00   10.00   clock clk (rise edge)
                          0.00   10.00   clock network delay (ideal)
                         -0.25    9.75   clock uncertainty
                          0.00    9.75   clock reconvergence pessimism
                         -2.00    7.75   output external delay
                                  7.75   data required time
-----------------------------------------------------------------------------
                                  7.75   data required time
                                 -0.47   data arrival time
-----------------------------------------------------------------------------
                                  7.28   slack (MET)


Startpoint: _166_ (rising edge-triggered flip-flop clocked by clk)
Endpoint: result[6] (output port clocked by clk)
Path Group: clk
Path Type: max

Fanout     Cap    Slew   Delay    Time   Description
-----------------------------------------------------------------------------
                  0.15    0.00    0.00   clock clk (rise edge)
                          0.00    0.00   clock network delay (ideal)
                  0.15    0.00    0.00 ^ _166_/CLK (sky130_fd_sc_hd__dfxtp_2)
     1    0.03    0.18    0.47    0.47 ^ _166_/Q (sky130_fd_sc_hd__dfxtp_2)
                                         result[6] (net)
                  0.18    0.00    0.47 ^ result[6] (out)
                                  0.47   data arrival time

                  0.15   10.00   10.00   clock clk (rise edge)
                          0.00   10.00   clock network delay (ideal)
                         -0.25    9.75   clock uncertainty
                          0.00    9.75   clock reconvergence pessimism
                         -2.00    7.75   output external delay
                                  7.75   data required time
-----------------------------------------------------------------------------
                                  7.75   data required time
                                 -0.47   data arrival time
-----------------------------------------------------------------------------
                                  7.28   slack (MET)


Startpoint: _167_ (rising edge-triggered flip-flop clocked by clk)
Endpoint: result[7] (output port clocked by clk)
Path Group: clk
Path Type: max

Fanout     Cap    Slew   Delay    Time   Description
-----------------------------------------------------------------------------
                  0.15    0.00    0.00   clock clk (rise edge)
                          0.00    0.00   clock network delay (ideal)
                  0.15    0.00    0.00 ^ _167_/CLK (sky130_fd_sc_hd__dfxtp_2)
     1    0.03    0.18    0.47    0.47 ^ _167_/Q (sky130_fd_sc_hd__dfxtp_2)
                                         result[7] (net)
                  0.18    0.00    0.47 ^ result[7] (out)
                                  0.47   data arrival time

                  0.15   10.00   10.00   clock clk (rise edge)
                          0.00   10.00   clock network delay (ideal)
                         -0.25    9.75   clock uncertainty
                          0.00    9.75   clock reconvergence pessimism
                         -2.00    7.75   output external delay
                                  7.75   data required time
-----------------------------------------------------------------------------
                                  7.75   data required time
                                 -0.47   data arrival time
-----------------------------------------------------------------------------
                                  7.28   slack (MET)



worst slack corner Typical: 5.0342
max_report_end
checks_report

===========================================================================
report_checks -unconstrained
===========================================================================
======================= Typical Corner ===================================

Startpoint: sel[0] (input port clocked by clk)
Endpoint: _167_ (rising edge-triggered flip-flop clocked by clk)
Path Group: clk
Path Type: max

Fanout     Cap    Slew   Delay    Time   Description
-----------------------------------------------------------------------------
                  0.15    0.00    0.00   clock clk (rise edge)
                          0.00    0.00   clock network delay (ideal)
                          2.00    2.00 ^ input external delay
     8    0.02    0.09    0.06    2.06 ^ sel[0] (in)
                                         sel[0] (net)
                  0.09    0.00    2.06 ^ _087_/B_N (sky130_fd_sc_hd__or2b_2)
     1    0.00    0.05    0.30    2.37 v _087_/X (sky130_fd_sc_hd__or2b_2)
                                         _012_ (net)
                  0.05    0.00    2.37 v _088_/A (sky130_fd_sc_hd__buf_1)
    10    0.03    0.17    0.21    2.57 v _088_/X (sky130_fd_sc_hd__buf_1)
                                         _013_ (net)
                  0.17    0.00    2.57 v _089_/C (sky130_fd_sc_hd__and3_2)
     2    0.00    0.04    0.27    2.85 v _089_/X (sky130_fd_sc_hd__and3_2)
                                         _014_ (net)
                  0.04    0.00    2.85 v _092_/B (sky130_fd_sc_hd__or3_2)
     2    0.00    0.08    0.47    3.32 v _092_/X (sky130_fd_sc_hd__or3_2)
                                         _017_ (net)
                  0.08    0.00    3.32 v _098_/A2 (sky130_fd_sc_hd__a21o_2)
     4    0.01    0.06    0.26    3.58 v _098_/X (sky130_fd_sc_hd__a21o_2)
                                         _022_ (net)
                  0.06    0.00    3.58 v _123_/A1 (sky130_fd_sc_hd__a211o_2)
     3    0.01    0.07    0.34    3.92 v _123_/X (sky130_fd_sc_hd__a211o_2)
                                         _045_ (net)
                  0.07    0.00    3.92 v _145_/A3 (sky130_fd_sc_hd__a31oi_2)
     2    0.01    0.17    0.23    4.14 ^ _145_/Y (sky130_fd_sc_hd__a31oi_2)
                                         _065_ (net)
                  0.17    0.00    4.14 ^ _152_/A3 (sky130_fd_sc_hd__o31a_2)
     1    0.01    0.07    0.18    4.32 ^ _152_/X (sky130_fd_sc_hd__o31a_2)
                                         _071_ (net)
                  0.07    0.00    4.32 ^ _157_/A (sky130_fd_sc_hd__xnor2_2)
     1    0.00    0.04    0.07    4.39 v _157_/Y (sky130_fd_sc_hd__xnor2_2)
                                         _004_ (net)
                  0.04    0.00    4.39 v _159_/B1 (sky130_fd_sc_hd__o221a_2)
     1    0.00    0.04    0.24    4.63 v _159_/X (sky130_fd_sc_hd__o221a_2)
                                         _079_ (net)
                  0.04    0.00    4.63 v _167_/D (sky130_fd_sc_hd__dfxtp_2)
                                  4.63   data arrival time

                  0.15   10.00   10.00   clock clk (rise edge)
                          0.00   10.00   clock network delay (ideal)
                         -0.25    9.75   clock uncertainty
                          0.00    9.75   clock reconvergence pessimism
                                  9.75 ^ _167_/CLK (sky130_fd_sc_hd__dfxtp_2)
                         -0.09    9.66   library setup time
                                  9.66   data required time
-----------------------------------------------------------------------------
                                  9.66   data required time
                                 -4.63   data arrival time
-----------------------------------------------------------------------------
                                  5.03   slack (MET)




===========================================================================
report_checks --slack_max -0.01
============================================================================
======================= Typical Corner ===================================

No paths found.


===========================================================================
 report_check_types -max_slew -max_cap -max_fanout -violators
============================================================================
======================= Typical Corner ===================================


max slew violations count Typical: 0
max fanout violations count Typical: 0
max cap violations count Typical: 0

===========================================================================
report_parasitic_annotation -report_unannotated
============================================================================
Found 107 unannotated drivers.
 a[0]
 a[1]
 a[2]
 a[3]
 a[4]
 a[5]
 a[6]
 a[7]
 b[0]
 b[1]
 b[2]
 b[3]
 b[4]
 b[5]
 b[6]
 b[7]
 clk
 sel[0]
 sel[1]
 _080_/Y
 _081_/X
 _082_/X
 _083_/Y
 _084_/X
 _085_/X
 _086_/X
 _087_/X
 _088_/X
 _089_/X
 _090_/Y
 _091_/X
 _092_/X
 _093_/X
 _094_/Y
 _095_/Y
 _096_/X
 _097_/X
 _098_/X
 _099_/X
 _100_/Y
 _101_/X
 _102_/Y
 _103_/X
 _104_/X
 _105_/X
 _106_/X
 _107_/X
 _108_/X
 _109_/Y
 _110_/X
 _111_/Y
 _112_/X
 _113_/Y
 _114_/X
 _115_/Y
 _116_/Y
 _117_/X
 _118_/X
 _119_/X
 _120_/X
 _121_/Y
 _122_/X
 _123_/X
 _124_/Y
 _125_/Y
 _126_/X
 _127_/X
 _128_/X
 _129_/Y
 _130_/X
 _131_/Y
 _132_/Y
 _133_/X
 _134_/X
 _135_/X
 _136_/X
 _137_/X
 _138_/X
 _139_/X
 _140_/Y
 _141_/Y
 _142_/X
 _143_/Y
 _144_/X
 _145_/Y
 _146_/Y
 _147_/Y
 _148_/X
 _149_/X
 _150_/X
 _151_/X
 _152_/X
 _153_/Y
 _154_/Y
 _155_/X
 _156_/Y
 _157_/Y
 _158_/Y
 _159_/X
 _160_/Q
 _161_/Q
 _162_/Q
 _163_/Q
 _164_/Q
 _165_/Q
 _166_/Q
 _167_/Q
Found 0 partially unannotated drivers.

===========================================================================
max slew violation count 0
max fanout violation count 0
max cap violation count 0
============================================================================

===========================================================================
check_setup -verbose -unconstrained_endpoints -multiple_clock -no_clock -no_input_delay -loops -generated_clocks
===========================================================================
checks_report_end
power_report

===========================================================================
 report_power
============================================================================
======================= Typical Corner ===================================

Group                  Internal  Switching    Leakage      Total
                          Power      Power      Power      Power (Watts)
----------------------------------------------------------------
Sequential             3.81e-05   1.23e-05   6.73e-11   5.04e-05  54.7%
Combinational          2.64e-05   1.53e-05   3.28e-10   4.17e-05  45.3%
Clock                  0.00e+00   0.00e+00   0.00e+00   0.00e+00   0.0%
Macro                  0.00e+00   0.00e+00   0.00e+00   0.00e+00   0.0%
Pad                    0.00e+00   0.00e+00   0.00e+00   0.00e+00   0.0%
----------------------------------------------------------------
Total                  6.44e-05   2.76e-05   3.95e-10   9.21e-05 100.0%
                          70.0%      30.0%       0.0%

power_report_end
skew_report

===========================================================================
report_clock_skew
============================================================================
Clock clk
No launch/capture paths found.

skew_report_end
summary_report

===========================================================================
report_tns
============================================================================
tns 0.00

===========================================================================
report_wns
============================================================================
wns 0.00

===========================================================================
report_worst_slack -max (Setup)
============================================================================
worst slack 5.03

===========================================================================
report_worst_slack -min (Hold)
============================================================================
worst slack 1.97
summary_report_end
check_nonpropagated_clocks
clk
check_nonpropagated_clocks_end
[WARNING] Did not save OpenROAD database!
Writing SDF to '/openlane/designs/Lab2N/runs/RUN_2025.06.18_11.51.30/results/synthesis/alu.sdf'…
