
===========================================================================
report_checks -unconstrained
===========================================================================
======================= Fastest Corner ===================================

Startpoint: reset (input port clocked by clk)
Endpoint: _5190_ (recovery check against rising-edge clock clk)
Path Group: asynchronous
Path Type: max
Corner: Fastest

Fanout     Cap    Slew   Delay    Time   Description
-----------------------------------------------------------------------------
                          0.00    0.00   clock clk (rise edge)
                          0.00    0.00   clock network delay (propagated)
                          2.00    2.00 v input external delay
     3    0.02    0.04    0.03    2.03 v reset (in)
                                         reset (net)
                  0.04    0.00    2.03 v _4572_/A (sky130_fd_sc_hd__buf_2)
     8    0.04    0.07    0.13    2.16 v _4572_/X (sky130_fd_sc_hd__buf_2)
                                         _2435_ (net)
                  0.07    0.00    2.16 v _4759_/A (sky130_fd_sc_hd__clkbuf_4)
     8    0.07    0.10    0.19    2.34 v _4759_/X (sky130_fd_sc_hd__clkbuf_4)
                                         _2462_ (net)
                  0.10    0.00    2.35 v _4774_/A (sky130_fd_sc_hd__buf_4)
    10    0.07    0.07    0.18    2.52 v _4774_/X (sky130_fd_sc_hd__buf_4)
                                         _2465_ (net)
                  0.07    0.01    2.53 v _4776_/A (sky130_fd_sc_hd__inv_2)
     1    0.00    0.03    0.05    2.58 ^ _4776_/Y (sky130_fd_sc_hd__inv_2)
                                         _0182_ (net)
                  0.03    0.00    2.58 ^ _5190_/RESET_B (sky130_fd_sc_hd__dfrtp_1)
                                  2.58   data arrival time

                         10.00   10.00   clock clk (rise edge)
                          0.00   10.00   clock source latency
     1    0.04    0.14    0.10   10.10 ^ clk (in)
                                         clk (net)
                  0.14    0.00   10.10 ^ clkbuf_0_clk/A (sky130_fd_sc_hd__clkbuf_16)
     4    0.09    0.08    0.14   10.24 ^ clkbuf_0_clk/X (sky130_fd_sc_hd__clkbuf_16)
                                         clknet_0_clk (net)
                  0.08    0.00   10.24 ^ clkbuf_2_3__f_clk/A (sky130_fd_sc_hd__clkbuf_16)
    12    0.11    0.10    0.14   10.39 ^ clkbuf_2_3__f_clk/X (sky130_fd_sc_hd__clkbuf_16)
                                         clknet_2_3__leaf_clk (net)
                  0.10    0.00   10.39 ^ clkbuf_leaf_21_clk/A (sky130_fd_sc_hd__clkbuf_8)
     7    0.03    0.05    0.11   10.50 ^ clkbuf_leaf_21_clk/X (sky130_fd_sc_hd__clkbuf_8)
                                         clknet_leaf_21_clk (net)
                  0.05    0.00   10.50 ^ _5190_/CLK (sky130_fd_sc_hd__dfrtp_1)
                         -0.25   10.25   clock uncertainty
                          0.00   10.25   clock reconvergence pessimism
                          0.15   10.40   library recovery time
                                 10.40   data required time
-----------------------------------------------------------------------------
                                 10.40   data required time
                                 -2.58   data arrival time
-----------------------------------------------------------------------------
                                  7.82   slack (MET)


Startpoint: _5400_ (rising edge-triggered flip-flop clocked by clk)
Endpoint: Result[31] (output port clocked by clk)
Path Group: clk
Path Type: max
Corner: Fastest

Fanout     Cap    Slew   Delay    Time   Description
-----------------------------------------------------------------------------
                          0.00    0.00   clock clk (rise edge)
                          0.00    0.00   clock source latency
     1    0.04    0.14    0.11    0.11 ^ clk (in)
                                         clk (net)
                  0.14    0.00    0.11 ^ clkbuf_0_clk/A (sky130_fd_sc_hd__clkbuf_16)
     4    0.09    0.08    0.16    0.27 ^ clkbuf_0_clk/X (sky130_fd_sc_hd__clkbuf_16)
                                         clknet_0_clk (net)
                  0.08    0.00    0.27 ^ clkbuf_2_0__f_clk/A (sky130_fd_sc_hd__clkbuf_16)
    12    0.11    0.10    0.16    0.43 ^ clkbuf_2_0__f_clk/X (sky130_fd_sc_hd__clkbuf_16)
                                         clknet_2_0__leaf_clk (net)
                  0.10    0.00    0.43 ^ clkbuf_leaf_43_clk/A (sky130_fd_sc_hd__clkbuf_8)
    12    0.04    0.06    0.13    0.56 ^ clkbuf_leaf_43_clk/X (sky130_fd_sc_hd__clkbuf_8)
                                         clknet_leaf_43_clk (net)
                  0.06    0.00    0.56 ^ _5400_/CLK (sky130_fd_sc_hd__dfrtp_1)
     2    0.01    0.04    0.25    0.82 v _5400_/Q (sky130_fd_sc_hd__dfrtp_1)
                                         IM0.addr[31] (net)
                  0.04    0.00    0.82 v _2491_/A (sky130_fd_sc_hd__or4_4)
     1    0.01    0.06    0.34    1.15 v _2491_/X (sky130_fd_sc_hd__or4_4)
                                         _0783_ (net)
                  0.06    0.00    1.15 v _2494_/B (sky130_fd_sc_hd__nor4_2)
     1    0.01    0.17    0.21    1.36 ^ _2494_/Y (sky130_fd_sc_hd__nor4_2)
                                         _0786_ (net)
                  0.17    0.00    1.36 ^ wire48/A (sky130_fd_sc_hd__buf_2)
     3    0.02    0.07    0.13    1.49 ^ wire48/X (sky130_fd_sc_hd__buf_2)
                                         net48 (net)
                  0.07    0.00    1.49 ^ _2495_/A (sky130_fd_sc_hd__buf_6)
     5    0.03    0.05    0.09    1.58 ^ _2495_/X (sky130_fd_sc_hd__buf_6)
                                         _0787_ (net)
                  0.05    0.00    1.58 ^ _2509_/A (sky130_fd_sc_hd__nand2_4)
     8    0.02    0.04    0.05    1.63 v _2509_/Y (sky130_fd_sc_hd__nand2_4)
                                         _0801_ (net)
                  0.04    0.00    1.63 v _2532_/B (sky130_fd_sc_hd__or2_4)
     2    0.02    0.05    0.17    1.80 v _2532_/X (sky130_fd_sc_hd__or2_4)
                                         _0824_ (net)
                  0.05    0.00    1.80 v _2533_/A (sky130_fd_sc_hd__buf_6)
     5    0.03    0.03    0.10    1.90 v _2533_/X (sky130_fd_sc_hd__buf_6)
                                         _0825_ (net)
                  0.03    0.00    1.90 v _3081_/B (sky130_fd_sc_hd__or2_4)
     3    0.02    0.05    0.17    2.07 v _3081_/X (sky130_fd_sc_hd__or2_4)
                                         _1277_ (net)
                  0.05    0.00    2.07 v _3082_/B1 (sky130_fd_sc_hd__o21a_1)
     4    0.01    0.06    0.10    2.17 v _3082_/X (sky130_fd_sc_hd__o21a_1)
                                         _1278_ (net)
                  0.06    0.00    2.17 v _3095_/C (sky130_fd_sc_hd__or4b_4)
     4    0.02    0.08    0.34    2.51 v _3095_/X (sky130_fd_sc_hd__or4b_4)
                                         _1291_ (net)
                  0.08    0.00    2.51 v _3097_/C1 (sky130_fd_sc_hd__a211o_4)
     4    0.02    0.05    0.17    2.68 v _3097_/X (sky130_fd_sc_hd__a211o_4)
                                         _1293_ (net)
                  0.05    0.00    2.68 v _3099_/C1 (sky130_fd_sc_hd__a211oi_4)
     6    0.02    0.25    0.17    2.85 ^ _3099_/Y (sky130_fd_sc_hd__a211oi_4)
                                         _1295_ (net)
                  0.25    0.00    2.85 ^ _3101_/C1 (sky130_fd_sc_hd__o211ai_2)
     3    0.01    0.09    0.08    2.93 v _3101_/Y (sky130_fd_sc_hd__o211ai_2)
                                         _1297_ (net)
                  0.09    0.00    2.93 v _3103_/C (sky130_fd_sc_hd__nor3_2)
     2    0.01    0.12    0.12    3.05 ^ _3103_/Y (sky130_fd_sc_hd__nor3_2)
                                         _1299_ (net)
                  0.12    0.00    3.05 ^ max_cap46/A (sky130_fd_sc_hd__clkbuf_2)
     2    0.01    0.04    0.10    3.15 ^ max_cap46/X (sky130_fd_sc_hd__clkbuf_2)
                                         net46 (net)
                  0.04    0.00    3.15 ^ _3104_/C_N (sky130_fd_sc_hd__or3b_4)
     4    0.02    0.07    0.27    3.41 v _3104_/X (sky130_fd_sc_hd__or3b_4)
                                         _1300_ (net)
                  0.07    0.00    3.41 v _3108_/C (sky130_fd_sc_hd__nor3_4)
     5    0.02    0.21    0.18    3.60 ^ _3108_/Y (sky130_fd_sc_hd__nor3_4)
                                         _1304_ (net)
                  0.21    0.00    3.60 ^ _3112_/B (sky130_fd_sc_hd__nand3b_4)
     5    0.02    0.08    0.08    3.68 v _3112_/Y (sky130_fd_sc_hd__nand3b_4)
                                         _1308_ (net)
                  0.08    0.00    3.68 v _3116_/B (sky130_fd_sc_hd__or3b_4)
     4    0.01    0.06    0.26    3.94 v _3116_/X (sky130_fd_sc_hd__or3b_4)
                                         _1312_ (net)
                  0.06    0.00    3.94 v _3122_/C (sky130_fd_sc_hd__or3_4)
     3    0.01    0.05    0.22    4.17 v _3122_/X (sky130_fd_sc_hd__or3_4)
                                         _1318_ (net)
                  0.05    0.00    4.17 v _3307_/S (sky130_fd_sc_hd__mux2_4)
     3    0.02    0.06    0.24    4.40 v _3307_/X (sky130_fd_sc_hd__mux2_4)
                                         _1503_ (net)
                  0.06    0.00    4.40 v _3308_/A (sky130_fd_sc_hd__xnor2_4)
     4    0.01    0.06    0.12    4.52 v _3308_/Y (sky130_fd_sc_hd__xnor2_4)
                                         _1504_ (net)
                  0.06    0.00    4.52 v _3321_/D (sky130_fd_sc_hd__or4_4)
     2    0.01    0.07    0.28    4.80 v _3321_/X (sky130_fd_sc_hd__or4_4)
                                         _1517_ (net)
                  0.07    0.00    4.80 v _3338_/A2 (sky130_fd_sc_hd__a211o_4)
     4    0.02    0.05    0.25    5.05 v _3338_/X (sky130_fd_sc_hd__a211o_4)
                                         _1534_ (net)
                  0.05    0.00    5.05 v _3344_/A1 (sky130_fd_sc_hd__a31oi_4)
     3    0.02    0.15    0.14    5.19 ^ _3344_/Y (sky130_fd_sc_hd__a31oi_4)
                                         _1540_ (net)
                  0.15    0.00    5.19 ^ _3346_/A1 (sky130_fd_sc_hd__a21boi_4)
     6    0.02    0.06    0.06    5.26 v _3346_/Y (sky130_fd_sc_hd__a21boi_4)
                                         _1542_ (net)
                  0.06    0.00    5.26 v _3349_/A1 (sky130_fd_sc_hd__a211o_1)
     4    0.01    0.06    0.21    5.47 v _3349_/X (sky130_fd_sc_hd__a211o_1)
                                         _1545_ (net)
                  0.06    0.00    5.47 v _3352_/A1 (sky130_fd_sc_hd__a211o_1)
     4    0.01    0.07    0.21    5.68 v _3352_/X (sky130_fd_sc_hd__a211o_1)
                                         _1548_ (net)
                  0.07    0.00    5.68 v _3354_/A1 (sky130_fd_sc_hd__a21o_1)
     4    0.01    0.05    0.14    5.82 v _3354_/X (sky130_fd_sc_hd__a21o_1)
                                         _1550_ (net)
                  0.05    0.00    5.82 v rebuffer8/A (sky130_fd_sc_hd__clkbuf_2)
     1    0.01    0.03    0.09    5.91 v rebuffer8/X (sky130_fd_sc_hd__clkbuf_2)
                                         net56 (net)
                  0.03    0.00    5.91 v _3359_/A1 (sky130_fd_sc_hd__a311oi_4)
     2    0.02    0.28    0.24    6.15 ^ _3359_/Y (sky130_fd_sc_hd__a311oi_4)
                                         net26 (net)
                  0.28    0.00    6.15 ^ output26/A (sky130_fd_sc_hd__buf_6)
     1    0.03    0.06    0.11    6.27 ^ output26/X (sky130_fd_sc_hd__buf_6)
                                         Result[31] (net)
                  0.06    0.00    6.27 ^ Result[31] (out)
                                  6.27   data arrival time

                         10.00   10.00   clock clk (rise edge)
                          0.00   10.00   clock network delay (propagated)
                         -0.25    9.75   clock uncertainty
                          0.00    9.75   clock reconvergence pessimism
                         -2.00    7.75   output external delay
                                  7.75   data required time
-----------------------------------------------------------------------------
                                  7.75   data required time
                                 -6.27   data arrival time
-----------------------------------------------------------------------------
                                  1.48   slack (MET)



======================= Slowest Corner ===================================

Startpoint: reset (input port clocked by clk)
Endpoint: _5190_ (recovery check against rising-edge clock clk)
Path Group: asynchronous
Path Type: max
Corner: Slowest

Fanout     Cap    Slew   Delay    Time   Description
-----------------------------------------------------------------------------
                          0.00    0.00   clock clk (rise edge)
                          0.00    0.00   clock network delay (propagated)
                          2.00    2.00 v input external delay
     3    0.02    0.10    0.08    2.08 v reset (in)
                                         reset (net)
                  0.10    0.00    2.08 v _4572_/A (sky130_fd_sc_hd__buf_2)
     8    0.04    0.18    0.39    2.46 v _4572_/X (sky130_fd_sc_hd__buf_2)
                                         _2435_ (net)
                  0.18    0.00    2.47 v _4759_/A (sky130_fd_sc_hd__clkbuf_4)
     8    0.07    0.26    0.50    2.96 v _4759_/X (sky130_fd_sc_hd__clkbuf_4)
                                         _2462_ (net)
                  0.26    0.00    2.96 v _4774_/A (sky130_fd_sc_hd__buf_4)
    10    0.07    0.19    0.48    3.45 v _4774_/X (sky130_fd_sc_hd__buf_4)
                                         _2465_ (net)
                  0.19    0.01    3.46 v _4776_/A (sky130_fd_sc_hd__inv_2)
     1    0.00    0.06    0.12    3.58 ^ _4776_/Y (sky130_fd_sc_hd__inv_2)
                                         _0182_ (net)
                  0.06    0.00    3.58 ^ _5190_/RESET_B (sky130_fd_sc_hd__dfrtp_1)
                                  3.58   data arrival time

                         10.00   10.00   clock clk (rise edge)
                          0.00   10.00   clock source latency
     1    0.04    0.30    0.20   10.20 ^ clk (in)
                                         clk (net)
                  0.30    0.00   10.20 ^ clkbuf_0_clk/A (sky130_fd_sc_hd__clkbuf_16)
     4    0.09    0.17    0.39   10.59 ^ clkbuf_0_clk/X (sky130_fd_sc_hd__clkbuf_16)
                                         clknet_0_clk (net)
                  0.17    0.00   10.59 ^ clkbuf_2_3__f_clk/A (sky130_fd_sc_hd__clkbuf_16)
    12    0.11    0.19    0.35   10.94 ^ clkbuf_2_3__f_clk/X (sky130_fd_sc_hd__clkbuf_16)
                                         clknet_2_3__leaf_clk (net)
                  0.19    0.00   10.95 ^ clkbuf_leaf_21_clk/A (sky130_fd_sc_hd__clkbuf_8)
     7    0.03    0.11    0.30   11.24 ^ clkbuf_leaf_21_clk/X (sky130_fd_sc_hd__clkbuf_8)
                                         clknet_leaf_21_clk (net)
                  0.11    0.00   11.24 ^ _5190_/CLK (sky130_fd_sc_hd__dfrtp_1)
                         -0.25   10.99   clock uncertainty
                          0.00   10.99   clock reconvergence pessimism
                          0.48   11.47   library recovery time
                                 11.47   data required time
-----------------------------------------------------------------------------
                                 11.47   data required time
                                 -3.58   data arrival time
-----------------------------------------------------------------------------
                                  7.89   slack (MET)


Startpoint: _5393_ (rising edge-triggered flip-flop clocked by clk)
Endpoint: Result[31] (output port clocked by clk)
Path Group: clk
Path Type: max
Corner: Slowest

Fanout     Cap    Slew   Delay    Time   Description
-----------------------------------------------------------------------------
                          0.00    0.00   clock clk (rise edge)
                          0.00    0.00   clock source latency
     1    0.04    0.30    0.22    0.22 ^ clk (in)
                                         clk (net)
                  0.30    0.00    0.22 ^ clkbuf_0_clk/A (sky130_fd_sc_hd__clkbuf_16)
     4    0.09    0.17    0.43    0.65 ^ clkbuf_0_clk/X (sky130_fd_sc_hd__clkbuf_16)
                                         clknet_0_clk (net)
                  0.17    0.00    0.65 ^ clkbuf_2_0__f_clk/A (sky130_fd_sc_hd__clkbuf_16)
    12    0.11    0.20    0.39    1.05 ^ clkbuf_2_0__f_clk/X (sky130_fd_sc_hd__clkbuf_16)
                                         clknet_2_0__leaf_clk (net)
                  0.20    0.00    1.05 ^ clkbuf_leaf_44_clk/A (sky130_fd_sc_hd__clkbuf_8)
     8    0.03    0.11    0.34    1.39 ^ clkbuf_leaf_44_clk/X (sky130_fd_sc_hd__clkbuf_8)
                                         clknet_leaf_44_clk (net)
                  0.11    0.00    1.39 ^ _5393_/CLK (sky130_fd_sc_hd__dfrtp_1)
     2    0.00    0.10    0.82    2.21 v _5393_/Q (sky130_fd_sc_hd__dfrtp_1)
                                         IM0.addr[24] (net)
                  0.10    0.00    2.21 v _2490_/A (sky130_fd_sc_hd__or4_1)
     1    0.01    0.21    1.33    3.54 v _2490_/X (sky130_fd_sc_hd__or4_1)
                                         _0782_ (net)
                  0.21    0.00    3.54 v _2494_/A (sky130_fd_sc_hd__nor4_2)
     1    0.01    0.40    0.60    4.14 ^ _2494_/Y (sky130_fd_sc_hd__nor4_2)
                                         _0786_ (net)
                  0.40    0.00    4.14 ^ wire48/A (sky130_fd_sc_hd__buf_2)
     3    0.02    0.14    0.40    4.55 ^ wire48/X (sky130_fd_sc_hd__buf_2)
                                         net48 (net)
                  0.14    0.00    4.55 ^ _2495_/A (sky130_fd_sc_hd__buf_6)
     5    0.03    0.11    0.25    4.80 ^ _2495_/X (sky130_fd_sc_hd__buf_6)
                                         _0787_ (net)
                  0.11    0.00    4.80 ^ _2509_/A (sky130_fd_sc_hd__nand2_4)
     8    0.02    0.11    0.15    4.95 v _2509_/Y (sky130_fd_sc_hd__nand2_4)
                                         _0801_ (net)
                  0.11    0.00    4.95 v _2532_/B (sky130_fd_sc_hd__or2_4)
     2    0.02    0.11    0.53    5.48 v _2532_/X (sky130_fd_sc_hd__or2_4)
                                         _0824_ (net)
                  0.11    0.00    5.48 v _2533_/A (sky130_fd_sc_hd__buf_6)
     5    0.03    0.07    0.28    5.75 v _2533_/X (sky130_fd_sc_hd__buf_6)
                                         _0825_ (net)
                  0.07    0.00    5.75 v _3081_/B (sky130_fd_sc_hd__or2_4)
     3    0.02    0.13    0.53    6.29 v _3081_/X (sky130_fd_sc_hd__or2_4)
                                         _1277_ (net)
                  0.13    0.00    6.29 v _3082_/B1 (sky130_fd_sc_hd__o21a_1)
     4    0.01    0.15    0.32    6.60 v _3082_/X (sky130_fd_sc_hd__o21a_1)
                                         _1278_ (net)
                  0.15    0.00    6.61 v _3095_/C (sky130_fd_sc_hd__or4b_4)
     4    0.02    0.21    1.15    7.75 v _3095_/X (sky130_fd_sc_hd__or4b_4)
                                         _1291_ (net)
                  0.21    0.00    7.75 v _3097_/C1 (sky130_fd_sc_hd__a211o_4)
     4    0.02    0.11    0.61    8.37 v _3097_/X (sky130_fd_sc_hd__a211o_4)
                                         _1293_ (net)
                  0.11    0.00    8.37 v _3099_/C1 (sky130_fd_sc_hd__a211oi_4)
     6    0.02    0.54    0.53    8.90 ^ _3099_/Y (sky130_fd_sc_hd__a211oi_4)
                                         _1295_ (net)
                  0.54    0.00    8.90 ^ _3101_/C1 (sky130_fd_sc_hd__o211ai_2)
     3    0.01    0.26    0.43    9.33 v _3101_/Y (sky130_fd_sc_hd__o211ai_2)
                                         _1297_ (net)
                  0.26    0.00    9.33 v _3103_/C (sky130_fd_sc_hd__nor3_2)
     2    0.01    0.28    0.32    9.65 ^ _3103_/Y (sky130_fd_sc_hd__nor3_2)
                                         _1299_ (net)
                  0.28    0.00    9.65 ^ max_cap46/A (sky130_fd_sc_hd__clkbuf_2)
     2    0.01    0.07    0.30    9.95 ^ max_cap46/X (sky130_fd_sc_hd__clkbuf_2)
                                         net46 (net)
                  0.07    0.00    9.95 ^ rebuffer4/A (sky130_fd_sc_hd__dlygate4sd1_1)
     3    0.01    0.15    0.46   10.41 ^ rebuffer4/X (sky130_fd_sc_hd__dlygate4sd1_1)
                                         net52 (net)
                  0.15    0.00   10.41 ^ _3165_/A (sky130_fd_sc_hd__nand2_1)
     2    0.01    0.14    0.19   10.60 v _3165_/Y (sky130_fd_sc_hd__nand2_1)
                                         _1361_ (net)
                  0.14    0.00   10.60 v _3183_/A1 (sky130_fd_sc_hd__a211o_1)
     3    0.01    0.18    0.66   11.26 v _3183_/X (sky130_fd_sc_hd__a211o_1)
                                         _1379_ (net)
                  0.18    0.00   11.26 v _3185_/B (sky130_fd_sc_hd__nand2_2)
     5    0.01    0.15    0.22   11.48 ^ _3185_/Y (sky130_fd_sc_hd__nand2_2)
                                         _1381_ (net)
                  0.15    0.00   11.48 ^ _3186_/B_N (sky130_fd_sc_hd__or2b_1)
     3    0.01    0.14    0.61   12.09 v _3186_/X (sky130_fd_sc_hd__or2b_1)
                                         _1382_ (net)
                  0.14    0.00   12.09 v _3265_/B (sky130_fd_sc_hd__or4b_4)
     2    0.02    0.21    1.20   13.29 v _3265_/X (sky130_fd_sc_hd__or4b_4)
                                         _1461_ (net)
                  0.21    0.00   13.29 v _3279_/A1 (sky130_fd_sc_hd__a21oi_4)
     6    0.03    0.39    0.47   13.76 ^ _3279_/Y (sky130_fd_sc_hd__a21oi_4)
                                         _1475_ (net)
                  0.39    0.00   13.76 ^ _3305_/A1 (sky130_fd_sc_hd__a21oi_4)
     3    0.02    0.14    0.26   14.02 v _3305_/Y (sky130_fd_sc_hd__a21oi_4)
                                         _1501_ (net)
                  0.14    0.00   14.02 v _3321_/A (sky130_fd_sc_hd__or4_4)
     2    0.01    0.18    1.17   15.19 v _3321_/X (sky130_fd_sc_hd__or4_4)
                                         _1517_ (net)
                  0.18    0.00   15.19 v _3338_/A2 (sky130_fd_sc_hd__a211o_4)
     4    0.02    0.11    0.71   15.90 v _3338_/X (sky130_fd_sc_hd__a211o_4)
                                         _1534_ (net)
                  0.11    0.00   15.90 v _3344_/A1 (sky130_fd_sc_hd__a31oi_4)
     3    0.02    0.30    0.34   16.24 ^ _3344_/Y (sky130_fd_sc_hd__a31oi_4)
                                         _1540_ (net)
                  0.30    0.00   16.24 ^ _3346_/A1 (sky130_fd_sc_hd__a21boi_4)
     6    0.02    0.15    0.25   16.49 v _3346_/Y (sky130_fd_sc_hd__a21boi_4)
                                         _1542_ (net)
                  0.15    0.00   16.49 v _3349_/A1 (sky130_fd_sc_hd__a211o_1)
     4    0.01    0.17    0.64   17.13 v _3349_/X (sky130_fd_sc_hd__a211o_1)
                                         _1545_ (net)
                  0.17    0.00   17.13 v _3352_/A1 (sky130_fd_sc_hd__a211o_1)
     4    0.01    0.18    0.66   17.78 v _3352_/X (sky130_fd_sc_hd__a211o_1)
                                         _1548_ (net)
                  0.18    0.00   17.79 v _3354_/A1 (sky130_fd_sc_hd__a21o_1)
     4    0.01    0.14    0.43   18.21 v _3354_/X (sky130_fd_sc_hd__a21o_1)
                                         _1550_ (net)
                  0.14    0.00   18.21 v rebuffer8/A (sky130_fd_sc_hd__clkbuf_2)
     1    0.01    0.08    0.25   18.46 v rebuffer8/X (sky130_fd_sc_hd__clkbuf_2)
                                         net56 (net)
                  0.08    0.00   18.46 v _3359_/A1 (sky130_fd_sc_hd__a311oi_4)
     2    0.02    0.56    0.57   19.03 ^ _3359_/Y (sky130_fd_sc_hd__a311oi_4)
                                         net26 (net)
                  0.56    0.00   19.03 ^ output26/A (sky130_fd_sc_hd__buf_6)
     1    0.03    0.13    0.43   19.46 ^ output26/X (sky130_fd_sc_hd__buf_6)
                                         Result[31] (net)
                  0.13    0.00   19.46 ^ Result[31] (out)
                                 19.46   data arrival time

                         10.00   10.00   clock clk (rise edge)
                          0.00   10.00   clock network delay (propagated)
                         -0.25    9.75   clock uncertainty
                          0.00    9.75   clock reconvergence pessimism
                         -2.00    7.75   output external delay
                                  7.75   data required time
-----------------------------------------------------------------------------
                                  7.75   data required time
                                -19.46   data arrival time
-----------------------------------------------------------------------------
                                -11.71   slack (VIOLATED)



======================= Typical Corner ===================================

Startpoint: reset (input port clocked by clk)
Endpoint: _5190_ (recovery check against rising-edge clock clk)
Path Group: asynchronous
Path Type: max
Corner: Typical

Fanout     Cap    Slew   Delay    Time   Description
-----------------------------------------------------------------------------
                          0.00    0.00   clock clk (rise edge)
                          0.00    0.00   clock network delay (propagated)
                          2.00    2.00 v input external delay
     3    0.02    0.05    0.04    2.04 v reset (in)
                                         reset (net)
                  0.05    0.00    2.04 v _4572_/A (sky130_fd_sc_hd__buf_2)
     8    0.04    0.09    0.20    2.24 v _4572_/X (sky130_fd_sc_hd__buf_2)
                                         _2435_ (net)
                  0.09    0.00    2.24 v _4759_/A (sky130_fd_sc_hd__clkbuf_4)
     8    0.07    0.15    0.27    2.51 v _4759_/X (sky130_fd_sc_hd__clkbuf_4)
                                         _2462_ (net)
                  0.15    0.00    2.51 v _4774_/A (sky130_fd_sc_hd__buf_4)
    10    0.07    0.10    0.26    2.78 v _4774_/X (sky130_fd_sc_hd__buf_4)
                                         _2465_ (net)
                  0.10    0.01    2.78 v _4776_/A (sky130_fd_sc_hd__inv_2)
     1    0.00    0.04    0.07    2.86 ^ _4776_/Y (sky130_fd_sc_hd__inv_2)
                                         _0182_ (net)
                  0.04    0.00    2.86 ^ _5190_/RESET_B (sky130_fd_sc_hd__dfrtp_1)
                                  2.86   data arrival time

                         10.00   10.00   clock clk (rise edge)
                          0.00   10.00   clock source latency
     1    0.04    0.19    0.13   10.13 ^ clk (in)
                                         clk (net)
                  0.19    0.00   10.13 ^ clkbuf_0_clk/A (sky130_fd_sc_hd__clkbuf_16)
     4    0.09    0.11    0.22   10.35 ^ clkbuf_0_clk/X (sky130_fd_sc_hd__clkbuf_16)
                                         clknet_0_clk (net)
                  0.11    0.00   10.35 ^ clkbuf_2_3__f_clk/A (sky130_fd_sc_hd__clkbuf_16)
    12    0.11    0.12    0.21   10.55 ^ clkbuf_2_3__f_clk/X (sky130_fd_sc_hd__clkbuf_16)
                                         clknet_2_3__leaf_clk (net)
                  0.12    0.00   10.56 ^ clkbuf_leaf_21_clk/A (sky130_fd_sc_hd__clkbuf_8)
     7    0.03    0.07    0.17   10.72 ^ clkbuf_leaf_21_clk/X (sky130_fd_sc_hd__clkbuf_8)
                                         clknet_leaf_21_clk (net)
                  0.07    0.00   10.72 ^ _5190_/CLK (sky130_fd_sc_hd__dfrtp_1)
                         -0.25   10.47   clock uncertainty
                          0.00   10.47   clock reconvergence pessimism
                          0.24   10.71   library recovery time
                                 10.71   data required time
-----------------------------------------------------------------------------
                                 10.71   data required time
                                 -2.86   data arrival time
-----------------------------------------------------------------------------
                                  7.86   slack (MET)


Startpoint: _5393_ (rising edge-triggered flip-flop clocked by clk)
Endpoint: Result[31] (output port clocked by clk)
Path Group: clk
Path Type: max
Corner: Typical

Fanout     Cap    Slew   Delay    Time   Description
-----------------------------------------------------------------------------
                          0.00    0.00   clock clk (rise edge)
                          0.00    0.00   clock source latency
     1    0.04    0.19    0.14    0.14 ^ clk (in)
                                         clk (net)
                  0.19    0.00    0.14 ^ clkbuf_0_clk/A (sky130_fd_sc_hd__clkbuf_16)
     4    0.09    0.11    0.24    0.38 ^ clkbuf_0_clk/X (sky130_fd_sc_hd__clkbuf_16)
                                         clknet_0_clk (net)
                  0.11    0.00    0.39 ^ clkbuf_2_0__f_clk/A (sky130_fd_sc_hd__clkbuf_16)
    12    0.11    0.13    0.23    0.61 ^ clkbuf_2_0__f_clk/X (sky130_fd_sc_hd__clkbuf_16)
                                         clknet_2_0__leaf_clk (net)
                  0.13    0.00    0.62 ^ clkbuf_leaf_44_clk/A (sky130_fd_sc_hd__clkbuf_8)
     8    0.03    0.07    0.19    0.81 ^ clkbuf_leaf_44_clk/X (sky130_fd_sc_hd__clkbuf_8)
                                         clknet_leaf_44_clk (net)
                  0.07    0.00    0.81 ^ _5393_/CLK (sky130_fd_sc_hd__dfrtp_1)
     2    0.01    0.05    0.40    1.20 v _5393_/Q (sky130_fd_sc_hd__dfrtp_1)
                                         IM0.addr[24] (net)
                  0.05    0.00    1.20 v _2490_/A (sky130_fd_sc_hd__or4_1)
     1    0.01    0.10    0.57    1.77 v _2490_/X (sky130_fd_sc_hd__or4_1)
                                         _0782_ (net)
                  0.10    0.00    1.77 v _2494_/A (sky130_fd_sc_hd__nor4_2)
     1    0.01    0.24    0.33    2.10 ^ _2494_/Y (sky130_fd_sc_hd__nor4_2)
                                         _0786_ (net)
                  0.24    0.00    2.10 ^ wire48/A (sky130_fd_sc_hd__buf_2)
     3    0.02    0.09    0.21    2.31 ^ wire48/X (sky130_fd_sc_hd__buf_2)
                                         net48 (net)
                  0.09    0.00    2.31 ^ _2495_/A (sky130_fd_sc_hd__buf_6)
     5    0.03    0.06    0.14    2.45 ^ _2495_/X (sky130_fd_sc_hd__buf_6)
                                         _0787_ (net)
                  0.06    0.00    2.45 ^ _2509_/A (sky130_fd_sc_hd__nand2_4)
     8    0.02    0.06    0.07    2.52 v _2509_/Y (sky130_fd_sc_hd__nand2_4)
                                         _0801_ (net)
                  0.06    0.00    2.52 v _2532_/B (sky130_fd_sc_hd__or2_4)
     2    0.02    0.06    0.27    2.79 v _2532_/X (sky130_fd_sc_hd__or2_4)
                                         _0824_ (net)
                  0.06    0.00    2.79 v _2533_/A (sky130_fd_sc_hd__buf_6)
     5    0.03    0.04    0.15    2.94 v _2533_/X (sky130_fd_sc_hd__buf_6)
                                         _0825_ (net)
                  0.04    0.00    2.94 v _3081_/B (sky130_fd_sc_hd__or2_4)
     3    0.02    0.07    0.27    3.22 v _3081_/X (sky130_fd_sc_hd__or2_4)
                                         _1277_ (net)
                  0.07    0.00    3.22 v _3082_/B1 (sky130_fd_sc_hd__o21a_1)
     4    0.01    0.08    0.16    3.38 v _3082_/X (sky130_fd_sc_hd__o21a_1)
                                         _1278_ (net)
                  0.08    0.00    3.38 v _3095_/C (sky130_fd_sc_hd__or4b_4)
     4    0.02    0.12    0.57    3.95 v _3095_/X (sky130_fd_sc_hd__or4b_4)
                                         _1291_ (net)
                  0.12    0.00    3.95 v _3097_/C1 (sky130_fd_sc_hd__a211o_4)
     4    0.02    0.07    0.33    4.29 v _3097_/X (sky130_fd_sc_hd__a211o_4)
                                         _1293_ (net)
                  0.07    0.00    4.29 v _3099_/C1 (sky130_fd_sc_hd__a211oi_4)
     6    0.02    0.34    0.31    4.60 ^ _3099_/Y (sky130_fd_sc_hd__a211oi_4)
                                         _1295_ (net)
                  0.34    0.00    4.60 ^ _3101_/C1 (sky130_fd_sc_hd__o211ai_2)
     3    0.01    0.14    0.19    4.79 v _3101_/Y (sky130_fd_sc_hd__o211ai_2)
                                         _1297_ (net)
                  0.14    0.00    4.79 v _3103_/C (sky130_fd_sc_hd__nor3_2)
     2    0.01    0.17    0.18    4.97 ^ _3103_/Y (sky130_fd_sc_hd__nor3_2)
                                         _1299_ (net)
                  0.17    0.00    4.97 ^ max_cap46/A (sky130_fd_sc_hd__clkbuf_2)
     2    0.01    0.05    0.15    5.13 ^ max_cap46/X (sky130_fd_sc_hd__clkbuf_2)
                                         net46 (net)
                  0.05    0.00    5.13 ^ _3104_/C_N (sky130_fd_sc_hd__or3b_4)
     4    0.02    0.10    0.44    5.56 v _3104_/X (sky130_fd_sc_hd__or3b_4)
                                         _1300_ (net)
                  0.10    0.00    5.57 v _3108_/C (sky130_fd_sc_hd__nor3_4)
     5    0.02    0.29    0.26    5.83 ^ _3108_/Y (sky130_fd_sc_hd__nor3_4)
                                         _1304_ (net)
                  0.29    0.00    5.83 ^ _3112_/B (sky130_fd_sc_hd__nand3b_4)
     5    0.02    0.10    0.15    5.98 v _3112_/Y (sky130_fd_sc_hd__nand3b_4)
                                         _1308_ (net)
                  0.10    0.00    5.98 v _3116_/B (sky130_fd_sc_hd__or3b_4)
     4    0.01    0.08    0.43    6.42 v _3116_/X (sky130_fd_sc_hd__or3b_4)
                                         _1312_ (net)
                  0.08    0.00    6.42 v _3122_/C (sky130_fd_sc_hd__or3_4)
     3    0.01    0.08    0.37    6.79 v _3122_/X (sky130_fd_sc_hd__or3_4)
                                         _1318_ (net)
                  0.08    0.00    6.79 v _3307_/S (sky130_fd_sc_hd__mux2_4)
     3    0.02    0.08    0.37    7.15 v _3307_/X (sky130_fd_sc_hd__mux2_4)
                                         _1503_ (net)
                  0.08    0.00    7.16 v _3308_/A (sky130_fd_sc_hd__xnor2_4)
     4    0.01    0.09    0.17    7.33 v _3308_/Y (sky130_fd_sc_hd__xnor2_4)
                                         _1504_ (net)
                  0.09    0.00    7.33 v _3321_/D (sky130_fd_sc_hd__or4_4)
     2    0.01    0.10    0.47    7.80 v _3321_/X (sky130_fd_sc_hd__or4_4)
                                         _1517_ (net)
                  0.10    0.00    7.80 v _3338_/A2 (sky130_fd_sc_hd__a211o_4)
     4    0.02    0.07    0.40    8.19 v _3338_/X (sky130_fd_sc_hd__a211o_4)
                                         _1534_ (net)
                  0.07    0.00    8.19 v _3344_/A1 (sky130_fd_sc_hd__a31oi_4)
     3    0.02    0.20    0.21    8.40 ^ _3344_/Y (sky130_fd_sc_hd__a31oi_4)
                                         _1540_ (net)
                  0.20    0.00    8.40 ^ _3346_/A1 (sky130_fd_sc_hd__a21boi_4)
     6    0.02    0.09    0.12    8.52 v _3346_/Y (sky130_fd_sc_hd__a21boi_4)
                                         _1542_ (net)
                  0.09    0.00    8.52 v _3349_/A1 (sky130_fd_sc_hd__a211o_1)
     4    0.01    0.09    0.33    8.85 v _3349_/X (sky130_fd_sc_hd__a211o_1)
                                         _1545_ (net)
                  0.09    0.00    8.85 v _3352_/A1 (sky130_fd_sc_hd__a211o_1)
     4    0.01    0.09    0.34    9.19 v _3352_/X (sky130_fd_sc_hd__a211o_1)
                                         _1548_ (net)
                  0.09    0.00    9.19 v _3354_/A1 (sky130_fd_sc_hd__a21o_1)
     4    0.01    0.07    0.22    9.41 v _3354_/X (sky130_fd_sc_hd__a21o_1)
                                         _1550_ (net)
                  0.07    0.00    9.41 v rebuffer8/A (sky130_fd_sc_hd__clkbuf_2)
     1    0.01    0.04    0.13    9.54 v rebuffer8/X (sky130_fd_sc_hd__clkbuf_2)
                                         net56 (net)
                  0.04    0.00    9.54 v _3359_/A1 (sky130_fd_sc_hd__a311oi_4)
     2    0.02    0.37    0.34    9.88 ^ _3359_/Y (sky130_fd_sc_hd__a311oi_4)
                                         net26 (net)
                  0.37    0.00    9.89 ^ output26/A (sky130_fd_sc_hd__buf_6)
     1    0.03    0.08    0.20   10.09 ^ output26/X (sky130_fd_sc_hd__buf_6)
                                         Result[31] (net)
                  0.08    0.00   10.09 ^ Result[31] (out)
                                 10.09   data arrival time

                         10.00   10.00   clock clk (rise edge)
                          0.00   10.00   clock network delay (propagated)
                         -0.25    9.75   clock uncertainty
                          0.00    9.75   clock reconvergence pessimism
                         -2.00    7.75   output external delay
                                  7.75   data required time
-----------------------------------------------------------------------------
                                  7.75   data required time
                                -10.09   data arrival time
-----------------------------------------------------------------------------
                                 -2.34   slack (VIOLATED)




===========================================================================
report_checks --slack_max -0.01
============================================================================
======================= Fastest Corner ===================================

No paths found.

======================= Slowest Corner ===================================

Startpoint: _5393_ (rising edge-triggered flip-flop clocked by clk)
Endpoint: Result[31] (output port clocked by clk)
Path Group: clk
Path Type: max
Corner: Slowest

Fanout     Cap    Slew   Delay    Time   Description
-----------------------------------------------------------------------------
                          0.00    0.00   clock clk (rise edge)
                          0.00    0.00   clock source latency
     1    0.04    0.30    0.22    0.22 ^ clk (in)
                                         clk (net)
                  0.30    0.00    0.22 ^ clkbuf_0_clk/A (sky130_fd_sc_hd__clkbuf_16)
     4    0.09    0.17    0.43    0.65 ^ clkbuf_0_clk/X (sky130_fd_sc_hd__clkbuf_16)
                                         clknet_0_clk (net)
                  0.17    0.00    0.65 ^ clkbuf_2_0__f_clk/A (sky130_fd_sc_hd__clkbuf_16)
    12    0.11    0.20    0.39    1.05 ^ clkbuf_2_0__f_clk/X (sky130_fd_sc_hd__clkbuf_16)
                                         clknet_2_0__leaf_clk (net)
                  0.20    0.00    1.05 ^ clkbuf_leaf_44_clk/A (sky130_fd_sc_hd__clkbuf_8)
     8    0.03    0.11    0.34    1.39 ^ clkbuf_leaf_44_clk/X (sky130_fd_sc_hd__clkbuf_8)
                                         clknet_leaf_44_clk (net)
                  0.11    0.00    1.39 ^ _5393_/CLK (sky130_fd_sc_hd__dfrtp_1)
     2    0.00    0.10    0.82    2.21 v _5393_/Q (sky130_fd_sc_hd__dfrtp_1)
                                         IM0.addr[24] (net)
                  0.10    0.00    2.21 v _2490_/A (sky130_fd_sc_hd__or4_1)
     1    0.01    0.21    1.33    3.54 v _2490_/X (sky130_fd_sc_hd__or4_1)
                                         _0782_ (net)
                  0.21    0.00    3.54 v _2494_/A (sky130_fd_sc_hd__nor4_2)
     1    0.01    0.40    0.60    4.14 ^ _2494_/Y (sky130_fd_sc_hd__nor4_2)
                                         _0786_ (net)
                  0.40    0.00    4.14 ^ wire48/A (sky130_fd_sc_hd__buf_2)
     3    0.02    0.14    0.40    4.55 ^ wire48/X (sky130_fd_sc_hd__buf_2)
                                         net48 (net)
                  0.14    0.00    4.55 ^ _2495_/A (sky130_fd_sc_hd__buf_6)
     5    0.03    0.11    0.25    4.80 ^ _2495_/X (sky130_fd_sc_hd__buf_6)
                                         _0787_ (net)
                  0.11    0.00    4.80 ^ _2509_/A (sky130_fd_sc_hd__nand2_4)
     8    0.02    0.11    0.15    4.95 v _2509_/Y (sky130_fd_sc_hd__nand2_4)
                                         _0801_ (net)
                  0.11    0.00    4.95 v _2532_/B (sky130_fd_sc_hd__or2_4)
     2    0.02    0.11    0.53    5.48 v _2532_/X (sky130_fd_sc_hd__or2_4)
                                         _0824_ (net)
                  0.11    0.00    5.48 v _2533_/A (sky130_fd_sc_hd__buf_6)
     5    0.03    0.07    0.28    5.75 v _2533_/X (sky130_fd_sc_hd__buf_6)
                                         _0825_ (net)
                  0.07    0.00    5.75 v _3081_/B (sky130_fd_sc_hd__or2_4)
     3    0.02    0.13    0.53    6.29 v _3081_/X (sky130_fd_sc_hd__or2_4)
                                         _1277_ (net)
                  0.13    0.00    6.29 v _3082_/B1 (sky130_fd_sc_hd__o21a_1)
     4    0.01    0.15    0.32    6.60 v _3082_/X (sky130_fd_sc_hd__o21a_1)
                                         _1278_ (net)
                  0.15    0.00    6.61 v _3095_/C (sky130_fd_sc_hd__or4b_4)
     4    0.02    0.21    1.15    7.75 v _3095_/X (sky130_fd_sc_hd__or4b_4)
                                         _1291_ (net)
                  0.21    0.00    7.75 v _3097_/C1 (sky130_fd_sc_hd__a211o_4)
     4    0.02    0.11    0.61    8.37 v _3097_/X (sky130_fd_sc_hd__a211o_4)
                                         _1293_ (net)
                  0.11    0.00    8.37 v _3099_/C1 (sky130_fd_sc_hd__a211oi_4)
     6    0.02    0.54    0.53    8.90 ^ _3099_/Y (sky130_fd_sc_hd__a211oi_4)
                                         _1295_ (net)
                  0.54    0.00    8.90 ^ _3101_/C1 (sky130_fd_sc_hd__o211ai_2)
     3    0.01    0.26    0.43    9.33 v _3101_/Y (sky130_fd_sc_hd__o211ai_2)
                                         _1297_ (net)
                  0.26    0.00    9.33 v _3103_/C (sky130_fd_sc_hd__nor3_2)
     2    0.01    0.28    0.32    9.65 ^ _3103_/Y (sky130_fd_sc_hd__nor3_2)
                                         _1299_ (net)
                  0.28    0.00    9.65 ^ max_cap46/A (sky130_fd_sc_hd__clkbuf_2)
     2    0.01    0.07    0.30    9.95 ^ max_cap46/X (sky130_fd_sc_hd__clkbuf_2)
                                         net46 (net)
                  0.07    0.00    9.95 ^ rebuffer4/A (sky130_fd_sc_hd__dlygate4sd1_1)
     3    0.01    0.15    0.46   10.41 ^ rebuffer4/X (sky130_fd_sc_hd__dlygate4sd1_1)
                                         net52 (net)
                  0.15    0.00   10.41 ^ _3165_/A (sky130_fd_sc_hd__nand2_1)
     2    0.01    0.14    0.19   10.60 v _3165_/Y (sky130_fd_sc_hd__nand2_1)
                                         _1361_ (net)
                  0.14    0.00   10.60 v _3183_/A1 (sky130_fd_sc_hd__a211o_1)
     3    0.01    0.18    0.66   11.26 v _3183_/X (sky130_fd_sc_hd__a211o_1)
                                         _1379_ (net)
                  0.18    0.00   11.26 v _3185_/B (sky130_fd_sc_hd__nand2_2)
     5    0.01    0.15    0.22   11.48 ^ _3185_/Y (sky130_fd_sc_hd__nand2_2)
                                         _1381_ (net)
                  0.15    0.00   11.48 ^ _3186_/B_N (sky130_fd_sc_hd__or2b_1)
     3    0.01    0.14    0.61   12.09 v _3186_/X (sky130_fd_sc_hd__or2b_1)
                                         _1382_ (net)
                  0.14    0.00   12.09 v _3265_/B (sky130_fd_sc_hd__or4b_4)
     2    0.02    0.21    1.20   13.29 v _3265_/X (sky130_fd_sc_hd__or4b_4)
                                         _1461_ (net)
                  0.21    0.00   13.29 v _3279_/A1 (sky130_fd_sc_hd__a21oi_4)
     6    0.03    0.39    0.47   13.76 ^ _3279_/Y (sky130_fd_sc_hd__a21oi_4)
                                         _1475_ (net)
                  0.39    0.00   13.76 ^ _3305_/A1 (sky130_fd_sc_hd__a21oi_4)
     3    0.02    0.14    0.26   14.02 v _3305_/Y (sky130_fd_sc_hd__a21oi_4)
                                         _1501_ (net)
                  0.14    0.00   14.02 v _3321_/A (sky130_fd_sc_hd__or4_4)
     2    0.01    0.18    1.17   15.19 v _3321_/X (sky130_fd_sc_hd__or4_4)
                                         _1517_ (net)
                  0.18    0.00   15.19 v _3338_/A2 (sky130_fd_sc_hd__a211o_4)
     4    0.02    0.11    0.71   15.90 v _3338_/X (sky130_fd_sc_hd__a211o_4)
                                         _1534_ (net)
                  0.11    0.00   15.90 v _3344_/A1 (sky130_fd_sc_hd__a31oi_4)
     3    0.02    0.30    0.34   16.24 ^ _3344_/Y (sky130_fd_sc_hd__a31oi_4)
                                         _1540_ (net)
                  0.30    0.00   16.24 ^ _3346_/A1 (sky130_fd_sc_hd__a21boi_4)
     6    0.02    0.15    0.25   16.49 v _3346_/Y (sky130_fd_sc_hd__a21boi_4)
                                         _1542_ (net)
                  0.15    0.00   16.49 v _3349_/A1 (sky130_fd_sc_hd__a211o_1)
     4    0.01    0.17    0.64   17.13 v _3349_/X (sky130_fd_sc_hd__a211o_1)
                                         _1545_ (net)
                  0.17    0.00   17.13 v _3352_/A1 (sky130_fd_sc_hd__a211o_1)
     4    0.01    0.18    0.66   17.78 v _3352_/X (sky130_fd_sc_hd__a211o_1)
                                         _1548_ (net)
                  0.18    0.00   17.79 v _3354_/A1 (sky130_fd_sc_hd__a21o_1)
     4    0.01    0.14    0.43   18.21 v _3354_/X (sky130_fd_sc_hd__a21o_1)
                                         _1550_ (net)
                  0.14    0.00   18.21 v rebuffer8/A (sky130_fd_sc_hd__clkbuf_2)
     1    0.01    0.08    0.25   18.46 v rebuffer8/X (sky130_fd_sc_hd__clkbuf_2)
                                         net56 (net)
                  0.08    0.00   18.46 v _3359_/A1 (sky130_fd_sc_hd__a311oi_4)
     2    0.02    0.56    0.57   19.03 ^ _3359_/Y (sky130_fd_sc_hd__a311oi_4)
                                         net26 (net)
                  0.56    0.00   19.03 ^ output26/A (sky130_fd_sc_hd__buf_6)
     1    0.03    0.13    0.43   19.46 ^ output26/X (sky130_fd_sc_hd__buf_6)
                                         Result[31] (net)
                  0.13    0.00   19.46 ^ Result[31] (out)
                                 19.46   data arrival time

                         10.00   10.00   clock clk (rise edge)
                          0.00   10.00   clock network delay (propagated)
                         -0.25    9.75   clock uncertainty
                          0.00    9.75   clock reconvergence pessimism
                         -2.00    7.75   output external delay
                                  7.75   data required time
-----------------------------------------------------------------------------
                                  7.75   data required time
                                -19.46   data arrival time
-----------------------------------------------------------------------------
                                -11.71   slack (VIOLATED)



======================= Typical Corner ===================================

Startpoint: _5393_ (rising edge-triggered flip-flop clocked by clk)
Endpoint: Result[31] (output port clocked by clk)
Path Group: clk
Path Type: max
Corner: Typical

Fanout     Cap    Slew   Delay    Time   Description
-----------------------------------------------------------------------------
                          0.00    0.00   clock clk (rise edge)
                          0.00    0.00   clock source latency
     1    0.04    0.19    0.14    0.14 ^ clk (in)
                                         clk (net)
                  0.19    0.00    0.14 ^ clkbuf_0_clk/A (sky130_fd_sc_hd__clkbuf_16)
     4    0.09    0.11    0.24    0.38 ^ clkbuf_0_clk/X (sky130_fd_sc_hd__clkbuf_16)
                                         clknet_0_clk (net)
                  0.11    0.00    0.39 ^ clkbuf_2_0__f_clk/A (sky130_fd_sc_hd__clkbuf_16)
    12    0.11    0.13    0.23    0.61 ^ clkbuf_2_0__f_clk/X (sky130_fd_sc_hd__clkbuf_16)
                                         clknet_2_0__leaf_clk (net)
                  0.13    0.00    0.62 ^ clkbuf_leaf_44_clk/A (sky130_fd_sc_hd__clkbuf_8)
     8    0.03    0.07    0.19    0.81 ^ clkbuf_leaf_44_clk/X (sky130_fd_sc_hd__clkbuf_8)
                                         clknet_leaf_44_clk (net)
                  0.07    0.00    0.81 ^ _5393_/CLK (sky130_fd_sc_hd__dfrtp_1)
     2    0.01    0.05    0.40    1.20 v _5393_/Q (sky130_fd_sc_hd__dfrtp_1)
                                         IM0.addr[24] (net)
                  0.05    0.00    1.20 v _2490_/A (sky130_fd_sc_hd__or4_1)
     1    0.01    0.10    0.57    1.77 v _2490_/X (sky130_fd_sc_hd__or4_1)
                                         _0782_ (net)
                  0.10    0.00    1.77 v _2494_/A (sky130_fd_sc_hd__nor4_2)
     1    0.01    0.24    0.33    2.10 ^ _2494_/Y (sky130_fd_sc_hd__nor4_2)
                                         _0786_ (net)
                  0.24    0.00    2.10 ^ wire48/A (sky130_fd_sc_hd__buf_2)
     3    0.02    0.09    0.21    2.31 ^ wire48/X (sky130_fd_sc_hd__buf_2)
                                         net48 (net)
                  0.09    0.00    2.31 ^ _2495_/A (sky130_fd_sc_hd__buf_6)
     5    0.03    0.06    0.14    2.45 ^ _2495_/X (sky130_fd_sc_hd__buf_6)
                                         _0787_ (net)
                  0.06    0.00    2.45 ^ _2509_/A (sky130_fd_sc_hd__nand2_4)
     8    0.02    0.06    0.07    2.52 v _2509_/Y (sky130_fd_sc_hd__nand2_4)
                                         _0801_ (net)
                  0.06    0.00    2.52 v _2532_/B (sky130_fd_sc_hd__or2_4)
     2    0.02    0.06    0.27    2.79 v _2532_/X (sky130_fd_sc_hd__or2_4)
                                         _0824_ (net)
                  0.06    0.00    2.79 v _2533_/A (sky130_fd_sc_hd__buf_6)
     5    0.03    0.04    0.15    2.94 v _2533_/X (sky130_fd_sc_hd__buf_6)
                                         _0825_ (net)
                  0.04    0.00    2.94 v _3081_/B (sky130_fd_sc_hd__or2_4)
     3    0.02    0.07    0.27    3.22 v _3081_/X (sky130_fd_sc_hd__or2_4)
                                         _1277_ (net)
                  0.07    0.00    3.22 v _3082_/B1 (sky130_fd_sc_hd__o21a_1)
     4    0.01    0.08    0.16    3.38 v _3082_/X (sky130_fd_sc_hd__o21a_1)
                                         _1278_ (net)
                  0.08    0.00    3.38 v _3095_/C (sky130_fd_sc_hd__or4b_4)
     4    0.02    0.12    0.57    3.95 v _3095_/X (sky130_fd_sc_hd__or4b_4)
                                         _1291_ (net)
                  0.12    0.00    3.95 v _3097_/C1 (sky130_fd_sc_hd__a211o_4)
     4    0.02    0.07    0.33    4.29 v _3097_/X (sky130_fd_sc_hd__a211o_4)
                                         _1293_ (net)
                  0.07    0.00    4.29 v _3099_/C1 (sky130_fd_sc_hd__a211oi_4)
     6    0.02    0.34    0.31    4.60 ^ _3099_/Y (sky130_fd_sc_hd__a211oi_4)
                                         _1295_ (net)
                  0.34    0.00    4.60 ^ _3101_/C1 (sky130_fd_sc_hd__o211ai_2)
     3    0.01    0.14    0.19    4.79 v _3101_/Y (sky130_fd_sc_hd__o211ai_2)
                                         _1297_ (net)
                  0.14    0.00    4.79 v _3103_/C (sky130_fd_sc_hd__nor3_2)
     2    0.01    0.17    0.18    4.97 ^ _3103_/Y (sky130_fd_sc_hd__nor3_2)
                                         _1299_ (net)
                  0.17    0.00    4.97 ^ max_cap46/A (sky130_fd_sc_hd__clkbuf_2)
     2    0.01    0.05    0.15    5.13 ^ max_cap46/X (sky130_fd_sc_hd__clkbuf_2)
                                         net46 (net)
                  0.05    0.00    5.13 ^ _3104_/C_N (sky130_fd_sc_hd__or3b_4)
     4    0.02    0.10    0.44    5.56 v _3104_/X (sky130_fd_sc_hd__or3b_4)
                                         _1300_ (net)
                  0.10    0.00    5.57 v _3108_/C (sky130_fd_sc_hd__nor3_4)
     5    0.02    0.29    0.26    5.83 ^ _3108_/Y (sky130_fd_sc_hd__nor3_4)
                                         _1304_ (net)
                  0.29    0.00    5.83 ^ _3112_/B (sky130_fd_sc_hd__nand3b_4)
     5    0.02    0.10    0.15    5.98 v _3112_/Y (sky130_fd_sc_hd__nand3b_4)
                                         _1308_ (net)
                  0.10    0.00    5.98 v _3116_/B (sky130_fd_sc_hd__or3b_4)
     4    0.01    0.08    0.43    6.42 v _3116_/X (sky130_fd_sc_hd__or3b_4)
                                         _1312_ (net)
                  0.08    0.00    6.42 v _3122_/C (sky130_fd_sc_hd__or3_4)
     3    0.01    0.08    0.37    6.79 v _3122_/X (sky130_fd_sc_hd__or3_4)
                                         _1318_ (net)
                  0.08    0.00    6.79 v _3307_/S (sky130_fd_sc_hd__mux2_4)
     3    0.02    0.08    0.37    7.15 v _3307_/X (sky130_fd_sc_hd__mux2_4)
                                         _1503_ (net)
                  0.08    0.00    7.16 v _3308_/A (sky130_fd_sc_hd__xnor2_4)
     4    0.01    0.09    0.17    7.33 v _3308_/Y (sky130_fd_sc_hd__xnor2_4)
                                         _1504_ (net)
                  0.09    0.00    7.33 v _3321_/D (sky130_fd_sc_hd__or4_4)
     2    0.01    0.10    0.47    7.80 v _3321_/X (sky130_fd_sc_hd__or4_4)
                                         _1517_ (net)
                  0.10    0.00    7.80 v _3338_/A2 (sky130_fd_sc_hd__a211o_4)
     4    0.02    0.07    0.40    8.19 v _3338_/X (sky130_fd_sc_hd__a211o_4)
                                         _1534_ (net)
                  0.07    0.00    8.19 v _3344_/A1 (sky130_fd_sc_hd__a31oi_4)
     3    0.02    0.20    0.21    8.40 ^ _3344_/Y (sky130_fd_sc_hd__a31oi_4)
                                         _1540_ (net)
                  0.20    0.00    8.40 ^ _3346_/A1 (sky130_fd_sc_hd__a21boi_4)
     6    0.02    0.09    0.12    8.52 v _3346_/Y (sky130_fd_sc_hd__a21boi_4)
                                         _1542_ (net)
                  0.09    0.00    8.52 v _3349_/A1 (sky130_fd_sc_hd__a211o_1)
     4    0.01    0.09    0.33    8.85 v _3349_/X (sky130_fd_sc_hd__a211o_1)
                                         _1545_ (net)
                  0.09    0.00    8.85 v _3352_/A1 (sky130_fd_sc_hd__a211o_1)
     4    0.01    0.09    0.34    9.19 v _3352_/X (sky130_fd_sc_hd__a211o_1)
                                         _1548_ (net)
                  0.09    0.00    9.19 v _3354_/A1 (sky130_fd_sc_hd__a21o_1)
     4    0.01    0.07    0.22    9.41 v _3354_/X (sky130_fd_sc_hd__a21o_1)
                                         _1550_ (net)
                  0.07    0.00    9.41 v rebuffer8/A (sky130_fd_sc_hd__clkbuf_2)
     1    0.01    0.04    0.13    9.54 v rebuffer8/X (sky130_fd_sc_hd__clkbuf_2)
                                         net56 (net)
                  0.04    0.00    9.54 v _3359_/A1 (sky130_fd_sc_hd__a311oi_4)
     2    0.02    0.37    0.34    9.88 ^ _3359_/Y (sky130_fd_sc_hd__a311oi_4)
                                         net26 (net)
                  0.37    0.00    9.89 ^ output26/A (sky130_fd_sc_hd__buf_6)
     1    0.03    0.08    0.20   10.09 ^ output26/X (sky130_fd_sc_hd__buf_6)
                                         Result[31] (net)
                  0.08    0.00   10.09 ^ Result[31] (out)
                                 10.09   data arrival time

                         10.00   10.00   clock clk (rise edge)
                          0.00   10.00   clock network delay (propagated)
                         -0.25    9.75   clock uncertainty
                          0.00    9.75   clock reconvergence pessimism
                         -2.00    7.75   output external delay
                                  7.75   data required time
-----------------------------------------------------------------------------
                                  7.75   data required time
                                -10.09   data arrival time
-----------------------------------------------------------------------------
                                 -2.34   slack (VIOLATED)




===========================================================================
 report_check_types -max_slew -max_cap -max_fanout -violators
============================================================================
======================= Fastest Corner ===================================

max fanout

Pin                                   Limit Fanout  Slack
---------------------------------------------------------
clkbuf_leaf_7_clk/X                      10     16     -6 (VIOLATED)
clkbuf_leaf_11_clk/X                     10     15     -5 (VIOLATED)
clkbuf_leaf_32_clk/X                     10     15     -5 (VIOLATED)
clkbuf_leaf_35_clk/X                     10     15     -5 (VIOLATED)
clkbuf_leaf_0_clk/X                      10     14     -4 (VIOLATED)
clkbuf_leaf_13_clk/X                     10     14     -4 (VIOLATED)
clkbuf_leaf_42_clk/X                     10     14     -4 (VIOLATED)
clkbuf_leaf_45_clk/X                     10     14     -4 (VIOLATED)
clkbuf_leaf_23_clk/X                     10     13     -3 (VIOLATED)
clkbuf_leaf_38_clk/X                     10     13     -3 (VIOLATED)
clkbuf_leaf_41_clk/X                     10     13     -3 (VIOLATED)
clkbuf_leaf_6_clk/X                      10     13     -3 (VIOLATED)
clkbuf_2_0__f_clk/X                      10     12     -2 (VIOLATED)
clkbuf_2_1__f_clk/X                      10     12     -2 (VIOLATED)
clkbuf_2_2__f_clk/X                      10     12     -2 (VIOLATED)
clkbuf_2_3__f_clk/X                      10     12     -2 (VIOLATED)
clkbuf_leaf_18_clk/X                     10     12     -2 (VIOLATED)
clkbuf_leaf_1_clk/X                      10     12     -2 (VIOLATED)
clkbuf_leaf_28_clk/X                     10     12     -2 (VIOLATED)
clkbuf_leaf_30_clk/X                     10     12     -2 (VIOLATED)
clkbuf_leaf_33_clk/X                     10     12     -2 (VIOLATED)
clkbuf_leaf_43_clk/X                     10     12     -2 (VIOLATED)
clkbuf_leaf_12_clk/X                     10     11        (VIOLATED)
clkbuf_leaf_34_clk/X                     10     11        (VIOLATED)
clkbuf_leaf_37_clk/X                     10     11        (VIOLATED)
clkbuf_leaf_8_clk/X                      10     11        (VIOLATED)


max slew violations count Fastest: 0
max fanout violations count Fastest: 26
max cap violations count Fastest: 0
======================= Slowest Corner ===================================

max slew

Pin                                    Limit    Slew   Slack
------------------------------------------------------------
_3025_/A                                0.75    0.77   -0.02 (VIOLATED)
_3176_/B1                               0.75    0.77   -0.02 (VIOLATED)
_3170_/A                                0.75    0.77   -0.02 (VIOLATED)
_3250_/B1                               0.75    0.77   -0.02 (VIOLATED)
_3672_/B1                               0.75    0.77   -0.02 (VIOLATED)
_3676_/B1                               0.75    0.77   -0.02 (VIOLATED)
_3686_/A2                               0.75    0.77   -0.02 (VIOLATED)
_3699_/B1                               0.75    0.77   -0.02 (VIOLATED)
_3694_/A2                               0.75    0.77   -0.02 (VIOLATED)
_3207_/B1                               0.75    0.77   -0.02 (VIOLATED)
_3024_/Y                                0.75    0.77   -0.02 (VIOLATED)

max fanout

Pin                                   Limit Fanout  Slack
---------------------------------------------------------
clkbuf_leaf_7_clk/X                      10     16     -6 (VIOLATED)
clkbuf_leaf_11_clk/X                     10     15     -5 (VIOLATED)
clkbuf_leaf_32_clk/X                     10     15     -5 (VIOLATED)
clkbuf_leaf_35_clk/X                     10     15     -5 (VIOLATED)
clkbuf_leaf_0_clk/X                      10     14     -4 (VIOLATED)
clkbuf_leaf_13_clk/X                     10     14     -4 (VIOLATED)
clkbuf_leaf_42_clk/X                     10     14     -4 (VIOLATED)
clkbuf_leaf_45_clk/X                     10     14     -4 (VIOLATED)
clkbuf_leaf_23_clk/X                     10     13     -3 (VIOLATED)
clkbuf_leaf_38_clk/X                     10     13     -3 (VIOLATED)
clkbuf_leaf_41_clk/X                     10     13     -3 (VIOLATED)
clkbuf_leaf_6_clk/X                      10     13     -3 (VIOLATED)
clkbuf_2_0__f_clk/X                      10     12     -2 (VIOLATED)
clkbuf_2_1__f_clk/X                      10     12     -2 (VIOLATED)
clkbuf_2_2__f_clk/X                      10     12     -2 (VIOLATED)
clkbuf_2_3__f_clk/X                      10     12     -2 (VIOLATED)
clkbuf_leaf_18_clk/X                     10     12     -2 (VIOLATED)
clkbuf_leaf_1_clk/X                      10     12     -2 (VIOLATED)
clkbuf_leaf_28_clk/X                     10     12     -2 (VIOLATED)
clkbuf_leaf_30_clk/X                     10     12     -2 (VIOLATED)
clkbuf_leaf_33_clk/X                     10     12     -2 (VIOLATED)
clkbuf_leaf_43_clk/X                     10     12     -2 (VIOLATED)
clkbuf_leaf_12_clk/X                     10     11        (VIOLATED)
clkbuf_leaf_34_clk/X                     10     11        (VIOLATED)
clkbuf_leaf_37_clk/X                     10     11        (VIOLATED)
clkbuf_leaf_8_clk/X                      10     11        (VIOLATED)


max slew violations count Slowest: 11
max fanout violations count Slowest: 26
max cap violations count Slowest: 0
======================= Typical Corner ===================================

max fanout

Pin                                   Limit Fanout  Slack
---------------------------------------------------------
clkbuf_leaf_7_clk/X                      10     16     -6 (VIOLATED)
clkbuf_leaf_11_clk/X                     10     15     -5 (VIOLATED)
clkbuf_leaf_32_clk/X                     10     15     -5 (VIOLATED)
clkbuf_leaf_35_clk/X                     10     15     -5 (VIOLATED)
clkbuf_leaf_0_clk/X                      10     14     -4 (VIOLATED)
clkbuf_leaf_13_clk/X                     10     14     -4 (VIOLATED)
clkbuf_leaf_42_clk/X                     10     14     -4 (VIOLATED)
clkbuf_leaf_45_clk/X                     10     14     -4 (VIOLATED)
clkbuf_leaf_23_clk/X                     10     13     -3 (VIOLATED)
clkbuf_leaf_38_clk/X                     10     13     -3 (VIOLATED)
clkbuf_leaf_41_clk/X                     10     13     -3 (VIOLATED)
clkbuf_leaf_6_clk/X                      10     13     -3 (VIOLATED)
clkbuf_2_0__f_clk/X                      10     12     -2 (VIOLATED)
clkbuf_2_1__f_clk/X                      10     12     -2 (VIOLATED)
clkbuf_2_2__f_clk/X                      10     12     -2 (VIOLATED)
clkbuf_2_3__f_clk/X                      10     12     -2 (VIOLATED)
clkbuf_leaf_18_clk/X                     10     12     -2 (VIOLATED)
clkbuf_leaf_1_clk/X                      10     12     -2 (VIOLATED)
clkbuf_leaf_28_clk/X                     10     12     -2 (VIOLATED)
clkbuf_leaf_30_clk/X                     10     12     -2 (VIOLATED)
clkbuf_leaf_33_clk/X                     10     12     -2 (VIOLATED)
clkbuf_leaf_43_clk/X                     10     12     -2 (VIOLATED)
clkbuf_leaf_12_clk/X                     10     11        (VIOLATED)
clkbuf_leaf_34_clk/X                     10     11        (VIOLATED)
clkbuf_leaf_37_clk/X                     10     11        (VIOLATED)
clkbuf_leaf_8_clk/X                      10     11        (VIOLATED)


max slew violations count Typical: 0
max fanout violations count Typical: 26
max cap violations count Typical: 0

===========================================================================
report_parasitic_annotation -report_unannotated
============================================================================
Found 44 unannotated drivers.
 clkload0/X
 clkload1/X
 clkload10/Y
 clkload11/X
 clkload12/Y
 clkload13/Y
 clkload14/Y
 clkload15/X
 clkload16/Y
 clkload17/Y
 clkload18/Y
 clkload19/Y
 clkload2/Y
 clkload20/Y
 clkload21/Y
 clkload22/Y
 clkload23/Y
 clkload24/Y
 clkload25/Y
 clkload26/Y
 clkload27/Y
 clkload28/Y
 clkload29/X
 clkload3/Y
 clkload30/Y
 clkload31/Y
 clkload32/Y
 clkload33/Y
 clkload34/Y
 clkload35/Y
 clkload36/Y
 clkload37/Y
 clkload38/Y
 clkload39/Y
 clkload4/Y
 clkload40/X
 clkload41/Y
 clkload42/Y
 clkload43/Y
 clkload5/Y
 clkload6/Y
 clkload7/Y
 clkload8/X
 clkload9/Y
Found 0 partially unannotated drivers.

===========================================================================
max slew violation count 11
max fanout violation count 26
max cap violation count 0
============================================================================

===========================================================================
check_setup -verbose -unconstrained_endpoints -multiple_clock -no_clock -no_input_delay -loops -generated_clocks
===========================================================================
