
===========================================================================
 report_power
============================================================================
======================= Fastest Corner ===================================

Group                  Internal  Switching    Leakage      Total
                          Power      Power      Power      Power (Watts)
----------------------------------------------------------------
Sequential             2.58e-03   6.54e-04   4.24e-07   3.23e-03  18.8%
Combinational          4.88e-03   7.22e-03   2.22e-08   1.21e-02  70.5%
Clock                  9.47e-04   8.91e-04   7.58e-09   1.84e-03  10.7%
Macro                  0.00e+00   0.00e+00   0.00e+00   0.00e+00   0.0%
Pad                    0.00e+00   0.00e+00   0.00e+00   0.00e+00   0.0%
----------------------------------------------------------------
Total                  8.41e-03   8.76e-03   4.54e-07   1.72e-02 100.0%
                          49.0%      51.0%       0.0%

======================= Slowest Corner ===================================

Group                  Internal  Switching    Leakage      Total
                          Power      Power      Power      Power (Watts)
----------------------------------------------------------------
Sequential             1.73e-03   4.32e-04   7.55e-06   2.17e-03  18.4%
Combinational          3.55e-03   4.76e-03   1.39e-05   8.33e-03  70.8%
Clock                  6.82e-04   5.79e-04   1.05e-06   1.26e-03  10.7%
Macro                  0.00e+00   0.00e+00   0.00e+00   0.00e+00   0.0%
Pad                    0.00e+00   0.00e+00   0.00e+00   0.00e+00   0.0%
----------------------------------------------------------------
Total                  5.96e-03   5.77e-03   2.25e-05   1.18e-02 100.0%
                          50.7%      49.1%       0.2%

======================= Typical Corner ===================================

Group                  Internal  Switching    Leakage      Total
                          Power      Power      Power      Power (Watts)
----------------------------------------------------------------
Sequential             2.23e-03   5.50e-04   4.23e-07   2.78e-03  18.7%
Combinational          4.42e-03   6.08e-03   1.05e-08   1.05e-02  70.7%
Clock                  8.31e-04   7.48e-04   5.12e-09   1.58e-03  10.6%
Macro                  0.00e+00   0.00e+00   0.00e+00   0.00e+00   0.0%
Pad                    0.00e+00   0.00e+00   0.00e+00   0.00e+00   0.0%
----------------------------------------------------------------
Total                  7.47e-03   7.38e-03   4.38e-07   1.49e-02 100.0%
                          50.3%      49.7%       0.0%

