
===========================================================================
report_checks -path_delay max (Setup)
============================================================================
======================= Fastest Corner ===================================

Startpoint: A[1] (input port clocked by __VIRTUAL_CLK__)
Endpoint: Y[3] (output port clocked by __VIRTUAL_CLK__)
Path Group: __VIRTUAL_CLK__
Path Type: max
Corner: Fastest

Fanout     Cap    Slew   Delay    Time   Description
-----------------------------------------------------------------------------
                  0.00    0.00    0.00   clock __VIRTUAL_CLK__ (rise edge)
                          0.00    0.00   clock network delay (ideal)
                          2.00    2.00 v input external delay
     1    0.00    0.00    0.00    2.00 v A[1] (in)
                                         A[1] (net)
                  0.00    0.00    2.00 v input2/A (sky130_fd_sc_hd__dlymetal6s2s_1)
     3    0.02    0.08    0.13    2.14 v input2/X (sky130_fd_sc_hd__dlymetal6s2s_1)
                                         net2 (net)
                  0.09    0.00    2.14 v _4_/A (sky130_fd_sc_hd__or3_1)
     2    0.01    0.06    0.26    2.39 v _4_/X (sky130_fd_sc_hd__or3_1)
                                         _2_ (net)
                  0.06    0.00    2.39 v _8_/B (sky130_fd_sc_hd__xor2_1)
     2    0.01    0.22    0.21    2.60 ^ _8_/X (sky130_fd_sc_hd__xor2_1)
                                         net8 (net)
                  0.22    0.00    2.60 ^ output8/A (sky130_fd_sc_hd__buf_2)
     1    0.03    0.13    0.18    2.78 ^ output8/X (sky130_fd_sc_hd__buf_2)
                                         Y[3] (net)
                  0.13    0.00    2.78 ^ Y[3] (out)
                                  2.78   data arrival time

                  0.00   10.00   10.00   clock __VIRTUAL_CLK__ (rise edge)
                          0.00   10.00   clock network delay (ideal)
                         -0.25    9.75   clock uncertainty
                          0.00    9.75   clock reconvergence pessimism
                         -2.00    7.75   output external delay
                                  7.75   data required time
-----------------------------------------------------------------------------
                                  7.75   data required time
                                 -2.78   data arrival time
-----------------------------------------------------------------------------
                                  4.97   slack (MET)


Startpoint: A[1] (input port clocked by __VIRTUAL_CLK__)
Endpoint: Y[2] (output port clocked by __VIRTUAL_CLK__)
Path Group: __VIRTUAL_CLK__
Path Type: max
Corner: Fastest

Fanout     Cap    Slew   Delay    Time   Description
-----------------------------------------------------------------------------
                  0.00    0.00    0.00   clock __VIRTUAL_CLK__ (rise edge)
                          0.00    0.00   clock network delay (ideal)
                          2.00    2.00 v input external delay
     1    0.00    0.00    0.00    2.00 v A[1] (in)
                                         A[1] (net)
                  0.00    0.00    2.00 v input2/A (sky130_fd_sc_hd__dlymetal6s2s_1)
     3    0.02    0.08    0.13    2.14 v input2/X (sky130_fd_sc_hd__dlymetal6s2s_1)
                                         net2 (net)
                  0.09    0.00    2.14 v _4_/A (sky130_fd_sc_hd__or3_1)
     2    0.01    0.06    0.26    2.39 v _4_/X (sky130_fd_sc_hd__or3_1)
                                         _2_ (net)
                  0.06    0.00    2.39 v _6_/A (sky130_fd_sc_hd__and2_1)
     1    0.00    0.02    0.09    2.49 v _6_/X (sky130_fd_sc_hd__and2_1)
                                         _1_ (net)
                  0.02    0.00    2.49 v _7_/A (sky130_fd_sc_hd__buf_1)
     1    0.01    0.06    0.09    2.58 v _7_/X (sky130_fd_sc_hd__buf_1)
                                         net7 (net)
                  0.06    0.00    2.58 v output7/A (sky130_fd_sc_hd__buf_2)
     1    0.03    0.06    0.14    2.72 v output7/X (sky130_fd_sc_hd__buf_2)
                                         Y[2] (net)
                  0.06    0.00    2.72 v Y[2] (out)
                                  2.72   data arrival time

                  0.00   10.00   10.00   clock __VIRTUAL_CLK__ (rise edge)
                          0.00   10.00   clock network delay (ideal)
                         -0.25    9.75   clock uncertainty
                          0.00    9.75   clock reconvergence pessimism
                         -2.00    7.75   output external delay
                                  7.75   data required time
-----------------------------------------------------------------------------
                                  7.75   data required time
                                 -2.72   data arrival time
-----------------------------------------------------------------------------
                                  5.03   slack (MET)


Startpoint: A[1] (input port clocked by __VIRTUAL_CLK__)
Endpoint: Y[1] (output port clocked by __VIRTUAL_CLK__)
Path Group: __VIRTUAL_CLK__
Path Type: max
Corner: Fastest

Fanout     Cap    Slew   Delay    Time   Description
-----------------------------------------------------------------------------
                  0.00    0.00    0.00   clock __VIRTUAL_CLK__ (rise edge)
                          0.00    0.00   clock network delay (ideal)
                          2.00    2.00 ^ input external delay
     1    0.00    0.01    0.01    2.01 ^ A[1] (in)
                                         A[1] (net)
                  0.01    0.00    2.01 ^ input2/A (sky130_fd_sc_hd__dlymetal6s2s_1)
     3    0.02    0.19    0.17    2.18 ^ input2/X (sky130_fd_sc_hd__dlymetal6s2s_1)
                                         net2 (net)
                  0.19    0.00    2.18 ^ _3_/A (sky130_fd_sc_hd__xor2_1)
     1    0.01    0.19    0.19    2.37 ^ _3_/X (sky130_fd_sc_hd__xor2_1)
                                         net6 (net)
                  0.19    0.00    2.37 ^ output6/A (sky130_fd_sc_hd__buf_2)
     1    0.03    0.13    0.17    2.54 ^ output6/X (sky130_fd_sc_hd__buf_2)
                                         Y[1] (net)
                  0.13    0.00    2.54 ^ Y[1] (out)
                                  2.54   data arrival time

                  0.00   10.00   10.00   clock __VIRTUAL_CLK__ (rise edge)
                          0.00   10.00   clock network delay (ideal)
                         -0.25    9.75   clock uncertainty
                          0.00    9.75   clock reconvergence pessimism
                         -2.00    7.75   output external delay
                                  7.75   data required time
-----------------------------------------------------------------------------
                                  7.75   data required time
                                 -2.54   data arrival time
-----------------------------------------------------------------------------
                                  5.21   slack (MET)


Startpoint: A[0] (input port clocked by __VIRTUAL_CLK__)
Endpoint: Y[0] (output port clocked by __VIRTUAL_CLK__)
Path Group: __VIRTUAL_CLK__
Path Type: max
Corner: Fastest

Fanout     Cap    Slew   Delay    Time   Description
-----------------------------------------------------------------------------
                  0.00    0.00    0.00   clock __VIRTUAL_CLK__ (rise edge)
                          0.00    0.00   clock network delay (ideal)
                          2.00    2.00 ^ input external delay
     1    0.00    0.01    0.01    2.01 ^ A[0] (in)
                                         A[0] (net)
                  0.01    0.00    2.01 ^ input1/A (sky130_fd_sc_hd__clkbuf_2)
     4    0.03    0.12    0.13    2.14 ^ input1/X (sky130_fd_sc_hd__clkbuf_2)
                                         net1 (net)
                  0.12    0.00    2.14 ^ _9_/A (sky130_fd_sc_hd__buf_1)
     1    0.02    0.15    0.15    2.29 ^ _9_/X (sky130_fd_sc_hd__buf_1)
                                         net5 (net)
                  0.15    0.00    2.29 ^ output5/A (sky130_fd_sc_hd__buf_2)
     1    0.03    0.13    0.17    2.46 ^ output5/X (sky130_fd_sc_hd__buf_2)
                                         Y[0] (net)
                  0.13    0.00    2.46 ^ Y[0] (out)
                                  2.46   data arrival time

                  0.00   10.00   10.00   clock __VIRTUAL_CLK__ (rise edge)
                          0.00   10.00   clock network delay (ideal)
                         -0.25    9.75   clock uncertainty
                          0.00    9.75   clock reconvergence pessimism
                         -2.00    7.75   output external delay
                                  7.75   data required time
-----------------------------------------------------------------------------
                                  7.75   data required time
                                 -2.46   data arrival time
-----------------------------------------------------------------------------
                                  5.29   slack (MET)



worst slack corner Fastest: 4.9724
======================= Slowest Corner ===================================

Startpoint: A[1] (input port clocked by __VIRTUAL_CLK__)
Endpoint: Y[3] (output port clocked by __VIRTUAL_CLK__)
Path Group: __VIRTUAL_CLK__
Path Type: max
Corner: Slowest

Fanout     Cap    Slew   Delay    Time   Description
-----------------------------------------------------------------------------
                  0.00    0.00    0.00   clock __VIRTUAL_CLK__ (rise edge)
                          0.00    0.00   clock network delay (ideal)
                          2.00    2.00 v input external delay
     1    0.00    0.02    0.01    2.01 v A[1] (in)
                                         A[1] (net)
                  0.02    0.00    2.01 v input2/A (sky130_fd_sc_hd__dlymetal6s2s_1)
     3    0.02    0.23    0.42    2.42 v input2/X (sky130_fd_sc_hd__dlymetal6s2s_1)
                                         net2 (net)
                  0.23    0.00    2.43 v _4_/A (sky130_fd_sc_hd__or3_1)
     2    0.01    0.18    1.01    3.44 v _4_/X (sky130_fd_sc_hd__or3_1)
                                         _2_ (net)
                  0.18    0.00    3.44 v _8_/B (sky130_fd_sc_hd__xor2_1)
     2    0.01    0.49    0.51    3.94 ^ _8_/X (sky130_fd_sc_hd__xor2_1)
                                         net8 (net)
                  0.49    0.00    3.95 ^ output8/A (sky130_fd_sc_hd__buf_2)
     1    0.03    0.27    0.54    4.49 ^ output8/X (sky130_fd_sc_hd__buf_2)
                                         Y[3] (net)
                  0.27    0.00    4.49 ^ Y[3] (out)
                                  4.49   data arrival time

                  0.00   10.00   10.00   clock __VIRTUAL_CLK__ (rise edge)
                          0.00   10.00   clock network delay (ideal)
                         -0.25    9.75   clock uncertainty
                          0.00    9.75   clock reconvergence pessimism
                         -2.00    7.75   output external delay
                                  7.75   data required time
-----------------------------------------------------------------------------
                                  7.75   data required time
                                 -4.49   data arrival time
-----------------------------------------------------------------------------
                                  3.26   slack (MET)


Startpoint: A[1] (input port clocked by __VIRTUAL_CLK__)
Endpoint: Y[2] (output port clocked by __VIRTUAL_CLK__)
Path Group: __VIRTUAL_CLK__
Path Type: max
Corner: Slowest

Fanout     Cap    Slew   Delay    Time   Description
-----------------------------------------------------------------------------
                  0.00    0.00    0.00   clock __VIRTUAL_CLK__ (rise edge)
                          0.00    0.00   clock network delay (ideal)
                          2.00    2.00 v input external delay
     1    0.00    0.02    0.01    2.01 v A[1] (in)
                                         A[1] (net)
                  0.02    0.00    2.01 v input2/A (sky130_fd_sc_hd__dlymetal6s2s_1)
     3    0.02    0.23    0.42    2.42 v input2/X (sky130_fd_sc_hd__dlymetal6s2s_1)
                                         net2 (net)
                  0.23    0.00    2.43 v _4_/A (sky130_fd_sc_hd__or3_1)
     2    0.01    0.18    1.01    3.44 v _4_/X (sky130_fd_sc_hd__or3_1)
                                         _2_ (net)
                  0.18    0.00    3.44 v _6_/A (sky130_fd_sc_hd__and2_1)
     1    0.00    0.06    0.33    3.77 v _6_/X (sky130_fd_sc_hd__and2_1)
                                         _1_ (net)
                  0.06    0.00    3.77 v _7_/A (sky130_fd_sc_hd__buf_1)
     1    0.01    0.17    0.27    4.04 v _7_/X (sky130_fd_sc_hd__buf_1)
                                         net7 (net)
                  0.17    0.00    4.04 v output7/A (sky130_fd_sc_hd__buf_2)
     1    0.03    0.16    0.41    4.45 v output7/X (sky130_fd_sc_hd__buf_2)
                                         Y[2] (net)
                  0.16    0.00    4.45 v Y[2] (out)
                                  4.45   data arrival time

                  0.00   10.00   10.00   clock __VIRTUAL_CLK__ (rise edge)
                          0.00   10.00   clock network delay (ideal)
                         -0.25    9.75   clock uncertainty
                          0.00    9.75   clock reconvergence pessimism
                         -2.00    7.75   output external delay
                                  7.75   data required time
-----------------------------------------------------------------------------
                                  7.75   data required time
                                 -4.45   data arrival time
-----------------------------------------------------------------------------
                                  3.30   slack (MET)


Startpoint: A[1] (input port clocked by __VIRTUAL_CLK__)
Endpoint: Y[1] (output port clocked by __VIRTUAL_CLK__)
Path Group: __VIRTUAL_CLK__
Path Type: max
Corner: Slowest

Fanout     Cap    Slew   Delay    Time   Description
-----------------------------------------------------------------------------
                  0.00    0.00    0.00   clock __VIRTUAL_CLK__ (rise edge)
                          0.00    0.00   clock network delay (ideal)
                          2.00    2.00 v input external delay
     1    0.00    0.02    0.01    2.01 v A[1] (in)
                                         A[1] (net)
                  0.02    0.00    2.01 v input2/A (sky130_fd_sc_hd__dlymetal6s2s_1)
     3    0.02    0.23    0.42    2.42 v input2/X (sky130_fd_sc_hd__dlymetal6s2s_1)
                                         net2 (net)
                  0.23    0.00    2.43 v _3_/A (sky130_fd_sc_hd__xor2_1)
     1    0.01    0.43    0.53    2.95 ^ _3_/X (sky130_fd_sc_hd__xor2_1)
                                         net6 (net)
                  0.43    0.00    2.95 ^ output6/A (sky130_fd_sc_hd__buf_2)
     1    0.03    0.27    0.52    3.47 ^ output6/X (sky130_fd_sc_hd__buf_2)
                                         Y[1] (net)
                  0.27    0.00    3.47 ^ Y[1] (out)
                                  3.47   data arrival time

                  0.00   10.00   10.00   clock __VIRTUAL_CLK__ (rise edge)
                          0.00   10.00   clock network delay (ideal)
                         -0.25    9.75   clock uncertainty
                          0.00    9.75   clock reconvergence pessimism
                         -2.00    7.75   output external delay
                                  7.75   data required time
-----------------------------------------------------------------------------
                                  7.75   data required time
                                 -3.47   data arrival time
-----------------------------------------------------------------------------
                                  4.28   slack (MET)


Startpoint: A[0] (input port clocked by __VIRTUAL_CLK__)
Endpoint: Y[0] (output port clocked by __VIRTUAL_CLK__)
Path Group: __VIRTUAL_CLK__
Path Type: max
Corner: Slowest

Fanout     Cap    Slew   Delay    Time   Description
-----------------------------------------------------------------------------
                  0.00    0.00    0.00   clock __VIRTUAL_CLK__ (rise edge)
                          0.00    0.00   clock network delay (ideal)
                          2.00    2.00 ^ input external delay
     1    0.00    0.03    0.02    2.02 ^ A[0] (in)
                                         A[0] (net)
                  0.03    0.00    2.02 ^ input1/A (sky130_fd_sc_hd__clkbuf_2)
     4    0.03    0.24    0.31    2.33 ^ input1/X (sky130_fd_sc_hd__clkbuf_2)
                                         net1 (net)
                  0.24    0.00    2.33 ^ _9_/A (sky130_fd_sc_hd__buf_1)
     1    0.02    0.32    0.42    2.75 ^ _9_/X (sky130_fd_sc_hd__buf_1)
                                         net5 (net)
                  0.32    0.00    2.75 ^ output5/A (sky130_fd_sc_hd__buf_2)
     1    0.03    0.27    0.47    3.22 ^ output5/X (sky130_fd_sc_hd__buf_2)
                                         Y[0] (net)
                  0.27    0.00    3.22 ^ Y[0] (out)
                                  3.22   data arrival time

                  0.00   10.00   10.00   clock __VIRTUAL_CLK__ (rise edge)
                          0.00   10.00   clock network delay (ideal)
                         -0.25    9.75   clock uncertainty
                          0.00    9.75   clock reconvergence pessimism
                         -2.00    7.75   output external delay
                                  7.75   data required time
-----------------------------------------------------------------------------
                                  7.75   data required time
                                 -3.22   data arrival time
-----------------------------------------------------------------------------
                                  4.53   slack (MET)



worst slack corner Slowest: 3.2629
======================= Typical Corner ===================================

Startpoint: A[1] (input port clocked by __VIRTUAL_CLK__)
Endpoint: Y[3] (output port clocked by __VIRTUAL_CLK__)
Path Group: __VIRTUAL_CLK__
Path Type: max
Corner: Typical

Fanout     Cap    Slew   Delay    Time   Description
-----------------------------------------------------------------------------
                  0.00    0.00    0.00   clock __VIRTUAL_CLK__ (rise edge)
                          0.00    0.00   clock network delay (ideal)
                          2.00    2.00 v input external delay
     1    0.00    0.01    0.00    2.00 v A[1] (in)
                                         A[1] (net)
                  0.01    0.00    2.00 v input2/A (sky130_fd_sc_hd__dlymetal6s2s_1)
     3    0.02    0.12    0.20    2.21 v input2/X (sky130_fd_sc_hd__dlymetal6s2s_1)
                                         net2 (net)
                  0.12    0.00    2.21 v _4_/A (sky130_fd_sc_hd__or3_1)
     2    0.01    0.09    0.44    2.65 v _4_/X (sky130_fd_sc_hd__or3_1)
                                         _2_ (net)
                  0.09    0.00    2.65 v _8_/B (sky130_fd_sc_hd__xor2_1)
     2    0.01    0.30    0.30    2.94 ^ _8_/X (sky130_fd_sc_hd__xor2_1)
                                         net8 (net)
                  0.30    0.00    2.94 ^ output8/A (sky130_fd_sc_hd__buf_2)
     1    0.03    0.17    0.28    3.23 ^ output8/X (sky130_fd_sc_hd__buf_2)
                                         Y[3] (net)
                  0.17    0.00    3.23 ^ Y[3] (out)
                                  3.23   data arrival time

                  0.00   10.00   10.00   clock __VIRTUAL_CLK__ (rise edge)
                          0.00   10.00   clock network delay (ideal)
                         -0.25    9.75   clock uncertainty
                          0.00    9.75   clock reconvergence pessimism
                         -2.00    7.75   output external delay
                                  7.75   data required time
-----------------------------------------------------------------------------
                                  7.75   data required time
                                 -3.23   data arrival time
-----------------------------------------------------------------------------
                                  4.52   slack (MET)


Startpoint: A[1] (input port clocked by __VIRTUAL_CLK__)
Endpoint: Y[2] (output port clocked by __VIRTUAL_CLK__)
Path Group: __VIRTUAL_CLK__
Path Type: max
Corner: Typical

Fanout     Cap    Slew   Delay    Time   Description
-----------------------------------------------------------------------------
                  0.00    0.00    0.00   clock __VIRTUAL_CLK__ (rise edge)
                          0.00    0.00   clock network delay (ideal)
                          2.00    2.00 v input external delay
     1    0.00    0.01    0.00    2.00 v A[1] (in)
                                         A[1] (net)
                  0.01    0.00    2.00 v input2/A (sky130_fd_sc_hd__dlymetal6s2s_1)
     3    0.02    0.12    0.20    2.21 v input2/X (sky130_fd_sc_hd__dlymetal6s2s_1)
                                         net2 (net)
                  0.12    0.00    2.21 v _4_/A (sky130_fd_sc_hd__or3_1)
     2    0.01    0.09    0.44    2.65 v _4_/X (sky130_fd_sc_hd__or3_1)
                                         _2_ (net)
                  0.09    0.00    2.65 v _6_/A (sky130_fd_sc_hd__and2_1)
     1    0.00    0.03    0.15    2.80 v _6_/X (sky130_fd_sc_hd__and2_1)
                                         _1_ (net)
                  0.03    0.00    2.80 v _7_/A (sky130_fd_sc_hd__buf_1)
     1    0.01    0.09    0.14    2.94 v _7_/X (sky130_fd_sc_hd__buf_1)
                                         net7 (net)
                  0.09    0.00    2.94 v output7/A (sky130_fd_sc_hd__buf_2)
     1    0.03    0.09    0.21    3.15 v output7/X (sky130_fd_sc_hd__buf_2)
                                         Y[2] (net)
                  0.09    0.00    3.15 v Y[2] (out)
                                  3.15   data arrival time

                  0.00   10.00   10.00   clock __VIRTUAL_CLK__ (rise edge)
                          0.00   10.00   clock network delay (ideal)
                         -0.25    9.75   clock uncertainty
                          0.00    9.75   clock reconvergence pessimism
                         -2.00    7.75   output external delay
                                  7.75   data required time
-----------------------------------------------------------------------------
                                  7.75   data required time
                                 -3.15   data arrival time
-----------------------------------------------------------------------------
                                  4.60   slack (MET)


Startpoint: A[1] (input port clocked by __VIRTUAL_CLK__)
Endpoint: Y[1] (output port clocked by __VIRTUAL_CLK__)
Path Group: __VIRTUAL_CLK__
Path Type: max
Corner: Typical

Fanout     Cap    Slew   Delay    Time   Description
-----------------------------------------------------------------------------
                  0.00    0.00    0.00   clock __VIRTUAL_CLK__ (rise edge)
                          0.00    0.00   clock network delay (ideal)
                          2.00    2.00 ^ input external delay
     1    0.00    0.02    0.01    2.01 ^ A[1] (in)
                                         A[1] (net)
                  0.02    0.00    2.01 ^ input2/A (sky130_fd_sc_hd__dlymetal6s2s_1)
     3    0.02    0.25    0.23    2.24 ^ input2/X (sky130_fd_sc_hd__dlymetal6s2s_1)
                                         net2 (net)
                  0.25    0.00    2.24 ^ _3_/A (sky130_fd_sc_hd__xor2_1)
     1    0.01    0.27    0.30    2.54 ^ _3_/X (sky130_fd_sc_hd__xor2_1)
                                         net6 (net)
                  0.27    0.00    2.54 ^ output6/A (sky130_fd_sc_hd__buf_2)
     1    0.03    0.17    0.28    2.82 ^ output6/X (sky130_fd_sc_hd__buf_2)
                                         Y[1] (net)
                  0.17    0.00    2.82 ^ Y[1] (out)
                                  2.82   data arrival time

                  0.00   10.00   10.00   clock __VIRTUAL_CLK__ (rise edge)
                          0.00   10.00   clock network delay (ideal)
                         -0.25    9.75   clock uncertainty
                          0.00    9.75   clock reconvergence pessimism
                         -2.00    7.75   output external delay
                                  7.75   data required time
-----------------------------------------------------------------------------
                                  7.75   data required time
                                 -2.82   data arrival time
-----------------------------------------------------------------------------
                                  4.93   slack (MET)


Startpoint: A[0] (input port clocked by __VIRTUAL_CLK__)
Endpoint: Y[0] (output port clocked by __VIRTUAL_CLK__)
Path Group: __VIRTUAL_CLK__
Path Type: max
Corner: Typical

Fanout     Cap    Slew   Delay    Time   Description
-----------------------------------------------------------------------------
                  0.00    0.00    0.00   clock __VIRTUAL_CLK__ (rise edge)
                          0.00    0.00   clock network delay (ideal)
                          2.00    2.00 ^ input external delay
     1    0.00    0.02    0.01    2.01 ^ A[0] (in)
                                         A[0] (net)
                  0.02    0.00    2.01 ^ input1/A (sky130_fd_sc_hd__clkbuf_2)
     4    0.03    0.15    0.18    2.19 ^ input1/X (sky130_fd_sc_hd__clkbuf_2)
                                         net1 (net)
                  0.15    0.00    2.19 ^ _9_/A (sky130_fd_sc_hd__buf_1)
     1    0.02    0.20    0.23    2.42 ^ _9_/X (sky130_fd_sc_hd__buf_1)
                                         net5 (net)
                  0.20    0.00    2.42 ^ output5/A (sky130_fd_sc_hd__buf_2)
     1    0.03    0.17    0.26    2.68 ^ output5/X (sky130_fd_sc_hd__buf_2)
                                         Y[0] (net)
                  0.17    0.00    2.68 ^ Y[0] (out)
                                  2.68   data arrival time

                  0.00   10.00   10.00   clock __VIRTUAL_CLK__ (rise edge)
                          0.00   10.00   clock network delay (ideal)
                         -0.25    9.75   clock uncertainty
                          0.00    9.75   clock reconvergence pessimism
                         -2.00    7.75   output external delay
                                  7.75   data required time
-----------------------------------------------------------------------------
                                  7.75   data required time
                                 -2.68   data arrival time
-----------------------------------------------------------------------------
                                  5.07   slack (MET)



worst slack corner Typical: 4.5206
