OpenROAD b16bda7e82721d10566ff7e2b68f1ff0be9f9e38 
Features included (+) or not (-): +Charts +GPU +GUI +Python
This program is licensed under the BSD-3 license. See the LICENSE file for details.
Components of this program may be licensed under more restrictive licenses which must be honored.
define_corners Typical
read_liberty -corner Typical /home/berks/.volare/sky130A/libs.ref/sky130_fd_sc_hd/lib/sky130_fd_sc_hd__tt_025C_1v80.lib
Using 1e-12 for capacitance...
Using 1e+03 for resistance...
Using 1e-09 for time...
Using 1e+00 for voltage...
Using 1e-03 for current...
Using 1e-09 for power...
Using 1e-06 for distance...
[INFO]: Reading ODB at '/openlane/designs/Lab3/runs/RUN_2025.05.26_20.08.46/results/floorplan/ZeroToFiveCounter.odb'…
Reading design constraints file at '/openlane/scripts/base.sdc'…
[INFO]: Setting output delay to: 2.0
[INFO]: Setting input delay to: 2.0
[INFO]: Setting load to: 0.033442
[INFO]: Setting clock uncertainty to: 0.25
[INFO]: Setting clock transition to: 0.15
[INFO]: Setting timing derate to: 5.0 %
[INFO]: Setting RC values...
[INFO]: Setting signal min routing layer to: met1 and clock min routing layer to met3. 
[INFO]: Setting signal max routing layer to: met5 and clock max routing layer to met5. 
[WARNING GPL-0150] -skip_io will disable timing driven mode.
[WARNING GPL-0151] -skip_io will disable routability driven mode.
[INFO GPL-0002] DBU: 1000
[INFO GPL-0003] SiteSize: (  0.460  2.720 ) um
[INFO GPL-0004] CoreBBox: (  5.520 10.880 ) ( 34.040 38.080 ) um
[INFO GPL-0006] NumInstances:                49
[INFO GPL-0007] NumPlaceInstances:           17
[INFO GPL-0008] NumFixedInstances:           32
[INFO GPL-0009] NumDummyInstances:            0
[INFO GPL-0010] NumNets:                     19
[INFO GPL-0011] NumPins:                     54
[INFO GPL-0012] DieBBox:  (  0.000  0.000 ) ( 39.690 50.410 ) um
[INFO GPL-0013] CoreBBox: (  5.520 10.880 ) ( 34.040 38.080 ) um
[INFO GPL-0016] CoreArea:               775.744 um^2
[INFO GPL-0017] NonPlaceInstsArea:       90.086 um^2
[INFO GPL-0018] PlaceInstsArea:         205.197 um^2
[INFO GPL-0019] Util:                    29.927 %
[INFO GPL-0020] StdInstsArea:           205.197 um^2
[INFO GPL-0021] MacroInstsArea:           0.000 um^2
[INFO GPL-0031] FillerInit:NumGCells:        20
[INFO GPL-0032] FillerInit:NumGNets:         19
[INFO GPL-0033] FillerInit:NumGPins:         54
[INFO GPL-0023] TargetDensity:            0.350
[INFO GPL-0024] AvrgPlaceInstArea:       12.070 um^2
[INFO GPL-0025] IdealBinArea:            34.487 um^2
[INFO GPL-0026] IdealBinCnt:                 22
[INFO GPL-0027] TotalBinArea:           775.744 um^2
[INFO GPL-0028] BinCnt:         4      4
[INFO GPL-0029] BinSize: (  7.130  6.800 )
[INFO GPL-0030] NumBins: 16
[NesterovSolve] Iter:    1 overflow: 0.674 HPWL: 53820
[NesterovSolve] Iter:   10 overflow: 0.674 HPWL: 50167
[NesterovSolve] Iter:   20 overflow: 0.674 HPWL: 50186
[NesterovSolve] Iter:   30 overflow: 0.674 HPWL: 50194
[NesterovSolve] Iter:   40 overflow: 0.674 HPWL: 50197
[NesterovSolve] Iter:   50 overflow: 0.674 HPWL: 50204
[NesterovSolve] Iter:   60 overflow: 0.674 HPWL: 50235
[NesterovSolve] Iter:   70 overflow: 0.674 HPWL: 50264
[NesterovSolve] Iter:   80 overflow: 0.674 HPWL: 50322
[NesterovSolve] Iter:   90 overflow: 0.674 HPWL: 50361
[NesterovSolve] Iter:  100 overflow: 0.674 HPWL: 50458
[NesterovSolve] Iter:  110 overflow: 0.673 HPWL: 50468
[NesterovSolve] Iter:  120 overflow: 0.641 HPWL: 50450
[NesterovSolve] Iter:  130 overflow: 0.626 HPWL: 50561
[NesterovSolve] Iter:  140 overflow: 0.667 HPWL: 51121
[NesterovSolve] Iter:  150 overflow: 0.672 HPWL: 50873
[NesterovSolve] Iter:  160 overflow: 0.663 HPWL: 51590
[NesterovSolve] Iter:  170 overflow: 0.666 HPWL: 53075
[NesterovSolve] Iter:  180 overflow: 0.643 HPWL: 59715
[NesterovSolve] Iter:  190 overflow: 0.595 HPWL: 78924
[NesterovSolve] Iter:  200 overflow: 0.540 HPWL: 96862
[NesterovSolve] Iter:  210 overflow: 0.467 HPWL: 111080
[NesterovSolve] Iter:  220 overflow: 0.270 HPWL: 161297
[NesterovSolve] Iter:  230 overflow: 0.580 HPWL: 95949
[NesterovSolve] Iter:  240 overflow: 0.447 HPWL: 113085
[NesterovSolve] Iter:  250 overflow: 0.365 HPWL: 122193
[NesterovSolve] Iter:  260 overflow: 0.268 HPWL: 138944
[NesterovSolve] Iter:  270 overflow: 0.176 HPWL: 152350
[NesterovSolve] Iter:  280 overflow: 0.122 HPWL: 158785
[NesterovSolve] Finished with Overflow: 0.096778
Setting global connections for newly added cells…
Writing OpenROAD database to '/openlane/designs/Lab3/runs/RUN_2025.05.26_20.08.46/tmp/placement/7-global_skip_io.odb'…
Writing netlist to '/openlane/designs/Lab3/runs/RUN_2025.05.26_20.08.46/tmp/placement/7-global_skip_io.nl.v'…
Writing powered netlist to '/openlane/designs/Lab3/runs/RUN_2025.05.26_20.08.46/tmp/placement/7-global_skip_io.pnl.v'…
Writing layout to '/openlane/designs/Lab3/runs/RUN_2025.05.26_20.08.46/tmp/placement/7-global_skip_io.def'…
