OpenROAD b16bda7e82721d10566ff7e2b68f1ff0be9f9e38 
Features included (+) or not (-): +Charts +GPU +GUI +Python
This program is licensed under the BSD-3 license. See the LICENSE file for details.
Components of this program may be licensed under more restrictive licenses which must be honored.
define_corners Typical
read_liberty -corner Typical /home/berks/.volare/sky130A/libs.ref/sky130_fd_sc_hd/lib/sky130_fd_sc_hd__tt_025C_1v80.lib
Using 1e-12 for capacitance...
Using 1e+03 for resistance...
Using 1e-09 for time...
Using 1e+00 for voltage...
Using 1e-03 for current...
Using 1e-09 for power...
Using 1e-06 for distance...
[INFO]: Reading ODB at '/openlane/designs/Lab2N/runs/RUN_2025.06.18_11.51.30/results/placement/alu.odb'…
Reading design constraints file at '/openlane/scripts/base.sdc'…
[INFO]: Setting output delay to: 2.0
[INFO]: Setting input delay to: 2.0
[INFO]: Setting load to: 0.033442
[INFO]: Setting clock uncertainty to: 0.25
[INFO]: Setting clock transition to: 0.15
[INFO]: Setting timing derate to: 5.0 %
[INFO]: Setting RC values...
min_report

===========================================================================
report_checks -path_delay min (Hold)
============================================================================
======================= Typical Corner ===================================

Startpoint: b[2] (input port clocked by clk)
Endpoint: _162_ (rising edge-triggered flip-flop clocked by clk)
Path Group: clk
Path Type: min

Fanout     Cap    Slew   Delay    Time   Description
-----------------------------------------------------------------------------
                  0.15    0.00    0.00   clock clk (rise edge)
                          0.00    0.00   clock network delay (ideal)
                          2.00    2.00 ^ input external delay
     1    0.00    0.02    0.01    2.01 ^ b[2] (in)
                                         b[2] (net)
                  0.02    0.00    2.01 ^ input11/A (sky130_fd_sc_hd__buf_1)
     4    0.01    0.16    0.15    2.15 ^ input11/X (sky130_fd_sc_hd__buf_1)
                                         net11 (net)
                  0.16    0.00    2.15 ^ _106_/A1 (sky130_fd_sc_hd__o211a_1)
     1    0.00    0.04    0.16    2.31 ^ _106_/X (sky130_fd_sc_hd__o211a_1)
                                         _074_ (net)
                  0.04    0.00    2.31 ^ _162_/D (sky130_fd_sc_hd__dfxtp_1)
                                  2.31   data arrival time

                  0.15    0.00    0.00   clock clk (rise edge)
                          0.00    0.00   clock network delay (ideal)
                          0.25    0.25   clock uncertainty
                          0.00    0.25   clock reconvergence pessimism
                                  0.25 ^ _162_/CLK (sky130_fd_sc_hd__dfxtp_1)
                         -0.02    0.23   library hold time
                                  0.23   data required time
-----------------------------------------------------------------------------
                                  0.23   data required time
                                 -2.31   data arrival time
-----------------------------------------------------------------------------
                                  2.08   slack (MET)


Startpoint: a[7] (input port clocked by clk)
Endpoint: _167_ (rising edge-triggered flip-flop clocked by clk)
Path Group: clk
Path Type: min

Fanout     Cap    Slew   Delay    Time   Description
-----------------------------------------------------------------------------
                  0.15    0.00    0.00   clock clk (rise edge)
                          0.00    0.00   clock network delay (ideal)
                          2.00    2.00 ^ input external delay
     1    0.00    0.02    0.01    2.01 ^ a[7] (in)
                                         a[7] (net)
                  0.02    0.00    2.01 ^ input8/A (sky130_fd_sc_hd__clkbuf_1)
     2    0.00    0.07    0.08    2.09 ^ input8/X (sky130_fd_sc_hd__clkbuf_1)
                                         net8 (net)
                  0.07    0.00    2.09 ^ _153_/B (sky130_fd_sc_hd__nor2_1)
     2    0.00    0.03    0.05    2.14 v _153_/Y (sky130_fd_sc_hd__nor2_1)
                                         _000_ (net)
                  0.03    0.00    2.14 v _158_/B (sky130_fd_sc_hd__nand2_1)
     1    0.00    0.04    0.05    2.19 ^ _158_/Y (sky130_fd_sc_hd__nand2_1)
                                         _005_ (net)
                  0.04    0.00    2.19 ^ _159_/C1 (sky130_fd_sc_hd__o221a_1)
     1    0.00    0.04    0.14    2.33 ^ _159_/X (sky130_fd_sc_hd__o221a_1)
                                         _079_ (net)
                  0.04    0.00    2.33 ^ _167_/D (sky130_fd_sc_hd__dfxtp_1)
                                  2.33   data arrival time

                  0.15    0.00    0.00   clock clk (rise edge)
                          0.00    0.00   clock network delay (ideal)
                          0.25    0.25   clock uncertainty
                          0.00    0.25   clock reconvergence pessimism
                                  0.25 ^ _167_/CLK (sky130_fd_sc_hd__dfxtp_1)
                         -0.02    0.23   library hold time
                                  0.23   data required time
-----------------------------------------------------------------------------
                                  0.23   data required time
                                 -2.33   data arrival time
-----------------------------------------------------------------------------
                                  2.10   slack (MET)


Startpoint: b[1] (input port clocked by clk)
Endpoint: _161_ (rising edge-triggered flip-flop clocked by clk)
Path Group: clk
Path Type: min

Fanout     Cap    Slew   Delay    Time   Description
-----------------------------------------------------------------------------
                  0.15    0.00    0.00   clock clk (rise edge)
                          0.00    0.00   clock network delay (ideal)
                          2.00    2.00 ^ input external delay
     1    0.00    0.02    0.01    2.01 ^ b[1] (in)
                                         b[1] (net)
                  0.02    0.00    2.01 ^ input10/A (sky130_fd_sc_hd__dlymetal6s2s_1)
     6    0.02    0.17    0.16    2.17 ^ input10/X (sky130_fd_sc_hd__dlymetal6s2s_1)
                                         net10 (net)
                  0.17    0.00    2.17 ^ _097_/A1 (sky130_fd_sc_hd__o211a_1)
     1    0.00    0.04    0.16    2.33 ^ _097_/X (sky130_fd_sc_hd__o211a_1)
                                         _073_ (net)
                  0.04    0.00    2.33 ^ _161_/D (sky130_fd_sc_hd__dfxtp_1)
                                  2.33   data arrival time

                  0.15    0.00    0.00   clock clk (rise edge)
                          0.00    0.00   clock network delay (ideal)
                          0.25    0.25   clock uncertainty
                          0.00    0.25   clock reconvergence pessimism
                                  0.25 ^ _161_/CLK (sky130_fd_sc_hd__dfxtp_1)
                         -0.02    0.23   library hold time
                                  0.23   data required time
-----------------------------------------------------------------------------
                                  0.23   data required time
                                 -2.33   data arrival time
-----------------------------------------------------------------------------
                                  2.10   slack (MET)


Startpoint: a[0] (input port clocked by clk)
Endpoint: _160_ (rising edge-triggered flip-flop clocked by clk)
Path Group: clk
Path Type: min

Fanout     Cap    Slew   Delay    Time   Description
-----------------------------------------------------------------------------
                  0.15    0.00    0.00   clock clk (rise edge)
                          0.00    0.00   clock network delay (ideal)
                          2.00    2.00 v input external delay
     1    0.00    0.01    0.00    2.00 v a[0] (in)
                                         a[0] (net)
                  0.01    0.00    2.00 v input1/A (sky130_fd_sc_hd__buf_1)
     3    0.01    0.05    0.09    2.09 v input1/X (sky130_fd_sc_hd__buf_1)
                                         net1 (net)
                  0.05    0.00    2.09 v _083_/A (sky130_fd_sc_hd__nand2_1)
     1    0.00    0.05    0.06    2.15 ^ _083_/Y (sky130_fd_sc_hd__nand2_1)
                                         _009_ (net)
                  0.05    0.00    2.15 ^ _084_/S (sky130_fd_sc_hd__mux2_1)
     1    0.00    0.04    0.12    2.27 ^ _084_/X (sky130_fd_sc_hd__mux2_1)
                                         _010_ (net)
                  0.04    0.00    2.27 ^ _085_/A (sky130_fd_sc_hd__clkbuf_1)
     1    0.00    0.04    0.07    2.34 ^ _085_/X (sky130_fd_sc_hd__clkbuf_1)
                                         _072_ (net)
                  0.04    0.00    2.34 ^ _160_/D (sky130_fd_sc_hd__dfxtp_1)
                                  2.34   data arrival time

                  0.15    0.00    0.00   clock clk (rise edge)
                          0.00    0.00   clock network delay (ideal)
                          0.25    0.25   clock uncertainty
                          0.00    0.25   clock reconvergence pessimism
                                  0.25 ^ _160_/CLK (sky130_fd_sc_hd__dfxtp_1)
                         -0.02    0.23   library hold time
                                  0.23   data required time
-----------------------------------------------------------------------------
                                  0.23   data required time
                                 -2.34   data arrival time
-----------------------------------------------------------------------------
                                  2.10   slack (MET)


Startpoint: a[6] (input port clocked by clk)
Endpoint: _166_ (rising edge-triggered flip-flop clocked by clk)
Path Group: clk
Path Type: min

Fanout     Cap    Slew   Delay    Time   Description
-----------------------------------------------------------------------------
                  0.15    0.00    0.00   clock clk (rise edge)
                          0.00    0.00   clock network delay (ideal)
                          2.00    2.00 ^ input external delay
     1    0.00    0.02    0.01    2.01 ^ a[6] (in)
                                         a[6] (net)
                  0.02    0.00    2.01 ^ input7/A (sky130_fd_sc_hd__buf_1)
     4    0.01    0.13    0.12    2.13 ^ input7/X (sky130_fd_sc_hd__buf_1)
                                         net7 (net)
                  0.13    0.00    2.13 ^ _149_/A2 (sky130_fd_sc_hd__o211a_1)
     1    0.00    0.04    0.14    2.28 ^ _149_/X (sky130_fd_sc_hd__o211a_1)
                                         _069_ (net)
                  0.04    0.00    2.28 ^ _150_/B1 (sky130_fd_sc_hd__a21o_1)
     1    0.00    0.03    0.07    2.34 ^ _150_/X (sky130_fd_sc_hd__a21o_1)
                                         _078_ (net)
                  0.03    0.00    2.34 ^ _166_/D (sky130_fd_sc_hd__dfxtp_1)
                                  2.34   data arrival time

                  0.15    0.00    0.00   clock clk (rise edge)
                          0.00    0.00   clock network delay (ideal)
                          0.25    0.25   clock uncertainty
                          0.00    0.25   clock reconvergence pessimism
                                  0.25 ^ _166_/CLK (sky130_fd_sc_hd__dfxtp_1)
                         -0.01    0.24   library hold time
                                  0.24   data required time
-----------------------------------------------------------------------------
                                  0.24   data required time
                                 -2.34   data arrival time
-----------------------------------------------------------------------------
                                  2.11   slack (MET)


Startpoint: a[3] (input port clocked by clk)
Endpoint: _163_ (rising edge-triggered flip-flop clocked by clk)
Path Group: clk
Path Type: min

Fanout     Cap    Slew   Delay    Time   Description
-----------------------------------------------------------------------------
                  0.15    0.00    0.00   clock clk (rise edge)
                          0.00    0.00   clock network delay (ideal)
                          2.00    2.00 ^ input external delay
     1    0.00    0.02    0.01    2.01 ^ a[3] (in)
                                         a[3] (net)
                  0.02    0.00    2.01 ^ input4/A (sky130_fd_sc_hd__buf_1)
     4    0.01    0.13    0.13    2.14 ^ input4/X (sky130_fd_sc_hd__buf_1)
                                         net4 (net)
                  0.13    0.00    2.14 ^ _118_/A2 (sky130_fd_sc_hd__o211a_1)
     1    0.00    0.04    0.14    2.28 ^ _118_/X (sky130_fd_sc_hd__o211a_1)
                                         _041_ (net)
                  0.04    0.00    2.28 ^ _119_/B1 (sky130_fd_sc_hd__a21o_1)
     1    0.00    0.03    0.07    2.35 ^ _119_/X (sky130_fd_sc_hd__a21o_1)
                                         _075_ (net)
                  0.03    0.00    2.35 ^ _163_/D (sky130_fd_sc_hd__dfxtp_1)
                                  2.35   data arrival time

                  0.15    0.00    0.00   clock clk (rise edge)
                          0.00    0.00   clock network delay (ideal)
                          0.25    0.25   clock uncertainty
                          0.00    0.25   clock reconvergence pessimism
                                  0.25 ^ _163_/CLK (sky130_fd_sc_hd__dfxtp_1)
                         -0.01    0.24   library hold time
                                  0.24   data required time
-----------------------------------------------------------------------------
                                  0.24   data required time
                                 -2.35   data arrival time
-----------------------------------------------------------------------------
                                  2.11   slack (MET)


Startpoint: a[5] (input port clocked by clk)
Endpoint: _165_ (rising edge-triggered flip-flop clocked by clk)
Path Group: clk
Path Type: min

Fanout     Cap    Slew   Delay    Time   Description
-----------------------------------------------------------------------------
                  0.15    0.00    0.00   clock clk (rise edge)
                          0.00    0.00   clock network delay (ideal)
                          2.00    2.00 ^ input external delay
     1    0.00    0.02    0.01    2.01 ^ a[5] (in)
                                         a[5] (net)
                  0.02    0.00    2.01 ^ input6/A (sky130_fd_sc_hd__buf_1)
     4    0.01    0.14    0.13    2.14 ^ input6/X (sky130_fd_sc_hd__buf_1)
                                         net6 (net)
                  0.14    0.00    2.14 ^ _137_/A2 (sky130_fd_sc_hd__o211a_1)
     1    0.00    0.04    0.14    2.28 ^ _137_/X (sky130_fd_sc_hd__o211a_1)
                                         _058_ (net)
                  0.04    0.00    2.28 ^ _138_/B1 (sky130_fd_sc_hd__a21o_1)
     1    0.00    0.03    0.07    2.35 ^ _138_/X (sky130_fd_sc_hd__a21o_1)
                                         _077_ (net)
                  0.03    0.00    2.35 ^ _165_/D (sky130_fd_sc_hd__dfxtp_1)
                                  2.35   data arrival time

                  0.15    0.00    0.00   clock clk (rise edge)
                          0.00    0.00   clock network delay (ideal)
                          0.25    0.25   clock uncertainty
                          0.00    0.25   clock reconvergence pessimism
                                  0.25 ^ _165_/CLK (sky130_fd_sc_hd__dfxtp_1)
                         -0.01    0.24   library hold time
                                  0.24   data required time
-----------------------------------------------------------------------------
                                  0.24   data required time
                                 -2.35   data arrival time
-----------------------------------------------------------------------------
                                  2.11   slack (MET)


Startpoint: b[4] (input port clocked by clk)
Endpoint: _164_ (rising edge-triggered flip-flop clocked by clk)
Path Group: clk
Path Type: min

Fanout     Cap    Slew   Delay    Time   Description
-----------------------------------------------------------------------------
                  0.15    0.00    0.00   clock clk (rise edge)
                          0.00    0.00   clock network delay (ideal)
                          2.00    2.00 ^ input external delay
     1    0.00    0.02    0.01    2.01 ^ b[4] (in)
                                         b[4] (net)
                  0.02    0.00    2.01 ^ input13/A (sky130_fd_sc_hd__clkbuf_2)
     6    0.02    0.11    0.14    2.15 ^ input13/X (sky130_fd_sc_hd__clkbuf_2)
                                         net13 (net)
                  0.11    0.00    2.15 ^ _127_/A1 (sky130_fd_sc_hd__o211a_1)
     1    0.00    0.05    0.16    2.30 ^ _127_/X (sky130_fd_sc_hd__o211a_1)
                                         _049_ (net)
                  0.05    0.00    2.30 ^ _128_/B1 (sky130_fd_sc_hd__a21o_1)
     1    0.00    0.03    0.07    2.37 ^ _128_/X (sky130_fd_sc_hd__a21o_1)
                                         _076_ (net)
                  0.03    0.00    2.37 ^ _164_/D (sky130_fd_sc_hd__dfxtp_1)
                                  2.37   data arrival time

                  0.15    0.00    0.00   clock clk (rise edge)
                          0.00    0.00   clock network delay (ideal)
                          0.25    0.25   clock uncertainty
                          0.00    0.25   clock reconvergence pessimism
                                  0.25 ^ _164_/CLK (sky130_fd_sc_hd__dfxtp_1)
                         -0.01    0.24   library hold time
                                  0.24   data required time
-----------------------------------------------------------------------------
                                  0.24   data required time
                                 -2.37   data arrival time
-----------------------------------------------------------------------------
                                  2.13   slack (MET)


Startpoint: _163_ (rising edge-triggered flip-flop clocked by clk)
Endpoint: result[3] (output port clocked by clk)
Path Group: clk
Path Type: min

Fanout     Cap    Slew   Delay    Time   Description
-----------------------------------------------------------------------------
                  0.15    0.00    0.00   clock clk (rise edge)
                          0.00    0.00   clock network delay (ideal)
                  0.15    0.00    0.00 ^ _163_/CLK (sky130_fd_sc_hd__dfxtp_1)
     1    0.00    0.02    0.31    0.31 v _163_/Q (sky130_fd_sc_hd__dfxtp_1)
                                         net22 (net)
                  0.02    0.00    0.31 v output22/A (sky130_fd_sc_hd__buf_2)
     1    0.03    0.09    0.16    0.47 v output22/X (sky130_fd_sc_hd__buf_2)
                                         result[3] (net)
                  0.09    0.00    0.47 v result[3] (out)
                                  0.47   data arrival time

                  0.15    0.00    0.00   clock clk (rise edge)
                          0.00    0.00   clock network delay (ideal)
                          0.25    0.25   clock uncertainty
                          0.00    0.25   clock reconvergence pessimism
                         -2.00   -1.75   output external delay
                                 -1.75   data required time
-----------------------------------------------------------------------------
                                 -1.75   data required time
                                 -0.47   data arrival time
-----------------------------------------------------------------------------
                                  2.22   slack (MET)


Startpoint: _161_ (rising edge-triggered flip-flop clocked by clk)
Endpoint: result[1] (output port clocked by clk)
Path Group: clk
Path Type: min

Fanout     Cap    Slew   Delay    Time   Description
-----------------------------------------------------------------------------
                  0.15    0.00    0.00   clock clk (rise edge)
                          0.00    0.00   clock network delay (ideal)
                  0.15    0.00    0.00 ^ _161_/CLK (sky130_fd_sc_hd__dfxtp_1)
     1    0.00    0.02    0.31    0.31 v _161_/Q (sky130_fd_sc_hd__dfxtp_1)
                                         net20 (net)
                  0.02    0.00    0.31 v output20/A (sky130_fd_sc_hd__buf_2)
     1    0.03    0.09    0.16    0.47 v output20/X (sky130_fd_sc_hd__buf_2)
                                         result[1] (net)
                  0.09    0.00    0.47 v result[1] (out)
                                  0.47   data arrival time

                  0.15    0.00    0.00   clock clk (rise edge)
                          0.00    0.00   clock network delay (ideal)
                          0.25    0.25   clock uncertainty
                          0.00    0.25   clock reconvergence pessimism
                         -2.00   -1.75   output external delay
                                 -1.75   data required time
-----------------------------------------------------------------------------
                                 -1.75   data required time
                                 -0.47   data arrival time
-----------------------------------------------------------------------------
                                  2.22   slack (MET)


Startpoint: _162_ (rising edge-triggered flip-flop clocked by clk)
Endpoint: result[2] (output port clocked by clk)
Path Group: clk
Path Type: min

Fanout     Cap    Slew   Delay    Time   Description
-----------------------------------------------------------------------------
                  0.15    0.00    0.00   clock clk (rise edge)
                          0.00    0.00   clock network delay (ideal)
                  0.15    0.00    0.00 ^ _162_/CLK (sky130_fd_sc_hd__dfxtp_1)
     1    0.00    0.02    0.31    0.31 v _162_/Q (sky130_fd_sc_hd__dfxtp_1)
                                         net21 (net)
                  0.02    0.00    0.31 v output21/A (sky130_fd_sc_hd__buf_2)
     1    0.03    0.09    0.16    0.47 v output21/X (sky130_fd_sc_hd__buf_2)
                                         result[2] (net)
                  0.09    0.00    0.47 v result[2] (out)
                                  0.47   data arrival time

                  0.15    0.00    0.00   clock clk (rise edge)
                          0.00    0.00   clock network delay (ideal)
                          0.25    0.25   clock uncertainty
                          0.00    0.25   clock reconvergence pessimism
                         -2.00   -1.75   output external delay
                                 -1.75   data required time
-----------------------------------------------------------------------------
                                 -1.75   data required time
                                 -0.47   data arrival time
-----------------------------------------------------------------------------
                                  2.22   slack (MET)


Startpoint: _164_ (rising edge-triggered flip-flop clocked by clk)
Endpoint: result[4] (output port clocked by clk)
Path Group: clk
Path Type: min

Fanout     Cap    Slew   Delay    Time   Description
-----------------------------------------------------------------------------
                  0.15    0.00    0.00   clock clk (rise edge)
                          0.00    0.00   clock network delay (ideal)
                  0.15    0.00    0.00 ^ _164_/CLK (sky130_fd_sc_hd__dfxtp_1)
     1    0.00    0.02    0.31    0.31 v _164_/Q (sky130_fd_sc_hd__dfxtp_1)
                                         net23 (net)
                  0.02    0.00    0.31 v output23/A (sky130_fd_sc_hd__buf_2)
     1    0.03    0.09    0.16    0.47 v output23/X (sky130_fd_sc_hd__buf_2)
                                         result[4] (net)
                  0.09    0.00    0.47 v result[4] (out)
                                  0.47   data arrival time

                  0.15    0.00    0.00   clock clk (rise edge)
                          0.00    0.00   clock network delay (ideal)
                          0.25    0.25   clock uncertainty
                          0.00    0.25   clock reconvergence pessimism
                         -2.00   -1.75   output external delay
                                 -1.75   data required time
-----------------------------------------------------------------------------
                                 -1.75   data required time
                                 -0.47   data arrival time
-----------------------------------------------------------------------------
                                  2.22   slack (MET)


Startpoint: _167_ (rising edge-triggered flip-flop clocked by clk)
Endpoint: result[7] (output port clocked by clk)
Path Group: clk
Path Type: min

Fanout     Cap    Slew   Delay    Time   Description
-----------------------------------------------------------------------------
                  0.15    0.00    0.00   clock clk (rise edge)
                          0.00    0.00   clock network delay (ideal)
                  0.15    0.00    0.00 ^ _167_/CLK (sky130_fd_sc_hd__dfxtp_1)
     1    0.00    0.02    0.31    0.31 v _167_/Q (sky130_fd_sc_hd__dfxtp_1)
                                         net26 (net)
                  0.02    0.00    0.31 v output26/A (sky130_fd_sc_hd__clkbuf_4)
     1    0.03    0.08    0.17    0.47 v output26/X (sky130_fd_sc_hd__clkbuf_4)
                                         result[7] (net)
                  0.08    0.00    0.47 v result[7] (out)
                                  0.47   data arrival time

                  0.15    0.00    0.00   clock clk (rise edge)
                          0.00    0.00   clock network delay (ideal)
                          0.25    0.25   clock uncertainty
                          0.00    0.25   clock reconvergence pessimism
                         -2.00   -1.75   output external delay
                                 -1.75   data required time
-----------------------------------------------------------------------------
                                 -1.75   data required time
                                 -0.47   data arrival time
-----------------------------------------------------------------------------
                                  2.22   slack (MET)


Startpoint: _160_ (rising edge-triggered flip-flop clocked by clk)
Endpoint: result[0] (output port clocked by clk)
Path Group: clk
Path Type: min

Fanout     Cap    Slew   Delay    Time   Description
-----------------------------------------------------------------------------
                  0.15    0.00    0.00   clock clk (rise edge)
                          0.00    0.00   clock network delay (ideal)
                  0.15    0.00    0.00 ^ _160_/CLK (sky130_fd_sc_hd__dfxtp_1)
     1    0.00    0.02    0.31    0.31 v _160_/Q (sky130_fd_sc_hd__dfxtp_1)
                                         net19 (net)
                  0.02    0.00    0.31 v output19/A (sky130_fd_sc_hd__clkbuf_4)
     1    0.03    0.08    0.17    0.47 v output19/X (sky130_fd_sc_hd__clkbuf_4)
                                         result[0] (net)
                  0.08    0.00    0.47 v result[0] (out)
                                  0.47   data arrival time

                  0.15    0.00    0.00   clock clk (rise edge)
                          0.00    0.00   clock network delay (ideal)
                          0.25    0.25   clock uncertainty
                          0.00    0.25   clock reconvergence pessimism
                         -2.00   -1.75   output external delay
                                 -1.75   data required time
-----------------------------------------------------------------------------
                                 -1.75   data required time
                                 -0.47   data arrival time
-----------------------------------------------------------------------------
                                  2.22   slack (MET)


Startpoint: _165_ (rising edge-triggered flip-flop clocked by clk)
Endpoint: result[5] (output port clocked by clk)
Path Group: clk
Path Type: min

Fanout     Cap    Slew   Delay    Time   Description
-----------------------------------------------------------------------------
                  0.15    0.00    0.00   clock clk (rise edge)
                          0.00    0.00   clock network delay (ideal)
                  0.15    0.00    0.00 ^ _165_/CLK (sky130_fd_sc_hd__dfxtp_1)
     1    0.00    0.03    0.31    0.31 v _165_/Q (sky130_fd_sc_hd__dfxtp_1)
                                         net24 (net)
                  0.03    0.00    0.31 v output24/A (sky130_fd_sc_hd__buf_2)
     1    0.03    0.09    0.16    0.48 v output24/X (sky130_fd_sc_hd__buf_2)
                                         result[5] (net)
                  0.09    0.00    0.48 v result[5] (out)
                                  0.48   data arrival time

                  0.15    0.00    0.00   clock clk (rise edge)
                          0.00    0.00   clock network delay (ideal)
                          0.25    0.25   clock uncertainty
                          0.00    0.25   clock reconvergence pessimism
                         -2.00   -1.75   output external delay
                                 -1.75   data required time
-----------------------------------------------------------------------------
                                 -1.75   data required time
                                 -0.48   data arrival time
-----------------------------------------------------------------------------
                                  2.23   slack (MET)


Startpoint: _166_ (rising edge-triggered flip-flop clocked by clk)
Endpoint: result[6] (output port clocked by clk)
Path Group: clk
Path Type: min

Fanout     Cap    Slew   Delay    Time   Description
-----------------------------------------------------------------------------
                  0.15    0.00    0.00   clock clk (rise edge)
                          0.00    0.00   clock network delay (ideal)
                  0.15    0.00    0.00 ^ _166_/CLK (sky130_fd_sc_hd__dfxtp_1)
     1    0.00    0.03    0.31    0.31 v _166_/Q (sky130_fd_sc_hd__dfxtp_1)
                                         net25 (net)
                  0.03    0.00    0.31 v output25/A (sky130_fd_sc_hd__clkbuf_4)
     1    0.03    0.08    0.17    0.48 v output25/X (sky130_fd_sc_hd__clkbuf_4)
                                         result[6] (net)
                  0.08    0.00    0.48 v result[6] (out)
                                  0.48   data arrival time

                  0.15    0.00    0.00   clock clk (rise edge)
                          0.00    0.00   clock network delay (ideal)
                          0.25    0.25   clock uncertainty
                          0.00    0.25   clock reconvergence pessimism
                         -2.00   -1.75   output external delay
                                 -1.75   data required time
-----------------------------------------------------------------------------
                                 -1.75   data required time
                                 -0.48   data arrival time
-----------------------------------------------------------------------------
                                  2.23   slack (MET)



worst slack corner Typical: 2.0772
min_report_end
max_report

===========================================================================
report_checks -path_delay max (Setup)
============================================================================
======================= Typical Corner ===================================

Startpoint: sel[0] (input port clocked by clk)
Endpoint: _167_ (rising edge-triggered flip-flop clocked by clk)
Path Group: clk
Path Type: max

Fanout     Cap    Slew   Delay    Time   Description
-----------------------------------------------------------------------------
                  0.15    0.00    0.00   clock clk (rise edge)
                          0.00    0.00   clock network delay (ideal)
                          2.00    2.00 ^ input external delay
     1    0.00    0.02    0.01    2.01 ^ sel[0] (in)
                                         sel[0] (net)
                  0.02    0.00    2.01 ^ input17/A (sky130_fd_sc_hd__clkbuf_2)
     8    0.02    0.14    0.17    2.18 ^ input17/X (sky130_fd_sc_hd__clkbuf_2)
                                         net17 (net)
                  0.14    0.00    2.18 ^ _087_/B_N (sky130_fd_sc_hd__or2b_1)
     1    0.00    0.04    0.24    2.42 v _087_/X (sky130_fd_sc_hd__or2b_1)
                                         _012_ (net)
                  0.04    0.00    2.42 v _088_/A (sky130_fd_sc_hd__buf_2)
    10    0.03    0.07    0.17    2.60 v _088_/X (sky130_fd_sc_hd__buf_2)
                                         _013_ (net)
                  0.07    0.00    2.60 v _089_/C (sky130_fd_sc_hd__and3_1)
     2    0.00    0.04    0.20    2.80 v _089_/X (sky130_fd_sc_hd__and3_1)
                                         _014_ (net)
                  0.04    0.00    2.80 v _092_/B (sky130_fd_sc_hd__or3_1)
     2    0.00    0.08    0.37    3.17 v _092_/X (sky130_fd_sc_hd__or3_1)
                                         _017_ (net)
                  0.08    0.00    3.17 v _098_/A2 (sky130_fd_sc_hd__a21o_1)
     4    0.01    0.06    0.23    3.40 v _098_/X (sky130_fd_sc_hd__a21o_1)
                                         _022_ (net)
                  0.06    0.00    3.40 v _123_/A1 (sky130_fd_sc_hd__a211o_1)
     3    0.01    0.07    0.30    3.70 v _123_/X (sky130_fd_sc_hd__a211o_1)
                                         _045_ (net)
                  0.07    0.00    3.70 v _145_/A3 (sky130_fd_sc_hd__a31oi_1)
     2    0.01    0.20    0.24    3.94 ^ _145_/Y (sky130_fd_sc_hd__a31oi_1)
                                         _065_ (net)
                  0.20    0.00    3.94 ^ _152_/A3 (sky130_fd_sc_hd__o31a_1)
     1    0.01    0.08    0.17    4.11 ^ _152_/X (sky130_fd_sc_hd__o31a_1)
                                         _071_ (net)
                  0.08    0.00    4.11 ^ _157_/A (sky130_fd_sc_hd__xnor2_1)
     1    0.00    0.04    0.07    4.19 v _157_/Y (sky130_fd_sc_hd__xnor2_1)
                                         _004_ (net)
                  0.04    0.00    4.19 v _159_/B1 (sky130_fd_sc_hd__o221a_1)
     1    0.00    0.04    0.22    4.41 v _159_/X (sky130_fd_sc_hd__o221a_1)
                                         _079_ (net)
                  0.04    0.00    4.41 v _167_/D (sky130_fd_sc_hd__dfxtp_1)
                                  4.41   data arrival time

                  0.15   10.00   10.00   clock clk (rise edge)
                          0.00   10.00   clock network delay (ideal)
                         -0.25    9.75   clock uncertainty
                          0.00    9.75   clock reconvergence pessimism
                                  9.75 ^ _167_/CLK (sky130_fd_sc_hd__dfxtp_1)
                         -0.08    9.67   library setup time
                                  9.67   data required time
-----------------------------------------------------------------------------
                                  9.67   data required time
                                 -4.41   data arrival time
-----------------------------------------------------------------------------
                                  5.26   slack (MET)


Startpoint: sel[0] (input port clocked by clk)
Endpoint: _166_ (rising edge-triggered flip-flop clocked by clk)
Path Group: clk
Path Type: max

Fanout     Cap    Slew   Delay    Time   Description
-----------------------------------------------------------------------------
                  0.15    0.00    0.00   clock clk (rise edge)
                          0.00    0.00   clock network delay (ideal)
                          2.00    2.00 ^ input external delay
     1    0.00    0.02    0.01    2.01 ^ sel[0] (in)
                                         sel[0] (net)
                  0.02    0.00    2.01 ^ input17/A (sky130_fd_sc_hd__clkbuf_2)
     8    0.02    0.14    0.17    2.18 ^ input17/X (sky130_fd_sc_hd__clkbuf_2)
                                         net17 (net)
                  0.14    0.00    2.18 ^ _087_/B_N (sky130_fd_sc_hd__or2b_1)
     1    0.00    0.04    0.24    2.42 v _087_/X (sky130_fd_sc_hd__or2b_1)
                                         _012_ (net)
                  0.04    0.00    2.42 v _088_/A (sky130_fd_sc_hd__buf_2)
    10    0.03    0.07    0.17    2.60 v _088_/X (sky130_fd_sc_hd__buf_2)
                                         _013_ (net)
                  0.07    0.00    2.60 v _089_/C (sky130_fd_sc_hd__and3_1)
     2    0.00    0.04    0.20    2.80 v _089_/X (sky130_fd_sc_hd__and3_1)
                                         _014_ (net)
                  0.04    0.00    2.80 v _092_/B (sky130_fd_sc_hd__or3_1)
     2    0.00    0.08    0.37    3.17 v _092_/X (sky130_fd_sc_hd__or3_1)
                                         _017_ (net)
                  0.08    0.00    3.17 v _098_/A2 (sky130_fd_sc_hd__a21o_1)
     4    0.01    0.06    0.23    3.40 v _098_/X (sky130_fd_sc_hd__a21o_1)
                                         _022_ (net)
                  0.06    0.00    3.40 v _123_/A1 (sky130_fd_sc_hd__a211o_1)
     3    0.01    0.07    0.30    3.70 v _123_/X (sky130_fd_sc_hd__a211o_1)
                                         _045_ (net)
                  0.07    0.00    3.70 v _145_/A3 (sky130_fd_sc_hd__a31oi_1)
     2    0.01    0.20    0.24    3.94 ^ _145_/Y (sky130_fd_sc_hd__a31oi_1)
                                         _065_ (net)
                  0.20    0.00    3.94 ^ _146_/B (sky130_fd_sc_hd__nor2_1)
     1    0.00    0.08    0.08    4.02 v _146_/Y (sky130_fd_sc_hd__nor2_1)
                                         _066_ (net)
                  0.08    0.00    4.02 v _147_/B (sky130_fd_sc_hd__xnor2_1)
     1    0.00    0.04    0.14    4.15 v _147_/Y (sky130_fd_sc_hd__xnor2_1)
                                         _067_ (net)
                  0.04    0.00    4.15 v _150_/A2 (sky130_fd_sc_hd__a21o_1)
     1    0.00    0.03    0.18    4.33 v _150_/X (sky130_fd_sc_hd__a21o_1)
                                         _078_ (net)
                  0.03    0.00    4.33 v _166_/D (sky130_fd_sc_hd__dfxtp_1)
                                  4.33   data arrival time

                  0.15   10.00   10.00   clock clk (rise edge)
                          0.00   10.00   clock network delay (ideal)
                         -0.25    9.75   clock uncertainty
                          0.00    9.75   clock reconvergence pessimism
                                  9.75 ^ _166_/CLK (sky130_fd_sc_hd__dfxtp_1)
                         -0.08    9.67   library setup time
                                  9.67   data required time
-----------------------------------------------------------------------------
                                  9.67   data required time
                                 -4.33   data arrival time
-----------------------------------------------------------------------------
                                  5.34   slack (MET)


Startpoint: sel[0] (input port clocked by clk)
Endpoint: _165_ (rising edge-triggered flip-flop clocked by clk)
Path Group: clk
Path Type: max

Fanout     Cap    Slew   Delay    Time   Description
-----------------------------------------------------------------------------
                  0.15    0.00    0.00   clock clk (rise edge)
                          0.00    0.00   clock network delay (ideal)
                          2.00    2.00 ^ input external delay
     1    0.00    0.02    0.01    2.01 ^ sel[0] (in)
                                         sel[0] (net)
                  0.02    0.00    2.01 ^ input17/A (sky130_fd_sc_hd__clkbuf_2)
     8    0.02    0.14    0.17    2.18 ^ input17/X (sky130_fd_sc_hd__clkbuf_2)
                                         net17 (net)
                  0.14    0.00    2.18 ^ _087_/B_N (sky130_fd_sc_hd__or2b_1)
     1    0.00    0.04    0.24    2.42 v _087_/X (sky130_fd_sc_hd__or2b_1)
                                         _012_ (net)
                  0.04    0.00    2.42 v _088_/A (sky130_fd_sc_hd__buf_2)
    10    0.03    0.07    0.17    2.60 v _088_/X (sky130_fd_sc_hd__buf_2)
                                         _013_ (net)
                  0.07    0.00    2.60 v _089_/C (sky130_fd_sc_hd__and3_1)
     2    0.00    0.04    0.20    2.80 v _089_/X (sky130_fd_sc_hd__and3_1)
                                         _014_ (net)
                  0.04    0.00    2.80 v _092_/B (sky130_fd_sc_hd__or3_1)
     2    0.00    0.08    0.37    3.17 v _092_/X (sky130_fd_sc_hd__or3_1)
                                         _017_ (net)
                  0.08    0.00    3.17 v _098_/A2 (sky130_fd_sc_hd__a21o_1)
     4    0.01    0.06    0.23    3.40 v _098_/X (sky130_fd_sc_hd__a21o_1)
                                         _022_ (net)
                  0.06    0.00    3.40 v _123_/A1 (sky130_fd_sc_hd__a211o_1)
     3    0.01    0.07    0.30    3.70 v _123_/X (sky130_fd_sc_hd__a211o_1)
                                         _045_ (net)
                  0.07    0.00    3.70 v _134_/A3 (sky130_fd_sc_hd__a32o_1)
     1    0.00    0.05    0.29    3.99 v _134_/X (sky130_fd_sc_hd__a32o_1)
                                         _055_ (net)
                  0.05    0.00    3.99 v _135_/B (sky130_fd_sc_hd__xor2_1)
     1    0.00    0.04    0.14    4.13 v _135_/X (sky130_fd_sc_hd__xor2_1)
                                         _056_ (net)
                  0.04    0.00    4.13 v _138_/A2 (sky130_fd_sc_hd__a21o_1)
     1    0.00    0.03    0.17    4.31 v _138_/X (sky130_fd_sc_hd__a21o_1)
                                         _077_ (net)
                  0.03    0.00    4.31 v _165_/D (sky130_fd_sc_hd__dfxtp_1)
                                  4.31   data arrival time

                  0.15   10.00   10.00   clock clk (rise edge)
                          0.00   10.00   clock network delay (ideal)
                         -0.25    9.75   clock uncertainty
                          0.00    9.75   clock reconvergence pessimism
                                  9.75 ^ _165_/CLK (sky130_fd_sc_hd__dfxtp_1)
                         -0.08    9.67   library setup time
                                  9.67   data required time
-----------------------------------------------------------------------------
                                  9.67   data required time
                                 -4.31   data arrival time
-----------------------------------------------------------------------------
                                  5.36   slack (MET)


Startpoint: sel[0] (input port clocked by clk)
Endpoint: _164_ (rising edge-triggered flip-flop clocked by clk)
Path Group: clk
Path Type: max

Fanout     Cap    Slew   Delay    Time   Description
-----------------------------------------------------------------------------
                  0.15    0.00    0.00   clock clk (rise edge)
                          0.00    0.00   clock network delay (ideal)
                          2.00    2.00 ^ input external delay
     1    0.00    0.02    0.01    2.01 ^ sel[0] (in)
                                         sel[0] (net)
                  0.02    0.00    2.01 ^ input17/A (sky130_fd_sc_hd__clkbuf_2)
     8    0.02    0.14    0.17    2.18 ^ input17/X (sky130_fd_sc_hd__clkbuf_2)
                                         net17 (net)
                  0.14    0.00    2.18 ^ _087_/B_N (sky130_fd_sc_hd__or2b_1)
     1    0.00    0.04    0.24    2.42 v _087_/X (sky130_fd_sc_hd__or2b_1)
                                         _012_ (net)
                  0.04    0.00    2.42 v _088_/A (sky130_fd_sc_hd__buf_2)
    10    0.03    0.07    0.17    2.60 v _088_/X (sky130_fd_sc_hd__buf_2)
                                         _013_ (net)
                  0.07    0.00    2.60 v _089_/C (sky130_fd_sc_hd__and3_1)
     2    0.00    0.04    0.20    2.80 v _089_/X (sky130_fd_sc_hd__and3_1)
                                         _014_ (net)
                  0.04    0.00    2.80 v _092_/B (sky130_fd_sc_hd__or3_1)
     2    0.00    0.08    0.37    3.17 v _092_/X (sky130_fd_sc_hd__or3_1)
                                         _017_ (net)
                  0.08    0.00    3.17 v _098_/A2 (sky130_fd_sc_hd__a21o_1)
     4    0.01    0.06    0.23    3.40 v _098_/X (sky130_fd_sc_hd__a21o_1)
                                         _022_ (net)
                  0.06    0.00    3.40 v _123_/A1 (sky130_fd_sc_hd__a211o_1)
     3    0.01    0.07    0.30    3.70 v _123_/X (sky130_fd_sc_hd__a211o_1)
                                         _045_ (net)
                  0.07    0.00    3.70 v _124_/B (sky130_fd_sc_hd__nand2_1)
     1    0.01    0.06    0.09    3.80 ^ _124_/Y (sky130_fd_sc_hd__nand2_1)
                                         _046_ (net)
                  0.06    0.00    3.80 ^ _125_/B (sky130_fd_sc_hd__xnor2_1)
     1    0.00    0.06    0.06    3.86 v _125_/Y (sky130_fd_sc_hd__xnor2_1)
                                         _047_ (net)
                  0.06    0.00    3.86 v _128_/A2 (sky130_fd_sc_hd__a21o_1)
     1    0.00    0.03    0.18    4.04 v _128_/X (sky130_fd_sc_hd__a21o_1)
                                         _076_ (net)
                  0.03    0.00    4.04 v _164_/D (sky130_fd_sc_hd__dfxtp_1)
                                  4.04   data arrival time

                  0.15   10.00   10.00   clock clk (rise edge)
                          0.00   10.00   clock network delay (ideal)
                         -0.25    9.75   clock uncertainty
                          0.00    9.75   clock reconvergence pessimism
                                  9.75 ^ _164_/CLK (sky130_fd_sc_hd__dfxtp_1)
                         -0.08    9.67   library setup time
                                  9.67   data required time
-----------------------------------------------------------------------------
                                  9.67   data required time
                                 -4.04   data arrival time
-----------------------------------------------------------------------------
                                  5.63   slack (MET)


Startpoint: sel[0] (input port clocked by clk)
Endpoint: _162_ (rising edge-triggered flip-flop clocked by clk)
Path Group: clk
Path Type: max

Fanout     Cap    Slew   Delay    Time   Description
-----------------------------------------------------------------------------
                  0.15    0.00    0.00   clock clk (rise edge)
                          0.00    0.00   clock network delay (ideal)
                          2.00    2.00 ^ input external delay
     1    0.00    0.02    0.01    2.01 ^ sel[0] (in)
                                         sel[0] (net)
                  0.02    0.00    2.01 ^ input17/A (sky130_fd_sc_hd__clkbuf_2)
     8    0.02    0.14    0.17    2.18 ^ input17/X (sky130_fd_sc_hd__clkbuf_2)
                                         net17 (net)
                  0.14    0.00    2.18 ^ _087_/B_N (sky130_fd_sc_hd__or2b_1)
     1    0.00    0.04    0.24    2.42 v _087_/X (sky130_fd_sc_hd__or2b_1)
                                         _012_ (net)
                  0.04    0.00    2.42 v _088_/A (sky130_fd_sc_hd__buf_2)
    10    0.03    0.07    0.17    2.60 v _088_/X (sky130_fd_sc_hd__buf_2)
                                         _013_ (net)
                  0.07    0.00    2.60 v _089_/C (sky130_fd_sc_hd__and3_1)
     2    0.00    0.04    0.20    2.80 v _089_/X (sky130_fd_sc_hd__and3_1)
                                         _014_ (net)
                  0.04    0.00    2.80 v _092_/B (sky130_fd_sc_hd__or3_1)
     2    0.00    0.08    0.37    3.17 v _092_/X (sky130_fd_sc_hd__or3_1)
                                         _017_ (net)
                  0.08    0.00    3.17 v _098_/A2 (sky130_fd_sc_hd__a21o_1)
     4    0.01    0.06    0.23    3.40 v _098_/X (sky130_fd_sc_hd__a21o_1)
                                         _022_ (net)
                  0.06    0.00    3.40 v _103_/A (sky130_fd_sc_hd__or2_1)
     1    0.00    0.05    0.24    3.63 v _103_/X (sky130_fd_sc_hd__or2_1)
                                         _027_ (net)
                  0.05    0.00    3.63 v _104_/A2 (sky130_fd_sc_hd__a21o_1)
     1    0.00    0.03    0.18    3.81 v _104_/X (sky130_fd_sc_hd__a21o_1)
                                         _028_ (net)
                  0.03    0.00    3.81 v _106_/B1 (sky130_fd_sc_hd__o211a_1)
     1    0.00    0.04    0.11    3.93 v _106_/X (sky130_fd_sc_hd__o211a_1)
                                         _074_ (net)
                  0.04    0.00    3.93 v _162_/D (sky130_fd_sc_hd__dfxtp_1)
                                  3.93   data arrival time

                  0.15   10.00   10.00   clock clk (rise edge)
                          0.00   10.00   clock network delay (ideal)
                         -0.25    9.75   clock uncertainty
                          0.00    9.75   clock reconvergence pessimism
                                  9.75 ^ _162_/CLK (sky130_fd_sc_hd__dfxtp_1)
                         -0.08    9.67   library setup time
                                  9.67   data required time
-----------------------------------------------------------------------------
                                  9.67   data required time
                                 -3.93   data arrival time
-----------------------------------------------------------------------------
                                  5.74   slack (MET)


Startpoint: sel[0] (input port clocked by clk)
Endpoint: _163_ (rising edge-triggered flip-flop clocked by clk)
Path Group: clk
Path Type: max

Fanout     Cap    Slew   Delay    Time   Description
-----------------------------------------------------------------------------
                  0.15    0.00    0.00   clock clk (rise edge)
                          0.00    0.00   clock network delay (ideal)
                          2.00    2.00 ^ input external delay
     1    0.00    0.02    0.01    2.01 ^ sel[0] (in)
                                         sel[0] (net)
                  0.02    0.00    2.01 ^ input17/A (sky130_fd_sc_hd__clkbuf_2)
     8    0.02    0.14    0.17    2.18 ^ input17/X (sky130_fd_sc_hd__clkbuf_2)
                                         net17 (net)
                  0.14    0.00    2.18 ^ _087_/B_N (sky130_fd_sc_hd__or2b_1)
     1    0.00    0.04    0.24    2.42 v _087_/X (sky130_fd_sc_hd__or2b_1)
                                         _012_ (net)
                  0.04    0.00    2.42 v _088_/A (sky130_fd_sc_hd__buf_2)
    10    0.03    0.07    0.17    2.60 v _088_/X (sky130_fd_sc_hd__buf_2)
                                         _013_ (net)
                  0.07    0.00    2.60 v _089_/C (sky130_fd_sc_hd__and3_1)
     2    0.00    0.04    0.20    2.80 v _089_/X (sky130_fd_sc_hd__and3_1)
                                         _014_ (net)
                  0.04    0.00    2.80 v _092_/B (sky130_fd_sc_hd__or3_1)
     2    0.00    0.08    0.37    3.17 v _092_/X (sky130_fd_sc_hd__or3_1)
                                         _017_ (net)
                  0.08    0.00    3.17 v _098_/A2 (sky130_fd_sc_hd__a21o_1)
     4    0.01    0.06    0.23    3.40 v _098_/X (sky130_fd_sc_hd__a21o_1)
                                         _022_ (net)
                  0.06    0.00    3.40 v _115_/A1 (sky130_fd_sc_hd__a21oi_1)
     1    0.01    0.16    0.17    3.57 ^ _115_/Y (sky130_fd_sc_hd__a21oi_1)
                                         _038_ (net)
                  0.16    0.00    3.57 ^ _116_/B (sky130_fd_sc_hd__xnor2_1)
     1    0.00    0.04    0.08    3.65 v _116_/Y (sky130_fd_sc_hd__xnor2_1)
                                         _039_ (net)
                  0.04    0.00    3.65 v _119_/A2 (sky130_fd_sc_hd__a21o_1)
     1    0.00    0.03    0.17    3.82 v _119_/X (sky130_fd_sc_hd__a21o_1)
                                         _075_ (net)
                  0.03    0.00    3.82 v _163_/D (sky130_fd_sc_hd__dfxtp_1)
                                  3.82   data arrival time

                  0.15   10.00   10.00   clock clk (rise edge)
                          0.00   10.00   clock network delay (ideal)
                         -0.25    9.75   clock uncertainty
                          0.00    9.75   clock reconvergence pessimism
                                  9.75 ^ _163_/CLK (sky130_fd_sc_hd__dfxtp_1)
                         -0.08    9.67   library setup time
                                  9.67   data required time
-----------------------------------------------------------------------------
                                  9.67   data required time
                                 -3.82   data arrival time
-----------------------------------------------------------------------------
                                  5.85   slack (MET)


Startpoint: sel[0] (input port clocked by clk)
Endpoint: _161_ (rising edge-triggered flip-flop clocked by clk)
Path Group: clk
Path Type: max

Fanout     Cap    Slew   Delay    Time   Description
-----------------------------------------------------------------------------
                  0.15    0.00    0.00   clock clk (rise edge)
                          0.00    0.00   clock network delay (ideal)
                          2.00    2.00 ^ input external delay
     1    0.00    0.02    0.01    2.01 ^ sel[0] (in)
                                         sel[0] (net)
                  0.02    0.00    2.01 ^ input17/A (sky130_fd_sc_hd__clkbuf_2)
     8    0.02    0.14    0.17    2.18 ^ input17/X (sky130_fd_sc_hd__clkbuf_2)
                                         net17 (net)
                  0.14    0.00    2.18 ^ _087_/B_N (sky130_fd_sc_hd__or2b_1)
     1    0.00    0.04    0.24    2.42 v _087_/X (sky130_fd_sc_hd__or2b_1)
                                         _012_ (net)
                  0.04    0.00    2.42 v _088_/A (sky130_fd_sc_hd__buf_2)
    10    0.03    0.07    0.17    2.60 v _088_/X (sky130_fd_sc_hd__buf_2)
                                         _013_ (net)
                  0.07    0.00    2.60 v _089_/C (sky130_fd_sc_hd__and3_1)
     2    0.00    0.04    0.20    2.80 v _089_/X (sky130_fd_sc_hd__and3_1)
                                         _014_ (net)
                  0.04    0.00    2.80 v _092_/B (sky130_fd_sc_hd__or3_1)
     2    0.00    0.08    0.37    3.17 v _092_/X (sky130_fd_sc_hd__or3_1)
                                         _017_ (net)
                  0.08    0.00    3.17 v _093_/B (sky130_fd_sc_hd__and2b_1)
     1    0.00    0.04    0.18    3.35 v _093_/X (sky130_fd_sc_hd__and2b_1)
                                         _018_ (net)
                  0.04    0.00    3.35 v _094_/B (sky130_fd_sc_hd__xnor2_1)
     1    0.00    0.11    0.13    3.48 ^ _094_/Y (sky130_fd_sc_hd__xnor2_1)
                                         _019_ (net)
                  0.11    0.00    3.48 ^ _095_/B (sky130_fd_sc_hd__nand2_1)
     1    0.00    0.04    0.07    3.55 v _095_/Y (sky130_fd_sc_hd__nand2_1)
                                         _020_ (net)
                  0.04    0.00    3.55 v _097_/B1 (sky130_fd_sc_hd__o211a_1)
     1    0.00    0.04    0.12    3.67 v _097_/X (sky130_fd_sc_hd__o211a_1)
                                         _073_ (net)
                  0.04    0.00    3.67 v _161_/D (sky130_fd_sc_hd__dfxtp_1)
                                  3.67   data arrival time

                  0.15   10.00   10.00   clock clk (rise edge)
                          0.00   10.00   clock network delay (ideal)
                         -0.25    9.75   clock uncertainty
                          0.00    9.75   clock reconvergence pessimism
                                  9.75 ^ _161_/CLK (sky130_fd_sc_hd__dfxtp_1)
                         -0.08    9.67   library setup time
                                  9.67   data required time
-----------------------------------------------------------------------------
                                  9.67   data required time
                                 -3.67   data arrival time
-----------------------------------------------------------------------------
                                  6.00   slack (MET)


Startpoint: sel[1] (input port clocked by clk)
Endpoint: _160_ (rising edge-triggered flip-flop clocked by clk)
Path Group: clk
Path Type: max

Fanout     Cap    Slew   Delay    Time   Description
-----------------------------------------------------------------------------
                  0.15    0.00    0.00   clock clk (rise edge)
                          0.00    0.00   clock network delay (ideal)
                          2.00    2.00 ^ input external delay
     1    0.00    0.02    0.01    2.01 ^ sel[1] (in)
                                         sel[1] (net)
                  0.02    0.00    2.01 ^ input18/A (sky130_fd_sc_hd__buf_2)
    10    0.03    0.17    0.20    2.20 ^ input18/X (sky130_fd_sc_hd__buf_2)
                                         net18 (net)
                  0.17    0.00    2.20 ^ _080_/A (sky130_fd_sc_hd__inv_2)
     8    0.02    0.07    0.10    2.31 v _080_/Y (sky130_fd_sc_hd__inv_2)
                                         _006_ (net)
                  0.07    0.00    2.31 v _081_/A (sky130_fd_sc_hd__or2_1)
     4    0.01    0.09    0.30    2.60 v _081_/X (sky130_fd_sc_hd__or2_1)
                                         _007_ (net)
                  0.09    0.00    2.60 v _082_/B1 (sky130_fd_sc_hd__o21a_1)
     1    0.00    0.03    0.12    2.72 v _082_/X (sky130_fd_sc_hd__o21a_1)
                                         _008_ (net)
                  0.03    0.00    2.72 v _084_/A1 (sky130_fd_sc_hd__mux2_1)
     1    0.00    0.05    0.29    3.02 v _084_/X (sky130_fd_sc_hd__mux2_1)
                                         _010_ (net)
                  0.05    0.00    3.02 v _085_/A (sky130_fd_sc_hd__clkbuf_1)
     1    0.00    0.02    0.09    3.11 v _085_/X (sky130_fd_sc_hd__clkbuf_1)
                                         _072_ (net)
                  0.02    0.00    3.11 v _160_/D (sky130_fd_sc_hd__dfxtp_1)
                                  3.11   data arrival time

                  0.15   10.00   10.00   clock clk (rise edge)
                          0.00   10.00   clock network delay (ideal)
                         -0.25    9.75   clock uncertainty
                          0.00    9.75   clock reconvergence pessimism
                                  9.75 ^ _160_/CLK (sky130_fd_sc_hd__dfxtp_1)
                         -0.08    9.67   library setup time
                                  9.67   data required time
-----------------------------------------------------------------------------
                                  9.67   data required time
                                 -3.11   data arrival time
-----------------------------------------------------------------------------
                                  6.56   slack (MET)


Startpoint: _165_ (rising edge-triggered flip-flop clocked by clk)
Endpoint: result[5] (output port clocked by clk)
Path Group: clk
Path Type: max

Fanout     Cap    Slew   Delay    Time   Description
-----------------------------------------------------------------------------
                  0.15    0.00    0.00   clock clk (rise edge)
                          0.00    0.00   clock network delay (ideal)
                  0.15    0.00    0.00 ^ _165_/CLK (sky130_fd_sc_hd__dfxtp_1)
     1    0.00    0.04    0.36    0.36 ^ _165_/Q (sky130_fd_sc_hd__dfxtp_1)
                                         net24 (net)
                  0.04    0.00    0.36 ^ output24/A (sky130_fd_sc_hd__buf_2)
     1    0.03    0.17    0.21    0.56 ^ output24/X (sky130_fd_sc_hd__buf_2)
                                         result[5] (net)
                  0.17    0.00    0.56 ^ result[5] (out)
                                  0.56   data arrival time

                  0.15   10.00   10.00   clock clk (rise edge)
                          0.00   10.00   clock network delay (ideal)
                         -0.25    9.75   clock uncertainty
                          0.00    9.75   clock reconvergence pessimism
                         -2.00    7.75   output external delay
                                  7.75   data required time
-----------------------------------------------------------------------------
                                  7.75   data required time
                                 -0.56   data arrival time
-----------------------------------------------------------------------------
                                  7.19   slack (MET)


Startpoint: _164_ (rising edge-triggered flip-flop clocked by clk)
Endpoint: result[4] (output port clocked by clk)
Path Group: clk
Path Type: max

Fanout     Cap    Slew   Delay    Time   Description
-----------------------------------------------------------------------------
                  0.15    0.00    0.00   clock clk (rise edge)
                          0.00    0.00   clock network delay (ideal)
                  0.15    0.00    0.00 ^ _164_/CLK (sky130_fd_sc_hd__dfxtp_1)
     1    0.00    0.04    0.35    0.35 ^ _164_/Q (sky130_fd_sc_hd__dfxtp_1)
                                         net23 (net)
                  0.04    0.00    0.35 ^ output23/A (sky130_fd_sc_hd__buf_2)
     1    0.03    0.17    0.21    0.55 ^ output23/X (sky130_fd_sc_hd__buf_2)
                                         result[4] (net)
                  0.17    0.00    0.55 ^ result[4] (out)
                                  0.55   data arrival time

                  0.15   10.00   10.00   clock clk (rise edge)
                          0.00   10.00   clock network delay (ideal)
                         -0.25    9.75   clock uncertainty
                          0.00    9.75   clock reconvergence pessimism
                         -2.00    7.75   output external delay
                                  7.75   data required time
-----------------------------------------------------------------------------
                                  7.75   data required time
                                 -0.55   data arrival time
-----------------------------------------------------------------------------
                                  7.20   slack (MET)


Startpoint: _162_ (rising edge-triggered flip-flop clocked by clk)
Endpoint: result[2] (output port clocked by clk)
Path Group: clk
Path Type: max

Fanout     Cap    Slew   Delay    Time   Description
-----------------------------------------------------------------------------
                  0.15    0.00    0.00   clock clk (rise edge)
                          0.00    0.00   clock network delay (ideal)
                  0.15    0.00    0.00 ^ _162_/CLK (sky130_fd_sc_hd__dfxtp_1)
     1    0.00    0.04    0.35    0.35 ^ _162_/Q (sky130_fd_sc_hd__dfxtp_1)
                                         net21 (net)
                  0.04    0.00    0.35 ^ output21/A (sky130_fd_sc_hd__buf_2)
     1    0.03    0.17    0.20    0.55 ^ output21/X (sky130_fd_sc_hd__buf_2)
                                         result[2] (net)
                  0.17    0.00    0.55 ^ result[2] (out)
                                  0.55   data arrival time

                  0.15   10.00   10.00   clock clk (rise edge)
                          0.00   10.00   clock network delay (ideal)
                         -0.25    9.75   clock uncertainty
                          0.00    9.75   clock reconvergence pessimism
                         -2.00    7.75   output external delay
                                  7.75   data required time
-----------------------------------------------------------------------------
                                  7.75   data required time
                                 -0.55   data arrival time
-----------------------------------------------------------------------------
                                  7.20   slack (MET)


Startpoint: _161_ (rising edge-triggered flip-flop clocked by clk)
Endpoint: result[1] (output port clocked by clk)
Path Group: clk
Path Type: max

Fanout     Cap    Slew   Delay    Time   Description
-----------------------------------------------------------------------------
                  0.15    0.00    0.00   clock clk (rise edge)
                          0.00    0.00   clock network delay (ideal)
                  0.15    0.00    0.00 ^ _161_/CLK (sky130_fd_sc_hd__dfxtp_1)
     1    0.00    0.04    0.35    0.35 ^ _161_/Q (sky130_fd_sc_hd__dfxtp_1)
                                         net20 (net)
                  0.04    0.00    0.35 ^ output20/A (sky130_fd_sc_hd__buf_2)
     1    0.03    0.17    0.20    0.55 ^ output20/X (sky130_fd_sc_hd__buf_2)
                                         result[1] (net)
                  0.17    0.00    0.55 ^ result[1] (out)
                                  0.55   data arrival time

                  0.15   10.00   10.00   clock clk (rise edge)
                          0.00   10.00   clock network delay (ideal)
                         -0.25    9.75   clock uncertainty
                          0.00    9.75   clock reconvergence pessimism
                         -2.00    7.75   output external delay
                                  7.75   data required time
-----------------------------------------------------------------------------
                                  7.75   data required time
                                 -0.55   data arrival time
-----------------------------------------------------------------------------
                                  7.20   slack (MET)


Startpoint: _163_ (rising edge-triggered flip-flop clocked by clk)
Endpoint: result[3] (output port clocked by clk)
Path Group: clk
Path Type: max

Fanout     Cap    Slew   Delay    Time   Description
-----------------------------------------------------------------------------
                  0.15    0.00    0.00   clock clk (rise edge)
                          0.00    0.00   clock network delay (ideal)
                  0.15    0.00    0.00 ^ _163_/CLK (sky130_fd_sc_hd__dfxtp_1)
     1    0.00    0.04    0.35    0.35 ^ _163_/Q (sky130_fd_sc_hd__dfxtp_1)
                                         net22 (net)
                  0.04    0.00    0.35 ^ output22/A (sky130_fd_sc_hd__buf_2)
     1    0.03    0.17    0.20    0.55 ^ output22/X (sky130_fd_sc_hd__buf_2)
                                         result[3] (net)
                  0.17    0.00    0.55 ^ result[3] (out)
                                  0.55   data arrival time

                  0.15   10.00   10.00   clock clk (rise edge)
                          0.00   10.00   clock network delay (ideal)
                         -0.25    9.75   clock uncertainty
                          0.00    9.75   clock reconvergence pessimism
                         -2.00    7.75   output external delay
                                  7.75   data required time
-----------------------------------------------------------------------------
                                  7.75   data required time
                                 -0.55   data arrival time
-----------------------------------------------------------------------------
                                  7.20   slack (MET)


Startpoint: _166_ (rising edge-triggered flip-flop clocked by clk)
Endpoint: result[6] (output port clocked by clk)
Path Group: clk
Path Type: max

Fanout     Cap    Slew   Delay    Time   Description
-----------------------------------------------------------------------------
                  0.15    0.00    0.00   clock clk (rise edge)
                          0.00    0.00   clock network delay (ideal)
                  0.15    0.00    0.00 ^ _166_/CLK (sky130_fd_sc_hd__dfxtp_1)
     1    0.00    0.04    0.36    0.36 ^ _166_/Q (sky130_fd_sc_hd__dfxtp_1)
                                         net25 (net)
                  0.04    0.00    0.36 ^ output25/A (sky130_fd_sc_hd__clkbuf_4)
     1    0.03    0.11    0.19    0.55 ^ output25/X (sky130_fd_sc_hd__clkbuf_4)
                                         result[6] (net)
                  0.11    0.00    0.55 ^ result[6] (out)
                                  0.55   data arrival time

                  0.15   10.00   10.00   clock clk (rise edge)
                          0.00   10.00   clock network delay (ideal)
                         -0.25    9.75   clock uncertainty
                          0.00    9.75   clock reconvergence pessimism
                         -2.00    7.75   output external delay
                                  7.75   data required time
-----------------------------------------------------------------------------
                                  7.75   data required time
                                 -0.55   data arrival time
-----------------------------------------------------------------------------
                                  7.20   slack (MET)


Startpoint: _160_ (rising edge-triggered flip-flop clocked by clk)
Endpoint: result[0] (output port clocked by clk)
Path Group: clk
Path Type: max

Fanout     Cap    Slew   Delay    Time   Description
-----------------------------------------------------------------------------
                  0.15    0.00    0.00   clock clk (rise edge)
                          0.00    0.00   clock network delay (ideal)
                  0.15    0.00    0.00 ^ _160_/CLK (sky130_fd_sc_hd__dfxtp_1)
     1    0.00    0.04    0.35    0.35 ^ _160_/Q (sky130_fd_sc_hd__dfxtp_1)
                                         net19 (net)
                  0.04    0.00    0.35 ^ output19/A (sky130_fd_sc_hd__clkbuf_4)
     1    0.03    0.11    0.19    0.54 ^ output19/X (sky130_fd_sc_hd__clkbuf_4)
                                         result[0] (net)
                  0.11    0.00    0.54 ^ result[0] (out)
                                  0.54   data arrival time

                  0.15   10.00   10.00   clock clk (rise edge)
                          0.00   10.00   clock network delay (ideal)
                         -0.25    9.75   clock uncertainty
                          0.00    9.75   clock reconvergence pessimism
                         -2.00    7.75   output external delay
                                  7.75   data required time
-----------------------------------------------------------------------------
                                  7.75   data required time
                                 -0.54   data arrival time
-----------------------------------------------------------------------------
                                  7.21   slack (MET)


Startpoint: _167_ (rising edge-triggered flip-flop clocked by clk)
Endpoint: result[7] (output port clocked by clk)
Path Group: clk
Path Type: max

Fanout     Cap    Slew   Delay    Time   Description
-----------------------------------------------------------------------------
                  0.15    0.00    0.00   clock clk (rise edge)
                          0.00    0.00   clock network delay (ideal)
                  0.15    0.00    0.00 ^ _167_/CLK (sky130_fd_sc_hd__dfxtp_1)
     1    0.00    0.04    0.35    0.35 ^ _167_/Q (sky130_fd_sc_hd__dfxtp_1)
                                         net26 (net)
                  0.04    0.00    0.35 ^ output26/A (sky130_fd_sc_hd__clkbuf_4)
     1    0.03    0.11    0.19    0.54 ^ output26/X (sky130_fd_sc_hd__clkbuf_4)
                                         result[7] (net)
                  0.11    0.00    0.54 ^ result[7] (out)
                                  0.54   data arrival time

                  0.15   10.00   10.00   clock clk (rise edge)
                          0.00   10.00   clock network delay (ideal)
                         -0.25    9.75   clock uncertainty
                          0.00    9.75   clock reconvergence pessimism
                         -2.00    7.75   output external delay
                                  7.75   data required time
-----------------------------------------------------------------------------
                                  7.75   data required time
                                 -0.54   data arrival time
-----------------------------------------------------------------------------
                                  7.21   slack (MET)



worst slack corner Typical: 5.2597
max_report_end
checks_report

===========================================================================
report_checks -unconstrained
===========================================================================
======================= Typical Corner ===================================

Startpoint: sel[0] (input port clocked by clk)
Endpoint: _167_ (rising edge-triggered flip-flop clocked by clk)
Path Group: clk
Path Type: max

Fanout     Cap    Slew   Delay    Time   Description
-----------------------------------------------------------------------------
                  0.15    0.00    0.00   clock clk (rise edge)
                          0.00    0.00   clock network delay (ideal)
                          2.00    2.00 ^ input external delay
     1    0.00    0.02    0.01    2.01 ^ sel[0] (in)
                                         sel[0] (net)
                  0.02    0.00    2.01 ^ input17/A (sky130_fd_sc_hd__clkbuf_2)
     8    0.02    0.14    0.17    2.18 ^ input17/X (sky130_fd_sc_hd__clkbuf_2)
                                         net17 (net)
                  0.14    0.00    2.18 ^ _087_/B_N (sky130_fd_sc_hd__or2b_1)
     1    0.00    0.04    0.24    2.42 v _087_/X (sky130_fd_sc_hd__or2b_1)
                                         _012_ (net)
                  0.04    0.00    2.42 v _088_/A (sky130_fd_sc_hd__buf_2)
    10    0.03    0.07    0.17    2.60 v _088_/X (sky130_fd_sc_hd__buf_2)
                                         _013_ (net)
                  0.07    0.00    2.60 v _089_/C (sky130_fd_sc_hd__and3_1)
     2    0.00    0.04    0.20    2.80 v _089_/X (sky130_fd_sc_hd__and3_1)
                                         _014_ (net)
                  0.04    0.00    2.80 v _092_/B (sky130_fd_sc_hd__or3_1)
     2    0.00    0.08    0.37    3.17 v _092_/X (sky130_fd_sc_hd__or3_1)
                                         _017_ (net)
                  0.08    0.00    3.17 v _098_/A2 (sky130_fd_sc_hd__a21o_1)
     4    0.01    0.06    0.23    3.40 v _098_/X (sky130_fd_sc_hd__a21o_1)
                                         _022_ (net)
                  0.06    0.00    3.40 v _123_/A1 (sky130_fd_sc_hd__a211o_1)
     3    0.01    0.07    0.30    3.70 v _123_/X (sky130_fd_sc_hd__a211o_1)
                                         _045_ (net)
                  0.07    0.00    3.70 v _145_/A3 (sky130_fd_sc_hd__a31oi_1)
     2    0.01    0.20    0.24    3.94 ^ _145_/Y (sky130_fd_sc_hd__a31oi_1)
                                         _065_ (net)
                  0.20    0.00    3.94 ^ _152_/A3 (sky130_fd_sc_hd__o31a_1)
     1    0.01    0.08    0.17    4.11 ^ _152_/X (sky130_fd_sc_hd__o31a_1)
                                         _071_ (net)
                  0.08    0.00    4.11 ^ _157_/A (sky130_fd_sc_hd__xnor2_1)
     1    0.00    0.04    0.07    4.19 v _157_/Y (sky130_fd_sc_hd__xnor2_1)
                                         _004_ (net)
                  0.04    0.00    4.19 v _159_/B1 (sky130_fd_sc_hd__o221a_1)
     1    0.00    0.04    0.22    4.41 v _159_/X (sky130_fd_sc_hd__o221a_1)
                                         _079_ (net)
                  0.04    0.00    4.41 v _167_/D (sky130_fd_sc_hd__dfxtp_1)
                                  4.41   data arrival time

                  0.15   10.00   10.00   clock clk (rise edge)
                          0.00   10.00   clock network delay (ideal)
                         -0.25    9.75   clock uncertainty
                          0.00    9.75   clock reconvergence pessimism
                                  9.75 ^ _167_/CLK (sky130_fd_sc_hd__dfxtp_1)
                         -0.08    9.67   library setup time
                                  9.67   data required time
-----------------------------------------------------------------------------
                                  9.67   data required time
                                 -4.41   data arrival time
-----------------------------------------------------------------------------
                                  5.26   slack (MET)




===========================================================================
report_checks --slack_max -0.01
============================================================================
======================= Typical Corner ===================================

No paths found.


===========================================================================
 report_check_types -max_slew -max_cap -max_fanout -violators
============================================================================
======================= Typical Corner ===================================


max slew violations count Typical: 0
max fanout violations count Typical: 0
max cap violations count Typical: 0

===========================================================================
report_parasitic_annotation -report_unannotated
============================================================================
Found 1 unannotated drivers.
 clk
Found 0 partially unannotated drivers.

===========================================================================
max slew violation count 0
max fanout violation count 0
max cap violation count 0
============================================================================

===========================================================================
check_setup -verbose -unconstrained_endpoints -multiple_clock -no_clock -no_input_delay -loops -generated_clocks
===========================================================================
checks_report_end
power_report

===========================================================================
 report_power
============================================================================
======================= Typical Corner ===================================

Group                  Internal  Switching    Leakage      Total
                          Power      Power      Power      Power (Watts)
----------------------------------------------------------------
Sequential             3.67e-05   9.05e-07   6.74e-11   3.76e-05  41.5%
Combinational          2.41e-05   2.91e-05   4.11e-10   5.31e-05  58.5%
Clock                  0.00e+00   0.00e+00   9.72e-11   9.72e-11   0.0%
Macro                  0.00e+00   0.00e+00   0.00e+00   0.00e+00   0.0%
Pad                    0.00e+00   0.00e+00   0.00e+00   0.00e+00   0.0%
----------------------------------------------------------------
Total                  6.08e-05   3.00e-05   5.75e-10   9.08e-05 100.0%
                          67.0%      33.0%       0.0%

power_report_end
skew_report

===========================================================================
report_clock_skew
============================================================================
Clock clk
No launch/capture paths found.

skew_report_end
summary_report

===========================================================================
report_tns
============================================================================
tns 0.00

===========================================================================
report_wns
============================================================================
wns 0.00

===========================================================================
report_worst_slack -max (Setup)
============================================================================
worst slack 5.26

===========================================================================
report_worst_slack -min (Hold)
============================================================================
worst slack 2.08
summary_report_end
area_report

===========================================================================
report_design_area
============================================================================
Design area 923 u^2 52% utilization.
area_report_end
check_nonpropagated_clocks
clk
check_nonpropagated_clocks_end
[WARNING] Did not save OpenROAD database!
Writing SDF to '/openlane/designs/Lab2N/runs/RUN_2025.06.18_11.51.30/results/signoff/alu.sdf'…
