
===========================================================================
 report_power
============================================================================
======================= Fastest Corner ===================================

Group                  Internal  Switching    Leakage      Total
                          Power      Power      Power      Power (Watts)
----------------------------------------------------------------
Sequential             4.28e-05   1.32e-06   1.16e-10   4.42e-05  23.9%
Combinational          2.65e-05   3.77e-05   6.26e-10   6.42e-05  34.7%
Clock                  5.89e-05   1.76e-05   4.40e-10   7.65e-05  41.4%
Macro                  0.00e+00   0.00e+00   0.00e+00   0.00e+00   0.0%
Pad                    0.00e+00   0.00e+00   0.00e+00   0.00e+00   0.0%
----------------------------------------------------------------
Total                  1.28e-04   5.66e-05   1.18e-09   1.85e-04 100.0%
                          69.4%      30.6%       0.0%

======================= Slowest Corner ===================================

Group                  Internal  Switching    Leakage      Total
                          Power      Power      Power      Power (Watts)
----------------------------------------------------------------
Sequential             2.91e-05   8.62e-07   1.17e-07   3.01e-05  23.4%
Combinational          1.98e-05   2.51e-05   5.21e-07   4.54e-05  35.3%
Clock                  4.17e-05   1.14e-05   5.73e-08   5.31e-05  41.3%
Macro                  0.00e+00   0.00e+00   0.00e+00   0.00e+00   0.0%
Pad                    0.00e+00   0.00e+00   0.00e+00   0.00e+00   0.0%
----------------------------------------------------------------
Total                  9.06e-05   3.73e-05   6.95e-07   1.29e-04 100.0%
                          70.4%      29.0%       0.5%

======================= Typical Corner ===================================

Group                  Internal  Switching    Leakage      Total
                          Power      Power      Power      Power (Watts)
----------------------------------------------------------------
Sequential             3.70e-05   1.10e-06   6.74e-11   3.81e-05  23.8%
Combinational          2.41e-05   3.19e-05   4.11e-10   5.61e-05  35.0%
Clock                  5.13e-05   1.48e-05   2.85e-10   6.61e-05  41.2%
Macro                  0.00e+00   0.00e+00   0.00e+00   0.00e+00   0.0%
Pad                    0.00e+00   0.00e+00   0.00e+00   0.00e+00   0.0%
----------------------------------------------------------------
Total                  1.12e-04   4.78e-05   7.63e-10   1.60e-04 100.0%
                          70.1%      29.9%       0.0%

