
===========================================================================
 report_power
============================================================================
======================= Fastest Corner ===================================

Group                  Internal  Switching    Leakage      Total
                          Power      Power      Power      Power (Watts)
----------------------------------------------------------------
Sequential             5.97e-03   7.93e-04   1.48e-08   6.76e-03  38.1%
Combinational          4.29e-03   2.77e-03   4.96e-08   7.06e-03  39.8%
Clock                  1.76e-03   2.15e-03   1.30e-08   3.91e-03  22.1%
Macro                  0.00e+00   0.00e+00   0.00e+00   0.00e+00   0.0%
Pad                    0.00e+00   0.00e+00   0.00e+00   0.00e+00   0.0%
----------------------------------------------------------------
Total                  1.20e-02   5.71e-03   7.74e-08   1.77e-02 100.0%
                          67.8%      32.2%       0.0%

======================= Slowest Corner ===================================

Group                  Internal  Switching    Leakage      Total
                          Power      Power      Power      Power (Watts)
----------------------------------------------------------------
Sequential             4.04e-03   5.02e-04   1.48e-05   4.56e-03  37.9%
Combinational          2.98e-03   1.81e-03   3.71e-05   4.83e-03  40.1%
Clock                  1.27e-03   1.39e-03   2.07e-06   2.66e-03  22.0%
Macro                  0.00e+00   0.00e+00   0.00e+00   0.00e+00   0.0%
Pad                    0.00e+00   0.00e+00   0.00e+00   0.00e+00   0.0%
----------------------------------------------------------------
Total                  8.29e-03   3.70e-03   5.40e-05   1.20e-02 100.0%
                          68.9%      30.7%       0.4%

======================= Typical Corner ===================================

Group                  Internal  Switching    Leakage      Total
                          Power      Power      Power      Power (Watts)
----------------------------------------------------------------
Sequential             5.17e-03   6.55e-04   8.56e-09   5.82e-03  38.1%
Combinational          3.78e-03   2.32e-03   2.52e-08   6.10e-03  39.9%
Clock                  1.54e-03   1.81e-03   7.96e-09   3.35e-03  22.0%
Macro                  0.00e+00   0.00e+00   0.00e+00   0.00e+00   0.0%
Pad                    0.00e+00   0.00e+00   0.00e+00   0.00e+00   0.0%
----------------------------------------------------------------
Total                  1.05e-02   4.78e-03   4.17e-08   1.53e-02 100.0%
                          68.7%      31.3%       0.0%

