OpenROAD b16bda7e82721d10566ff7e2b68f1ff0be9f9e38 
Features included (+) or not (-): +Charts +GPU +GUI +Python
This program is licensed under the BSD-3 license. See the LICENSE file for details.
Components of this program may be licensed under more restrictive licenses which must be honored.
define_corners Typical
read_liberty -corner Typical /home/berks/.volare/sky130A/libs.ref/sky130_fd_sc_hd/lib/sky130_fd_sc_hd__tt_025C_1v80.lib
Using 1e-12 for capacitance...
Using 1e+03 for resistance...
Using 1e-09 for time...
Using 1e+00 for voltage...
Using 1e-03 for current...
Using 1e-09 for power...
Using 1e-06 for distance...
[INFO]: Reading ODB at '/openlane/designs/Lab6/runs/RUN_2025.06.18_00.34.36/tmp/20-semi_cpu_top.odb'…
Reading design constraints file at '/openlane/scripts/base.sdc'…
[INFO]: Setting output delay to: 2.0
[INFO]: Setting input delay to: 2.0
[INFO]: Setting load to: 0.033442
[INFO]: Setting clock uncertainty to: 0.25
[INFO]: Setting clock transition to: 0.15
[INFO]: Setting timing derate to: 5.0 %
[INFO]: Setting signal min routing layer to: met1 and clock min routing layer to met3. 
[INFO]: Setting signal max routing layer to: met5 and clock max routing layer to met5. 
-congestion_iterations 50 -verbose -congestion_report_file /openlane/designs/Lab6/runs/RUN_2025.06.18_00.34.36/tmp/routing/groute-congestion.rpt
[INFO GRT-0020] Min routing layer: met1
[INFO GRT-0021] Max routing layer: met5
[INFO GRT-0022] Global adjustment: 30%
[INFO GRT-0023] Grid origin: (0, 0)
[INFO GRT-0043] No OR_DEFAULT vias defined.
[INFO GRT-0088] Layer li1     Track-Pitch = 0.4600  line-2-Via Pitch: 0.3400
[INFO GRT-0088] Layer met1    Track-Pitch = 0.3400  line-2-Via Pitch: 0.3400
[INFO GRT-0088] Layer met2    Track-Pitch = 0.4600  line-2-Via Pitch: 0.3500
[INFO GRT-0088] Layer met3    Track-Pitch = 0.6800  line-2-Via Pitch: 0.6150
[INFO GRT-0088] Layer met4    Track-Pitch = 0.9200  line-2-Via Pitch: 1.0400
[INFO GRT-0088] Layer met5    Track-Pitch = 3.4000  line-2-Via Pitch: 3.1100
[INFO GRT-0019] Found 52 clock nets.
[INFO GRT-0001] Minimum degree: 2
[INFO GRT-0002] Maximum degree: 17
[INFO GRT-0003] Macros: 0
[INFO GRT-0043] No OR_DEFAULT vias defined.
[INFO GRT-0004] Blockages: 5942

[INFO GRT-0053] Routing resources analysis:
          Routing      Original      Derated      Resource
Layer     Direction    Resources     Resources    Reduction (%)
---------------------------------------------------------------
li1        Vertical            0             0          0.00%
met1       Horizontal      27268         12905          52.67%
met2       Vertical        20143         13036          35.28%
met3       Horizontal      13634          9210          32.45%
met4       Vertical         8109          5011          38.20%
met5       Horizontal       2698          1260          53.30%
---------------------------------------------------------------

[INFO GRT-0101] Running extra iterations to remove overflow.
[INFO GRT-0197] Via related to pin nodes: 17057
[INFO GRT-0198] Via related Steiner nodes: 372
[INFO GRT-0199] Via filling finished.
[INFO GRT-0111] Final number of vias: 21638
[INFO GRT-0112] Final usage 3D: 77973

[INFO GRT-0096] Final congestion report:
Layer         Resource        Demand        Usage (%)    Max H / Max V / Total Overflow
---------------------------------------------------------------------------------------
li1                  0             0            0.00%             0 /  0 /  0
met1             12905          5516           42.74%             0 /  0 /  0
met2             13036          5771           44.27%             0 /  0 /  0
met3              9210          1097           11.91%             0 /  0 /  0
met4              5011           675           13.47%             0 /  0 /  0
met5              1260             0            0.00%             0 /  0 /  0
---------------------------------------------------------------------------------------
Total            41422         13059           31.53%             0 /  0 /  0

[INFO GRT-0018] Total wirelength: 140007 um
[INFO GRT-0014] Routed nets: 3265
[INFO GRT-0006] Repairing antennas, iteration 1.
[INFO GRT-0043] No OR_DEFAULT vias defined.
[INFO GRT-0012] Found 2 antenna violations.
[INFO GRT-0015] Inserted 2 diodes.
[INFO GRT-0009] rerouting 2222 nets.
[INFO GRT-0001] Minimum degree: 2
[INFO GRT-0002] Maximum degree: 16
[INFO GRT-0006] Repairing antennas, iteration 2.
[INFO GRT-0043] No OR_DEFAULT vias defined.
[INFO GRT-0012] Found 0 antenna violations.
Placement Analysis
---------------------------------
total displacement          0.0 u
average displacement        0.0 u
max displacement            0.0 u
original HPWL           77273.0 u
legalized HPWL          77274.0 u
delta HPWL                    0 %

[INFO DPL-0020] Mirrored 1239 instances
[INFO DPL-0021] HPWL before           77274.0 u
[INFO DPL-0022] HPWL after            75407.5 u
[INFO DPL-0023] HPWL delta               -2.4 %
[INFO]: Setting signal min routing layer to: met1 and clock min routing layer to met3. 
[INFO]: Setting signal max routing layer to: met5 and clock max routing layer to met5. 
-congestion_iterations 50 -verbose -congestion_report_file /openlane/designs/Lab6/runs/RUN_2025.06.18_00.34.36/tmp/routing/groute-congestion.rpt
[INFO GRT-0020] Min routing layer: met1
[INFO GRT-0021] Max routing layer: met5
[INFO GRT-0022] Global adjustment: 30%
[INFO GRT-0023] Grid origin: (0, 0)
[INFO GRT-0043] No OR_DEFAULT vias defined.
[INFO GRT-0088] Layer li1     Track-Pitch = 0.4600  line-2-Via Pitch: 0.3400
[INFO GRT-0088] Layer met1    Track-Pitch = 0.3400  line-2-Via Pitch: 0.3400
[INFO GRT-0088] Layer met2    Track-Pitch = 0.4600  line-2-Via Pitch: 0.3500
[INFO GRT-0088] Layer met3    Track-Pitch = 0.6800  line-2-Via Pitch: 0.6150
[INFO GRT-0088] Layer met4    Track-Pitch = 0.9200  line-2-Via Pitch: 1.0400
[INFO GRT-0088] Layer met5    Track-Pitch = 3.4000  line-2-Via Pitch: 3.1100
[INFO GRT-0019] Found 52 clock nets.
[INFO GRT-0001] Minimum degree: 2
[INFO GRT-0002] Maximum degree: 17
[INFO GRT-0003] Macros: 0
[INFO GRT-0043] No OR_DEFAULT vias defined.
[INFO GRT-0004] Blockages: 5942

[INFO GRT-0053] Routing resources analysis:
          Routing      Original      Derated      Resource
Layer     Direction    Resources     Resources    Reduction (%)
---------------------------------------------------------------
li1        Vertical            0             0          0.00%
met1       Horizontal      27268         12905          52.67%
met2       Vertical        20143         13036          35.28%
met3       Horizontal      13634          9210          32.45%
met4       Vertical         8109          5011          38.20%
met5       Horizontal       2698          1260          53.30%
---------------------------------------------------------------

[INFO GRT-0101] Running extra iterations to remove overflow.
[INFO GRT-0197] Via related to pin nodes: 17057
[INFO GRT-0198] Via related Steiner nodes: 371
[INFO GRT-0199] Via filling finished.
[INFO GRT-0111] Final number of vias: 21637
[INFO GRT-0112] Final usage 3D: 77970

[INFO GRT-0096] Final congestion report:
Layer         Resource        Demand        Usage (%)    Max H / Max V / Total Overflow
---------------------------------------------------------------------------------------
li1                  0             0            0.00%             0 /  0 /  0
met1             12905          5523           42.80%             0 /  0 /  0
met2             13036          5771           44.27%             0 /  0 /  0
met3              9210          1090           11.83%             0 /  0 /  0
met4              5011           675           13.47%             0 /  0 /  0
met5              1260             0            0.00%             0 /  0 /  0
---------------------------------------------------------------------------------------
Total            41422         13059           31.53%             0 /  0 /  0

[INFO GRT-0018] Total wirelength: 140001 um
[INFO GRT-0014] Routed nets: 3265
Setting global connections for newly added cells…
Writing OpenROAD database to '/openlane/designs/Lab6/runs/RUN_2025.06.18_00.34.36/tmp/routing/22-global.odb'…
Writing layout to '/openlane/designs/Lab6/runs/RUN_2025.06.18_00.34.36/tmp/routing/22-global.def'…
Writing routing guides to '/openlane/designs/Lab6/runs/RUN_2025.06.18_00.34.36/tmp/routing/22-global.guide'…
