
===========================================================================
report_checks -unconstrained
===========================================================================
======================= Fastest Corner ===================================

Startpoint: reset (input port clocked by clk)
Endpoint: _5190_ (recovery check against rising-edge clock clk)
Path Group: asynchronous
Path Type: max
Corner: Fastest

Fanout     Cap    Slew   Delay    Time   Description
-----------------------------------------------------------------------------
                          0.00    0.00   clock clk (rise edge)
                          0.00    0.00   clock network delay (propagated)
                          2.00    2.00 v input external delay
     3    0.02    0.03    0.02    2.02 v reset (in)
                                         reset (net)
                  0.03    0.00    2.02 v _4572_/A (sky130_fd_sc_hd__buf_2)
     8    0.03    0.06    0.13    2.15 v _4572_/X (sky130_fd_sc_hd__buf_2)
                                         _2435_ (net)
                  0.06    0.00    2.15 v _4759_/A (sky130_fd_sc_hd__clkbuf_4)
     8    0.07    0.10    0.18    2.33 v _4759_/X (sky130_fd_sc_hd__clkbuf_4)
                                         _2462_ (net)
                  0.10    0.00    2.33 v _4774_/A (sky130_fd_sc_hd__buf_4)
    10    0.07    0.07    0.17    2.51 v _4774_/X (sky130_fd_sc_hd__buf_4)
                                         _2465_ (net)
                  0.07    0.01    2.51 v _4776_/A (sky130_fd_sc_hd__inv_2)
     1    0.00    0.03    0.05    2.56 ^ _4776_/Y (sky130_fd_sc_hd__inv_2)
                                         _0182_ (net)
                  0.03    0.00    2.56 ^ _5190_/RESET_B (sky130_fd_sc_hd__dfrtp_1)
                                  2.56   data arrival time

                         10.00   10.00   clock clk (rise edge)
                          0.00   10.00   clock source latency
     1    0.04    0.14    0.09   10.09 ^ clk (in)
                                         clk (net)
                  0.14    0.00   10.09 ^ clkbuf_0_clk/A (sky130_fd_sc_hd__clkbuf_16)
     4    0.09    0.08    0.14   10.23 ^ clkbuf_0_clk/X (sky130_fd_sc_hd__clkbuf_16)
                                         clknet_0_clk (net)
                  0.08    0.00   10.23 ^ clkbuf_2_3__f_clk/A (sky130_fd_sc_hd__clkbuf_16)
    12    0.11    0.09    0.14   10.37 ^ clkbuf_2_3__f_clk/X (sky130_fd_sc_hd__clkbuf_16)
                                         clknet_2_3__leaf_clk (net)
                  0.09    0.00   10.37 ^ clkbuf_leaf_21_clk/A (sky130_fd_sc_hd__clkbuf_8)
     7    0.03    0.05    0.11   10.48 ^ clkbuf_leaf_21_clk/X (sky130_fd_sc_hd__clkbuf_8)
                                         clknet_leaf_21_clk (net)
                  0.05    0.00   10.48 ^ _5190_/CLK (sky130_fd_sc_hd__dfrtp_1)
                         -0.25   10.23   clock uncertainty
                          0.00   10.23   clock reconvergence pessimism
                          0.15   10.38   library recovery time
                                 10.38   data required time
-----------------------------------------------------------------------------
                                 10.38   data required time
                                 -2.56   data arrival time
-----------------------------------------------------------------------------
                                  7.82   slack (MET)


Startpoint: _5400_ (rising edge-triggered flip-flop clocked by clk)
Endpoint: Result[31] (output port clocked by clk)
Path Group: clk
Path Type: max
Corner: Fastest

Fanout     Cap    Slew   Delay    Time   Description
-----------------------------------------------------------------------------
                          0.00    0.00   clock clk (rise edge)
                          0.00    0.00   clock source latency
     1    0.04    0.14    0.10    0.10 ^ clk (in)
                                         clk (net)
                  0.14    0.00    0.10 ^ clkbuf_0_clk/A (sky130_fd_sc_hd__clkbuf_16)
     4    0.09    0.08    0.16    0.26 ^ clkbuf_0_clk/X (sky130_fd_sc_hd__clkbuf_16)
                                         clknet_0_clk (net)
                  0.08    0.00    0.26 ^ clkbuf_2_0__f_clk/A (sky130_fd_sc_hd__clkbuf_16)
    12    0.11    0.10    0.16    0.41 ^ clkbuf_2_0__f_clk/X (sky130_fd_sc_hd__clkbuf_16)
                                         clknet_2_0__leaf_clk (net)
                  0.10    0.00    0.41 ^ clkbuf_leaf_43_clk/A (sky130_fd_sc_hd__clkbuf_8)
    12    0.04    0.06    0.13    0.55 ^ clkbuf_leaf_43_clk/X (sky130_fd_sc_hd__clkbuf_8)
                                         clknet_leaf_43_clk (net)
                  0.06    0.00    0.55 ^ _5400_/CLK (sky130_fd_sc_hd__dfrtp_1)
     2    0.01    0.04    0.25    0.80 v _5400_/Q (sky130_fd_sc_hd__dfrtp_1)
                                         IM0.addr[31] (net)
                  0.04    0.00    0.80 v _2491_/A (sky130_fd_sc_hd__or4_4)
     1    0.01    0.06    0.34    1.13 v _2491_/X (sky130_fd_sc_hd__or4_4)
                                         _0783_ (net)
                  0.06    0.00    1.13 v _2494_/B (sky130_fd_sc_hd__nor4_2)
     1    0.01    0.17    0.20    1.33 ^ _2494_/Y (sky130_fd_sc_hd__nor4_2)
                                         _0786_ (net)
                  0.17    0.00    1.33 ^ wire48/A (sky130_fd_sc_hd__buf_2)
     3    0.02    0.06    0.12    1.46 ^ wire48/X (sky130_fd_sc_hd__buf_2)
                                         net48 (net)
                  0.06    0.00    1.46 ^ _2495_/A (sky130_fd_sc_hd__buf_6)
     5    0.03    0.05    0.09    1.55 ^ _2495_/X (sky130_fd_sc_hd__buf_6)
                                         _0787_ (net)
                  0.05    0.00    1.55 ^ _2509_/A (sky130_fd_sc_hd__nand2_4)
     8    0.02    0.04    0.05    1.60 v _2509_/Y (sky130_fd_sc_hd__nand2_4)
                                         _0801_ (net)
                  0.04    0.00    1.60 v _2532_/B (sky130_fd_sc_hd__or2_4)
     2    0.02    0.05    0.17    1.76 v _2532_/X (sky130_fd_sc_hd__or2_4)
                                         _0824_ (net)
                  0.05    0.00    1.76 v _2533_/A (sky130_fd_sc_hd__buf_6)
     5    0.03    0.03    0.10    1.86 v _2533_/X (sky130_fd_sc_hd__buf_6)
                                         _0825_ (net)
                  0.03    0.00    1.86 v _3081_/B (sky130_fd_sc_hd__or2_4)
     3    0.02    0.05    0.17    2.03 v _3081_/X (sky130_fd_sc_hd__or2_4)
                                         _1277_ (net)
                  0.05    0.00    2.03 v _3082_/B1 (sky130_fd_sc_hd__o21a_1)
     4    0.01    0.05    0.10    2.13 v _3082_/X (sky130_fd_sc_hd__o21a_1)
                                         _1278_ (net)
                  0.05    0.00    2.13 v _3095_/C (sky130_fd_sc_hd__or4b_4)
     4    0.02    0.08    0.34    2.47 v _3095_/X (sky130_fd_sc_hd__or4b_4)
                                         _1291_ (net)
                  0.08    0.00    2.47 v _3097_/C1 (sky130_fd_sc_hd__a211o_4)
     4    0.02    0.05    0.17    2.64 v _3097_/X (sky130_fd_sc_hd__a211o_4)
                                         _1293_ (net)
                  0.05    0.00    2.64 v _3099_/C1 (sky130_fd_sc_hd__a211oi_4)
     6    0.02    0.24    0.16    2.80 ^ _3099_/Y (sky130_fd_sc_hd__a211oi_4)
                                         _1295_ (net)
                  0.24    0.00    2.80 ^ _3101_/C1 (sky130_fd_sc_hd__o211ai_2)
     3    0.01    0.08    0.07    2.88 v _3101_/Y (sky130_fd_sc_hd__o211ai_2)
                                         _1297_ (net)
                  0.08    0.00    2.88 v _3103_/C (sky130_fd_sc_hd__nor3_2)
     2    0.01    0.12    0.12    2.99 ^ _3103_/Y (sky130_fd_sc_hd__nor3_2)
                                         _1299_ (net)
                  0.12    0.00    2.99 ^ max_cap46/A (sky130_fd_sc_hd__clkbuf_2)
     2    0.01    0.04    0.09    3.09 ^ max_cap46/X (sky130_fd_sc_hd__clkbuf_2)
                                         net46 (net)
                  0.04    0.00    3.09 ^ _3104_/C_N (sky130_fd_sc_hd__or3b_4)
     4    0.02    0.07    0.27    3.35 v _3104_/X (sky130_fd_sc_hd__or3b_4)
                                         _1300_ (net)
                  0.07    0.00    3.36 v _3108_/C (sky130_fd_sc_hd__nor3_4)
     5    0.02    0.20    0.18    3.53 ^ _3108_/Y (sky130_fd_sc_hd__nor3_4)
                                         _1304_ (net)
                  0.20    0.00    3.54 ^ _3112_/B (sky130_fd_sc_hd__nand3b_4)
     5    0.02    0.07    0.08    3.61 v _3112_/Y (sky130_fd_sc_hd__nand3b_4)
                                         _1308_ (net)
                  0.07    0.00    3.61 v _3116_/B (sky130_fd_sc_hd__or3b_4)
     4    0.01    0.06    0.26    3.88 v _3116_/X (sky130_fd_sc_hd__or3b_4)
                                         _1312_ (net)
                  0.06    0.00    3.88 v _3122_/C (sky130_fd_sc_hd__or3_4)
     3    0.01    0.05    0.22    4.10 v _3122_/X (sky130_fd_sc_hd__or3_4)
                                         _1318_ (net)
                  0.05    0.00    4.10 v _3307_/S (sky130_fd_sc_hd__mux2_4)
     3    0.02    0.06    0.24    4.33 v _3307_/X (sky130_fd_sc_hd__mux2_4)
                                         _1503_ (net)
                  0.06    0.00    4.33 v _3308_/A (sky130_fd_sc_hd__xnor2_4)
     4    0.01    0.06    0.12    4.45 v _3308_/Y (sky130_fd_sc_hd__xnor2_4)
                                         _1504_ (net)
                  0.06    0.00    4.45 v _3321_/D (sky130_fd_sc_hd__or4_4)
     2    0.01    0.07    0.27    4.73 v _3321_/X (sky130_fd_sc_hd__or4_4)
                                         _1517_ (net)
                  0.07    0.00    4.73 v _3338_/A2 (sky130_fd_sc_hd__a211o_4)
     4    0.02    0.05    0.25    4.97 v _3338_/X (sky130_fd_sc_hd__a211o_4)
                                         _1534_ (net)
                  0.05    0.00    4.97 v _3344_/A1 (sky130_fd_sc_hd__a31oi_4)
     3    0.02    0.15    0.14    5.12 ^ _3344_/Y (sky130_fd_sc_hd__a31oi_4)
                                         _1540_ (net)
                  0.15    0.00    5.12 ^ _3346_/A1 (sky130_fd_sc_hd__a21boi_4)
     6    0.02    0.06    0.06    5.18 v _3346_/Y (sky130_fd_sc_hd__a21boi_4)
                                         _1542_ (net)
                  0.06    0.00    5.18 v _3349_/A1 (sky130_fd_sc_hd__a211o_1)
     4    0.01    0.06    0.21    5.39 v _3349_/X (sky130_fd_sc_hd__a211o_1)
                                         _1545_ (net)
                  0.06    0.00    5.39 v _3352_/A1 (sky130_fd_sc_hd__a211o_1)
     4    0.01    0.06    0.21    5.60 v _3352_/X (sky130_fd_sc_hd__a211o_1)
                                         _1548_ (net)
                  0.06    0.00    5.60 v _3354_/A1 (sky130_fd_sc_hd__a21o_1)
     4    0.01    0.05    0.14    5.74 v _3354_/X (sky130_fd_sc_hd__a21o_1)
                                         _1550_ (net)
                  0.05    0.00    5.74 v rebuffer8/A (sky130_fd_sc_hd__clkbuf_2)
     1    0.01    0.03    0.09    5.83 v rebuffer8/X (sky130_fd_sc_hd__clkbuf_2)
                                         net56 (net)
                  0.03    0.00    5.83 v _3359_/A1 (sky130_fd_sc_hd__a311oi_4)
     2    0.02    0.27    0.23    6.07 ^ _3359_/Y (sky130_fd_sc_hd__a311oi_4)
                                         net26 (net)
                  0.27    0.00    6.07 ^ output26/A (sky130_fd_sc_hd__buf_6)
     1    0.03    0.06    0.11    6.18 ^ output26/X (sky130_fd_sc_hd__buf_6)
                                         Result[31] (net)
                  0.06    0.00    6.18 ^ Result[31] (out)
                                  6.18   data arrival time

                         10.00   10.00   clock clk (rise edge)
                          0.00   10.00   clock network delay (propagated)
                         -0.25    9.75   clock uncertainty
                          0.00    9.75   clock reconvergence pessimism
                         -2.00    7.75   output external delay
                                  7.75   data required time
-----------------------------------------------------------------------------
                                  7.75   data required time
                                 -6.18   data arrival time
-----------------------------------------------------------------------------
                                  1.57   slack (MET)



======================= Slowest Corner ===================================

Startpoint: reset (input port clocked by clk)
Endpoint: _5190_ (recovery check against rising-edge clock clk)
Path Group: asynchronous
Path Type: max
Corner: Slowest

Fanout     Cap    Slew   Delay    Time   Description
-----------------------------------------------------------------------------
                          0.00    0.00   clock clk (rise edge)
                          0.00    0.00   clock network delay (propagated)
                          2.00    2.00 v input external delay
     3    0.02    0.10    0.07    2.07 v reset (in)
                                         reset (net)
                  0.10    0.00    2.07 v _4572_/A (sky130_fd_sc_hd__buf_2)
     8    0.03    0.17    0.38    2.45 v _4572_/X (sky130_fd_sc_hd__buf_2)
                                         _2435_ (net)
                  0.17    0.00    2.45 v _4759_/A (sky130_fd_sc_hd__clkbuf_4)
     8    0.07    0.25    0.48    2.93 v _4759_/X (sky130_fd_sc_hd__clkbuf_4)
                                         _2462_ (net)
                  0.25    0.00    2.93 v _4774_/A (sky130_fd_sc_hd__buf_4)
    10    0.07    0.18    0.47    3.41 v _4774_/X (sky130_fd_sc_hd__buf_4)
                                         _2465_ (net)
                  0.18    0.01    3.41 v _4776_/A (sky130_fd_sc_hd__inv_2)
     1    0.00    0.06    0.12    3.53 ^ _4776_/Y (sky130_fd_sc_hd__inv_2)
                                         _0182_ (net)
                  0.06    0.00    3.53 ^ _5190_/RESET_B (sky130_fd_sc_hd__dfrtp_1)
                                  3.53   data arrival time

                         10.00   10.00   clock clk (rise edge)
                          0.00   10.00   clock source latency
     1    0.04    0.29    0.19   10.19 ^ clk (in)
                                         clk (net)
                  0.29    0.00   10.19 ^ clkbuf_0_clk/A (sky130_fd_sc_hd__clkbuf_16)
     4    0.09    0.16    0.38   10.57 ^ clkbuf_0_clk/X (sky130_fd_sc_hd__clkbuf_16)
                                         clknet_0_clk (net)
                  0.16    0.00   10.57 ^ clkbuf_2_3__f_clk/A (sky130_fd_sc_hd__clkbuf_16)
    12    0.11    0.18    0.34   10.91 ^ clkbuf_2_3__f_clk/X (sky130_fd_sc_hd__clkbuf_16)
                                         clknet_2_3__leaf_clk (net)
                  0.18    0.00   10.91 ^ clkbuf_leaf_21_clk/A (sky130_fd_sc_hd__clkbuf_8)
     7    0.03    0.10    0.29   11.21 ^ clkbuf_leaf_21_clk/X (sky130_fd_sc_hd__clkbuf_8)
                                         clknet_leaf_21_clk (net)
                  0.10    0.00   11.21 ^ _5190_/CLK (sky130_fd_sc_hd__dfrtp_1)
                         -0.25   10.96   clock uncertainty
                          0.00   10.96   clock reconvergence pessimism
                          0.48   11.43   library recovery time
                                 11.43   data required time
-----------------------------------------------------------------------------
                                 11.43   data required time
                                 -3.53   data arrival time
-----------------------------------------------------------------------------
                                  7.90   slack (MET)


Startpoint: _5393_ (rising edge-triggered flip-flop clocked by clk)
Endpoint: Result[31] (output port clocked by clk)
Path Group: clk
Path Type: max
Corner: Slowest

Fanout     Cap    Slew   Delay    Time   Description
-----------------------------------------------------------------------------
                          0.00    0.00   clock clk (rise edge)
                          0.00    0.00   clock source latency
     1    0.04    0.29    0.21    0.21 ^ clk (in)
                                         clk (net)
                  0.29    0.00    0.21 ^ clkbuf_0_clk/A (sky130_fd_sc_hd__clkbuf_16)
     4    0.09    0.16    0.42    0.63 ^ clkbuf_0_clk/X (sky130_fd_sc_hd__clkbuf_16)
                                         clknet_0_clk (net)
                  0.16    0.00    0.63 ^ clkbuf_2_0__f_clk/A (sky130_fd_sc_hd__clkbuf_16)
    12    0.11    0.19    0.38    1.01 ^ clkbuf_2_0__f_clk/X (sky130_fd_sc_hd__clkbuf_16)
                                         clknet_2_0__leaf_clk (net)
                  0.19    0.00    1.01 ^ clkbuf_leaf_44_clk/A (sky130_fd_sc_hd__clkbuf_8)
     8    0.03    0.11    0.33    1.35 ^ clkbuf_leaf_44_clk/X (sky130_fd_sc_hd__clkbuf_8)
                                         clknet_leaf_44_clk (net)
                  0.11    0.00    1.35 ^ _5393_/CLK (sky130_fd_sc_hd__dfrtp_1)
     2    0.00    0.09    0.81    2.16 v _5393_/Q (sky130_fd_sc_hd__dfrtp_1)
                                         IM0.addr[24] (net)
                  0.09    0.00    2.16 v _2490_/A (sky130_fd_sc_hd__or4_1)
     1    0.01    0.22    1.33    3.49 v _2490_/X (sky130_fd_sc_hd__or4_1)
                                         _0782_ (net)
                  0.22    0.00    3.49 v _2494_/A (sky130_fd_sc_hd__nor4_2)
     1    0.01    0.39    0.59    4.08 ^ _2494_/Y (sky130_fd_sc_hd__nor4_2)
                                         _0786_ (net)
                  0.39    0.00    4.08 ^ wire48/A (sky130_fd_sc_hd__buf_2)
     3    0.01    0.13    0.39    4.48 ^ wire48/X (sky130_fd_sc_hd__buf_2)
                                         net48 (net)
                  0.13    0.00    4.48 ^ _2495_/A (sky130_fd_sc_hd__buf_6)
     5    0.03    0.10    0.25    4.73 ^ _2495_/X (sky130_fd_sc_hd__buf_6)
                                         _0787_ (net)
                  0.10    0.00    4.73 ^ _2509_/A (sky130_fd_sc_hd__nand2_4)
     8    0.02    0.11    0.15    4.87 v _2509_/Y (sky130_fd_sc_hd__nand2_4)
                                         _0801_ (net)
                  0.11    0.00    4.87 v _2532_/B (sky130_fd_sc_hd__or2_4)
     2    0.02    0.11    0.52    5.39 v _2532_/X (sky130_fd_sc_hd__or2_4)
                                         _0824_ (net)
                  0.11    0.00    5.39 v _2533_/A (sky130_fd_sc_hd__buf_6)
     5    0.03    0.07    0.27    5.67 v _2533_/X (sky130_fd_sc_hd__buf_6)
                                         _0825_ (net)
                  0.07    0.00    5.67 v _3081_/B (sky130_fd_sc_hd__or2_4)
     3    0.02    0.13    0.53    6.19 v _3081_/X (sky130_fd_sc_hd__or2_4)
                                         _1277_ (net)
                  0.13    0.00    6.19 v _3082_/B1 (sky130_fd_sc_hd__o21a_1)
     4    0.01    0.15    0.31    6.50 v _3082_/X (sky130_fd_sc_hd__o21a_1)
                                         _1278_ (net)
                  0.15    0.00    6.50 v _3095_/C (sky130_fd_sc_hd__or4b_4)
     4    0.02    0.21    1.14    7.64 v _3095_/X (sky130_fd_sc_hd__or4b_4)
                                         _1291_ (net)
                  0.21    0.00    7.64 v _3097_/C1 (sky130_fd_sc_hd__a211o_4)
     4    0.02    0.11    0.61    8.25 v _3097_/X (sky130_fd_sc_hd__a211o_4)
                                         _1293_ (net)
                  0.11    0.00    8.25 v _3099_/C1 (sky130_fd_sc_hd__a211oi_4)
     6    0.02    0.53    0.52    8.77 ^ _3099_/Y (sky130_fd_sc_hd__a211oi_4)
                                         _1295_ (net)
                  0.53    0.00    8.77 ^ _3101_/C1 (sky130_fd_sc_hd__o211ai_2)
     3    0.01    0.25    0.42    9.19 v _3101_/Y (sky130_fd_sc_hd__o211ai_2)
                                         _1297_ (net)
                  0.25    0.00    9.19 v _3103_/C (sky130_fd_sc_hd__nor3_2)
     2    0.01    0.28    0.31    9.50 ^ _3103_/Y (sky130_fd_sc_hd__nor3_2)
                                         _1299_ (net)
                  0.28    0.00    9.50 ^ max_cap46/A (sky130_fd_sc_hd__clkbuf_2)
     2    0.01    0.07    0.30    9.80 ^ max_cap46/X (sky130_fd_sc_hd__clkbuf_2)
                                         net46 (net)
                  0.07    0.00    9.80 ^ rebuffer4/A (sky130_fd_sc_hd__dlygate4sd1_1)
     3    0.01    0.14    0.46   10.25 ^ rebuffer4/X (sky130_fd_sc_hd__dlygate4sd1_1)
                                         net52 (net)
                  0.14    0.00   10.25 ^ _3165_/A (sky130_fd_sc_hd__nand2_1)
     2    0.01    0.14    0.18   10.44 v _3165_/Y (sky130_fd_sc_hd__nand2_1)
                                         _1361_ (net)
                  0.14    0.00   10.44 v _3183_/A1 (sky130_fd_sc_hd__a211o_1)
     3    0.01    0.18    0.65   11.09 v _3183_/X (sky130_fd_sc_hd__a211o_1)
                                         _1379_ (net)
                  0.18    0.00   11.09 v _3185_/B (sky130_fd_sc_hd__nand2_2)
     5    0.01    0.14    0.22   11.31 ^ _3185_/Y (sky130_fd_sc_hd__nand2_2)
                                         _1381_ (net)
                  0.14    0.00   11.31 ^ _3186_/B_N (sky130_fd_sc_hd__or2b_1)
     3    0.01    0.14    0.61   11.92 v _3186_/X (sky130_fd_sc_hd__or2b_1)
                                         _1382_ (net)
                  0.14    0.00   11.92 v _3265_/B (sky130_fd_sc_hd__or4b_4)
     2    0.02    0.20    1.19   13.11 v _3265_/X (sky130_fd_sc_hd__or4b_4)
                                         _1461_ (net)
                  0.20    0.00   13.11 v _3279_/A1 (sky130_fd_sc_hd__a21oi_4)
     6    0.03    0.38    0.46   13.57 ^ _3279_/Y (sky130_fd_sc_hd__a21oi_4)
                                         _1475_ (net)
                  0.38    0.00   13.57 ^ _3305_/A1 (sky130_fd_sc_hd__a21oi_4)
     3    0.02    0.14    0.25   13.82 v _3305_/Y (sky130_fd_sc_hd__a21oi_4)
                                         _1501_ (net)
                  0.14    0.00   13.82 v _3321_/A (sky130_fd_sc_hd__or4_4)
     2    0.01    0.17    1.16   14.98 v _3321_/X (sky130_fd_sc_hd__or4_4)
                                         _1517_ (net)
                  0.17    0.00   14.98 v _3338_/A2 (sky130_fd_sc_hd__a211o_4)
     4    0.02    0.11    0.71   15.70 v _3338_/X (sky130_fd_sc_hd__a211o_4)
                                         _1534_ (net)
                  0.11    0.00   15.70 v _3344_/A1 (sky130_fd_sc_hd__a31oi_4)
     3    0.02    0.30    0.34   16.03 ^ _3344_/Y (sky130_fd_sc_hd__a31oi_4)
                                         _1540_ (net)
                  0.30    0.00   16.03 ^ _3346_/A1 (sky130_fd_sc_hd__a21boi_4)
     6    0.02    0.15    0.24   16.28 v _3346_/Y (sky130_fd_sc_hd__a21boi_4)
                                         _1542_ (net)
                  0.15    0.00   16.28 v _3349_/A1 (sky130_fd_sc_hd__a211o_1)
     4    0.01    0.16    0.63   16.91 v _3349_/X (sky130_fd_sc_hd__a211o_1)
                                         _1545_ (net)
                  0.16    0.00   16.91 v _3352_/A1 (sky130_fd_sc_hd__a211o_1)
     4    0.01    0.17    0.65   17.56 v _3352_/X (sky130_fd_sc_hd__a211o_1)
                                         _1548_ (net)
                  0.17    0.00   17.56 v _3354_/A1 (sky130_fd_sc_hd__a21o_1)
     4    0.01    0.13    0.42   17.98 v _3354_/X (sky130_fd_sc_hd__a21o_1)
                                         _1550_ (net)
                  0.13    0.00   17.98 v rebuffer8/A (sky130_fd_sc_hd__clkbuf_2)
     1    0.01    0.08    0.25   18.24 v rebuffer8/X (sky130_fd_sc_hd__clkbuf_2)
                                         net56 (net)
                  0.08    0.00   18.24 v _3359_/A1 (sky130_fd_sc_hd__a311oi_4)
     2    0.02    0.55    0.55   18.79 ^ _3359_/Y (sky130_fd_sc_hd__a311oi_4)
                                         net26 (net)
                  0.55    0.00   18.79 ^ output26/A (sky130_fd_sc_hd__buf_6)
     1    0.03    0.13    0.42   19.21 ^ output26/X (sky130_fd_sc_hd__buf_6)
                                         Result[31] (net)
                  0.13    0.00   19.21 ^ Result[31] (out)
                                 19.21   data arrival time

                         10.00   10.00   clock clk (rise edge)
                          0.00   10.00   clock network delay (propagated)
                         -0.25    9.75   clock uncertainty
                          0.00    9.75   clock reconvergence pessimism
                         -2.00    7.75   output external delay
                                  7.75   data required time
-----------------------------------------------------------------------------
                                  7.75   data required time
                                -19.21   data arrival time
-----------------------------------------------------------------------------
                                -11.46   slack (VIOLATED)



======================= Typical Corner ===================================

Startpoint: reset (input port clocked by clk)
Endpoint: _5190_ (recovery check against rising-edge clock clk)
Path Group: asynchronous
Path Type: max
Corner: Typical

Fanout     Cap    Slew   Delay    Time   Description
-----------------------------------------------------------------------------
                          0.00    0.00   clock clk (rise edge)
                          0.00    0.00   clock network delay (propagated)
                          2.00    2.00 v input external delay
     3    0.02    0.05    0.04    2.04 v reset (in)
                                         reset (net)
                  0.05    0.00    2.04 v _4572_/A (sky130_fd_sc_hd__buf_2)
     8    0.03    0.09    0.19    2.23 v _4572_/X (sky130_fd_sc_hd__buf_2)
                                         _2435_ (net)
                  0.09    0.00    2.23 v _4759_/A (sky130_fd_sc_hd__clkbuf_4)
     8    0.07    0.14    0.27    2.50 v _4759_/X (sky130_fd_sc_hd__clkbuf_4)
                                         _2462_ (net)
                  0.14    0.00    2.50 v _4774_/A (sky130_fd_sc_hd__buf_4)
    10    0.07    0.10    0.26    2.75 v _4774_/X (sky130_fd_sc_hd__buf_4)
                                         _2465_ (net)
                  0.10    0.01    2.76 v _4776_/A (sky130_fd_sc_hd__inv_2)
     1    0.00    0.04    0.07    2.83 ^ _4776_/Y (sky130_fd_sc_hd__inv_2)
                                         _0182_ (net)
                  0.04    0.00    2.83 ^ _5190_/RESET_B (sky130_fd_sc_hd__dfrtp_1)
                                  2.83   data arrival time

                         10.00   10.00   clock clk (rise edge)
                          0.00   10.00   clock source latency
     1    0.04    0.18    0.12   10.12 ^ clk (in)
                                         clk (net)
                  0.18    0.00   10.12 ^ clkbuf_0_clk/A (sky130_fd_sc_hd__clkbuf_16)
     4    0.09    0.10    0.21   10.33 ^ clkbuf_0_clk/X (sky130_fd_sc_hd__clkbuf_16)
                                         clknet_0_clk (net)
                  0.10    0.00   10.33 ^ clkbuf_2_3__f_clk/A (sky130_fd_sc_hd__clkbuf_16)
    12    0.11    0.12    0.20   10.54 ^ clkbuf_2_3__f_clk/X (sky130_fd_sc_hd__clkbuf_16)
                                         clknet_2_3__leaf_clk (net)
                  0.12    0.00   10.54 ^ clkbuf_leaf_21_clk/A (sky130_fd_sc_hd__clkbuf_8)
     7    0.03    0.07    0.16   10.70 ^ clkbuf_leaf_21_clk/X (sky130_fd_sc_hd__clkbuf_8)
                                         clknet_leaf_21_clk (net)
                  0.07    0.00   10.70 ^ _5190_/CLK (sky130_fd_sc_hd__dfrtp_1)
                         -0.25   10.45   clock uncertainty
                          0.00   10.45   clock reconvergence pessimism
                          0.24   10.69   library recovery time
                                 10.69   data required time
-----------------------------------------------------------------------------
                                 10.69   data required time
                                 -2.83   data arrival time
-----------------------------------------------------------------------------
                                  7.86   slack (MET)


Startpoint: _5393_ (rising edge-triggered flip-flop clocked by clk)
Endpoint: Result[31] (output port clocked by clk)
Path Group: clk
Path Type: max
Corner: Typical

Fanout     Cap    Slew   Delay    Time   Description
-----------------------------------------------------------------------------
                          0.00    0.00   clock clk (rise edge)
                          0.00    0.00   clock source latency
     1    0.04    0.18    0.13    0.13 ^ clk (in)
                                         clk (net)
                  0.18    0.00    0.13 ^ clkbuf_0_clk/A (sky130_fd_sc_hd__clkbuf_16)
     4    0.09    0.10    0.23    0.37 ^ clkbuf_0_clk/X (sky130_fd_sc_hd__clkbuf_16)
                                         clknet_0_clk (net)
                  0.10    0.00    0.37 ^ clkbuf_2_0__f_clk/A (sky130_fd_sc_hd__clkbuf_16)
    12    0.11    0.12    0.22    0.59 ^ clkbuf_2_0__f_clk/X (sky130_fd_sc_hd__clkbuf_16)
                                         clknet_2_0__leaf_clk (net)
                  0.12    0.00    0.60 ^ clkbuf_leaf_44_clk/A (sky130_fd_sc_hd__clkbuf_8)
     8    0.03    0.07    0.19    0.78 ^ clkbuf_leaf_44_clk/X (sky130_fd_sc_hd__clkbuf_8)
                                         clknet_leaf_44_clk (net)
                  0.07    0.00    0.78 ^ _5393_/CLK (sky130_fd_sc_hd__dfrtp_1)
     2    0.00    0.05    0.39    1.18 v _5393_/Q (sky130_fd_sc_hd__dfrtp_1)
                                         IM0.addr[24] (net)
                  0.05    0.00    1.18 v _2490_/A (sky130_fd_sc_hd__or4_1)
     1    0.01    0.10    0.56    1.74 v _2490_/X (sky130_fd_sc_hd__or4_1)
                                         _0782_ (net)
                  0.10    0.00    1.74 v _2494_/A (sky130_fd_sc_hd__nor4_2)
     1    0.01    0.23    0.33    2.07 ^ _2494_/Y (sky130_fd_sc_hd__nor4_2)
                                         _0786_ (net)
                  0.23    0.00    2.07 ^ wire48/A (sky130_fd_sc_hd__buf_2)
     3    0.02    0.08    0.20    2.27 ^ wire48/X (sky130_fd_sc_hd__buf_2)
                                         net48 (net)
                  0.08    0.00    2.27 ^ _2495_/A (sky130_fd_sc_hd__buf_6)
     5    0.03    0.06    0.13    2.41 ^ _2495_/X (sky130_fd_sc_hd__buf_6)
                                         _0787_ (net)
                  0.06    0.00    2.41 ^ _2509_/A (sky130_fd_sc_hd__nand2_4)
     8    0.02    0.06    0.07    2.48 v _2509_/Y (sky130_fd_sc_hd__nand2_4)
                                         _0801_ (net)
                  0.06    0.00    2.48 v _2532_/B (sky130_fd_sc_hd__or2_4)
     2    0.02    0.06    0.27    2.75 v _2532_/X (sky130_fd_sc_hd__or2_4)
                                         _0824_ (net)
                  0.06    0.00    2.75 v _2533_/A (sky130_fd_sc_hd__buf_6)
     5    0.03    0.04    0.15    2.89 v _2533_/X (sky130_fd_sc_hd__buf_6)
                                         _0825_ (net)
                  0.04    0.00    2.89 v _3081_/B (sky130_fd_sc_hd__or2_4)
     3    0.02    0.07    0.27    3.17 v _3081_/X (sky130_fd_sc_hd__or2_4)
                                         _1277_ (net)
                  0.07    0.00    3.17 v _3082_/B1 (sky130_fd_sc_hd__o21a_1)
     4    0.01    0.08    0.16    3.32 v _3082_/X (sky130_fd_sc_hd__o21a_1)
                                         _1278_ (net)
                  0.08    0.00    3.32 v _3095_/C (sky130_fd_sc_hd__or4b_4)
     4    0.02    0.11    0.57    3.89 v _3095_/X (sky130_fd_sc_hd__or4b_4)
                                         _1291_ (net)
                  0.11    0.00    3.89 v _3097_/C1 (sky130_fd_sc_hd__a211o_4)
     4    0.02    0.07    0.33    4.22 v _3097_/X (sky130_fd_sc_hd__a211o_4)
                                         _1293_ (net)
                  0.07    0.00    4.22 v _3099_/C1 (sky130_fd_sc_hd__a211oi_4)
     6    0.02    0.33    0.31    4.53 ^ _3099_/Y (sky130_fd_sc_hd__a211oi_4)
                                         _1295_ (net)
                  0.33    0.00    4.53 ^ _3101_/C1 (sky130_fd_sc_hd__o211ai_2)
     3    0.01    0.14    0.19    4.72 v _3101_/Y (sky130_fd_sc_hd__o211ai_2)
                                         _1297_ (net)
                  0.14    0.00    4.72 v _3103_/C (sky130_fd_sc_hd__nor3_2)
     2    0.01    0.17    0.18    4.89 ^ _3103_/Y (sky130_fd_sc_hd__nor3_2)
                                         _1299_ (net)
                  0.17    0.00    4.89 ^ max_cap46/A (sky130_fd_sc_hd__clkbuf_2)
     2    0.01    0.05    0.15    5.05 ^ max_cap46/X (sky130_fd_sc_hd__clkbuf_2)
                                         net46 (net)
                  0.05    0.00    5.05 ^ _3104_/C_N (sky130_fd_sc_hd__or3b_4)
     4    0.02    0.10    0.44    5.48 v _3104_/X (sky130_fd_sc_hd__or3b_4)
                                         _1300_ (net)
                  0.10    0.00    5.48 v _3108_/C (sky130_fd_sc_hd__nor3_4)
     5    0.02    0.28    0.26    5.74 ^ _3108_/Y (sky130_fd_sc_hd__nor3_4)
                                         _1304_ (net)
                  0.28    0.00    5.74 ^ _3112_/B (sky130_fd_sc_hd__nand3b_4)
     5    0.02    0.10    0.15    5.89 v _3112_/Y (sky130_fd_sc_hd__nand3b_4)
                                         _1308_ (net)
                  0.10    0.00    5.89 v _3116_/B (sky130_fd_sc_hd__or3b_4)
     4    0.01    0.08    0.43    6.32 v _3116_/X (sky130_fd_sc_hd__or3b_4)
                                         _1312_ (net)
                  0.08    0.00    6.32 v _3122_/C (sky130_fd_sc_hd__or3_4)
     3    0.01    0.08    0.37    6.69 v _3122_/X (sky130_fd_sc_hd__or3_4)
                                         _1318_ (net)
                  0.08    0.00    6.69 v _3307_/S (sky130_fd_sc_hd__mux2_4)
     3    0.02    0.08    0.37    7.06 v _3307_/X (sky130_fd_sc_hd__mux2_4)
                                         _1503_ (net)
                  0.08    0.00    7.06 v _3308_/A (sky130_fd_sc_hd__xnor2_4)
     4    0.01    0.09    0.17    7.23 v _3308_/Y (sky130_fd_sc_hd__xnor2_4)
                                         _1504_ (net)
                  0.09    0.00    7.23 v _3321_/D (sky130_fd_sc_hd__or4_4)
     2    0.01    0.09    0.47    7.69 v _3321_/X (sky130_fd_sc_hd__or4_4)
                                         _1517_ (net)
                  0.09    0.00    7.69 v _3338_/A2 (sky130_fd_sc_hd__a211o_4)
     4    0.02    0.07    0.40    8.09 v _3338_/X (sky130_fd_sc_hd__a211o_4)
                                         _1534_ (net)
                  0.07    0.00    8.09 v _3344_/A1 (sky130_fd_sc_hd__a31oi_4)
     3    0.02    0.20    0.20    8.29 ^ _3344_/Y (sky130_fd_sc_hd__a31oi_4)
                                         _1540_ (net)
                  0.20    0.00    8.29 ^ _3346_/A1 (sky130_fd_sc_hd__a21boi_4)
     6    0.02    0.08    0.12    8.41 v _3346_/Y (sky130_fd_sc_hd__a21boi_4)
                                         _1542_ (net)
                  0.08    0.00    8.41 v _3349_/A1 (sky130_fd_sc_hd__a211o_1)
     4    0.01    0.09    0.33    8.74 v _3349_/X (sky130_fd_sc_hd__a211o_1)
                                         _1545_ (net)
                  0.09    0.00    8.74 v _3352_/A1 (sky130_fd_sc_hd__a211o_1)
     4    0.01    0.09    0.33    9.07 v _3352_/X (sky130_fd_sc_hd__a211o_1)
                                         _1548_ (net)
                  0.09    0.00    9.07 v _3354_/A1 (sky130_fd_sc_hd__a21o_1)
     4    0.01    0.07    0.22    9.29 v _3354_/X (sky130_fd_sc_hd__a21o_1)
                                         _1550_ (net)
                  0.07    0.00    9.29 v rebuffer8/A (sky130_fd_sc_hd__clkbuf_2)
     1    0.01    0.04    0.13    9.42 v rebuffer8/X (sky130_fd_sc_hd__clkbuf_2)
                                         net56 (net)
                  0.04    0.00    9.42 v _3359_/A1 (sky130_fd_sc_hd__a311oi_4)
     2    0.02    0.36    0.33    9.76 ^ _3359_/Y (sky130_fd_sc_hd__a311oi_4)
                                         net26 (net)
                  0.36    0.00    9.76 ^ output26/A (sky130_fd_sc_hd__buf_6)
     1    0.03    0.08    0.20    9.96 ^ output26/X (sky130_fd_sc_hd__buf_6)
                                         Result[31] (net)
                  0.08    0.00    9.96 ^ Result[31] (out)
                                  9.96   data arrival time

                         10.00   10.00   clock clk (rise edge)
                          0.00   10.00   clock network delay (propagated)
                         -0.25    9.75   clock uncertainty
                          0.00    9.75   clock reconvergence pessimism
                         -2.00    7.75   output external delay
                                  7.75   data required time
-----------------------------------------------------------------------------
                                  7.75   data required time
                                 -9.96   data arrival time
-----------------------------------------------------------------------------
                                 -2.21   slack (VIOLATED)




===========================================================================
report_checks --slack_max -0.01
============================================================================
======================= Fastest Corner ===================================

No paths found.

======================= Slowest Corner ===================================

Startpoint: _5393_ (rising edge-triggered flip-flop clocked by clk)
Endpoint: Result[31] (output port clocked by clk)
Path Group: clk
Path Type: max
Corner: Slowest

Fanout     Cap    Slew   Delay    Time   Description
-----------------------------------------------------------------------------
                          0.00    0.00   clock clk (rise edge)
                          0.00    0.00   clock source latency
     1    0.04    0.29    0.21    0.21 ^ clk (in)
                                         clk (net)
                  0.29    0.00    0.21 ^ clkbuf_0_clk/A (sky130_fd_sc_hd__clkbuf_16)
     4    0.09    0.16    0.42    0.63 ^ clkbuf_0_clk/X (sky130_fd_sc_hd__clkbuf_16)
                                         clknet_0_clk (net)
                  0.16    0.00    0.63 ^ clkbuf_2_0__f_clk/A (sky130_fd_sc_hd__clkbuf_16)
    12    0.11    0.19    0.38    1.01 ^ clkbuf_2_0__f_clk/X (sky130_fd_sc_hd__clkbuf_16)
                                         clknet_2_0__leaf_clk (net)
                  0.19    0.00    1.01 ^ clkbuf_leaf_44_clk/A (sky130_fd_sc_hd__clkbuf_8)
     8    0.03    0.11    0.33    1.35 ^ clkbuf_leaf_44_clk/X (sky130_fd_sc_hd__clkbuf_8)
                                         clknet_leaf_44_clk (net)
                  0.11    0.00    1.35 ^ _5393_/CLK (sky130_fd_sc_hd__dfrtp_1)
     2    0.00    0.09    0.81    2.16 v _5393_/Q (sky130_fd_sc_hd__dfrtp_1)
                                         IM0.addr[24] (net)
                  0.09    0.00    2.16 v _2490_/A (sky130_fd_sc_hd__or4_1)
     1    0.01    0.22    1.33    3.49 v _2490_/X (sky130_fd_sc_hd__or4_1)
                                         _0782_ (net)
                  0.22    0.00    3.49 v _2494_/A (sky130_fd_sc_hd__nor4_2)
     1    0.01    0.39    0.59    4.08 ^ _2494_/Y (sky130_fd_sc_hd__nor4_2)
                                         _0786_ (net)
                  0.39    0.00    4.08 ^ wire48/A (sky130_fd_sc_hd__buf_2)
     3    0.01    0.13    0.39    4.48 ^ wire48/X (sky130_fd_sc_hd__buf_2)
                                         net48 (net)
                  0.13    0.00    4.48 ^ _2495_/A (sky130_fd_sc_hd__buf_6)
     5    0.03    0.10    0.25    4.73 ^ _2495_/X (sky130_fd_sc_hd__buf_6)
                                         _0787_ (net)
                  0.10    0.00    4.73 ^ _2509_/A (sky130_fd_sc_hd__nand2_4)
     8    0.02    0.11    0.15    4.87 v _2509_/Y (sky130_fd_sc_hd__nand2_4)
                                         _0801_ (net)
                  0.11    0.00    4.87 v _2532_/B (sky130_fd_sc_hd__or2_4)
     2    0.02    0.11    0.52    5.39 v _2532_/X (sky130_fd_sc_hd__or2_4)
                                         _0824_ (net)
                  0.11    0.00    5.39 v _2533_/A (sky130_fd_sc_hd__buf_6)
     5    0.03    0.07    0.27    5.67 v _2533_/X (sky130_fd_sc_hd__buf_6)
                                         _0825_ (net)
                  0.07    0.00    5.67 v _3081_/B (sky130_fd_sc_hd__or2_4)
     3    0.02    0.13    0.53    6.19 v _3081_/X (sky130_fd_sc_hd__or2_4)
                                         _1277_ (net)
                  0.13    0.00    6.19 v _3082_/B1 (sky130_fd_sc_hd__o21a_1)
     4    0.01    0.15    0.31    6.50 v _3082_/X (sky130_fd_sc_hd__o21a_1)
                                         _1278_ (net)
                  0.15    0.00    6.50 v _3095_/C (sky130_fd_sc_hd__or4b_4)
     4    0.02    0.21    1.14    7.64 v _3095_/X (sky130_fd_sc_hd__or4b_4)
                                         _1291_ (net)
                  0.21    0.00    7.64 v _3097_/C1 (sky130_fd_sc_hd__a211o_4)
     4    0.02    0.11    0.61    8.25 v _3097_/X (sky130_fd_sc_hd__a211o_4)
                                         _1293_ (net)
                  0.11    0.00    8.25 v _3099_/C1 (sky130_fd_sc_hd__a211oi_4)
     6    0.02    0.53    0.52    8.77 ^ _3099_/Y (sky130_fd_sc_hd__a211oi_4)
                                         _1295_ (net)
                  0.53    0.00    8.77 ^ _3101_/C1 (sky130_fd_sc_hd__o211ai_2)
     3    0.01    0.25    0.42    9.19 v _3101_/Y (sky130_fd_sc_hd__o211ai_2)
                                         _1297_ (net)
                  0.25    0.00    9.19 v _3103_/C (sky130_fd_sc_hd__nor3_2)
     2    0.01    0.28    0.31    9.50 ^ _3103_/Y (sky130_fd_sc_hd__nor3_2)
                                         _1299_ (net)
                  0.28    0.00    9.50 ^ max_cap46/A (sky130_fd_sc_hd__clkbuf_2)
     2    0.01    0.07    0.30    9.80 ^ max_cap46/X (sky130_fd_sc_hd__clkbuf_2)
                                         net46 (net)
                  0.07    0.00    9.80 ^ rebuffer4/A (sky130_fd_sc_hd__dlygate4sd1_1)
     3    0.01    0.14    0.46   10.25 ^ rebuffer4/X (sky130_fd_sc_hd__dlygate4sd1_1)
                                         net52 (net)
                  0.14    0.00   10.25 ^ _3165_/A (sky130_fd_sc_hd__nand2_1)
     2    0.01    0.14    0.18   10.44 v _3165_/Y (sky130_fd_sc_hd__nand2_1)
                                         _1361_ (net)
                  0.14    0.00   10.44 v _3183_/A1 (sky130_fd_sc_hd__a211o_1)
     3    0.01    0.18    0.65   11.09 v _3183_/X (sky130_fd_sc_hd__a211o_1)
                                         _1379_ (net)
                  0.18    0.00   11.09 v _3185_/B (sky130_fd_sc_hd__nand2_2)
     5    0.01    0.14    0.22   11.31 ^ _3185_/Y (sky130_fd_sc_hd__nand2_2)
                                         _1381_ (net)
                  0.14    0.00   11.31 ^ _3186_/B_N (sky130_fd_sc_hd__or2b_1)
     3    0.01    0.14    0.61   11.92 v _3186_/X (sky130_fd_sc_hd__or2b_1)
                                         _1382_ (net)
                  0.14    0.00   11.92 v _3265_/B (sky130_fd_sc_hd__or4b_4)
     2    0.02    0.20    1.19   13.11 v _3265_/X (sky130_fd_sc_hd__or4b_4)
                                         _1461_ (net)
                  0.20    0.00   13.11 v _3279_/A1 (sky130_fd_sc_hd__a21oi_4)
     6    0.03    0.38    0.46   13.57 ^ _3279_/Y (sky130_fd_sc_hd__a21oi_4)
                                         _1475_ (net)
                  0.38    0.00   13.57 ^ _3305_/A1 (sky130_fd_sc_hd__a21oi_4)
     3    0.02    0.14    0.25   13.82 v _3305_/Y (sky130_fd_sc_hd__a21oi_4)
                                         _1501_ (net)
                  0.14    0.00   13.82 v _3321_/A (sky130_fd_sc_hd__or4_4)
     2    0.01    0.17    1.16   14.98 v _3321_/X (sky130_fd_sc_hd__or4_4)
                                         _1517_ (net)
                  0.17    0.00   14.98 v _3338_/A2 (sky130_fd_sc_hd__a211o_4)
     4    0.02    0.11    0.71   15.70 v _3338_/X (sky130_fd_sc_hd__a211o_4)
                                         _1534_ (net)
                  0.11    0.00   15.70 v _3344_/A1 (sky130_fd_sc_hd__a31oi_4)
     3    0.02    0.30    0.34   16.03 ^ _3344_/Y (sky130_fd_sc_hd__a31oi_4)
                                         _1540_ (net)
                  0.30    0.00   16.03 ^ _3346_/A1 (sky130_fd_sc_hd__a21boi_4)
     6    0.02    0.15    0.24   16.28 v _3346_/Y (sky130_fd_sc_hd__a21boi_4)
                                         _1542_ (net)
                  0.15    0.00   16.28 v _3349_/A1 (sky130_fd_sc_hd__a211o_1)
     4    0.01    0.16    0.63   16.91 v _3349_/X (sky130_fd_sc_hd__a211o_1)
                                         _1545_ (net)
                  0.16    0.00   16.91 v _3352_/A1 (sky130_fd_sc_hd__a211o_1)
     4    0.01    0.17    0.65   17.56 v _3352_/X (sky130_fd_sc_hd__a211o_1)
                                         _1548_ (net)
                  0.17    0.00   17.56 v _3354_/A1 (sky130_fd_sc_hd__a21o_1)
     4    0.01    0.13    0.42   17.98 v _3354_/X (sky130_fd_sc_hd__a21o_1)
                                         _1550_ (net)
                  0.13    0.00   17.98 v rebuffer8/A (sky130_fd_sc_hd__clkbuf_2)
     1    0.01    0.08    0.25   18.24 v rebuffer8/X (sky130_fd_sc_hd__clkbuf_2)
                                         net56 (net)
                  0.08    0.00   18.24 v _3359_/A1 (sky130_fd_sc_hd__a311oi_4)
     2    0.02    0.55    0.55   18.79 ^ _3359_/Y (sky130_fd_sc_hd__a311oi_4)
                                         net26 (net)
                  0.55    0.00   18.79 ^ output26/A (sky130_fd_sc_hd__buf_6)
     1    0.03    0.13    0.42   19.21 ^ output26/X (sky130_fd_sc_hd__buf_6)
                                         Result[31] (net)
                  0.13    0.00   19.21 ^ Result[31] (out)
                                 19.21   data arrival time

                         10.00   10.00   clock clk (rise edge)
                          0.00   10.00   clock network delay (propagated)
                         -0.25    9.75   clock uncertainty
                          0.00    9.75   clock reconvergence pessimism
                         -2.00    7.75   output external delay
                                  7.75   data required time
-----------------------------------------------------------------------------
                                  7.75   data required time
                                -19.21   data arrival time
-----------------------------------------------------------------------------
                                -11.46   slack (VIOLATED)



======================= Typical Corner ===================================

Startpoint: _5393_ (rising edge-triggered flip-flop clocked by clk)
Endpoint: Result[31] (output port clocked by clk)
Path Group: clk
Path Type: max
Corner: Typical

Fanout     Cap    Slew   Delay    Time   Description
-----------------------------------------------------------------------------
                          0.00    0.00   clock clk (rise edge)
                          0.00    0.00   clock source latency
     1    0.04    0.18    0.13    0.13 ^ clk (in)
                                         clk (net)
                  0.18    0.00    0.13 ^ clkbuf_0_clk/A (sky130_fd_sc_hd__clkbuf_16)
     4    0.09    0.10    0.23    0.37 ^ clkbuf_0_clk/X (sky130_fd_sc_hd__clkbuf_16)
                                         clknet_0_clk (net)
                  0.10    0.00    0.37 ^ clkbuf_2_0__f_clk/A (sky130_fd_sc_hd__clkbuf_16)
    12    0.11    0.12    0.22    0.59 ^ clkbuf_2_0__f_clk/X (sky130_fd_sc_hd__clkbuf_16)
                                         clknet_2_0__leaf_clk (net)
                  0.12    0.00    0.60 ^ clkbuf_leaf_44_clk/A (sky130_fd_sc_hd__clkbuf_8)
     8    0.03    0.07    0.19    0.78 ^ clkbuf_leaf_44_clk/X (sky130_fd_sc_hd__clkbuf_8)
                                         clknet_leaf_44_clk (net)
                  0.07    0.00    0.78 ^ _5393_/CLK (sky130_fd_sc_hd__dfrtp_1)
     2    0.00    0.05    0.39    1.18 v _5393_/Q (sky130_fd_sc_hd__dfrtp_1)
                                         IM0.addr[24] (net)
                  0.05    0.00    1.18 v _2490_/A (sky130_fd_sc_hd__or4_1)
     1    0.01    0.10    0.56    1.74 v _2490_/X (sky130_fd_sc_hd__or4_1)
                                         _0782_ (net)
                  0.10    0.00    1.74 v _2494_/A (sky130_fd_sc_hd__nor4_2)
     1    0.01    0.23    0.33    2.07 ^ _2494_/Y (sky130_fd_sc_hd__nor4_2)
                                         _0786_ (net)
                  0.23    0.00    2.07 ^ wire48/A (sky130_fd_sc_hd__buf_2)
     3    0.02    0.08    0.20    2.27 ^ wire48/X (sky130_fd_sc_hd__buf_2)
                                         net48 (net)
                  0.08    0.00    2.27 ^ _2495_/A (sky130_fd_sc_hd__buf_6)
     5    0.03    0.06    0.13    2.41 ^ _2495_/X (sky130_fd_sc_hd__buf_6)
                                         _0787_ (net)
                  0.06    0.00    2.41 ^ _2509_/A (sky130_fd_sc_hd__nand2_4)
     8    0.02    0.06    0.07    2.48 v _2509_/Y (sky130_fd_sc_hd__nand2_4)
                                         _0801_ (net)
                  0.06    0.00    2.48 v _2532_/B (sky130_fd_sc_hd__or2_4)
     2    0.02    0.06    0.27    2.75 v _2532_/X (sky130_fd_sc_hd__or2_4)
                                         _0824_ (net)
                  0.06    0.00    2.75 v _2533_/A (sky130_fd_sc_hd__buf_6)
     5    0.03    0.04    0.15    2.89 v _2533_/X (sky130_fd_sc_hd__buf_6)
                                         _0825_ (net)
                  0.04    0.00    2.89 v _3081_/B (sky130_fd_sc_hd__or2_4)
     3    0.02    0.07    0.27    3.17 v _3081_/X (sky130_fd_sc_hd__or2_4)
                                         _1277_ (net)
                  0.07    0.00    3.17 v _3082_/B1 (sky130_fd_sc_hd__o21a_1)
     4    0.01    0.08    0.16    3.32 v _3082_/X (sky130_fd_sc_hd__o21a_1)
                                         _1278_ (net)
                  0.08    0.00    3.32 v _3095_/C (sky130_fd_sc_hd__or4b_4)
     4    0.02    0.11    0.57    3.89 v _3095_/X (sky130_fd_sc_hd__or4b_4)
                                         _1291_ (net)
                  0.11    0.00    3.89 v _3097_/C1 (sky130_fd_sc_hd__a211o_4)
     4    0.02    0.07    0.33    4.22 v _3097_/X (sky130_fd_sc_hd__a211o_4)
                                         _1293_ (net)
                  0.07    0.00    4.22 v _3099_/C1 (sky130_fd_sc_hd__a211oi_4)
     6    0.02    0.33    0.31    4.53 ^ _3099_/Y (sky130_fd_sc_hd__a211oi_4)
                                         _1295_ (net)
                  0.33    0.00    4.53 ^ _3101_/C1 (sky130_fd_sc_hd__o211ai_2)
     3    0.01    0.14    0.19    4.72 v _3101_/Y (sky130_fd_sc_hd__o211ai_2)
                                         _1297_ (net)
                  0.14    0.00    4.72 v _3103_/C (sky130_fd_sc_hd__nor3_2)
     2    0.01    0.17    0.18    4.89 ^ _3103_/Y (sky130_fd_sc_hd__nor3_2)
                                         _1299_ (net)
                  0.17    0.00    4.89 ^ max_cap46/A (sky130_fd_sc_hd__clkbuf_2)
     2    0.01    0.05    0.15    5.05 ^ max_cap46/X (sky130_fd_sc_hd__clkbuf_2)
                                         net46 (net)
                  0.05    0.00    5.05 ^ _3104_/C_N (sky130_fd_sc_hd__or3b_4)
     4    0.02    0.10    0.44    5.48 v _3104_/X (sky130_fd_sc_hd__or3b_4)
                                         _1300_ (net)
                  0.10    0.00    5.48 v _3108_/C (sky130_fd_sc_hd__nor3_4)
     5    0.02    0.28    0.26    5.74 ^ _3108_/Y (sky130_fd_sc_hd__nor3_4)
                                         _1304_ (net)
                  0.28    0.00    5.74 ^ _3112_/B (sky130_fd_sc_hd__nand3b_4)
     5    0.02    0.10    0.15    5.89 v _3112_/Y (sky130_fd_sc_hd__nand3b_4)
                                         _1308_ (net)
                  0.10    0.00    5.89 v _3116_/B (sky130_fd_sc_hd__or3b_4)
     4    0.01    0.08    0.43    6.32 v _3116_/X (sky130_fd_sc_hd__or3b_4)
                                         _1312_ (net)
                  0.08    0.00    6.32 v _3122_/C (sky130_fd_sc_hd__or3_4)
     3    0.01    0.08    0.37    6.69 v _3122_/X (sky130_fd_sc_hd__or3_4)
                                         _1318_ (net)
                  0.08    0.00    6.69 v _3307_/S (sky130_fd_sc_hd__mux2_4)
     3    0.02    0.08    0.37    7.06 v _3307_/X (sky130_fd_sc_hd__mux2_4)
                                         _1503_ (net)
                  0.08    0.00    7.06 v _3308_/A (sky130_fd_sc_hd__xnor2_4)
     4    0.01    0.09    0.17    7.23 v _3308_/Y (sky130_fd_sc_hd__xnor2_4)
                                         _1504_ (net)
                  0.09    0.00    7.23 v _3321_/D (sky130_fd_sc_hd__or4_4)
     2    0.01    0.09    0.47    7.69 v _3321_/X (sky130_fd_sc_hd__or4_4)
                                         _1517_ (net)
                  0.09    0.00    7.69 v _3338_/A2 (sky130_fd_sc_hd__a211o_4)
     4    0.02    0.07    0.40    8.09 v _3338_/X (sky130_fd_sc_hd__a211o_4)
                                         _1534_ (net)
                  0.07    0.00    8.09 v _3344_/A1 (sky130_fd_sc_hd__a31oi_4)
     3    0.02    0.20    0.20    8.29 ^ _3344_/Y (sky130_fd_sc_hd__a31oi_4)
                                         _1540_ (net)
                  0.20    0.00    8.29 ^ _3346_/A1 (sky130_fd_sc_hd__a21boi_4)
     6    0.02    0.08    0.12    8.41 v _3346_/Y (sky130_fd_sc_hd__a21boi_4)
                                         _1542_ (net)
                  0.08    0.00    8.41 v _3349_/A1 (sky130_fd_sc_hd__a211o_1)
     4    0.01    0.09    0.33    8.74 v _3349_/X (sky130_fd_sc_hd__a211o_1)
                                         _1545_ (net)
                  0.09    0.00    8.74 v _3352_/A1 (sky130_fd_sc_hd__a211o_1)
     4    0.01    0.09    0.33    9.07 v _3352_/X (sky130_fd_sc_hd__a211o_1)
                                         _1548_ (net)
                  0.09    0.00    9.07 v _3354_/A1 (sky130_fd_sc_hd__a21o_1)
     4    0.01    0.07    0.22    9.29 v _3354_/X (sky130_fd_sc_hd__a21o_1)
                                         _1550_ (net)
                  0.07    0.00    9.29 v rebuffer8/A (sky130_fd_sc_hd__clkbuf_2)
     1    0.01    0.04    0.13    9.42 v rebuffer8/X (sky130_fd_sc_hd__clkbuf_2)
                                         net56 (net)
                  0.04    0.00    9.42 v _3359_/A1 (sky130_fd_sc_hd__a311oi_4)
     2    0.02    0.36    0.33    9.76 ^ _3359_/Y (sky130_fd_sc_hd__a311oi_4)
                                         net26 (net)
                  0.36    0.00    9.76 ^ output26/A (sky130_fd_sc_hd__buf_6)
     1    0.03    0.08    0.20    9.96 ^ output26/X (sky130_fd_sc_hd__buf_6)
                                         Result[31] (net)
                  0.08    0.00    9.96 ^ Result[31] (out)
                                  9.96   data arrival time

                         10.00   10.00   clock clk (rise edge)
                          0.00   10.00   clock network delay (propagated)
                         -0.25    9.75   clock uncertainty
                          0.00    9.75   clock reconvergence pessimism
                         -2.00    7.75   output external delay
                                  7.75   data required time
-----------------------------------------------------------------------------
                                  7.75   data required time
                                 -9.96   data arrival time
-----------------------------------------------------------------------------
                                 -2.21   slack (VIOLATED)




===========================================================================
 report_check_types -max_slew -max_cap -max_fanout -violators
============================================================================
======================= Fastest Corner ===================================

max fanout

Pin                                   Limit Fanout  Slack
---------------------------------------------------------
clkbuf_leaf_7_clk/X                      10     16     -6 (VIOLATED)
clkbuf_leaf_11_clk/X                     10     15     -5 (VIOLATED)
clkbuf_leaf_32_clk/X                     10     15     -5 (VIOLATED)
clkbuf_leaf_35_clk/X                     10     15     -5 (VIOLATED)
clkbuf_leaf_0_clk/X                      10     14     -4 (VIOLATED)
clkbuf_leaf_13_clk/X                     10     14     -4 (VIOLATED)
clkbuf_leaf_42_clk/X                     10     14     -4 (VIOLATED)
clkbuf_leaf_45_clk/X                     10     14     -4 (VIOLATED)
clkbuf_leaf_23_clk/X                     10     13     -3 (VIOLATED)
clkbuf_leaf_38_clk/X                     10     13     -3 (VIOLATED)
clkbuf_leaf_41_clk/X                     10     13     -3 (VIOLATED)
clkbuf_leaf_6_clk/X                      10     13     -3 (VIOLATED)
clkbuf_2_0__f_clk/X                      10     12     -2 (VIOLATED)
clkbuf_2_1__f_clk/X                      10     12     -2 (VIOLATED)
clkbuf_2_2__f_clk/X                      10     12     -2 (VIOLATED)
clkbuf_2_3__f_clk/X                      10     12     -2 (VIOLATED)
clkbuf_leaf_18_clk/X                     10     12     -2 (VIOLATED)
clkbuf_leaf_1_clk/X                      10     12     -2 (VIOLATED)
clkbuf_leaf_28_clk/X                     10     12     -2 (VIOLATED)
clkbuf_leaf_30_clk/X                     10     12     -2 (VIOLATED)
clkbuf_leaf_33_clk/X                     10     12     -2 (VIOLATED)
clkbuf_leaf_43_clk/X                     10     12     -2 (VIOLATED)
clkbuf_leaf_12_clk/X                     10     11        (VIOLATED)
clkbuf_leaf_34_clk/X                     10     11        (VIOLATED)
clkbuf_leaf_37_clk/X                     10     11        (VIOLATED)
clkbuf_leaf_8_clk/X                      10     11        (VIOLATED)


max slew violations count Fastest: 0
max fanout violations count Fastest: 26
max cap violations count Fastest: 0
======================= Slowest Corner ===================================

max fanout

Pin                                   Limit Fanout  Slack
---------------------------------------------------------
clkbuf_leaf_7_clk/X                      10     16     -6 (VIOLATED)
clkbuf_leaf_11_clk/X                     10     15     -5 (VIOLATED)
clkbuf_leaf_32_clk/X                     10     15     -5 (VIOLATED)
clkbuf_leaf_35_clk/X                     10     15     -5 (VIOLATED)
clkbuf_leaf_0_clk/X                      10     14     -4 (VIOLATED)
clkbuf_leaf_13_clk/X                     10     14     -4 (VIOLATED)
clkbuf_leaf_42_clk/X                     10     14     -4 (VIOLATED)
clkbuf_leaf_45_clk/X                     10     14     -4 (VIOLATED)
clkbuf_leaf_23_clk/X                     10     13     -3 (VIOLATED)
clkbuf_leaf_38_clk/X                     10     13     -3 (VIOLATED)
clkbuf_leaf_41_clk/X                     10     13     -3 (VIOLATED)
clkbuf_leaf_6_clk/X                      10     13     -3 (VIOLATED)
clkbuf_2_0__f_clk/X                      10     12     -2 (VIOLATED)
clkbuf_2_1__f_clk/X                      10     12     -2 (VIOLATED)
clkbuf_2_2__f_clk/X                      10     12     -2 (VIOLATED)
clkbuf_2_3__f_clk/X                      10     12     -2 (VIOLATED)
clkbuf_leaf_18_clk/X                     10     12     -2 (VIOLATED)
clkbuf_leaf_1_clk/X                      10     12     -2 (VIOLATED)
clkbuf_leaf_28_clk/X                     10     12     -2 (VIOLATED)
clkbuf_leaf_30_clk/X                     10     12     -2 (VIOLATED)
clkbuf_leaf_33_clk/X                     10     12     -2 (VIOLATED)
clkbuf_leaf_43_clk/X                     10     12     -2 (VIOLATED)
clkbuf_leaf_12_clk/X                     10     11        (VIOLATED)
clkbuf_leaf_34_clk/X                     10     11        (VIOLATED)
clkbuf_leaf_37_clk/X                     10     11        (VIOLATED)
clkbuf_leaf_8_clk/X                      10     11        (VIOLATED)


max slew violations count Slowest: 0
max fanout violations count Slowest: 26
max cap violations count Slowest: 0
======================= Typical Corner ===================================

max fanout

Pin                                   Limit Fanout  Slack
---------------------------------------------------------
clkbuf_leaf_7_clk/X                      10     16     -6 (VIOLATED)
clkbuf_leaf_11_clk/X                     10     15     -5 (VIOLATED)
clkbuf_leaf_32_clk/X                     10     15     -5 (VIOLATED)
clkbuf_leaf_35_clk/X                     10     15     -5 (VIOLATED)
clkbuf_leaf_0_clk/X                      10     14     -4 (VIOLATED)
clkbuf_leaf_13_clk/X                     10     14     -4 (VIOLATED)
clkbuf_leaf_42_clk/X                     10     14     -4 (VIOLATED)
clkbuf_leaf_45_clk/X                     10     14     -4 (VIOLATED)
clkbuf_leaf_23_clk/X                     10     13     -3 (VIOLATED)
clkbuf_leaf_38_clk/X                     10     13     -3 (VIOLATED)
clkbuf_leaf_41_clk/X                     10     13     -3 (VIOLATED)
clkbuf_leaf_6_clk/X                      10     13     -3 (VIOLATED)
clkbuf_2_0__f_clk/X                      10     12     -2 (VIOLATED)
clkbuf_2_1__f_clk/X                      10     12     -2 (VIOLATED)
clkbuf_2_2__f_clk/X                      10     12     -2 (VIOLATED)
clkbuf_2_3__f_clk/X                      10     12     -2 (VIOLATED)
clkbuf_leaf_18_clk/X                     10     12     -2 (VIOLATED)
clkbuf_leaf_1_clk/X                      10     12     -2 (VIOLATED)
clkbuf_leaf_28_clk/X                     10     12     -2 (VIOLATED)
clkbuf_leaf_30_clk/X                     10     12     -2 (VIOLATED)
clkbuf_leaf_33_clk/X                     10     12     -2 (VIOLATED)
clkbuf_leaf_43_clk/X                     10     12     -2 (VIOLATED)
clkbuf_leaf_12_clk/X                     10     11        (VIOLATED)
clkbuf_leaf_34_clk/X                     10     11        (VIOLATED)
clkbuf_leaf_37_clk/X                     10     11        (VIOLATED)
clkbuf_leaf_8_clk/X                      10     11        (VIOLATED)


max slew violations count Typical: 0
max fanout violations count Typical: 26
max cap violations count Typical: 0

===========================================================================
report_parasitic_annotation -report_unannotated
============================================================================
Found 44 unannotated drivers.
 clkload0/X
 clkload1/X
 clkload10/Y
 clkload11/X
 clkload12/Y
 clkload13/Y
 clkload14/Y
 clkload15/X
 clkload16/Y
 clkload17/Y
 clkload18/Y
 clkload19/Y
 clkload2/Y
 clkload20/Y
 clkload21/Y
 clkload22/Y
 clkload23/Y
 clkload24/Y
 clkload25/Y
 clkload26/Y
 clkload27/Y
 clkload28/Y
 clkload29/X
 clkload3/Y
 clkload30/Y
 clkload31/Y
 clkload32/Y
 clkload33/Y
 clkload34/Y
 clkload35/Y
 clkload36/Y
 clkload37/Y
 clkload38/Y
 clkload39/Y
 clkload4/Y
 clkload40/X
 clkload41/Y
 clkload42/Y
 clkload43/Y
 clkload5/Y
 clkload6/Y
 clkload7/Y
 clkload8/X
 clkload9/Y
Found 0 partially unannotated drivers.

===========================================================================
max slew violation count 0
max fanout violation count 26
max cap violation count 0
============================================================================

===========================================================================
check_setup -verbose -unconstrained_endpoints -multiple_clock -no_clock -no_input_delay -loops -generated_clocks
===========================================================================
