
===========================================================================
 report_power
============================================================================
======================= Fastest Corner ===================================

Group                  Internal  Switching    Leakage      Total
                          Power      Power      Power      Power (Watts)
----------------------------------------------------------------
Sequential             2.58e-03   6.22e-04   4.24e-07   3.20e-03  19.1%
Combinational          4.88e-03   6.92e-03   2.22e-08   1.18e-02  70.2%
Clock                  9.47e-04   8.59e-04   7.58e-09   1.81e-03  10.7%
Macro                  0.00e+00   0.00e+00   0.00e+00   0.00e+00   0.0%
Pad                    0.00e+00   0.00e+00   0.00e+00   0.00e+00   0.0%
----------------------------------------------------------------
Total                  8.40e-03   8.40e-03   4.54e-07   1.68e-02 100.0%
                          50.0%      50.0%       0.0%

======================= Slowest Corner ===================================

Group                  Internal  Switching    Leakage      Total
                          Power      Power      Power      Power (Watts)
----------------------------------------------------------------
Sequential             1.73e-03   4.11e-04   7.55e-06   2.14e-03  18.6%
Combinational          3.55e-03   4.56e-03   1.39e-05   8.13e-03  70.6%
Clock                  6.82e-04   5.57e-04   1.05e-06   1.24e-03  10.8%
Macro                  0.00e+00   0.00e+00   0.00e+00   0.00e+00   0.0%
Pad                    0.00e+00   0.00e+00   0.00e+00   0.00e+00   0.0%
----------------------------------------------------------------
Total                  5.96e-03   5.53e-03   2.25e-05   1.15e-02 100.0%
                          51.8%      48.0%       0.2%

======================= Typical Corner ===================================

Group                  Internal  Switching    Leakage      Total
                          Power      Power      Power      Power (Watts)
----------------------------------------------------------------
Sequential             2.23e-03   5.23e-04   4.23e-07   2.75e-03  18.9%
Combinational          4.42e-03   5.83e-03   1.05e-08   1.02e-02  70.4%
Clock                  8.30e-04   7.20e-04   5.12e-09   1.55e-03  10.7%
Macro                  0.00e+00   0.00e+00   0.00e+00   0.00e+00   0.0%
Pad                    0.00e+00   0.00e+00   0.00e+00   0.00e+00   0.0%
----------------------------------------------------------------
Total                  7.47e-03   7.08e-03   4.38e-07   1.45e-02 100.0%
                          51.4%      48.6%       0.0%

