OpenROAD b16bda7e82721d10566ff7e2b68f1ff0be9f9e38 
Features included (+) or not (-): +Charts +GPU +GUI +Python
This program is licensed under the BSD-3 license. See the LICENSE file for details.
Components of this program may be licensed under more restrictive licenses which must be honored.
define_corners Typical
read_liberty -corner Typical /home/mertg/.volare/sky130A/libs.ref/sky130_fd_sc_hd/lib/sky130_fd_sc_hd__tt_025C_1v80.lib
Using 1e-12 for capacitance...
Using 1e+03 for resistance...
Using 1e-09 for time...
Using 1e+00 for voltage...
Using 1e-03 for current...
Using 1e-09 for power...
Using 1e-06 for distance...
[INFO]: Reading ODB at '/openlane/designs/Lab4/runs/RUN_2025.06.03_21.41.22/tmp/20-top.odb'…
Reading design constraints file at '/openlane/scripts/base.sdc'…
[INFO]: Setting output delay to: 2.0
[INFO]: Setting input delay to: 2.0
[INFO]: Setting load to: 0.033442
[INFO]: Setting clock uncertainty to: 0.25
[INFO]: Setting clock transition to: 0.15
[INFO]: Setting timing derate to: 5.0 %
[INFO]: Setting signal min routing layer to: met1 and clock min routing layer to met3. 
[INFO]: Setting signal max routing layer to: met5 and clock max routing layer to met5. 
-congestion_iterations 50 -verbose -congestion_report_file /openlane/designs/Lab4/runs/RUN_2025.06.03_21.41.22/tmp/routing/groute-congestion.rpt
[INFO GRT-0020] Min routing layer: met1
[INFO GRT-0021] Max routing layer: met5
[INFO GRT-0022] Global adjustment: 30%
[INFO GRT-0023] Grid origin: (0, 0)
[INFO GRT-0043] No OR_DEFAULT vias defined.
[INFO GRT-0088] Layer li1     Track-Pitch = 0.4600  line-2-Via Pitch: 0.3400
[INFO GRT-0088] Layer met1    Track-Pitch = 0.3400  line-2-Via Pitch: 0.3400
[INFO GRT-0088] Layer met2    Track-Pitch = 0.4600  line-2-Via Pitch: 0.3500
[INFO GRT-0088] Layer met3    Track-Pitch = 0.6800  line-2-Via Pitch: 0.6150
[INFO GRT-0088] Layer met4    Track-Pitch = 0.9200  line-2-Via Pitch: 1.0400
[INFO GRT-0088] Layer met5    Track-Pitch = 3.4000  line-2-Via Pitch: 3.1100
[INFO GRT-0019] Found 117 clock nets.
[INFO GRT-0001] Minimum degree: 2
[INFO GRT-0002] Maximum degree: 20
[INFO GRT-0003] Macros: 0
[INFO GRT-0043] No OR_DEFAULT vias defined.
[INFO GRT-0004] Blockages: 25975

[INFO GRT-0053] Routing resources analysis:
          Routing      Original      Derated      Resource
Layer     Direction    Resources     Resources    Reduction (%)
---------------------------------------------------------------
li1        Vertical            0             0          0.00%
met1       Horizontal      66120         34955          47.13%
met2       Vertical        49533         32373          34.64%
met3       Horizontal      33060         22577          31.71%
met4       Vertical        19950         12719          36.25%
met5       Horizontal       6612          3154          52.30%
---------------------------------------------------------------

[INFO GRT-0101] Running extra iterations to remove overflow.
[INFO GRT-0197] Via related to pin nodes: 36078
[INFO GRT-0198] Via related Steiner nodes: 943
[INFO GRT-0199] Via filling finished.
[INFO GRT-0111] Final number of vias: 46419
[INFO GRT-0112] Final usage 3D: 170160

[INFO GRT-0096] Final congestion report:
Layer         Resource        Demand        Usage (%)    Max H / Max V / Total Overflow
---------------------------------------------------------------------------------------
li1                  0             0            0.00%             0 /  0 /  0
met1             34955         12354           35.34%             0 /  0 /  0
met2             32373         13281           41.02%             0 /  0 /  0
met3             22577          3360           14.88%             0 /  0 /  0
met4             12719          1862           14.64%             0 /  0 /  0
met5              3154            46            1.46%             0 /  0 /  0
---------------------------------------------------------------------------------------
Total           105778         30903           29.21%             0 /  0 /  0

[INFO GRT-0018] Total wirelength: 320456 um
[INFO GRT-0014] Routed nets: 6587
[INFO GRT-0006] Repairing antennas, iteration 1.
[INFO GRT-0043] No OR_DEFAULT vias defined.
[INFO GRT-0012] Found 18 antenna violations.
[INFO GRT-0015] Inserted 23 diodes.
[INFO GRT-0009] rerouting 4846 nets.
[INFO GRT-0001] Minimum degree: 2
[INFO GRT-0002] Maximum degree: 20
[INFO GRT-0006] Repairing antennas, iteration 2.
[INFO GRT-0043] No OR_DEFAULT vias defined.
[INFO GRT-0012] Found 4 antenna violations.
[INFO GRT-0015] Inserted 5 diodes.
[INFO GRT-0009] rerouting 117 nets.
[INFO GRT-0001] Minimum degree: 2
[INFO GRT-0002] Maximum degree: 13
[INFO GRT-0006] Repairing antennas, iteration 3.
[INFO GRT-0043] No OR_DEFAULT vias defined.
[INFO GRT-0012] Found 0 antenna violations.
Placement Analysis
---------------------------------
total displacement          0.0 u
average displacement        0.0 u
max displacement            0.0 u
original HPWL          179352.7 u
legalized HPWL         179352.7 u
delta HPWL                    0 %

[INFO DPL-0020] Mirrored 2584 instances
[INFO DPL-0021] HPWL before          179352.7 u
[INFO DPL-0022] HPWL after           173212.7 u
[INFO DPL-0023] HPWL delta               -3.4 %
[INFO]: Setting signal min routing layer to: met1 and clock min routing layer to met3. 
[INFO]: Setting signal max routing layer to: met5 and clock max routing layer to met5. 
-congestion_iterations 50 -verbose -congestion_report_file /openlane/designs/Lab4/runs/RUN_2025.06.03_21.41.22/tmp/routing/groute-congestion.rpt
[INFO GRT-0020] Min routing layer: met1
[INFO GRT-0021] Max routing layer: met5
[INFO GRT-0022] Global adjustment: 30%
[INFO GRT-0023] Grid origin: (0, 0)
[INFO GRT-0043] No OR_DEFAULT vias defined.
[INFO GRT-0088] Layer li1     Track-Pitch = 0.4600  line-2-Via Pitch: 0.3400
[INFO GRT-0088] Layer met1    Track-Pitch = 0.3400  line-2-Via Pitch: 0.3400
[INFO GRT-0088] Layer met2    Track-Pitch = 0.4600  line-2-Via Pitch: 0.3500
[INFO GRT-0088] Layer met3    Track-Pitch = 0.6800  line-2-Via Pitch: 0.6150
[INFO GRT-0088] Layer met4    Track-Pitch = 0.9200  line-2-Via Pitch: 1.0400
[INFO GRT-0088] Layer met5    Track-Pitch = 3.4000  line-2-Via Pitch: 3.1100
[INFO GRT-0019] Found 117 clock nets.
[INFO GRT-0001] Minimum degree: 2
[INFO GRT-0002] Maximum degree: 20
[INFO GRT-0003] Macros: 0
[INFO GRT-0043] No OR_DEFAULT vias defined.
[INFO GRT-0004] Blockages: 25975

[INFO GRT-0053] Routing resources analysis:
          Routing      Original      Derated      Resource
Layer     Direction    Resources     Resources    Reduction (%)
---------------------------------------------------------------
li1        Vertical            0             0          0.00%
met1       Horizontal      66120         34950          47.14%
met2       Vertical        49533         32373          34.64%
met3       Horizontal      33060         22577          31.71%
met4       Vertical        19950         12719          36.25%
met5       Horizontal       6612          3154          52.30%
---------------------------------------------------------------

[INFO GRT-0101] Running extra iterations to remove overflow.
[INFO GRT-0197] Via related to pin nodes: 36130
[INFO GRT-0198] Via related Steiner nodes: 940
[INFO GRT-0199] Via filling finished.
[INFO GRT-0111] Final number of vias: 46506
[INFO GRT-0112] Final usage 3D: 170465

[INFO GRT-0096] Final congestion report:
Layer         Resource        Demand        Usage (%)    Max H / Max V / Total Overflow
---------------------------------------------------------------------------------------
li1                  0             0            0.00%             0 /  0 /  0
met1             34950         12375           35.41%             0 /  0 /  0
met2             32373         13285           41.04%             0 /  0 /  0
met3             22577          3373           14.94%             0 /  0 /  0
met4             12719          1881           14.79%             0 /  0 /  0
met5              3154            33            1.05%             0 /  0 /  0
---------------------------------------------------------------------------------------
Total           105773         30947           29.26%             0 /  0 /  0

[INFO GRT-0018] Total wirelength: 321333 um
[INFO GRT-0014] Routed nets: 6587
Setting global connections for newly added cells…
Writing OpenROAD database to '/openlane/designs/Lab4/runs/RUN_2025.06.03_21.41.22/tmp/routing/22-global.odb'…
Writing layout to '/openlane/designs/Lab4/runs/RUN_2025.06.03_21.41.22/tmp/routing/22-global.def'…
Writing routing guides to '/openlane/designs/Lab4/runs/RUN_2025.06.03_21.41.22/tmp/routing/22-global.guide'…
