OpenROAD b16bda7e82721d10566ff7e2b68f1ff0be9f9e38 
Features included (+) or not (-): +Charts +GPU +GUI +Python
This program is licensed under the BSD-3 license. See the LICENSE file for details.
Components of this program may be licensed under more restrictive licenses which must be honored.
define_corners Typical
read_liberty -corner Typical /home/mertg/.volare/sky130A/libs.ref/sky130_fd_sc_hd/lib/sky130_fd_sc_hd__tt_025C_1v80.lib
Using 1e-12 for capacitance...
Using 1e+03 for resistance...
Using 1e-09 for time...
Using 1e+00 for voltage...
Using 1e-03 for current...
Using 1e-09 for power...
Using 1e-06 for distance...
[INFO]: Reading ODB at '/openlane/designs/Lab4/runs/RUN_2025.06.03_21.41.22/tmp/routing/25-fill.odb'…
Reading design constraints file at '/openlane/scripts/base.sdc'…
[INFO]: Setting output delay to: 2.0
[INFO]: Setting input delay to: 2.0
[INFO]: Setting load to: 0.033442
[INFO]: Setting clock uncertainty to: 0.25
[INFO]: Setting clock transition to: 0.15
[INFO]: Setting timing derate to: 5.0 %
[INFO ORD-0030] Using 2 thread(s).
[INFO DRT-0149] Reading tech and libs.
[WARNING DRT-0349] LEF58_ENCLOSURE with no CUTCLASS is not supported. Skipping for layer mcon
[WARNING DRT-0349] LEF58_ENCLOSURE with no CUTCLASS is not supported. Skipping for layer mcon
[WARNING DRT-0349] LEF58_ENCLOSURE with no CUTCLASS is not supported. Skipping for layer via
[WARNING DRT-0349] LEF58_ENCLOSURE with no CUTCLASS is not supported. Skipping for layer via
[WARNING DRT-0349] LEF58_ENCLOSURE with no CUTCLASS is not supported. Skipping for layer via2
[WARNING DRT-0349] LEF58_ENCLOSURE with no CUTCLASS is not supported. Skipping for layer via2
[WARNING DRT-0349] LEF58_ENCLOSURE with no CUTCLASS is not supported. Skipping for layer via3
[WARNING DRT-0349] LEF58_ENCLOSURE with no CUTCLASS is not supported. Skipping for layer via3
[WARNING DRT-0349] LEF58_ENCLOSURE with no CUTCLASS is not supported. Skipping for layer via4
[WARNING DRT-0349] LEF58_ENCLOSURE with no CUTCLASS is not supported. Skipping for layer via4

Units:                1000
Number of layers:     13
Number of macros:     441
Number of vias:       29
Number of viarulegen: 25

[INFO DRT-0150] Reading design.

Design:                   top
Die area:                 ( 0 0 ) ( 400000 400000 )
Number of track patterns: 12
Number of DEF vias:       0
Number of components:     12968
Number of terminals:      85
Number of snets:          2
Number of nets:           6587

[INFO DRT-0167] List of default vias:
  Layer via
    default via: M1M2_PR
  Layer via2
    default via: M2M3_PR
  Layer via3
    default via: M3M4_PR
  Layer via4
    default via: M4M5_PR
[INFO DRT-0162] Library cell analysis.
[INFO DRT-0163] Instance analysis.
[INFO DRT-0164] Number of unique instances = 325.
[INFO DRT-0168] Init region query.
[INFO DRT-0024]   Complete FR_MASTERSLICE.
[INFO DRT-0024]   Complete Fr_VIA.
[INFO DRT-0024]   Complete li1.
[INFO DRT-0024]   Complete mcon.
[INFO DRT-0024]   Complete met1.
[INFO DRT-0024]   Complete via.
[INFO DRT-0024]   Complete met2.
[INFO DRT-0024]   Complete via2.
[INFO DRT-0024]   Complete met3.
[INFO DRT-0024]   Complete via3.
[INFO DRT-0024]   Complete met4.
[INFO DRT-0024]   Complete via4.
[INFO DRT-0024]   Complete met5.
[INFO DRT-0033] FR_MASTERSLICE shape region query size = 0.
[INFO DRT-0033] FR_VIA shape region query size = 0.
[INFO DRT-0033] li1 shape region query size = 253616.
[INFO DRT-0033] mcon shape region query size = 9384.
[INFO DRT-0033] met1 shape region query size = 41461.
[INFO DRT-0033] via shape region query size = 1180.
[INFO DRT-0033] met2 shape region query size = 742.
[INFO DRT-0033] via2 shape region query size = 944.
[INFO DRT-0033] met3 shape region query size = 757.
[INFO DRT-0033] via3 shape region query size = 944.
[INFO DRT-0033] met4 shape region query size = 252.
[INFO DRT-0033] via4 shape region query size = 8.
[INFO DRT-0033] met5 shape region query size = 16.
[INFO DRT-0165] Start pin access.
[INFO DRT-0076]   Complete 1000 pins.
[INFO DRT-0078]   Complete 1126 pins.
[INFO DRT-0079]   Complete 100 unique inst patterns.
[INFO DRT-0079]   Complete 200 unique inst patterns.
[INFO DRT-0079]   Complete 300 unique inst patterns.
[INFO DRT-0081]   Complete 307 unique inst patterns.
[INFO DRT-0084]   Complete 3599 groups.
#scanned instances     = 12968
#unique  instances     = 325
#stdCellGenAp          = 8636
#stdCellValidPlanarAp  = 56
#stdCellValidViaAp     = 6675
#stdCellPinNoAp        = 0
#stdCellPinCnt         = 21180
#instTermValidViaApCnt = 0
#macroGenAp            = 0
#macroValidPlanarAp    = 0
#macroValidViaAp       = 0
#macroNoAp             = 0
[INFO DRT-0166] Complete pin access.
[INFO DRT-0267] cpu time = 00:00:38, elapsed time = 00:00:18, memory = 171.44 (MB), peak = 172.56 (MB)

Number of guides:     49974

[INFO DRT-0169] Post process guides.
[INFO DRT-0176] GCELLGRID X 0 DO 57 STEP 6900 ;
[INFO DRT-0177] GCELLGRID Y 0 DO 57 STEP 6900 ;
[INFO DRT-0028]   Complete FR_MASTERSLICE.
[INFO DRT-0028]   Complete Fr_VIA.
[INFO DRT-0028]   Complete li1.
[INFO DRT-0028]   Complete mcon.
[INFO DRT-0028]   Complete met1.
[INFO DRT-0028]   Complete via.
[INFO DRT-0028]   Complete met2.
[INFO DRT-0028]   Complete via2.
[INFO DRT-0028]   Complete met3.
[INFO DRT-0028]   Complete via3.
[INFO DRT-0028]   Complete met4.
[INFO DRT-0028]   Complete via4.
[INFO DRT-0028]   Complete met5.
[INFO DRT-0178] Init guide query.
[INFO DRT-0035]   Complete FR_MASTERSLICE (guide).
[INFO DRT-0035]   Complete Fr_VIA (guide).
[INFO DRT-0035]   Complete li1 (guide).
[INFO DRT-0035]   Complete mcon (guide).
[INFO DRT-0035]   Complete met1 (guide).
[INFO DRT-0035]   Complete via (guide).
[INFO DRT-0035]   Complete met2 (guide).
[INFO DRT-0035]   Complete via2 (guide).
[INFO DRT-0035]   Complete met3 (guide).
[INFO DRT-0035]   Complete via3 (guide).
[INFO DRT-0035]   Complete met4 (guide).
[INFO DRT-0035]   Complete via4 (guide).
[INFO DRT-0035]   Complete met5 (guide).
[INFO DRT-0036] FR_MASTERSLICE guide region query size = 0.
[INFO DRT-0036] FR_VIA guide region query size = 0.
[INFO DRT-0036] li1 guide region query size = 17151.
[INFO DRT-0036] mcon guide region query size = 0.
[INFO DRT-0036] met1 guide region query size = 13212.
[INFO DRT-0036] via guide region query size = 0.
[INFO DRT-0036] met2 guide region query size = 7383.
[INFO DRT-0036] via2 guide region query size = 0.
[INFO DRT-0036] met3 guide region query size = 916.
[INFO DRT-0036] via3 guide region query size = 0.
[INFO DRT-0036] met4 guide region query size = 350.
[INFO DRT-0036] via4 guide region query size = 0.
[INFO DRT-0036] met5 guide region query size = 3.
[INFO DRT-0179] Init gr pin query.
[INFO DRT-0245] skipped writing guide updates to database.
[INFO DRT-0185] Post process initialize RPin region query.
[INFO DRT-0181] Start track assignment.
[INFO DRT-0184] Done with 24884 vertical wires in 2 frboxes and 14131 horizontal wires in 2 frboxes.
[INFO DRT-0186] Done with 2663 vertical wires in 2 frboxes and 4755 horizontal wires in 2 frboxes.
[INFO DRT-0182] Complete track assignment.
[INFO DRT-0267] cpu time = 00:00:02, elapsed time = 00:00:01, memory = 251.23 (MB), peak = 251.23 (MB)
[INFO DRT-0187] Start routing data preparation.
[INFO DRT-0267] cpu time = 00:00:00, elapsed time = 00:00:00, memory = 251.23 (MB), peak = 251.23 (MB)
[INFO DRT-0194] Start detail routing.
[INFO DRT-0195] Start 0th optimization iteration.
    Completing 10% with 0 violations.
    elapsed time = 00:00:02, memory = 269.83 (MB).
    Completing 20% with 0 violations.
    elapsed time = 00:00:10, memory = 394.64 (MB).
    Completing 30% with 0 violations.
    elapsed time = 00:00:14, memory = 385.23 (MB).
    Completing 40% with 690 violations.
    elapsed time = 00:00:18, memory = 409.59 (MB).
    Completing 50% with 690 violations.
    elapsed time = 00:00:25, memory = 430.33 (MB).
    Completing 60% with 1404 violations.
    elapsed time = 00:00:28, memory = 430.33 (MB).
    Completing 70% with 1404 violations.
    elapsed time = 00:00:31, memory = 430.33 (MB).
    Completing 80% with 1404 violations.
    elapsed time = 00:00:35, memory = 435.73 (MB).
    Completing 90% with 1943 violations.
    elapsed time = 00:00:41, memory = 446.26 (MB).
    Completing 100% with 2629 violations.
    elapsed time = 00:00:47, memory = 450.41 (MB).
[INFO DRT-0199]   Number of violations = 3951.
Viol/Layer         li1   mcon   met1    via   met2   met3   met4
Cut Spacing          0      1      0      0      0      0      0
Metal Spacing       32      0    466      0    136      4      1
Min Hole             0      0      1      0      0      0      0
Recheck              1      0    814      0    418     68     21
Short                0      1   1718      3    263      0      3
[INFO DRT-0267] cpu time = 00:01:30, elapsed time = 00:00:48, memory = 707.87 (MB), peak = 707.87 (MB)
Total wire length = 226790 um.
Total wire length on LAYER li1 = 0 um.
Total wire length on LAYER met1 = 90951 um.
Total wire length on LAYER met2 = 96907 um.
Total wire length on LAYER met3 = 26365 um.
Total wire length on LAYER met4 = 12376 um.
Total wire length on LAYER met5 = 189 um.
Total number of vias = 47794.
Up-via summary (total 47794):

------------------------
 FR_MASTERSLICE        0
            li1    21198
           met1    24405
           met2     1594
           met3      593
           met4        4
------------------------
                   47794


[INFO DRT-0195] Start 1st optimization iteration.
    Completing 10% with 3951 violations.
    elapsed time = 00:00:02, memory = 707.87 (MB).
    Completing 20% with 3951 violations.
    elapsed time = 00:00:09, memory = 742.32 (MB).
    Completing 30% with 3951 violations.
    elapsed time = 00:00:11, memory = 707.87 (MB).
    Completing 40% with 3257 violations.
    elapsed time = 00:00:14, memory = 707.87 (MB).
    Completing 50% with 3257 violations.
    elapsed time = 00:00:21, memory = 707.87 (MB).
    Completing 60% with 2680 violations.
    elapsed time = 00:00:23, memory = 707.87 (MB).
    Completing 70% with 2680 violations.
    elapsed time = 00:00:25, memory = 708.20 (MB).
    Completing 80% with 2680 violations.
    elapsed time = 00:00:30, memory = 708.20 (MB).
    Completing 90% with 1908 violations.
    elapsed time = 00:00:36, memory = 708.20 (MB).
    Completing 100% with 1314 violations.
    elapsed time = 00:00:39, memory = 708.20 (MB).
[INFO DRT-0199]   Number of violations = 1314.
Viol/Layer        met1   met2   met3
Metal Spacing      182     54      0
Short              978     99      1
[INFO DRT-0267] cpu time = 00:01:19, elapsed time = 00:00:40, memory = 708.20 (MB), peak = 742.32 (MB)
Total wire length = 224678 um.
Total wire length on LAYER li1 = 0 um.
Total wire length on LAYER met1 = 89844 um.
Total wire length on LAYER met2 = 95681 um.
Total wire length on LAYER met3 = 26592 um.
Total wire length on LAYER met4 = 12368 um.
Total wire length on LAYER met5 = 191 um.
Total number of vias = 47460.
Up-via summary (total 47460):

------------------------
 FR_MASTERSLICE        0
            li1    21193
           met1    24043
           met2     1649
           met3      571
           met4        4
------------------------
                   47460


[INFO DRT-0195] Start 2nd optimization iteration.
    Completing 10% with 1314 violations.
    elapsed time = 00:00:01, memory = 708.20 (MB).
    Completing 20% with 1314 violations.
    elapsed time = 00:00:05, memory = 708.20 (MB).
    Completing 30% with 1314 violations.
    elapsed time = 00:00:07, memory = 708.20 (MB).
    Completing 40% with 1292 violations.
    elapsed time = 00:00:10, memory = 708.20 (MB).
    Completing 50% with 1292 violations.
    elapsed time = 00:00:14, memory = 708.20 (MB).
    Completing 60% with 1266 violations.
    elapsed time = 00:00:17, memory = 708.20 (MB).
    Completing 70% with 1266 violations.
    elapsed time = 00:00:22, memory = 708.20 (MB).
    Completing 80% with 1266 violations.
    elapsed time = 00:00:28, memory = 708.20 (MB).
    Completing 90% with 1207 violations.
    elapsed time = 00:00:31, memory = 708.20 (MB).
    Completing 100% with 1189 violations.
    elapsed time = 00:00:38, memory = 708.20 (MB).
[INFO DRT-0199]   Number of violations = 1189.
Viol/Layer        met1   met2   met3
Metal Spacing      191     60      2
Short              834    102      0
[INFO DRT-0267] cpu time = 00:01:15, elapsed time = 00:00:38, memory = 709.43 (MB), peak = 742.32 (MB)
Total wire length = 224097 um.
Total wire length on LAYER li1 = 0 um.
Total wire length on LAYER met1 = 89689 um.
Total wire length on LAYER met2 = 95473 um.
Total wire length on LAYER met3 = 26500 um.
Total wire length on LAYER met4 = 12215 um.
Total wire length on LAYER met5 = 218 um.
Total number of vias = 47439.
Up-via summary (total 47439):

------------------------
 FR_MASTERSLICE        0
            li1    21193
           met1    24066
           met2     1619
           met3      555
           met4        6
------------------------
                   47439


[INFO DRT-0195] Start 3rd optimization iteration.
    Completing 10% with 1189 violations.
    elapsed time = 00:00:01, memory = 709.43 (MB).
    Completing 20% with 1189 violations.
    elapsed time = 00:00:03, memory = 709.43 (MB).
    Completing 30% with 1189 violations.
    elapsed time = 00:00:09, memory = 709.43 (MB).
    Completing 40% with 786 violations.
    elapsed time = 00:00:10, memory = 709.43 (MB).
    Completing 50% with 786 violations.
    elapsed time = 00:00:15, memory = 709.43 (MB).
    Completing 60% with 527 violations.
    elapsed time = 00:00:20, memory = 738.03 (MB).
    Completing 70% with 527 violations.
    elapsed time = 00:00:23, memory = 738.03 (MB).
    Completing 80% with 527 violations.
    elapsed time = 00:00:24, memory = 738.03 (MB).
    Completing 90% with 278 violations.
    elapsed time = 00:00:28, memory = 712.04 (MB).
    Completing 100% with 119 violations.
    elapsed time = 00:00:30, memory = 712.04 (MB).
[INFO DRT-0199]   Number of violations = 119.
Viol/Layer        met1   met2
Metal Spacing       17     14
Short               69     19
[INFO DRT-0267] cpu time = 00:00:52, elapsed time = 00:00:30, memory = 714.88 (MB), peak = 742.32 (MB)
Total wire length = 223652 um.
Total wire length on LAYER li1 = 0 um.
Total wire length on LAYER met1 = 84095 um.
Total wire length on LAYER met2 = 95131 um.
Total wire length on LAYER met3 = 31724 um.
Total wire length on LAYER met4 = 12492 um.
Total wire length on LAYER met5 = 208 um.
Total number of vias = 47937.
Up-via summary (total 47937):

------------------------
 FR_MASTERSLICE        0
            li1    21193
           met1    23895
           met2     2260
           met3      583
           met4        6
------------------------
                   47937


[INFO DRT-0195] Start 4th optimization iteration.
    Completing 10% with 119 violations.
    elapsed time = 00:00:00, memory = 715.11 (MB).
    Completing 20% with 119 violations.
    elapsed time = 00:00:00, memory = 715.11 (MB).
    Completing 30% with 119 violations.
    elapsed time = 00:00:01, memory = 715.11 (MB).
    Completing 40% with 57 violations.
    elapsed time = 00:00:01, memory = 715.11 (MB).
    Completing 50% with 57 violations.
    elapsed time = 00:00:01, memory = 715.11 (MB).
    Completing 60% with 28 violations.
    elapsed time = 00:00:01, memory = 715.11 (MB).
    Completing 70% with 28 violations.
    elapsed time = 00:00:02, memory = 715.11 (MB).
    Completing 80% with 28 violations.
    elapsed time = 00:00:02, memory = 715.11 (MB).
    Completing 90% with 19 violations.
    elapsed time = 00:00:02, memory = 715.11 (MB).
    Completing 100% with 1 violations.
    elapsed time = 00:00:03, memory = 715.11 (MB).
[INFO DRT-0199]   Number of violations = 1.
Viol/Layer        met1
Metal Spacing        1
[INFO DRT-0267] cpu time = 00:00:06, elapsed time = 00:00:03, memory = 715.11 (MB), peak = 742.32 (MB)
Total wire length = 223608 um.
Total wire length on LAYER li1 = 0 um.
Total wire length on LAYER met1 = 83649 um.
Total wire length on LAYER met2 = 95088 um.
Total wire length on LAYER met3 = 32132 um.
Total wire length on LAYER met4 = 12529 um.
Total wire length on LAYER met5 = 208 um.
Total number of vias = 47953.
Up-via summary (total 47953):

------------------------
 FR_MASTERSLICE        0
            li1    21193
           met1    23873
           met2     2293
           met3      588
           met4        6
------------------------
                   47953


[INFO DRT-0195] Start 5th optimization iteration.
    Completing 10% with 1 violations.
    elapsed time = 00:00:00, memory = 715.11 (MB).
    Completing 20% with 1 violations.
    elapsed time = 00:00:00, memory = 715.11 (MB).
    Completing 30% with 1 violations.
    elapsed time = 00:00:00, memory = 715.11 (MB).
    Completing 40% with 1 violations.
    elapsed time = 00:00:00, memory = 715.11 (MB).
    Completing 50% with 1 violations.
    elapsed time = 00:00:00, memory = 715.11 (MB).
    Completing 60% with 1 violations.
    elapsed time = 00:00:00, memory = 715.11 (MB).
    Completing 70% with 1 violations.
    elapsed time = 00:00:00, memory = 715.11 (MB).
    Completing 80% with 1 violations.
    elapsed time = 00:00:00, memory = 715.11 (MB).
    Completing 90% with 1 violations.
    elapsed time = 00:00:00, memory = 715.11 (MB).
    Completing 100% with 0 violations.
    elapsed time = 00:00:00, memory = 715.11 (MB).
[INFO DRT-0199]   Number of violations = 0.
[INFO DRT-0267] cpu time = 00:00:00, elapsed time = 00:00:00, memory = 715.11 (MB), peak = 742.32 (MB)
Total wire length = 223608 um.
Total wire length on LAYER li1 = 0 um.
Total wire length on LAYER met1 = 83654 um.
Total wire length on LAYER met2 = 95089 um.
Total wire length on LAYER met3 = 32126 um.
Total wire length on LAYER met4 = 12529 um.
Total wire length on LAYER met5 = 208 um.
Total number of vias = 47952.
Up-via summary (total 47952):

------------------------
 FR_MASTERSLICE        0
            li1    21193
           met1    23873
           met2     2292
           met3      588
           met4        6
------------------------
                   47952


[INFO DRT-0198] Complete detail routing.
Total wire length = 223608 um.
Total wire length on LAYER li1 = 0 um.
Total wire length on LAYER met1 = 83654 um.
Total wire length on LAYER met2 = 95089 um.
Total wire length on LAYER met3 = 32126 um.
Total wire length on LAYER met4 = 12529 um.
Total wire length on LAYER met5 = 208 um.
Total number of vias = 47952.
Up-via summary (total 47952):

------------------------
 FR_MASTERSLICE        0
            li1    21193
           met1    23873
           met2     2292
           met3      588
           met4        6
------------------------
                   47952


[INFO DRT-0267] cpu time = 00:05:06, elapsed time = 00:02:42, memory = 715.11 (MB), peak = 742.32 (MB)

[INFO DRT-0180] Post processing.
Setting global connections for newly added cells…
Writing OpenROAD database to '/openlane/designs/Lab4/runs/RUN_2025.06.03_21.41.22/results/routing/top.odb'…
Writing netlist to '/openlane/designs/Lab4/runs/RUN_2025.06.03_21.41.22/results/routing/top.nl.v'…
Writing powered netlist to '/openlane/designs/Lab4/runs/RUN_2025.06.03_21.41.22/results/routing/top.pnl.v'…
Writing layout to '/openlane/designs/Lab4/runs/RUN_2025.06.03_21.41.22/results/routing/top.def'…
