
===========================================================================
 report_power
============================================================================
======================= Fastest Corner ===================================

Group                  Internal  Switching    Leakage      Total
                          Power      Power      Power      Power (Watts)
----------------------------------------------------------------
Sequential             4.28e-05   1.36e-06   1.16e-10   4.42e-05  23.7%
Combinational          2.65e-05   3.84e-05   6.26e-10   6.49e-05  34.8%
Clock                  5.89e-05   1.82e-05   4.40e-10   7.71e-05  41.4%
Macro                  0.00e+00   0.00e+00   0.00e+00   0.00e+00   0.0%
Pad                    0.00e+00   0.00e+00   0.00e+00   0.00e+00   0.0%
----------------------------------------------------------------
Total                  1.28e-04   5.79e-05   1.18e-09   1.86e-04 100.0%
                          68.9%      31.1%       0.0%

======================= Slowest Corner ===================================

Group                  Internal  Switching    Leakage      Total
                          Power      Power      Power      Power (Watts)
----------------------------------------------------------------
Sequential             2.91e-05   8.88e-07   1.17e-07   3.01e-05  23.2%
Combinational          1.98e-05   2.55e-05   5.21e-07   4.59e-05  35.4%
Clock                  4.17e-05   1.18e-05   5.73e-08   5.35e-05  41.3%
Macro                  0.00e+00   0.00e+00   0.00e+00   0.00e+00   0.0%
Pad                    0.00e+00   0.00e+00   0.00e+00   0.00e+00   0.0%
----------------------------------------------------------------
Total                  9.06e-05   3.82e-05   6.95e-07   1.29e-04 100.0%
                          70.0%      29.5%       0.5%

======================= Typical Corner ===================================

Group                  Internal  Switching    Leakage      Total
                          Power      Power      Power      Power (Watts)
----------------------------------------------------------------
Sequential             3.70e-05   1.14e-06   6.74e-11   3.81e-05  23.6%
Combinational          2.41e-05   3.25e-05   4.11e-10   5.66e-05  35.1%
Clock                  5.13e-05   1.53e-05   2.85e-10   6.67e-05  41.3%
Macro                  0.00e+00   0.00e+00   0.00e+00   0.00e+00   0.0%
Pad                    0.00e+00   0.00e+00   0.00e+00   0.00e+00   0.0%
----------------------------------------------------------------
Total                  1.12e-04   4.90e-05   7.63e-10   1.61e-04 100.0%
                          69.7%      30.3%       0.0%

