
===========================================================================
report_checks -path_delay max (Setup)
============================================================================
======================= Typical Corner ===================================

Startpoint: A[1] (input port clocked by __VIRTUAL_CLK__)
Endpoint: Y[2] (output port clocked by __VIRTUAL_CLK__)
Path Group: __VIRTUAL_CLK__
Path Type: max

Fanout     Cap    Slew   Delay    Time   Description
-----------------------------------------------------------------------------
                  0.00    0.00    0.00   clock __VIRTUAL_CLK__ (rise edge)
                          0.00    0.00   clock network delay (ideal)
                          2.00    2.00 v input external delay
     1    0.00    0.01    0.00    2.00 v A[1] (in)
                                         A[1] (net)
                  0.01    0.00    2.00 v input2/A (sky130_fd_sc_hd__dlymetal6s2s_1)
     3    0.01    0.06    0.15    2.15 v input2/X (sky130_fd_sc_hd__dlymetal6s2s_1)
                                         net2 (net)
                  0.06    0.00    2.15 v _4_/A (sky130_fd_sc_hd__or3_1)
     2    0.01    0.08    0.41    2.56 v _4_/X (sky130_fd_sc_hd__or3_1)
                                         _2_ (net)
                  0.08    0.00    2.56 v _6_/A (sky130_fd_sc_hd__and2_1)
     1    0.00    0.03    0.15    2.71 v _6_/X (sky130_fd_sc_hd__and2_1)
                                         _1_ (net)
                  0.03    0.00    2.71 v _7_/A (sky130_fd_sc_hd__buf_1)
     1    0.00    0.02    0.08    2.79 v _7_/X (sky130_fd_sc_hd__buf_1)
                                         net7 (net)
                  0.02    0.00    2.79 v output7/A (sky130_fd_sc_hd__buf_2)
     1    0.03    0.09    0.18    2.97 v output7/X (sky130_fd_sc_hd__buf_2)
                                         Y[2] (net)
                  0.09    0.00    2.97 v Y[2] (out)
                                  2.97   data arrival time

                  0.00   10.00   10.00   clock __VIRTUAL_CLK__ (rise edge)
                          0.00   10.00   clock network delay (ideal)
                         -0.25    9.75   clock uncertainty
                          0.00    9.75   clock reconvergence pessimism
                         -2.00    7.75   output external delay
                                  7.75   data required time
-----------------------------------------------------------------------------
                                  7.75   data required time
                                 -2.97   data arrival time
-----------------------------------------------------------------------------
                                  4.78   slack (MET)


Startpoint: A[1] (input port clocked by __VIRTUAL_CLK__)
Endpoint: Y[3] (output port clocked by __VIRTUAL_CLK__)
Path Group: __VIRTUAL_CLK__
Path Type: max

Fanout     Cap    Slew   Delay    Time   Description
-----------------------------------------------------------------------------
                  0.00    0.00    0.00   clock __VIRTUAL_CLK__ (rise edge)
                          0.00    0.00   clock network delay (ideal)
                          2.00    2.00 v input external delay
     1    0.00    0.01    0.00    2.00 v A[1] (in)
                                         A[1] (net)
                  0.01    0.00    2.00 v input2/A (sky130_fd_sc_hd__dlymetal6s2s_1)
     3    0.01    0.06    0.15    2.15 v input2/X (sky130_fd_sc_hd__dlymetal6s2s_1)
                                         net2 (net)
                  0.06    0.00    2.15 v _4_/A (sky130_fd_sc_hd__or3_1)
     2    0.01    0.08    0.41    2.56 v _4_/X (sky130_fd_sc_hd__or3_1)
                                         _2_ (net)
                  0.08    0.00    2.56 v _8_/B (sky130_fd_sc_hd__xor2_1)
     2    0.00    0.11    0.14    2.70 ^ _8_/X (sky130_fd_sc_hd__xor2_1)
                                         net8 (net)
                  0.11    0.00    2.70 ^ output8/A (sky130_fd_sc_hd__buf_2)
     1    0.03    0.17    0.23    2.93 ^ output8/X (sky130_fd_sc_hd__buf_2)
                                         Y[3] (net)
                  0.17    0.00    2.93 ^ Y[3] (out)
                                  2.93   data arrival time

                  0.00   10.00   10.00   clock __VIRTUAL_CLK__ (rise edge)
                          0.00   10.00   clock network delay (ideal)
                         -0.25    9.75   clock uncertainty
                          0.00    9.75   clock reconvergence pessimism
                         -2.00    7.75   output external delay
                                  7.75   data required time
-----------------------------------------------------------------------------
                                  7.75   data required time
                                 -2.93   data arrival time
-----------------------------------------------------------------------------
                                  4.82   slack (MET)


Startpoint: A[1] (input port clocked by __VIRTUAL_CLK__)
Endpoint: Y[1] (output port clocked by __VIRTUAL_CLK__)
Path Group: __VIRTUAL_CLK__
Path Type: max

Fanout     Cap    Slew   Delay    Time   Description
-----------------------------------------------------------------------------
                  0.00    0.00    0.00   clock __VIRTUAL_CLK__ (rise edge)
                          0.00    0.00   clock network delay (ideal)
                          2.00    2.00 v input external delay
     1    0.00    0.01    0.00    2.00 v A[1] (in)
                                         A[1] (net)
                  0.01    0.00    2.00 v input2/A (sky130_fd_sc_hd__dlymetal6s2s_1)
     3    0.01    0.06    0.15    2.15 v input2/X (sky130_fd_sc_hd__dlymetal6s2s_1)
                                         net2 (net)
                  0.06    0.00    2.15 v _3_/A (sky130_fd_sc_hd__xor2_1)
     1    0.00    0.10    0.14    2.29 ^ _3_/X (sky130_fd_sc_hd__xor2_1)
                                         net6 (net)
                  0.10    0.00    2.29 ^ output6/A (sky130_fd_sc_hd__buf_2)
     1    0.03    0.17    0.23    2.52 ^ output6/X (sky130_fd_sc_hd__buf_2)
                                         Y[1] (net)
                  0.17    0.00    2.52 ^ Y[1] (out)
                                  2.52   data arrival time

                  0.00   10.00   10.00   clock __VIRTUAL_CLK__ (rise edge)
                          0.00   10.00   clock network delay (ideal)
                         -0.25    9.75   clock uncertainty
                          0.00    9.75   clock reconvergence pessimism
                         -2.00    7.75   output external delay
                                  7.75   data required time
-----------------------------------------------------------------------------
                                  7.75   data required time
                                 -2.52   data arrival time
-----------------------------------------------------------------------------
                                  5.23   slack (MET)


Startpoint: A[0] (input port clocked by __VIRTUAL_CLK__)
Endpoint: Y[0] (output port clocked by __VIRTUAL_CLK__)
Path Group: __VIRTUAL_CLK__
Path Type: max

Fanout     Cap    Slew   Delay    Time   Description
-----------------------------------------------------------------------------
                  0.00    0.00    0.00   clock __VIRTUAL_CLK__ (rise edge)
                          0.00    0.00   clock network delay (ideal)
                          2.00    2.00 ^ input external delay
     1    0.00    0.02    0.01    2.01 ^ A[0] (in)
                                         A[0] (net)
                  0.02    0.00    2.01 ^ input1/A (sky130_fd_sc_hd__clkbuf_2)
     4    0.01    0.07    0.12    2.13 ^ input1/X (sky130_fd_sc_hd__clkbuf_2)
                                         net1 (net)
                  0.07    0.00    2.13 ^ _9_/A (sky130_fd_sc_hd__buf_1)
     1    0.00    0.03    0.08    2.21 ^ _9_/X (sky130_fd_sc_hd__buf_1)
                                         net5 (net)
                  0.03    0.00    2.21 ^ output5/A (sky130_fd_sc_hd__buf_2)
     1    0.03    0.17    0.20    2.41 ^ output5/X (sky130_fd_sc_hd__buf_2)
                                         Y[0] (net)
                  0.17    0.00    2.41 ^ Y[0] (out)
                                  2.41   data arrival time

                  0.00   10.00   10.00   clock __VIRTUAL_CLK__ (rise edge)
                          0.00   10.00   clock network delay (ideal)
                         -0.25    9.75   clock uncertainty
                          0.00    9.75   clock reconvergence pessimism
                         -2.00    7.75   output external delay
                                  7.75   data required time
-----------------------------------------------------------------------------
                                  7.75   data required time
                                 -2.41   data arrival time
-----------------------------------------------------------------------------
                                  5.34   slack (MET)



worst slack corner Typical: 4.7827
