
===========================================================================
report_checks -path_delay max (Setup)
============================================================================
======================= Fastest Corner ===================================

Startpoint: A[1] (input port clocked by __VIRTUAL_CLK__)
Endpoint: Y[3] (output port clocked by __VIRTUAL_CLK__)
Path Group: __VIRTUAL_CLK__
Path Type: max
Corner: Fastest

Fanout     Cap    Slew   Delay    Time   Description
-----------------------------------------------------------------------------
                  0.00    0.00    0.00   clock __VIRTUAL_CLK__ (rise edge)
                          0.00    0.00   clock network delay (ideal)
                          2.00    2.00 v input external delay
     1    0.00    0.00    0.00    2.00 v A[1] (in)
                                         A[1] (net)
                  0.00    0.00    2.00 v input2/A (sky130_fd_sc_hd__dlymetal6s2s_1)
     3    0.02    0.09    0.13    2.14 v input2/X (sky130_fd_sc_hd__dlymetal6s2s_1)
                                         net2 (net)
                  0.09    0.00    2.14 v _4_/A (sky130_fd_sc_hd__or3_1)
     2    0.01    0.06    0.26    2.40 v _4_/X (sky130_fd_sc_hd__or3_1)
                                         _2_ (net)
                  0.06    0.00    2.40 v _8_/B (sky130_fd_sc_hd__xor2_1)
     2    0.01    0.22    0.21    2.61 ^ _8_/X (sky130_fd_sc_hd__xor2_1)
                                         net8 (net)
                  0.22    0.00    2.61 ^ output8/A (sky130_fd_sc_hd__buf_2)
     1    0.03    0.13    0.18    2.79 ^ output8/X (sky130_fd_sc_hd__buf_2)
                                         Y[3] (net)
                  0.13    0.00    2.79 ^ Y[3] (out)
                                  2.79   data arrival time

                  0.00   10.00   10.00   clock __VIRTUAL_CLK__ (rise edge)
                          0.00   10.00   clock network delay (ideal)
                         -0.25    9.75   clock uncertainty
                          0.00    9.75   clock reconvergence pessimism
                         -2.00    7.75   output external delay
                                  7.75   data required time
-----------------------------------------------------------------------------
                                  7.75   data required time
                                 -2.79   data arrival time
-----------------------------------------------------------------------------
                                  4.96   slack (MET)


Startpoint: A[1] (input port clocked by __VIRTUAL_CLK__)
Endpoint: Y[2] (output port clocked by __VIRTUAL_CLK__)
Path Group: __VIRTUAL_CLK__
Path Type: max
Corner: Fastest

Fanout     Cap    Slew   Delay    Time   Description
-----------------------------------------------------------------------------
                  0.00    0.00    0.00   clock __VIRTUAL_CLK__ (rise edge)
                          0.00    0.00   clock network delay (ideal)
                          2.00    2.00 v input external delay
     1    0.00    0.00    0.00    2.00 v A[1] (in)
                                         A[1] (net)
                  0.00    0.00    2.00 v input2/A (sky130_fd_sc_hd__dlymetal6s2s_1)
     3    0.02    0.09    0.13    2.14 v input2/X (sky130_fd_sc_hd__dlymetal6s2s_1)
                                         net2 (net)
                  0.09    0.00    2.14 v _4_/A (sky130_fd_sc_hd__or3_1)
     2    0.01    0.06    0.26    2.40 v _4_/X (sky130_fd_sc_hd__or3_1)
                                         _2_ (net)
                  0.06    0.00    2.40 v _6_/A (sky130_fd_sc_hd__and2_1)
     1    0.00    0.02    0.10    2.49 v _6_/X (sky130_fd_sc_hd__and2_1)
                                         _1_ (net)
                  0.02    0.00    2.49 v _7_/A (sky130_fd_sc_hd__buf_1)
     1    0.02    0.06    0.10    2.59 v _7_/X (sky130_fd_sc_hd__buf_1)
                                         net7 (net)
                  0.06    0.00    2.59 v output7/A (sky130_fd_sc_hd__buf_2)
     1    0.03    0.06    0.14    2.72 v output7/X (sky130_fd_sc_hd__buf_2)
                                         Y[2] (net)
                  0.06    0.00    2.73 v Y[2] (out)
                                  2.73   data arrival time

                  0.00   10.00   10.00   clock __VIRTUAL_CLK__ (rise edge)
                          0.00   10.00   clock network delay (ideal)
                         -0.25    9.75   clock uncertainty
                          0.00    9.75   clock reconvergence pessimism
                         -2.00    7.75   output external delay
                                  7.75   data required time
-----------------------------------------------------------------------------
                                  7.75   data required time
                                 -2.73   data arrival time
-----------------------------------------------------------------------------
                                  5.02   slack (MET)


Startpoint: A[1] (input port clocked by __VIRTUAL_CLK__)
Endpoint: Y[1] (output port clocked by __VIRTUAL_CLK__)
Path Group: __VIRTUAL_CLK__
Path Type: max
Corner: Fastest

Fanout     Cap    Slew   Delay    Time   Description
-----------------------------------------------------------------------------
                  0.00    0.00    0.00   clock __VIRTUAL_CLK__ (rise edge)
                          0.00    0.00   clock network delay (ideal)
                          2.00    2.00 ^ input external delay
     1    0.00    0.01    0.01    2.01 ^ A[1] (in)
                                         A[1] (net)
                  0.01    0.00    2.01 ^ input2/A (sky130_fd_sc_hd__dlymetal6s2s_1)
     3    0.02    0.19    0.17    2.18 ^ input2/X (sky130_fd_sc_hd__dlymetal6s2s_1)
                                         net2 (net)
                  0.19    0.00    2.18 ^ _3_/A (sky130_fd_sc_hd__xor2_1)
     1    0.01    0.20    0.19    2.37 ^ _3_/X (sky130_fd_sc_hd__xor2_1)
                                         net6 (net)
                  0.20    0.00    2.37 ^ output6/A (sky130_fd_sc_hd__buf_2)
     1    0.03    0.13    0.17    2.55 ^ output6/X (sky130_fd_sc_hd__buf_2)
                                         Y[1] (net)
                  0.13    0.00    2.55 ^ Y[1] (out)
                                  2.55   data arrival time

                  0.00   10.00   10.00   clock __VIRTUAL_CLK__ (rise edge)
                          0.00   10.00   clock network delay (ideal)
                         -0.25    9.75   clock uncertainty
                          0.00    9.75   clock reconvergence pessimism
                         -2.00    7.75   output external delay
                                  7.75   data required time
-----------------------------------------------------------------------------
                                  7.75   data required time
                                 -2.55   data arrival time
-----------------------------------------------------------------------------
                                  5.20   slack (MET)


Startpoint: A[0] (input port clocked by __VIRTUAL_CLK__)
Endpoint: Y[0] (output port clocked by __VIRTUAL_CLK__)
Path Group: __VIRTUAL_CLK__
Path Type: max
Corner: Fastest

Fanout     Cap    Slew   Delay    Time   Description
-----------------------------------------------------------------------------
                  0.00    0.00    0.00   clock __VIRTUAL_CLK__ (rise edge)
                          0.00    0.00   clock network delay (ideal)
                          2.00    2.00 ^ input external delay
     1    0.00    0.01    0.01    2.01 ^ A[0] (in)
                                         A[0] (net)
                  0.01    0.00    2.01 ^ input1/A (sky130_fd_sc_hd__clkbuf_2)
     4    0.03    0.12    0.13    2.14 ^ input1/X (sky130_fd_sc_hd__clkbuf_2)
                                         net1 (net)
                  0.12    0.00    2.14 ^ _9_/A (sky130_fd_sc_hd__buf_1)
     1    0.02    0.15    0.15    2.29 ^ _9_/X (sky130_fd_sc_hd__buf_1)
                                         net5 (net)
                  0.15    0.00    2.29 ^ output5/A (sky130_fd_sc_hd__buf_2)
     1    0.03    0.13    0.17    2.46 ^ output5/X (sky130_fd_sc_hd__buf_2)
                                         Y[0] (net)
                  0.13    0.00    2.46 ^ Y[0] (out)
                                  2.46   data arrival time

                  0.00   10.00   10.00   clock __VIRTUAL_CLK__ (rise edge)
                          0.00   10.00   clock network delay (ideal)
                         -0.25    9.75   clock uncertainty
                          0.00    9.75   clock reconvergence pessimism
                         -2.00    7.75   output external delay
                                  7.75   data required time
-----------------------------------------------------------------------------
                                  7.75   data required time
                                 -2.46   data arrival time
-----------------------------------------------------------------------------
                                  5.29   slack (MET)



worst slack corner Fastest: 4.9612
======================= Slowest Corner ===================================

Startpoint: A[1] (input port clocked by __VIRTUAL_CLK__)
Endpoint: Y[3] (output port clocked by __VIRTUAL_CLK__)
Path Group: __VIRTUAL_CLK__
Path Type: max
Corner: Slowest

Fanout     Cap    Slew   Delay    Time   Description
-----------------------------------------------------------------------------
                  0.00    0.00    0.00   clock __VIRTUAL_CLK__ (rise edge)
                          0.00    0.00   clock network delay (ideal)
                          2.00    2.00 v input external delay
     1    0.00    0.02    0.01    2.01 v A[1] (in)
                                         A[1] (net)
                  0.02    0.00    2.01 v input2/A (sky130_fd_sc_hd__dlymetal6s2s_1)
     3    0.02    0.24    0.42    2.43 v input2/X (sky130_fd_sc_hd__dlymetal6s2s_1)
                                         net2 (net)
                  0.24    0.00    2.43 v _4_/A (sky130_fd_sc_hd__or3_1)
     2    0.01    0.18    1.01    3.44 v _4_/X (sky130_fd_sc_hd__or3_1)
                                         _2_ (net)
                  0.18    0.00    3.44 v _8_/B (sky130_fd_sc_hd__xor2_1)
     2    0.01    0.51    0.52    3.97 ^ _8_/X (sky130_fd_sc_hd__xor2_1)
                                         net8 (net)
                  0.51    0.00    3.97 ^ output8/A (sky130_fd_sc_hd__buf_2)
     1    0.03    0.27    0.55    4.52 ^ output8/X (sky130_fd_sc_hd__buf_2)
                                         Y[3] (net)
                  0.27    0.00    4.52 ^ Y[3] (out)
                                  4.52   data arrival time

                  0.00   10.00   10.00   clock __VIRTUAL_CLK__ (rise edge)
                          0.00   10.00   clock network delay (ideal)
                         -0.25    9.75   clock uncertainty
                          0.00    9.75   clock reconvergence pessimism
                         -2.00    7.75   output external delay
                                  7.75   data required time
-----------------------------------------------------------------------------
                                  7.75   data required time
                                 -4.52   data arrival time
-----------------------------------------------------------------------------
                                  3.23   slack (MET)


Startpoint: A[1] (input port clocked by __VIRTUAL_CLK__)
Endpoint: Y[2] (output port clocked by __VIRTUAL_CLK__)
Path Group: __VIRTUAL_CLK__
Path Type: max
Corner: Slowest

Fanout     Cap    Slew   Delay    Time   Description
-----------------------------------------------------------------------------
                  0.00    0.00    0.00   clock __VIRTUAL_CLK__ (rise edge)
                          0.00    0.00   clock network delay (ideal)
                          2.00    2.00 v input external delay
     1    0.00    0.02    0.01    2.01 v A[1] (in)
                                         A[1] (net)
                  0.02    0.00    2.01 v input2/A (sky130_fd_sc_hd__dlymetal6s2s_1)
     3    0.02    0.24    0.42    2.43 v input2/X (sky130_fd_sc_hd__dlymetal6s2s_1)
                                         net2 (net)
                  0.24    0.00    2.43 v _4_/A (sky130_fd_sc_hd__or3_1)
     2    0.01    0.18    1.01    3.44 v _4_/X (sky130_fd_sc_hd__or3_1)
                                         _2_ (net)
                  0.18    0.00    3.44 v _6_/A (sky130_fd_sc_hd__and2_1)
     1    0.00    0.06    0.33    3.78 v _6_/X (sky130_fd_sc_hd__and2_1)
                                         _1_ (net)
                  0.06    0.00    3.78 v _7_/A (sky130_fd_sc_hd__buf_1)
     1    0.02    0.18    0.27    4.05 v _7_/X (sky130_fd_sc_hd__buf_1)
                                         net7 (net)
                  0.18    0.00    4.05 v output7/A (sky130_fd_sc_hd__buf_2)
     1    0.03    0.16    0.41    4.47 v output7/X (sky130_fd_sc_hd__buf_2)
                                         Y[2] (net)
                  0.16    0.00    4.47 v Y[2] (out)
                                  4.47   data arrival time

                  0.00   10.00   10.00   clock __VIRTUAL_CLK__ (rise edge)
                          0.00   10.00   clock network delay (ideal)
                         -0.25    9.75   clock uncertainty
                          0.00    9.75   clock reconvergence pessimism
                         -2.00    7.75   output external delay
                                  7.75   data required time
-----------------------------------------------------------------------------
                                  7.75   data required time
                                 -4.47   data arrival time
-----------------------------------------------------------------------------
                                  3.28   slack (MET)


Startpoint: A[1] (input port clocked by __VIRTUAL_CLK__)
Endpoint: Y[1] (output port clocked by __VIRTUAL_CLK__)
Path Group: __VIRTUAL_CLK__
Path Type: max
Corner: Slowest

Fanout     Cap    Slew   Delay    Time   Description
-----------------------------------------------------------------------------
                  0.00    0.00    0.00   clock __VIRTUAL_CLK__ (rise edge)
                          0.00    0.00   clock network delay (ideal)
                          2.00    2.00 v input external delay
     1    0.00    0.02    0.01    2.01 v A[1] (in)
                                         A[1] (net)
                  0.02    0.00    2.01 v input2/A (sky130_fd_sc_hd__dlymetal6s2s_1)
     3    0.02    0.24    0.42    2.43 v input2/X (sky130_fd_sc_hd__dlymetal6s2s_1)
                                         net2 (net)
                  0.24    0.00    2.43 v _3_/A (sky130_fd_sc_hd__xor2_1)
     1    0.01    0.44    0.54    2.97 ^ _3_/X (sky130_fd_sc_hd__xor2_1)
                                         net6 (net)
                  0.44    0.00    2.97 ^ output6/A (sky130_fd_sc_hd__buf_2)
     1    0.03    0.27    0.52    3.50 ^ output6/X (sky130_fd_sc_hd__buf_2)
                                         Y[1] (net)
                  0.27    0.00    3.50 ^ Y[1] (out)
                                  3.50   data arrival time

                  0.00   10.00   10.00   clock __VIRTUAL_CLK__ (rise edge)
                          0.00   10.00   clock network delay (ideal)
                         -0.25    9.75   clock uncertainty
                          0.00    9.75   clock reconvergence pessimism
                         -2.00    7.75   output external delay
                                  7.75   data required time
-----------------------------------------------------------------------------
                                  7.75   data required time
                                 -3.50   data arrival time
-----------------------------------------------------------------------------
                                  4.25   slack (MET)


Startpoint: A[0] (input port clocked by __VIRTUAL_CLK__)
Endpoint: Y[0] (output port clocked by __VIRTUAL_CLK__)
Path Group: __VIRTUAL_CLK__
Path Type: max
Corner: Slowest

Fanout     Cap    Slew   Delay    Time   Description
-----------------------------------------------------------------------------
                  0.00    0.00    0.00   clock __VIRTUAL_CLK__ (rise edge)
                          0.00    0.00   clock network delay (ideal)
                          2.00    2.00 ^ input external delay
     1    0.00    0.03    0.02    2.02 ^ A[0] (in)
                                         A[0] (net)
                  0.03    0.00    2.02 ^ input1/A (sky130_fd_sc_hd__clkbuf_2)
     4    0.03    0.24    0.31    2.33 ^ input1/X (sky130_fd_sc_hd__clkbuf_2)
                                         net1 (net)
                  0.24    0.00    2.33 ^ _9_/A (sky130_fd_sc_hd__buf_1)
     1    0.02    0.33    0.42    2.76 ^ _9_/X (sky130_fd_sc_hd__buf_1)
                                         net5 (net)
                  0.33    0.00    2.76 ^ output5/A (sky130_fd_sc_hd__buf_2)
     1    0.03    0.27    0.48    3.23 ^ output5/X (sky130_fd_sc_hd__buf_2)
                                         Y[0] (net)
                  0.27    0.00    3.23 ^ Y[0] (out)
                                  3.23   data arrival time

                  0.00   10.00   10.00   clock __VIRTUAL_CLK__ (rise edge)
                          0.00   10.00   clock network delay (ideal)
                         -0.25    9.75   clock uncertainty
                          0.00    9.75   clock reconvergence pessimism
                         -2.00    7.75   output external delay
                                  7.75   data required time
-----------------------------------------------------------------------------
                                  7.75   data required time
                                 -3.23   data arrival time
-----------------------------------------------------------------------------
                                  4.52   slack (MET)



worst slack corner Slowest: 3.2322
======================= Typical Corner ===================================

Startpoint: A[1] (input port clocked by __VIRTUAL_CLK__)
Endpoint: Y[3] (output port clocked by __VIRTUAL_CLK__)
Path Group: __VIRTUAL_CLK__
Path Type: max
Corner: Typical

Fanout     Cap    Slew   Delay    Time   Description
-----------------------------------------------------------------------------
                  0.00    0.00    0.00   clock __VIRTUAL_CLK__ (rise edge)
                          0.00    0.00   clock network delay (ideal)
                          2.00    2.00 v input external delay
     1    0.00    0.01    0.00    2.00 v A[1] (in)
                                         A[1] (net)
                  0.01    0.00    2.00 v input2/A (sky130_fd_sc_hd__dlymetal6s2s_1)
     3    0.02    0.12    0.21    2.21 v input2/X (sky130_fd_sc_hd__dlymetal6s2s_1)
                                         net2 (net)
                  0.12    0.00    2.21 v _4_/A (sky130_fd_sc_hd__or3_1)
     2    0.01    0.09    0.44    2.65 v _4_/X (sky130_fd_sc_hd__or3_1)
                                         _2_ (net)
                  0.09    0.00    2.65 v _8_/B (sky130_fd_sc_hd__xor2_1)
     2    0.01    0.31    0.30    2.96 ^ _8_/X (sky130_fd_sc_hd__xor2_1)
                                         net8 (net)
                  0.31    0.00    2.96 ^ output8/A (sky130_fd_sc_hd__buf_2)
     1    0.03    0.17    0.29    3.24 ^ output8/X (sky130_fd_sc_hd__buf_2)
                                         Y[3] (net)
                  0.17    0.00    3.25 ^ Y[3] (out)
                                  3.25   data arrival time

                  0.00   10.00   10.00   clock __VIRTUAL_CLK__ (rise edge)
                          0.00   10.00   clock network delay (ideal)
                         -0.25    9.75   clock uncertainty
                          0.00    9.75   clock reconvergence pessimism
                         -2.00    7.75   output external delay
                                  7.75   data required time
-----------------------------------------------------------------------------
                                  7.75   data required time
                                 -3.25   data arrival time
-----------------------------------------------------------------------------
                                  4.50   slack (MET)


Startpoint: A[1] (input port clocked by __VIRTUAL_CLK__)
Endpoint: Y[2] (output port clocked by __VIRTUAL_CLK__)
Path Group: __VIRTUAL_CLK__
Path Type: max
Corner: Typical

Fanout     Cap    Slew   Delay    Time   Description
-----------------------------------------------------------------------------
                  0.00    0.00    0.00   clock __VIRTUAL_CLK__ (rise edge)
                          0.00    0.00   clock network delay (ideal)
                          2.00    2.00 v input external delay
     1    0.00    0.01    0.00    2.00 v A[1] (in)
                                         A[1] (net)
                  0.01    0.00    2.00 v input2/A (sky130_fd_sc_hd__dlymetal6s2s_1)
     3    0.02    0.12    0.21    2.21 v input2/X (sky130_fd_sc_hd__dlymetal6s2s_1)
                                         net2 (net)
                  0.12    0.00    2.21 v _4_/A (sky130_fd_sc_hd__or3_1)
     2    0.01    0.09    0.44    2.65 v _4_/X (sky130_fd_sc_hd__or3_1)
                                         _2_ (net)
                  0.09    0.00    2.65 v _6_/A (sky130_fd_sc_hd__and2_1)
     1    0.00    0.03    0.15    2.81 v _6_/X (sky130_fd_sc_hd__and2_1)
                                         _1_ (net)
                  0.03    0.00    2.81 v _7_/A (sky130_fd_sc_hd__buf_1)
     1    0.02    0.09    0.14    2.95 v _7_/X (sky130_fd_sc_hd__buf_1)
                                         net7 (net)
                  0.09    0.00    2.95 v output7/A (sky130_fd_sc_hd__buf_2)
     1    0.03    0.09    0.21    3.16 v output7/X (sky130_fd_sc_hd__buf_2)
                                         Y[2] (net)
                  0.09    0.00    3.16 v Y[2] (out)
                                  3.16   data arrival time

                  0.00   10.00   10.00   clock __VIRTUAL_CLK__ (rise edge)
                          0.00   10.00   clock network delay (ideal)
                         -0.25    9.75   clock uncertainty
                          0.00    9.75   clock reconvergence pessimism
                         -2.00    7.75   output external delay
                                  7.75   data required time
-----------------------------------------------------------------------------
                                  7.75   data required time
                                 -3.16   data arrival time
-----------------------------------------------------------------------------
                                  4.59   slack (MET)


Startpoint: A[1] (input port clocked by __VIRTUAL_CLK__)
Endpoint: Y[1] (output port clocked by __VIRTUAL_CLK__)
Path Group: __VIRTUAL_CLK__
Path Type: max
Corner: Typical

Fanout     Cap    Slew   Delay    Time   Description
-----------------------------------------------------------------------------
                  0.00    0.00    0.00   clock __VIRTUAL_CLK__ (rise edge)
                          0.00    0.00   clock network delay (ideal)
                          2.00    2.00 ^ input external delay
     1    0.00    0.02    0.01    2.01 ^ A[1] (in)
                                         A[1] (net)
                  0.02    0.00    2.01 ^ input2/A (sky130_fd_sc_hd__dlymetal6s2s_1)
     3    0.02    0.25    0.23    2.24 ^ input2/X (sky130_fd_sc_hd__dlymetal6s2s_1)
                                         net2 (net)
                  0.25    0.00    2.25 ^ _3_/A (sky130_fd_sc_hd__xor2_1)
     1    0.01    0.27    0.31    2.55 ^ _3_/X (sky130_fd_sc_hd__xor2_1)
                                         net6 (net)
                  0.27    0.00    2.55 ^ output6/A (sky130_fd_sc_hd__buf_2)
     1    0.03    0.17    0.28    2.83 ^ output6/X (sky130_fd_sc_hd__buf_2)
                                         Y[1] (net)
                  0.17    0.00    2.83 ^ Y[1] (out)
                                  2.83   data arrival time

                  0.00   10.00   10.00   clock __VIRTUAL_CLK__ (rise edge)
                          0.00   10.00   clock network delay (ideal)
                         -0.25    9.75   clock uncertainty
                          0.00    9.75   clock reconvergence pessimism
                         -2.00    7.75   output external delay
                                  7.75   data required time
-----------------------------------------------------------------------------
                                  7.75   data required time
                                 -2.83   data arrival time
-----------------------------------------------------------------------------
                                  4.92   slack (MET)


Startpoint: A[0] (input port clocked by __VIRTUAL_CLK__)
Endpoint: Y[0] (output port clocked by __VIRTUAL_CLK__)
Path Group: __VIRTUAL_CLK__
Path Type: max
Corner: Typical

Fanout     Cap    Slew   Delay    Time   Description
-----------------------------------------------------------------------------
                  0.00    0.00    0.00   clock __VIRTUAL_CLK__ (rise edge)
                          0.00    0.00   clock network delay (ideal)
                          2.00    2.00 ^ input external delay
     1    0.00    0.02    0.01    2.01 ^ A[0] (in)
                                         A[0] (net)
                  0.02    0.00    2.01 ^ input1/A (sky130_fd_sc_hd__clkbuf_2)
     4    0.03    0.16    0.18    2.19 ^ input1/X (sky130_fd_sc_hd__clkbuf_2)
                                         net1 (net)
                  0.16    0.00    2.20 ^ _9_/A (sky130_fd_sc_hd__buf_1)
     1    0.02    0.20    0.23    2.43 ^ _9_/X (sky130_fd_sc_hd__buf_1)
                                         net5 (net)
                  0.20    0.00    2.43 ^ output5/A (sky130_fd_sc_hd__buf_2)
     1    0.03    0.17    0.26    2.69 ^ output5/X (sky130_fd_sc_hd__buf_2)
                                         Y[0] (net)
                  0.17    0.00    2.69 ^ Y[0] (out)
                                  2.69   data arrival time

                  0.00   10.00   10.00   clock __VIRTUAL_CLK__ (rise edge)
                          0.00   10.00   clock network delay (ideal)
                         -0.25    9.75   clock uncertainty
                          0.00    9.75   clock reconvergence pessimism
                         -2.00    7.75   output external delay
                                  7.75   data required time
-----------------------------------------------------------------------------
                                  7.75   data required time
                                 -2.69   data arrival time
-----------------------------------------------------------------------------
                                  5.06   slack (MET)



worst slack corner Typical: 4.5047
