
===========================================================================
 report_power
============================================================================
======================= Fastest Corner ===================================

Group                  Internal  Switching    Leakage      Total
                          Power      Power      Power      Power (Watts)
----------------------------------------------------------------
Sequential             0.00e+00   0.00e+00   0.00e+00   0.00e+00   0.0%
Combinational          2.36e-06   6.95e-06   7.84e-11   9.32e-06 100.0%
Clock                 -4.53e-11   0.00e+00   2.03e-09   1.98e-09   0.0%
Macro                  0.00e+00   0.00e+00   0.00e+00   0.00e+00   0.0%
Pad                    0.00e+00   0.00e+00   0.00e+00   0.00e+00   0.0%
----------------------------------------------------------------
Total                  2.36e-06   6.95e-06   2.11e-09   9.32e-06 100.0%
                          25.4%      74.6%       0.0%

======================= Slowest Corner ===================================

Group                  Internal  Switching    Leakage      Total
                          Power      Power      Power      Power (Watts)
----------------------------------------------------------------
Sequential             0.00e+00   0.00e+00   0.00e+00   0.00e+00   0.0%
Combinational          1.74e-06   4.66e-06   7.95e-08   6.48e-06 100.0%
Clock                 -1.90e-11   0.00e+00   2.03e-09   2.01e-09   0.0%
Macro                  0.00e+00   0.00e+00   0.00e+00   0.00e+00   0.0%
Pad                    0.00e+00   0.00e+00   0.00e+00   0.00e+00   0.0%
----------------------------------------------------------------
Total                  1.74e-06   4.66e-06   8.16e-08   6.48e-06 100.0%
                          26.9%      71.8%       1.3%

======================= Typical Corner ===================================

Group                  Internal  Switching    Leakage      Total
                          Power      Power      Power      Power (Watts)
----------------------------------------------------------------
Sequential             0.00e+00   0.00e+00   0.00e+00   0.00e+00   0.0%
Combinational          2.11e-06   5.91e-06   5.00e-11   8.02e-06 100.0%
Clock                 -2.27e-11   0.00e+00   2.03e-09   2.01e-09   0.0%
Macro                  0.00e+00   0.00e+00   0.00e+00   0.00e+00   0.0%
Pad                    0.00e+00   0.00e+00   0.00e+00   0.00e+00   0.0%
----------------------------------------------------------------
Total                  2.11e-06   5.91e-06   2.08e-09   8.02e-06 100.0%
                          26.3%      73.7%       0.0%

