
===========================================================================
report_checks -unconstrained
===========================================================================
======================= Fastest Corner ===================================

Startpoint: A[1] (input port clocked by __VIRTUAL_CLK__)
Endpoint: Y[3] (output port clocked by __VIRTUAL_CLK__)
Path Group: __VIRTUAL_CLK__
Path Type: max
Corner: Fastest

Fanout     Cap    Slew   Delay    Time   Description
-----------------------------------------------------------------------------
                  0.00    0.00    0.00   clock __VIRTUAL_CLK__ (rise edge)
                          0.00    0.00   clock network delay (ideal)
                          2.00    2.00 v input external delay
     1    0.00    0.00    0.00    2.00 v A[1] (in)
                                         A[1] (net)
                  0.00    0.00    2.00 v input2/A (sky130_fd_sc_hd__dlymetal6s2s_1)
     3    0.02    0.09    0.13    2.14 v input2/X (sky130_fd_sc_hd__dlymetal6s2s_1)
                                         net2 (net)
                  0.09    0.00    2.14 v _4_/A (sky130_fd_sc_hd__or3_1)
     2    0.01    0.06    0.26    2.40 v _4_/X (sky130_fd_sc_hd__or3_1)
                                         _2_ (net)
                  0.06    0.00    2.40 v _8_/B (sky130_fd_sc_hd__xor2_1)
     2    0.01    0.22    0.21    2.61 ^ _8_/X (sky130_fd_sc_hd__xor2_1)
                                         net8 (net)
                  0.22    0.00    2.61 ^ output8/A (sky130_fd_sc_hd__buf_2)
     1    0.03    0.13    0.18    2.79 ^ output8/X (sky130_fd_sc_hd__buf_2)
                                         Y[3] (net)
                  0.13    0.00    2.79 ^ Y[3] (out)
                                  2.79   data arrival time

                  0.00   10.00   10.00   clock __VIRTUAL_CLK__ (rise edge)
                          0.00   10.00   clock network delay (ideal)
                         -0.25    9.75   clock uncertainty
                          0.00    9.75   clock reconvergence pessimism
                         -2.00    7.75   output external delay
                                  7.75   data required time
-----------------------------------------------------------------------------
                                  7.75   data required time
                                 -2.79   data arrival time
-----------------------------------------------------------------------------
                                  4.96   slack (MET)



======================= Slowest Corner ===================================

Startpoint: A[1] (input port clocked by __VIRTUAL_CLK__)
Endpoint: Y[3] (output port clocked by __VIRTUAL_CLK__)
Path Group: __VIRTUAL_CLK__
Path Type: max
Corner: Slowest

Fanout     Cap    Slew   Delay    Time   Description
-----------------------------------------------------------------------------
                  0.00    0.00    0.00   clock __VIRTUAL_CLK__ (rise edge)
                          0.00    0.00   clock network delay (ideal)
                          2.00    2.00 v input external delay
     1    0.00    0.02    0.01    2.01 v A[1] (in)
                                         A[1] (net)
                  0.02    0.00    2.01 v input2/A (sky130_fd_sc_hd__dlymetal6s2s_1)
     3    0.02    0.24    0.42    2.43 v input2/X (sky130_fd_sc_hd__dlymetal6s2s_1)
                                         net2 (net)
                  0.24    0.00    2.43 v _4_/A (sky130_fd_sc_hd__or3_1)
     2    0.01    0.18    1.01    3.44 v _4_/X (sky130_fd_sc_hd__or3_1)
                                         _2_ (net)
                  0.18    0.00    3.44 v _8_/B (sky130_fd_sc_hd__xor2_1)
     2    0.01    0.51    0.52    3.97 ^ _8_/X (sky130_fd_sc_hd__xor2_1)
                                         net8 (net)
                  0.51    0.00    3.97 ^ output8/A (sky130_fd_sc_hd__buf_2)
     1    0.03    0.27    0.55    4.52 ^ output8/X (sky130_fd_sc_hd__buf_2)
                                         Y[3] (net)
                  0.27    0.00    4.52 ^ Y[3] (out)
                                  4.52   data arrival time

                  0.00   10.00   10.00   clock __VIRTUAL_CLK__ (rise edge)
                          0.00   10.00   clock network delay (ideal)
                         -0.25    9.75   clock uncertainty
                          0.00    9.75   clock reconvergence pessimism
                         -2.00    7.75   output external delay
                                  7.75   data required time
-----------------------------------------------------------------------------
                                  7.75   data required time
                                 -4.52   data arrival time
-----------------------------------------------------------------------------
                                  3.23   slack (MET)



======================= Typical Corner ===================================

Startpoint: A[1] (input port clocked by __VIRTUAL_CLK__)
Endpoint: Y[3] (output port clocked by __VIRTUAL_CLK__)
Path Group: __VIRTUAL_CLK__
Path Type: max
Corner: Typical

Fanout     Cap    Slew   Delay    Time   Description
-----------------------------------------------------------------------------
                  0.00    0.00    0.00   clock __VIRTUAL_CLK__ (rise edge)
                          0.00    0.00   clock network delay (ideal)
                          2.00    2.00 v input external delay
     1    0.00    0.01    0.00    2.00 v A[1] (in)
                                         A[1] (net)
                  0.01    0.00    2.00 v input2/A (sky130_fd_sc_hd__dlymetal6s2s_1)
     3    0.02    0.12    0.21    2.21 v input2/X (sky130_fd_sc_hd__dlymetal6s2s_1)
                                         net2 (net)
                  0.12    0.00    2.21 v _4_/A (sky130_fd_sc_hd__or3_1)
     2    0.01    0.09    0.44    2.65 v _4_/X (sky130_fd_sc_hd__or3_1)
                                         _2_ (net)
                  0.09    0.00    2.65 v _8_/B (sky130_fd_sc_hd__xor2_1)
     2    0.01    0.31    0.30    2.96 ^ _8_/X (sky130_fd_sc_hd__xor2_1)
                                         net8 (net)
                  0.31    0.00    2.96 ^ output8/A (sky130_fd_sc_hd__buf_2)
     1    0.03    0.17    0.29    3.24 ^ output8/X (sky130_fd_sc_hd__buf_2)
                                         Y[3] (net)
                  0.17    0.00    3.25 ^ Y[3] (out)
                                  3.25   data arrival time

                  0.00   10.00   10.00   clock __VIRTUAL_CLK__ (rise edge)
                          0.00   10.00   clock network delay (ideal)
                         -0.25    9.75   clock uncertainty
                          0.00    9.75   clock reconvergence pessimism
                         -2.00    7.75   output external delay
                                  7.75   data required time
-----------------------------------------------------------------------------
                                  7.75   data required time
                                 -3.25   data arrival time
-----------------------------------------------------------------------------
                                  4.50   slack (MET)




===========================================================================
report_checks --slack_max -0.01
============================================================================
======================= Fastest Corner ===================================

No paths found.

======================= Slowest Corner ===================================

No paths found.

======================= Typical Corner ===================================

No paths found.


===========================================================================
 report_check_types -max_slew -max_cap -max_fanout -violators
============================================================================
======================= Fastest Corner ===================================


max slew violations count Fastest: 0
max fanout violations count Fastest: 0
max cap violations count Fastest: 0
======================= Slowest Corner ===================================


max slew violations count Slowest: 0
max fanout violations count Slowest: 0
max cap violations count Slowest: 0
======================= Typical Corner ===================================


max slew violations count Typical: 0
max fanout violations count Typical: 0
max cap violations count Typical: 0

===========================================================================
report_parasitic_annotation -report_unannotated
============================================================================
Found 0 unannotated drivers.
Found 0 partially unannotated drivers.

===========================================================================
max slew violation count 0
max fanout violation count 0
max cap violation count 0
============================================================================

===========================================================================
check_setup -verbose -unconstrained_endpoints -multiple_clock -no_clock -no_input_delay -loops -generated_clocks
===========================================================================
