
===========================================================================
 report_power
============================================================================
======================= Fastest Corner ===================================

Group                  Internal  Switching    Leakage      Total
                          Power      Power      Power      Power (Watts)
----------------------------------------------------------------
Sequential             2.98e-03   3.95e-04   1.48e-08   3.38e-03  38.2%
Combinational          2.14e-03   1.38e-03   4.94e-08   3.51e-03  39.7%
Clock                  8.79e-04   1.08e-03   1.31e-08   1.96e-03  22.1%
Macro                  0.00e+00   0.00e+00   0.00e+00   0.00e+00   0.0%
Pad                    0.00e+00   0.00e+00   0.00e+00   0.00e+00   0.0%
----------------------------------------------------------------
Total                  6.00e-03   2.85e-03   7.73e-08   8.85e-03 100.0%
                          67.8%      32.2%       0.0%

======================= Slowest Corner ===================================

Group                  Internal  Switching    Leakage      Total
                          Power      Power      Power      Power (Watts)
----------------------------------------------------------------
Sequential             2.02e-03   2.50e-04   1.48e-05   2.29e-03  37.9%
Combinational          1.48e-03   9.00e-04   3.69e-05   2.42e-03  40.1%
Clock                  6.33e-04   6.94e-04   2.07e-06   1.33e-03  22.0%
Macro                  0.00e+00   0.00e+00   0.00e+00   0.00e+00   0.0%
Pad                    0.00e+00   0.00e+00   0.00e+00   0.00e+00   0.0%
----------------------------------------------------------------
Total                  4.14e-03   1.84e-03   5.38e-05   6.04e-03 100.0%
                          68.6%      30.5%       0.9%

======================= Typical Corner ===================================

Group                  Internal  Switching    Leakage      Total
                          Power      Power      Power      Power (Watts)
----------------------------------------------------------------
Sequential             2.58e-03   3.27e-04   8.56e-09   2.91e-03  38.2%
Combinational          1.88e-03   1.15e-03   2.50e-08   3.03e-03  39.8%
Clock                  7.70e-04   9.06e-04   8.03e-09   1.68e-03  22.0%
Macro                  0.00e+00   0.00e+00   0.00e+00   0.00e+00   0.0%
Pad                    0.00e+00   0.00e+00   0.00e+00   0.00e+00   0.0%
----------------------------------------------------------------
Total                  5.23e-03   2.39e-03   4.16e-08   7.62e-03 100.0%
                          68.7%      31.3%       0.0%

