OpenROAD b16bda7e82721d10566ff7e2b68f1ff0be9f9e38 
Features included (+) or not (-): +Charts +GPU +GUI +Python
This program is licensed under the BSD-3 license. See the LICENSE file for details.
Components of this program may be licensed under more restrictive licenses which must be honored.
define_corners Typical
read_liberty -corner Typical /home/berks/.volare/sky130A/libs.ref/sky130_fd_sc_hd/lib/sky130_fd_sc_hd__tt_025C_1v80.lib
Using 1e-12 for capacitance...
Using 1e+03 for resistance...
Using 1e-09 for time...
Using 1e+00 for voltage...
Using 1e-03 for current...
Using 1e-09 for power...
Using 1e-06 for distance...
[INFO]: Reading ODB at '/openlane/designs/Lab5/runs/RUN_2025.06.17_22.11.30/results/routing/semi_cpu_top.odb'…
Reading design constraints file at '/openlane/scripts/base.sdc'…
[INFO]: Setting output delay to: 2.0
[INFO]: Setting input delay to: 2.0
[INFO]: Setting load to: 0.033442
[INFO]: Setting clock uncertainty to: 0.25
[INFO]: Setting clock transition to: 0.15
[INFO]: Setting timing derate to: 5.0 %
Net: _1316_
  Pin: _3164_/A0 (sky130_fd_sc_hd__mux2_1)
    Layer: met4
      Partial area ratio:   53.77
      Required ratio:    0.00 (Gate area) 
      Partial area ratio:  288.04
      Required ratio: 2771.60 (Side area) 
      Cumulative area ratio:  145.56
      Required ratio:    0.00 (Cumulative area) 
      Cumulative area ratio:  781.96
      Required ratio:    0.00 (Cumulative side area) 

    Layer: met3
      Partial area ratio:   91.07
      Required ratio:    0.00 (Gate area) 
      Partial area ratio:  489.52
      Required ratio:  400.00 (Side area) (VIOLATED)
      Cumulative area ratio:   91.79
      Required ratio:    0.00 (Cumulative area) 
      Cumulative area ratio:  493.91
      Required ratio:    0.00 (Cumulative side area) 

    Layer: met2
      Partial area ratio:    0.72
      Required ratio:    0.00 (Gate area) 
      Partial area ratio:    4.39
      Required ratio:  400.00 (Side area) 
      Cumulative area ratio:    0.72
      Required ratio:    0.00 (Cumulative area) 
      Cumulative area ratio:    4.39
      Required ratio:    0.00 (Cumulative side area) 

    Layer: met1
      Partial area ratio:    0.00
      Required ratio:    0.00 (Gate area) 
      Partial area ratio:    0.00
      Required ratio:  400.00 (Side area) 
      Cumulative area ratio:    0.00
      Required ratio:    0.00 (Cumulative area) 
      Cumulative area ratio:    0.00
      Required ratio:    0.00 (Cumulative side area) 

    Layer: li1
      Partial area ratio:    0.00
      Required ratio:    0.00 (Gate area) 
      Partial area ratio:    0.00
      Required ratio:   75.00 (Side area) 
      Cumulative area ratio:    0.00
      Required ratio:    0.00 (Cumulative area) 
      Cumulative area ratio:    0.00
      Required ratio:    0.00 (Cumulative side area) 

    Via: M3M4_PR
      Partial area ratio:    0.32
      Required ratio:    6.00 (Gate area) 
      Cumulative area ratio:    1.04
      Required ratio:    0.00 (Cumulative area) 

    Via: M2M3_PR
      Partial area ratio:    0.32
      Required ratio:    6.00 (Gate area) 
      Cumulative area ratio:    0.73
      Required ratio:    0.00 (Cumulative area) 

    Via: M1M2_PR
      Partial area ratio:    0.18
      Required ratio:    6.00 (Gate area) 
      Cumulative area ratio:    0.41
      Required ratio:    0.00 (Cumulative area) 

    Via: L1M1_PR_MR
      Partial area ratio:    0.23
      Required ratio:    3.00 (Gate area) 
      Cumulative area ratio:    0.23
      Required ratio:    0.00 (Cumulative area) 

  Pin: _3546_/B2 (sky130_fd_sc_hd__a32o_1)
    Layer: met1
      Partial area ratio:    6.86
      Required ratio:    0.00 (Gate area) 
      Partial area ratio:   35.07
      Required ratio: 2771.60 (Side area) 
      Cumulative area ratio:    6.86
      Required ratio:    0.00 (Cumulative area) 
      Cumulative area ratio:   35.07
      Required ratio:    0.00 (Cumulative side area) 

    Layer: met2
      Partial area ratio:    0.56
      Required ratio:    0.00 (Gate area) 
      Partial area ratio:    3.20
      Required ratio: 2771.60 (Side area) 
      Cumulative area ratio:    7.42
      Required ratio:    0.00 (Cumulative area) 
      Cumulative area ratio:   38.27
      Required ratio:    0.00 (Cumulative side area) 

    Layer: met3
      Partial area ratio:   31.87
      Required ratio:    0.00 (Gate area) 
      Partial area ratio:  171.89
      Required ratio: 2771.60 (Side area) 
      Cumulative area ratio:   39.28
      Required ratio:    0.00 (Cumulative area) 
      Cumulative area ratio:  210.16
      Required ratio:    0.00 (Cumulative side area) 

    Layer: met4
      Partial area ratio:   53.77
      Required ratio:    0.00 (Gate area) 
      Partial area ratio:  288.04
      Required ratio: 2771.60 (Side area) 
      Cumulative area ratio:   93.05
      Required ratio:    0.00 (Cumulative area) 
      Cumulative area ratio:  498.20
      Required ratio:    0.00 (Cumulative side area) 

    Layer: li1
      Partial area ratio:    0.00
      Required ratio:    0.00 (Gate area) 
      Partial area ratio:    0.00
      Required ratio:   75.00 (Side area) 
      Cumulative area ratio:    0.00
      Required ratio:    0.00 (Cumulative area) 
      Cumulative area ratio:    0.00
      Required ratio:    0.00 (Cumulative side area) 

    Via: M1M2_PR
      Partial area ratio:    0.09
      Required ratio:    6.00 (Gate area) 
      Cumulative area ratio:    0.21
      Required ratio:    0.00 (Cumulative area) 

    Via: M2M3_PR
      Partial area ratio:    0.16
      Required ratio:    6.00 (Gate area) 
      Cumulative area ratio:    0.37
      Required ratio:    0.00 (Cumulative area) 

    Via: M3M4_PR
      Partial area ratio:    0.16
      Required ratio:    6.00 (Gate area) 
      Cumulative area ratio:    0.53
      Required ratio:    0.00 (Cumulative area) 

    Via: L1M1_PR_MR
      Partial area ratio:    0.12
      Required ratio:    3.00 (Gate area) 
      Cumulative area ratio:    0.12
      Required ratio:    0.00 (Cumulative area) 


Net: _1332_
  Pin: _3183_/A1_N (sky130_fd_sc_hd__o2bb2a_1)
    Layer: met5
      Partial area ratio:  148.73
      Required ratio:    0.00 (Gate area) 
      Partial area ratio:  233.38
      Required ratio: 2771.60 (Side area) 
      Cumulative area ratio:  312.07
      Required ratio:    0.00 (Cumulative area) 
      Cumulative area ratio: 1119.20
      Required ratio:    0.00 (Cumulative side area) 

    Layer: met4
      Partial area ratio:   52.37
      Required ratio:    0.00 (Gate area) 
      Partial area ratio:  281.87
      Required ratio:  400.00 (Side area) 
      Cumulative area ratio:  163.33
      Required ratio:    0.00 (Cumulative area) 
      Cumulative area ratio:  885.82
      Required ratio:    0.00 (Cumulative side area) 

    Layer: met3
      Partial area ratio:   86.31
      Required ratio:    0.00 (Gate area) 
      Partial area ratio:  467.94
      Required ratio:  400.00 (Side area) (VIOLATED)
      Cumulative area ratio:   89.05
      Required ratio:    0.00 (Cumulative area) 
      Cumulative area ratio:  483.19
      Required ratio:    0.00 (Cumulative side area) 

    Layer: met2
      Partial area ratio:    0.72
      Required ratio:    0.00 (Gate area) 
      Partial area ratio:    4.39
      Required ratio:  400.00 (Side area) 
      Cumulative area ratio:    2.74
      Required ratio:    0.00 (Cumulative area) 
      Cumulative area ratio:   15.25
      Required ratio:    0.00 (Cumulative side area) 

    Layer: met1
      Partial area ratio:    2.02
      Required ratio:    0.00 (Gate area) 
      Partial area ratio:   10.86
      Required ratio:  400.00 (Side area) 
      Cumulative area ratio:    2.02
      Required ratio:    0.00 (Cumulative area) 
      Cumulative area ratio:   10.86
      Required ratio:    0.00 (Cumulative side area) 

    Layer: li1
      Partial area ratio:    0.00
      Required ratio:    0.00 (Gate area) 
      Partial area ratio:    0.00
      Required ratio:   75.00 (Side area) 
      Cumulative area ratio:    0.00
      Required ratio:    0.00 (Cumulative area) 
      Cumulative area ratio:    0.00
      Required ratio:    0.00 (Cumulative side area) 

    Via: M4M5_PR
      Partial area ratio:    1.71
      Required ratio:    6.00 (Gate area) 
      Cumulative area ratio:    3.08
      Required ratio:    0.00 (Cumulative area) 

    Via: M3M4_PR
      Partial area ratio:    0.32
      Required ratio:    6.00 (Gate area) 
      Cumulative area ratio:    1.04
      Required ratio:    0.00 (Cumulative area) 

    Via: M2M3_PR
      Partial area ratio:    0.32
      Required ratio:    6.00 (Gate area) 
      Cumulative area ratio:    0.73
      Required ratio:    0.00 (Cumulative area) 

    Via: M1M2_PR
      Partial area ratio:    0.18
      Required ratio:    6.00 (Gate area) 
      Cumulative area ratio:    0.41
      Required ratio:    0.00 (Cumulative area) 

    Via: L1M1_PR_MR
      Partial area ratio:    0.23
      Required ratio:    3.00 (Gate area) 
      Cumulative area ratio:    0.23
      Required ratio:    0.00 (Cumulative area) 

  Pin: _3551_/B2 (sky130_fd_sc_hd__a32o_1)
    Layer: met5
      Partial area ratio:  148.73
      Required ratio:    0.00 (Gate area) 
      Partial area ratio:  233.38
      Required ratio: 2771.60 (Side area) 
      Cumulative area ratio:  223.58
      Required ratio:    0.00 (Cumulative area) 
      Cumulative area ratio:  639.21
      Required ratio:    0.00 (Cumulative side area) 

    Layer: met4
      Partial area ratio:   52.37
      Required ratio:    0.00 (Gate area) 
      Partial area ratio:  281.87
      Required ratio:  400.00 (Side area) 
      Cumulative area ratio:   74.84
      Required ratio:    0.00 (Cumulative area) 
      Cumulative area ratio:  405.83
      Required ratio:    0.00 (Cumulative side area) 

    Layer: met3
      Partial area ratio:   21.92
      Required ratio:    0.00 (Gate area) 
      Partial area ratio:  120.76
      Required ratio:  400.00 (Side area) 
      Cumulative area ratio:   22.48
      Required ratio:    0.00 (Cumulative area) 
      Cumulative area ratio:  123.96
      Required ratio:    0.00 (Cumulative side area) 

    Layer: met2
      Partial area ratio:    0.56
      Required ratio:    0.00 (Gate area) 
      Partial area ratio:    3.20
      Required ratio:  400.00 (Side area) 
      Cumulative area ratio:    0.56
      Required ratio:    0.00 (Cumulative area) 
      Cumulative area ratio:    3.20
      Required ratio:    0.00 (Cumulative side area) 

    Layer: met1
      Partial area ratio:    0.00
      Required ratio:    0.00 (Gate area) 
      Partial area ratio:    0.00
      Required ratio:  400.00 (Side area) 
      Cumulative area ratio:    0.00
      Required ratio:    0.00 (Cumulative area) 
      Cumulative area ratio:    0.00
      Required ratio:    0.00 (Cumulative side area) 

    Layer: li1
      Partial area ratio:    0.00
      Required ratio:    0.00 (Gate area) 
      Partial area ratio:    0.00
      Required ratio:   75.00 (Side area) 
      Cumulative area ratio:    0.00
      Required ratio:    0.00 (Cumulative area) 
      Cumulative area ratio:    0.00
      Required ratio:    0.00 (Cumulative side area) 

    Via: M4M5_PR
      Partial area ratio:    1.71
      Required ratio:    6.00 (Gate area) 
      Cumulative area ratio:    2.41
      Required ratio:    0.00 (Cumulative area) 

    Via: M3M4_PR
      Partial area ratio:    0.32
      Required ratio:    6.00 (Gate area) 
      Cumulative area ratio:    0.69
      Required ratio:    0.00 (Cumulative area) 

    Via: M2M3_PR
      Partial area ratio:    0.16
      Required ratio:    6.00 (Gate area) 
      Cumulative area ratio:    0.37
      Required ratio:    0.00 (Cumulative area) 

    Via: M1M2_PR
      Partial area ratio:    0.09
      Required ratio:    6.00 (Gate area) 
      Cumulative area ratio:    0.21
      Required ratio:    0.00 (Cumulative area) 

    Via: L1M1_PR_MR
      Partial area ratio:    0.12
      Required ratio:    3.00 (Gate area) 
      Cumulative area ratio:    0.12
      Required ratio:    0.00 (Cumulative area) 


Net: _1845_
  Pin: _4120_/A0 (sky130_fd_sc_hd__mux2_1)
    Layer: met2
      Partial area ratio:    2.56
      Required ratio:    0.00 (Gate area) 
      Partial area ratio:   13.31
      Required ratio: 2848.40 (Side area) 
      Cumulative area ratio:    2.56
      Required ratio:    0.00 (Cumulative area) 
      Cumulative area ratio:   13.31
      Required ratio:    0.00 (Cumulative side area) 

    Layer: met1
      Partial area ratio:    0.00
      Required ratio:    0.00 (Gate area) 
      Partial area ratio:    0.00
      Required ratio:  400.00 (Side area) 
      Cumulative area ratio:    0.00
      Required ratio:    0.00 (Cumulative area) 
      Cumulative area ratio:    0.00
      Required ratio:    0.00 (Cumulative side area) 

    Layer: li1
      Partial area ratio:    0.00
      Required ratio:    0.00 (Gate area) 
      Partial area ratio:    0.00
      Required ratio:   75.00 (Side area) 
      Cumulative area ratio:    0.00
      Required ratio:    0.00 (Cumulative area) 
      Cumulative area ratio:    0.00
      Required ratio:    0.00 (Cumulative side area) 

    Via: M1M2_PR
      Partial area ratio:    0.18
      Required ratio:    6.00 (Gate area) 
      Cumulative area ratio:    0.41
      Required ratio:    0.00 (Cumulative area) 

    Via: L1M1_PR_MR
      Partial area ratio:    0.23
      Required ratio:    3.00 (Gate area) 
      Cumulative area ratio:    0.23
      Required ratio:    0.00 (Cumulative area) 

  Pin: _4188_/A0 (sky130_fd_sc_hd__mux2_1)
    Layer: met2
      Partial area ratio:    2.56
      Required ratio:    0.00 (Gate area) 
      Partial area ratio:   13.31
      Required ratio: 2848.40 (Side area) 
      Cumulative area ratio:   91.91
      Required ratio:    0.00 (Cumulative area) 
      Cumulative area ratio:  473.70
      Required ratio:    0.00 (Cumulative side area) 

    Layer: met1
      Partial area ratio:    7.58
      Required ratio:    0.00 (Gate area) 
      Partial area ratio:   39.06
      Required ratio:  400.00 (Side area) 
      Cumulative area ratio:    7.58
      Required ratio:    0.00 (Cumulative area) 
      Cumulative area ratio:   39.06
      Required ratio:    0.00 (Cumulative side area) 

    Layer: li1
      Partial area ratio:    0.00
      Required ratio:    0.00 (Gate area) 
      Partial area ratio:    0.00
      Required ratio:   75.00 (Side area) 
      Cumulative area ratio:    0.00
      Required ratio:    0.00 (Cumulative area) 
      Cumulative area ratio:    0.00
      Required ratio:    0.00 (Cumulative side area) 

    Via: M1M2_PR
      Partial area ratio:    0.09
      Required ratio:    6.00 (Gate area) 
      Cumulative area ratio:    0.32
      Required ratio:    0.00 (Cumulative area) 

    Via: L1M1_PR_MR
      Partial area ratio:    0.23
      Required ratio:    3.00 (Gate area) 
      Cumulative area ratio:    0.23
      Required ratio:    0.00 (Cumulative area) 

  Pin: _3700_/A0 (sky130_fd_sc_hd__mux2_1)
    Layer: met2
      Partial area ratio:    2.56
      Required ratio:    0.00 (Gate area) 
      Partial area ratio:   13.31
      Required ratio: 2848.40 (Side area) 
      Cumulative area ratio:   91.91
      Required ratio:    0.00 (Cumulative area) 
      Cumulative area ratio:  473.70
      Required ratio:    0.00 (Cumulative side area) 

    Layer: met1
      Partial area ratio:    7.58
      Required ratio:    0.00 (Gate area) 
      Partial area ratio:   39.06
      Required ratio:  400.00 (Side area) 
      Cumulative area ratio:    7.58
      Required ratio:    0.00 (Cumulative area) 
      Cumulative area ratio:   39.06
      Required ratio:    0.00 (Cumulative side area) 

    Layer: li1
      Partial area ratio:    0.00
      Required ratio:    0.00 (Gate area) 
      Partial area ratio:    0.00
      Required ratio:   75.00 (Side area) 
      Cumulative area ratio:    0.00
      Required ratio:    0.00 (Cumulative area) 
      Cumulative area ratio:    0.00
      Required ratio:    0.00 (Cumulative side area) 

    Via: M1M2_PR
      Partial area ratio:    0.09
      Required ratio:    6.00 (Gate area) 
      Cumulative area ratio:    0.32
      Required ratio:    0.00 (Cumulative area) 

    Via: L1M1_PR_MR
      Partial area ratio:    0.23
      Required ratio:    3.00 (Gate area) 
      Cumulative area ratio:    0.23
      Required ratio:    0.00 (Cumulative area) 

  Pin: _4052_/A1 (sky130_fd_sc_hd__mux2_1)
    Layer: met2
      Partial area ratio:    2.56
      Required ratio:    0.00 (Gate area) 
      Partial area ratio:   13.31
      Required ratio: 2848.40 (Side area) 
      Cumulative area ratio:   85.51
      Required ratio:    0.00 (Cumulative area) 
      Cumulative area ratio:  441.31
      Required ratio:    0.00 (Cumulative side area) 

    Layer: met1
      Partial area ratio:    1.18
      Required ratio:    0.00 (Gate area) 
      Partial area ratio:    6.67
      Required ratio:  400.00 (Side area) 
      Cumulative area ratio:    1.18
      Required ratio:    0.00 (Cumulative area) 
      Cumulative area ratio:    6.67
      Required ratio:    0.00 (Cumulative side area) 

    Layer: li1
      Partial area ratio:    0.00
      Required ratio:    0.00 (Gate area) 
      Partial area ratio:    0.00
      Required ratio:   75.00 (Side area) 
      Cumulative area ratio:    0.00
      Required ratio:    0.00 (Cumulative area) 
      Cumulative area ratio:    0.00
      Required ratio:    0.00 (Cumulative side area) 

    Via: M1M2_PR
      Partial area ratio:    0.18
      Required ratio:    6.00 (Gate area) 
      Cumulative area ratio:    0.41
      Required ratio:    0.00 (Cumulative area) 

    Via: L1M1_PR_MR
      Partial area ratio:    0.23
      Required ratio:    3.00 (Gate area) 
      Cumulative area ratio:    0.23
      Required ratio:    0.00 (Cumulative area) 

  Pin: _3982_/A0 (sky130_fd_sc_hd__mux2_1)
    Layer: met2
      Partial area ratio:    2.56
      Required ratio:    0.00 (Gate area) 
      Partial area ratio:   13.31
      Required ratio: 2848.40 (Side area) 
      Cumulative area ratio:   84.34
      Required ratio:    0.00 (Cumulative area) 
      Cumulative area ratio:  434.65
      Required ratio:    0.00 (Cumulative side area) 

    Layer: met1
      Partial area ratio:   81.78
      Required ratio:    0.00 (Gate area) 
      Partial area ratio:  421.33
      Required ratio:  400.00 (Side area) (VIOLATED)
      Cumulative area ratio:   81.78
      Required ratio:    0.00 (Cumulative area) 
      Cumulative area ratio:  421.33
      Required ratio:    0.00 (Cumulative side area) 

    Layer: li1
      Partial area ratio:    0.00
      Required ratio:    0.00 (Gate area) 
      Partial area ratio:    0.00
      Required ratio:   75.00 (Side area) 
      Cumulative area ratio:    0.00
      Required ratio:    0.00 (Cumulative area) 
      Cumulative area ratio:    0.00
      Required ratio:    0.00 (Cumulative side area) 

    Via: M1M2_PR
      Partial area ratio:    0.54
      Required ratio:    6.00 (Gate area) 
      Cumulative area ratio:    0.77
      Required ratio:    0.00 (Cumulative area) 

    Via: L1M1_PR_MR
      Partial area ratio:    0.23
      Required ratio:    3.00 (Gate area) 
      Cumulative area ratio:    0.23
      Required ratio:    0.00 (Cumulative area) 

  Pin: _3914_/A0 (sky130_fd_sc_hd__mux2_1)
    Layer: met1
      Partial area ratio:   49.64
      Required ratio:    0.00 (Gate area) 
      Partial area ratio:  258.33
      Required ratio: 2848.40 (Side area) 
      Cumulative area ratio:   49.64
      Required ratio:    0.00 (Cumulative area) 
      Cumulative area ratio:  258.33
      Required ratio:    0.00 (Cumulative side area) 

    Layer: met2
      Partial area ratio:    2.56
      Required ratio:    0.00 (Gate area) 
      Partial area ratio:   13.31
      Required ratio: 2848.40 (Side area) 
      Cumulative area ratio:   52.20
      Required ratio:    0.00 (Cumulative area) 
      Cumulative area ratio:  271.65
      Required ratio:    0.00 (Cumulative side area) 

    Layer: li1
      Partial area ratio:    0.00
      Required ratio:    0.00 (Gate area) 
      Partial area ratio:    0.00
      Required ratio:   75.00 (Side area) 
      Cumulative area ratio:    0.00
      Required ratio:    0.00 (Cumulative area) 
      Cumulative area ratio:    0.00
      Required ratio:    0.00 (Cumulative side area) 

    Via: M1M2_PR
      Partial area ratio:    0.18
      Required ratio:    6.00 (Gate area) 
      Cumulative area ratio:    0.41
      Required ratio:    0.00 (Cumulative area) 

    Via: L1M1_PR_MR
      Partial area ratio:    0.23
      Required ratio:    3.00 (Gate area) 
      Cumulative area ratio:    0.23
      Required ratio:    0.00 (Cumulative area) 


[INFO ANT-0002] Found 3 net violations.
[INFO ANT-0001] Found 3 pin violations.
