OpenROAD b16bda7e82721d10566ff7e2b68f1ff0be9f9e38 
Features included (+) or not (-): +Charts +GPU +GUI +Python
This program is licensed under the BSD-3 license. See the LICENSE file for details.
Components of this program may be licensed under more restrictive licenses which must be honored.
define_corners Typical
read_liberty -corner Typical /home/berks/.volare/sky130A/libs.ref/sky130_fd_sc_hd/lib/sky130_fd_sc_hd__tt_025C_1v80.lib
Using 1e-12 for capacitance...
Using 1e+03 for resistance...
Using 1e-09 for time...
Using 1e+00 for voltage...
Using 1e-03 for current...
Using 1e-09 for power...
Using 1e-06 for distance...
[INFO]: Reading ODB at '/openlane/designs/Lab5/runs/RUN_2025.06.17_22.11.30/tmp/routing/25-fill.odb'…
Reading design constraints file at '/openlane/scripts/base.sdc'…
[INFO]: Setting output delay to: 2.0
[INFO]: Setting input delay to: 2.0
[INFO]: Setting load to: 0.033442
[INFO]: Setting clock uncertainty to: 0.25
[INFO]: Setting clock transition to: 0.15
[INFO]: Setting timing derate to: 5.0 %
[INFO ORD-0030] Using 2 thread(s).
[INFO DRT-0149] Reading tech and libs.
[WARNING DRT-0349] LEF58_ENCLOSURE with no CUTCLASS is not supported. Skipping for layer mcon
[WARNING DRT-0349] LEF58_ENCLOSURE with no CUTCLASS is not supported. Skipping for layer mcon
[WARNING DRT-0349] LEF58_ENCLOSURE with no CUTCLASS is not supported. Skipping for layer via
[WARNING DRT-0349] LEF58_ENCLOSURE with no CUTCLASS is not supported. Skipping for layer via
[WARNING DRT-0349] LEF58_ENCLOSURE with no CUTCLASS is not supported. Skipping for layer via2
[WARNING DRT-0349] LEF58_ENCLOSURE with no CUTCLASS is not supported. Skipping for layer via2
[WARNING DRT-0349] LEF58_ENCLOSURE with no CUTCLASS is not supported. Skipping for layer via3
[WARNING DRT-0349] LEF58_ENCLOSURE with no CUTCLASS is not supported. Skipping for layer via3
[WARNING DRT-0349] LEF58_ENCLOSURE with no CUTCLASS is not supported. Skipping for layer via4
[WARNING DRT-0349] LEF58_ENCLOSURE with no CUTCLASS is not supported. Skipping for layer via4

Units:                1000
Number of layers:     13
Number of macros:     441
Number of vias:       29
Number of viarulegen: 25

[INFO DRT-0150] Reading design.

Design:                   semi_cpu_top
Die area:                 ( 0 0 ) ( 234250 244970 )
Number of track patterns: 12
Number of DEF vias:       0
Number of components:     6875
Number of terminals:      37
Number of snets:          2
Number of nets:           2771

[INFO DRT-0167] List of default vias:
  Layer via
    default via: M1M2_PR
  Layer via2
    default via: M2M3_PR
  Layer via3
    default via: M3M4_PR
  Layer via4
    default via: M4M5_PR
[INFO DRT-0162] Library cell analysis.
[INFO DRT-0163] Instance analysis.
[INFO DRT-0164] Number of unique instances = 334.
[INFO DRT-0168] Init region query.
[INFO DRT-0024]   Complete FR_MASTERSLICE.
[INFO DRT-0024]   Complete Fr_VIA.
[INFO DRT-0024]   Complete li1.
[INFO DRT-0024]   Complete mcon.
[INFO DRT-0024]   Complete met1.
[INFO DRT-0024]   Complete via.
[INFO DRT-0024]   Complete met2.
[INFO DRT-0024]   Complete via2.
[INFO DRT-0024]   Complete met3.
[INFO DRT-0024]   Complete via3.
[INFO DRT-0024]   Complete met4.
[INFO DRT-0024]   Complete via4.
[INFO DRT-0024]   Complete met5.
[INFO DRT-0033] FR_MASTERSLICE shape region query size = 0.
[INFO DRT-0033] FR_VIA shape region query size = 0.
[INFO DRT-0033] li1 shape region query size = 102973.
[INFO DRT-0033] mcon shape region query size = 19224.
[INFO DRT-0033] met1 shape region query size = 17932.
[INFO DRT-0033] via shape region query size = 830.
[INFO DRT-0033] met2 shape region query size = 510.
[INFO DRT-0033] via2 shape region query size = 664.
[INFO DRT-0033] met3 shape region query size = 521.
[INFO DRT-0033] via3 shape region query size = 664.
[INFO DRT-0033] met4 shape region query size = 182.
[INFO DRT-0033] via4 shape region query size = 8.
[INFO DRT-0033] met5 shape region query size = 16.
[INFO DRT-0165] Start pin access.
[INFO DRT-0076]   Complete 1000 pins.
[INFO DRT-0078]   Complete 1210 pins.
[INFO DRT-0079]   Complete 100 unique inst patterns.
[INFO DRT-0079]   Complete 200 unique inst patterns.
[INFO DRT-0079]   Complete 300 unique inst patterns.
[INFO DRT-0081]   Complete 316 unique inst patterns.
[INFO DRT-0084]   Complete 1622 groups.
#scanned instances     = 6875
#unique  instances     = 334
#stdCellGenAp          = 9106
#stdCellValidPlanarAp  = 83
#stdCellValidViaAp     = 7003
#stdCellPinNoAp        = 0
#stdCellPinCnt         = 9353
#instTermValidViaApCnt = 0
#macroGenAp            = 0
#macroValidPlanarAp    = 0
#macroValidViaAp       = 0
#macroNoAp             = 0
[INFO DRT-0166] Complete pin access.
[INFO DRT-0267] cpu time = 00:00:39, elapsed time = 00:00:19, memory = 150.12 (MB), peak = 150.12 (MB)

Number of guides:     20473

[INFO DRT-0169] Post process guides.
[INFO DRT-0176] GCELLGRID X 0 DO 33 STEP 6900 ;
[INFO DRT-0177] GCELLGRID Y 0 DO 35 STEP 6900 ;
[INFO DRT-0028]   Complete FR_MASTERSLICE.
[INFO DRT-0028]   Complete Fr_VIA.
[INFO DRT-0028]   Complete li1.
[INFO DRT-0028]   Complete mcon.
[INFO DRT-0028]   Complete met1.
[INFO DRT-0028]   Complete via.
[INFO DRT-0028]   Complete met2.
[INFO DRT-0028]   Complete via2.
[INFO DRT-0028]   Complete met3.
[INFO DRT-0028]   Complete via3.
[INFO DRT-0028]   Complete met4.
[INFO DRT-0028]   Complete via4.
[INFO DRT-0028]   Complete met5.
[INFO DRT-0178] Init guide query.
[INFO DRT-0035]   Complete FR_MASTERSLICE (guide).
[INFO DRT-0035]   Complete Fr_VIA (guide).
[INFO DRT-0035]   Complete li1 (guide).
[INFO DRT-0035]   Complete mcon (guide).
[INFO DRT-0035]   Complete met1 (guide).
[INFO DRT-0035]   Complete via (guide).
[INFO DRT-0035]   Complete met2 (guide).
[INFO DRT-0035]   Complete via2 (guide).
[INFO DRT-0035]   Complete met3 (guide).
[INFO DRT-0035]   Complete via3 (guide).
[INFO DRT-0035]   Complete met4 (guide).
[INFO DRT-0035]   Complete via4 (guide).
[INFO DRT-0035]   Complete met5 (guide).
[INFO DRT-0036] FR_MASTERSLICE guide region query size = 0.
[INFO DRT-0036] FR_VIA guide region query size = 0.
[INFO DRT-0036] li1 guide region query size = 7248.
[INFO DRT-0036] mcon guide region query size = 0.
[INFO DRT-0036] met1 guide region query size = 5674.
[INFO DRT-0036] via guide region query size = 0.
[INFO DRT-0036] met2 guide region query size = 2979.
[INFO DRT-0036] via2 guide region query size = 0.
[INFO DRT-0036] met3 guide region query size = 273.
[INFO DRT-0036] via3 guide region query size = 0.
[INFO DRT-0036] met4 guide region query size = 82.
[INFO DRT-0036] via4 guide region query size = 0.
[INFO DRT-0036] met5 guide region query size = 1.
[INFO DRT-0179] Init gr pin query.
[INFO DRT-0245] skipped writing guide updates to database.
[INFO DRT-0185] Post process initialize RPin region query.
[INFO DRT-0181] Start track assignment.
[INFO DRT-0184] Done with 10309 vertical wires in 1 frboxes and 5948 horizontal wires in 1 frboxes.
[INFO DRT-0186] Done with 1123 vertical wires in 1 frboxes and 2031 horizontal wires in 1 frboxes.
[INFO DRT-0182] Complete track assignment.
[INFO DRT-0267] cpu time = 00:00:01, elapsed time = 00:00:00, memory = 184.59 (MB), peak = 184.59 (MB)
[INFO DRT-0187] Start routing data preparation.
[INFO DRT-0267] cpu time = 00:00:00, elapsed time = 00:00:00, memory = 184.59 (MB), peak = 184.59 (MB)
[INFO DRT-0194] Start detail routing.
[INFO DRT-0195] Start 0th optimization iteration.
    Completing 10% with 0 violations.
    elapsed time = 00:00:00, memory = 219.41 (MB).
    Completing 20% with 0 violations.
    elapsed time = 00:00:02, memory = 228.28 (MB).
    Completing 30% with 0 violations.
    elapsed time = 00:00:03, memory = 267.30 (MB).
    Completing 40% with 249 violations.
    elapsed time = 00:00:04, memory = 287.19 (MB).
    Completing 50% with 249 violations.
    elapsed time = 00:00:08, memory = 270.57 (MB).
    Completing 60% with 249 violations.
    elapsed time = 00:00:10, memory = 276.37 (MB).
    Completing 70% with 509 violations.
    elapsed time = 00:00:13, memory = 305.52 (MB).
    Completing 80% with 509 violations.
    elapsed time = 00:00:17, memory = 313.61 (MB).
    Completing 90% with 880 violations.
    elapsed time = 00:00:26, memory = 316.68 (MB).
    Completing 100% with 1286 violations.
    elapsed time = 00:00:32, memory = 303.06 (MB).
[INFO DRT-0199]   Number of violations = 1729.
Viol/Layer         li1   mcon   met1    via   met2   met3   met4
Cut Spacing          0      1      0      0      0      0      0
Metal Spacing       22      0    202      0     66      0      0
Min Hole             0      0      1      0      0      0      0
Recheck              0      0    270      0    153     19      1
Short                0      0    901      3     90      0      0
[INFO DRT-0267] cpu time = 00:00:53, elapsed time = 00:00:32, memory = 584.57 (MB), peak = 584.57 (MB)
Total wire length = 83577 um.
Total wire length on LAYER li1 = 0 um.
Total wire length on LAYER met1 = 39457 um.
Total wire length on LAYER met2 = 34286 um.
Total wire length on LAYER met3 = 6995 um.
Total wire length on LAYER met4 = 2802 um.
Total wire length on LAYER met5 = 34 um.
Total number of vias = 19864.
Up-via summary (total 19864):

------------------------
 FR_MASTERSLICE        0
            li1     9097
           met1    10117
           met2      507
           met3      141
           met4        2
------------------------
                   19864


[INFO DRT-0195] Start 1st optimization iteration.
    Completing 10% with 1729 violations.
    elapsed time = 00:00:00, memory = 589.59 (MB).
    Completing 20% with 1729 violations.
    elapsed time = 00:00:02, memory = 589.59 (MB).
    Completing 30% with 1465 violations.
    elapsed time = 00:00:02, memory = 595.14 (MB).
    Completing 40% with 1465 violations.
    elapsed time = 00:00:02, memory = 595.14 (MB).
    Completing 50% with 1465 violations.
    elapsed time = 00:00:05, memory = 595.14 (MB).
    Completing 60% with 1465 violations.
    elapsed time = 00:00:08, memory = 595.14 (MB).
    Completing 70% with 1178 violations.
    elapsed time = 00:00:10, memory = 622.16 (MB).
    Completing 80% with 1178 violations.
    elapsed time = 00:00:16, memory = 595.62 (MB).
    Completing 90% with 1068 violations.
    elapsed time = 00:00:20, memory = 595.62 (MB).
    Completing 100% with 829 violations.
    elapsed time = 00:00:25, memory = 595.62 (MB).
[INFO DRT-0199]   Number of violations = 829.
Viol/Layer        mcon   met1   met2   met3
Cut Spacing          1      0      0      0
Metal Spacing        0     95     54      1
Short                0    655     23      0
[INFO DRT-0267] cpu time = 00:00:45, elapsed time = 00:00:25, memory = 601.55 (MB), peak = 624.62 (MB)
Total wire length = 82605 um.
Total wire length on LAYER li1 = 0 um.
Total wire length on LAYER met1 = 39226 um.
Total wire length on LAYER met2 = 33736 um.
Total wire length on LAYER met3 = 6835 um.
Total wire length on LAYER met4 = 2773 um.
Total wire length on LAYER met5 = 33 um.
Total number of vias = 19667.
Up-via summary (total 19667):

------------------------
 FR_MASTERSLICE        0
            li1     9087
           met1     9956
           met2      485
           met3      137
           met4        2
------------------------
                   19667


[INFO DRT-0195] Start 2nd optimization iteration.
    Completing 10% with 829 violations.
    elapsed time = 00:00:00, memory = 601.55 (MB).
    Completing 20% with 829 violations.
    elapsed time = 00:00:05, memory = 601.55 (MB).
    Completing 30% with 824 violations.
    elapsed time = 00:00:07, memory = 601.55 (MB).
    Completing 40% with 824 violations.
    elapsed time = 00:00:10, memory = 601.55 (MB).
    Completing 50% with 824 violations.
    elapsed time = 00:00:16, memory = 601.55 (MB).
    Completing 60% with 842 violations.
    elapsed time = 00:00:18, memory = 601.55 (MB).
    Completing 70% with 842 violations.
    elapsed time = 00:00:20, memory = 601.55 (MB).
    Completing 80% with 875 violations.
    elapsed time = 00:00:22, memory = 601.55 (MB).
    Completing 90% with 875 violations.
    elapsed time = 00:00:23, memory = 601.55 (MB).
    Completing 100% with 928 violations.
    elapsed time = 00:00:27, memory = 601.55 (MB).
[INFO DRT-0199]   Number of violations = 928.
Viol/Layer        met1    via   met2   met4
Metal Spacing      137      0     43      0
Short              697      1     49      1
[INFO DRT-0267] cpu time = 00:00:49, elapsed time = 00:00:27, memory = 601.55 (MB), peak = 624.62 (MB)
Total wire length = 82517 um.
Total wire length on LAYER li1 = 0 um.
Total wire length on LAYER met1 = 39267 um.
Total wire length on LAYER met2 = 33759 um.
Total wire length on LAYER met3 = 6720 um.
Total wire length on LAYER met4 = 2737 um.
Total wire length on LAYER met5 = 33 um.
Total number of vias = 19542.
Up-via summary (total 19542):

------------------------
 FR_MASTERSLICE        0
            li1     9087
           met1     9855
           met2      464
           met3      134
           met4        2
------------------------
                   19542


[INFO DRT-0195] Start 3rd optimization iteration.
    Completing 10% with 928 violations.
    elapsed time = 00:00:00, memory = 601.55 (MB).
    Completing 20% with 928 violations.
    elapsed time = 00:00:01, memory = 601.55 (MB).
    Completing 30% with 928 violations.
    elapsed time = 00:00:02, memory = 601.55 (MB).
    Completing 40% with 749 violations.
    elapsed time = 00:00:06, memory = 601.55 (MB).
    Completing 50% with 749 violations.
    elapsed time = 00:00:07, memory = 601.55 (MB).
    Completing 60% with 749 violations.
    elapsed time = 00:00:08, memory = 601.55 (MB).
    Completing 70% with 580 violations.
    elapsed time = 00:00:09, memory = 601.55 (MB).
    Completing 80% with 580 violations.
    elapsed time = 00:00:12, memory = 601.55 (MB).
    Completing 90% with 267 violations.
    elapsed time = 00:00:21, memory = 601.55 (MB).
    Completing 100% with 68 violations.
    elapsed time = 00:00:26, memory = 601.55 (MB).
[INFO DRT-0199]   Number of violations = 68.
Viol/Layer        met1   met2   met3
Metal Spacing       15     12      0
Short               29     10      2
[INFO DRT-0267] cpu time = 00:00:42, elapsed time = 00:00:26, memory = 601.55 (MB), peak = 624.62 (MB)
Total wire length = 82358 um.
Total wire length on LAYER li1 = 0 um.
Total wire length on LAYER met1 = 36784 um.
Total wire length on LAYER met2 = 33522 um.
Total wire length on LAYER met3 = 9002 um.
Total wire length on LAYER met4 = 3016 um.
Total wire length on LAYER met5 = 33 um.
Total number of vias = 20076.
Up-via summary (total 20076):

------------------------
 FR_MASTERSLICE        0
            li1     9087
           met1    10008
           met2      809
           met3      170
           met4        2
------------------------
                   20076


[INFO DRT-0195] Start 4th optimization iteration.
    Completing 10% with 68 violations.
    elapsed time = 00:00:00, memory = 601.55 (MB).
    Completing 20% with 68 violations.
    elapsed time = 00:00:00, memory = 601.55 (MB).
    Completing 30% with 68 violations.
    elapsed time = 00:00:00, memory = 601.55 (MB).
    Completing 40% with 68 violations.
    elapsed time = 00:00:00, memory = 601.55 (MB).
    Completing 50% with 68 violations.
    elapsed time = 00:00:00, memory = 601.55 (MB).
    Completing 60% with 68 violations.
    elapsed time = 00:00:01, memory = 601.55 (MB).
    Completing 70% with 64 violations.
    elapsed time = 00:00:01, memory = 601.55 (MB).
    Completing 80% with 64 violations.
    elapsed time = 00:00:05, memory = 601.55 (MB).
    Completing 90% with 47 violations.
    elapsed time = 00:00:05, memory = 601.55 (MB).
    Completing 100% with 1 violations.
    elapsed time = 00:00:07, memory = 601.55 (MB).
[INFO DRT-0199]   Number of violations = 1.
Viol/Layer        met1
Short                1
[INFO DRT-0267] cpu time = 00:00:09, elapsed time = 00:00:08, memory = 601.55 (MB), peak = 649.45 (MB)
Total wire length = 82353 um.
Total wire length on LAYER li1 = 0 um.
Total wire length on LAYER met1 = 36794 um.
Total wire length on LAYER met2 = 33546 um.
Total wire length on LAYER met3 = 8987 um.
Total wire length on LAYER met4 = 2991 um.
Total wire length on LAYER met5 = 33 um.
Total number of vias = 20063.
Up-via summary (total 20063):

------------------------
 FR_MASTERSLICE        0
            li1     9087
           met1    10011
           met2      801
           met3      162
           met4        2
------------------------
                   20063


[INFO DRT-0195] Start 5th optimization iteration.
    Completing 10% with 1 violations.
    elapsed time = 00:00:00, memory = 601.55 (MB).
    Completing 20% with 1 violations.
    elapsed time = 00:00:00, memory = 601.55 (MB).
    Completing 30% with 1 violations.
    elapsed time = 00:00:00, memory = 601.55 (MB).
    Completing 40% with 1 violations.
    elapsed time = 00:00:00, memory = 601.55 (MB).
    Completing 50% with 1 violations.
    elapsed time = 00:00:00, memory = 601.55 (MB).
    Completing 60% with 1 violations.
    elapsed time = 00:00:00, memory = 601.55 (MB).
    Completing 70% with 1 violations.
    elapsed time = 00:00:00, memory = 601.55 (MB).
    Completing 80% with 1 violations.
    elapsed time = 00:00:00, memory = 601.55 (MB).
    Completing 90% with 0 violations.
    elapsed time = 00:00:00, memory = 601.55 (MB).
    Completing 100% with 0 violations.
    elapsed time = 00:00:00, memory = 601.55 (MB).
[INFO DRT-0199]   Number of violations = 0.
[INFO DRT-0267] cpu time = 00:00:01, elapsed time = 00:00:01, memory = 601.55 (MB), peak = 649.45 (MB)
Total wire length = 82350 um.
Total wire length on LAYER li1 = 0 um.
Total wire length on LAYER met1 = 36795 um.
Total wire length on LAYER met2 = 33552 um.
Total wire length on LAYER met3 = 8976 um.
Total wire length on LAYER met4 = 2991 um.
Total wire length on LAYER met5 = 33 um.
Total number of vias = 20063.
Up-via summary (total 20063):

------------------------
 FR_MASTERSLICE        0
            li1     9087
           met1    10013
           met2      799
           met3      162
           met4        2
------------------------
                   20063


[INFO DRT-0198] Complete detail routing.
Total wire length = 82350 um.
Total wire length on LAYER li1 = 0 um.
Total wire length on LAYER met1 = 36795 um.
Total wire length on LAYER met2 = 33552 um.
Total wire length on LAYER met3 = 8976 um.
Total wire length on LAYER met4 = 2991 um.
Total wire length on LAYER met5 = 33 um.
Total number of vias = 20063.
Up-via summary (total 20063):

------------------------
 FR_MASTERSLICE        0
            li1     9087
           met1    10013
           met2      799
           met3      162
           met4        2
------------------------
                   20063


[INFO DRT-0267] cpu time = 00:03:22, elapsed time = 00:02:02, memory = 601.55 (MB), peak = 649.45 (MB)

[INFO DRT-0180] Post processing.
Setting global connections for newly added cells…
Writing OpenROAD database to '/openlane/designs/Lab5/runs/RUN_2025.06.17_22.11.30/results/routing/semi_cpu_top.odb'…
Writing netlist to '/openlane/designs/Lab5/runs/RUN_2025.06.17_22.11.30/results/routing/semi_cpu_top.nl.v'…
Writing powered netlist to '/openlane/designs/Lab5/runs/RUN_2025.06.17_22.11.30/results/routing/semi_cpu_top.pnl.v'…
Writing layout to '/openlane/designs/Lab5/runs/RUN_2025.06.17_22.11.30/results/routing/semi_cpu_top.def'…
