
===========================================================================
report_checks -path_delay max (Setup)
============================================================================
======================= Typical Corner ===================================

Startpoint: sel[0] (input port clocked by clk)
Endpoint: _167_ (rising edge-triggered flip-flop clocked by clk)
Path Group: clk
Path Type: max

Fanout     Cap    Slew   Delay    Time   Description
-----------------------------------------------------------------------------
                          0.00    0.00   clock clk (rise edge)
                          0.00    0.00   clock network delay (propagated)
                          2.00    2.00 ^ input external delay
     1    0.00    0.02    0.01    2.01 ^ sel[0] (in)
                                         sel[0] (net)
                  0.02    0.00    2.01 ^ input17/A (sky130_fd_sc_hd__clkbuf_2)
     8    0.02    0.11    0.15    2.16 ^ input17/X (sky130_fd_sc_hd__clkbuf_2)
                                         net17 (net)
                  0.11    0.00    2.16 ^ _087_/B_N (sky130_fd_sc_hd__or2b_1)
     1    0.00    0.04    0.24    2.41 v _087_/X (sky130_fd_sc_hd__or2b_1)
                                         _012_ (net)
                  0.04    0.00    2.41 v _088_/A (sky130_fd_sc_hd__buf_2)
    10    0.03    0.08    0.18    2.59 v _088_/X (sky130_fd_sc_hd__buf_2)
                                         _013_ (net)
                  0.08    0.00    2.59 v _089_/C (sky130_fd_sc_hd__and3_1)
     2    0.01    0.05    0.21    2.80 v _089_/X (sky130_fd_sc_hd__and3_1)
                                         _014_ (net)
                  0.05    0.00    2.80 v _092_/B (sky130_fd_sc_hd__or3_1)
     2    0.01    0.08    0.38    3.18 v _092_/X (sky130_fd_sc_hd__or3_1)
                                         _017_ (net)
                  0.08    0.00    3.18 v _098_/A2 (sky130_fd_sc_hd__a21o_1)
     4    0.01    0.06    0.22    3.41 v _098_/X (sky130_fd_sc_hd__a21o_1)
                                         _022_ (net)
                  0.06    0.00    3.41 v _123_/A1 (sky130_fd_sc_hd__a211o_1)
     3    0.01    0.08    0.31    3.72 v _123_/X (sky130_fd_sc_hd__a211o_1)
                                         _045_ (net)
                  0.08    0.00    3.72 v _145_/A3 (sky130_fd_sc_hd__a31oi_1)
     2    0.01    0.23    0.26    3.98 ^ _145_/Y (sky130_fd_sc_hd__a31oi_1)
                                         _065_ (net)
                  0.23    0.00    3.98 ^ _152_/A3 (sky130_fd_sc_hd__o31a_1)
     1    0.00    0.07    0.17    4.15 ^ _152_/X (sky130_fd_sc_hd__o31a_1)
                                         _071_ (net)
                  0.07    0.00    4.15 ^ _157_/A (sky130_fd_sc_hd__xnor2_1)
     1    0.00    0.05    0.08    4.23 v _157_/Y (sky130_fd_sc_hd__xnor2_1)
                                         _004_ (net)
                  0.05    0.00    4.23 v _159_/B1 (sky130_fd_sc_hd__o221a_1)
     1    0.00    0.05    0.23    4.46 v _159_/X (sky130_fd_sc_hd__o221a_1)
                                         _079_ (net)
                  0.05    0.00    4.46 v _167_/D (sky130_fd_sc_hd__dfxtp_1)
                                  4.46   data arrival time

                         10.00   10.00   clock clk (rise edge)
                          0.00   10.00   clock source latency
     1    0.01    0.04    0.03   10.03 ^ clk (in)
                                         clk (net)
                  0.04    0.00   10.03 ^ clkbuf_0_clk/A (sky130_fd_sc_hd__clkbuf_16)
     2    0.02    0.04    0.11   10.14 ^ clkbuf_0_clk/X (sky130_fd_sc_hd__clkbuf_16)
                                         clknet_0_clk (net)
                  0.04    0.00   10.14 ^ clkbuf_1_1__f_clk/A (sky130_fd_sc_hd__clkbuf_16)
     4    0.01    0.03    0.11   10.25 ^ clkbuf_1_1__f_clk/X (sky130_fd_sc_hd__clkbuf_16)
                                         clknet_1_1__leaf_clk (net)
                  0.03    0.00   10.25 ^ _167_/CLK (sky130_fd_sc_hd__dfxtp_1)
                         -0.25   10.00   clock uncertainty
                          0.00   10.00   clock reconvergence pessimism
                         -0.11    9.89   library setup time
                                  9.89   data required time
-----------------------------------------------------------------------------
                                  9.89   data required time
                                 -4.46   data arrival time
-----------------------------------------------------------------------------
                                  5.43   slack (MET)


Startpoint: sel[0] (input port clocked by clk)
Endpoint: _166_ (rising edge-triggered flip-flop clocked by clk)
Path Group: clk
Path Type: max

Fanout     Cap    Slew   Delay    Time   Description
-----------------------------------------------------------------------------
                          0.00    0.00   clock clk (rise edge)
                          0.00    0.00   clock network delay (propagated)
                          2.00    2.00 ^ input external delay
     1    0.00    0.02    0.01    2.01 ^ sel[0] (in)
                                         sel[0] (net)
                  0.02    0.00    2.01 ^ input17/A (sky130_fd_sc_hd__clkbuf_2)
     8    0.02    0.11    0.15    2.16 ^ input17/X (sky130_fd_sc_hd__clkbuf_2)
                                         net17 (net)
                  0.11    0.00    2.16 ^ _087_/B_N (sky130_fd_sc_hd__or2b_1)
     1    0.00    0.04    0.24    2.41 v _087_/X (sky130_fd_sc_hd__or2b_1)
                                         _012_ (net)
                  0.04    0.00    2.41 v _088_/A (sky130_fd_sc_hd__buf_2)
    10    0.03    0.08    0.18    2.59 v _088_/X (sky130_fd_sc_hd__buf_2)
                                         _013_ (net)
                  0.08    0.00    2.59 v _089_/C (sky130_fd_sc_hd__and3_1)
     2    0.01    0.05    0.21    2.80 v _089_/X (sky130_fd_sc_hd__and3_1)
                                         _014_ (net)
                  0.05    0.00    2.80 v _092_/B (sky130_fd_sc_hd__or3_1)
     2    0.01    0.08    0.38    3.18 v _092_/X (sky130_fd_sc_hd__or3_1)
                                         _017_ (net)
                  0.08    0.00    3.18 v _098_/A2 (sky130_fd_sc_hd__a21o_1)
     4    0.01    0.06    0.22    3.41 v _098_/X (sky130_fd_sc_hd__a21o_1)
                                         _022_ (net)
                  0.06    0.00    3.41 v _123_/A1 (sky130_fd_sc_hd__a211o_1)
     3    0.01    0.08    0.31    3.72 v _123_/X (sky130_fd_sc_hd__a211o_1)
                                         _045_ (net)
                  0.08    0.00    3.72 v _145_/A3 (sky130_fd_sc_hd__a31oi_1)
     2    0.01    0.23    0.26    3.98 ^ _145_/Y (sky130_fd_sc_hd__a31oi_1)
                                         _065_ (net)
                  0.23    0.00    3.98 ^ _146_/B (sky130_fd_sc_hd__nor2_1)
     1    0.01    0.08    0.09    4.07 v _146_/Y (sky130_fd_sc_hd__nor2_1)
                                         _066_ (net)
                  0.08    0.00    4.07 v _147_/B (sky130_fd_sc_hd__xnor2_1)
     1    0.00    0.05    0.14    4.21 v _147_/Y (sky130_fd_sc_hd__xnor2_1)
                                         _067_ (net)
                  0.05    0.00    4.21 v _150_/A2 (sky130_fd_sc_hd__a21o_1)
     1    0.00    0.04    0.18    4.40 v _150_/X (sky130_fd_sc_hd__a21o_1)
                                         _078_ (net)
                  0.04    0.00    4.40 v _166_/D (sky130_fd_sc_hd__dfxtp_1)
                                  4.40   data arrival time

                         10.00   10.00   clock clk (rise edge)
                          0.00   10.00   clock source latency
     1    0.01    0.04    0.03   10.03 ^ clk (in)
                                         clk (net)
                  0.04    0.00   10.03 ^ clkbuf_0_clk/A (sky130_fd_sc_hd__clkbuf_16)
     2    0.02    0.04    0.11   10.14 ^ clkbuf_0_clk/X (sky130_fd_sc_hd__clkbuf_16)
                                         clknet_0_clk (net)
                  0.04    0.00   10.14 ^ clkbuf_1_1__f_clk/A (sky130_fd_sc_hd__clkbuf_16)
     4    0.01    0.03    0.11   10.25 ^ clkbuf_1_1__f_clk/X (sky130_fd_sc_hd__clkbuf_16)
                                         clknet_1_1__leaf_clk (net)
                  0.03    0.00   10.25 ^ _166_/CLK (sky130_fd_sc_hd__dfxtp_1)
                         -0.25   10.00   clock uncertainty
                          0.00   10.00   clock reconvergence pessimism
                         -0.11    9.89   library setup time
                                  9.89   data required time
-----------------------------------------------------------------------------
                                  9.89   data required time
                                 -4.40   data arrival time
-----------------------------------------------------------------------------
                                  5.50   slack (MET)


Startpoint: sel[0] (input port clocked by clk)
Endpoint: _165_ (rising edge-triggered flip-flop clocked by clk)
Path Group: clk
Path Type: max

Fanout     Cap    Slew   Delay    Time   Description
-----------------------------------------------------------------------------
                          0.00    0.00   clock clk (rise edge)
                          0.00    0.00   clock network delay (propagated)
                          2.00    2.00 ^ input external delay
     1    0.00    0.02    0.01    2.01 ^ sel[0] (in)
                                         sel[0] (net)
                  0.02    0.00    2.01 ^ input17/A (sky130_fd_sc_hd__clkbuf_2)
     8    0.02    0.11    0.15    2.16 ^ input17/X (sky130_fd_sc_hd__clkbuf_2)
                                         net17 (net)
                  0.11    0.00    2.16 ^ _087_/B_N (sky130_fd_sc_hd__or2b_1)
     1    0.00    0.04    0.24    2.41 v _087_/X (sky130_fd_sc_hd__or2b_1)
                                         _012_ (net)
                  0.04    0.00    2.41 v _088_/A (sky130_fd_sc_hd__buf_2)
    10    0.03    0.08    0.18    2.59 v _088_/X (sky130_fd_sc_hd__buf_2)
                                         _013_ (net)
                  0.08    0.00    2.59 v _089_/C (sky130_fd_sc_hd__and3_1)
     2    0.01    0.05    0.21    2.80 v _089_/X (sky130_fd_sc_hd__and3_1)
                                         _014_ (net)
                  0.05    0.00    2.80 v _092_/B (sky130_fd_sc_hd__or3_1)
     2    0.01    0.08    0.38    3.18 v _092_/X (sky130_fd_sc_hd__or3_1)
                                         _017_ (net)
                  0.08    0.00    3.18 v _098_/A2 (sky130_fd_sc_hd__a21o_1)
     4    0.01    0.06    0.22    3.41 v _098_/X (sky130_fd_sc_hd__a21o_1)
                                         _022_ (net)
                  0.06    0.00    3.41 v _123_/A1 (sky130_fd_sc_hd__a211o_1)
     3    0.01    0.08    0.31    3.72 v _123_/X (sky130_fd_sc_hd__a211o_1)
                                         _045_ (net)
                  0.08    0.00    3.72 v _134_/A3 (sky130_fd_sc_hd__a32o_1)
     1    0.01    0.05    0.30    4.01 v _134_/X (sky130_fd_sc_hd__a32o_1)
                                         _055_ (net)
                  0.05    0.00    4.01 v _135_/B (sky130_fd_sc_hd__xor2_1)
     1    0.00    0.05    0.15    4.16 v _135_/X (sky130_fd_sc_hd__xor2_1)
                                         _056_ (net)
                  0.05    0.00    4.16 v _138_/A2 (sky130_fd_sc_hd__a21o_1)
     1    0.00    0.03    0.18    4.34 v _138_/X (sky130_fd_sc_hd__a21o_1)
                                         _077_ (net)
                  0.03    0.00    4.34 v _165_/D (sky130_fd_sc_hd__dfxtp_1)
                                  4.34   data arrival time

                         10.00   10.00   clock clk (rise edge)
                          0.00   10.00   clock source latency
     1    0.01    0.04    0.03   10.03 ^ clk (in)
                                         clk (net)
                  0.04    0.00   10.03 ^ clkbuf_0_clk/A (sky130_fd_sc_hd__clkbuf_16)
     2    0.02    0.04    0.11   10.14 ^ clkbuf_0_clk/X (sky130_fd_sc_hd__clkbuf_16)
                                         clknet_0_clk (net)
                  0.04    0.00   10.14 ^ clkbuf_1_0__f_clk/A (sky130_fd_sc_hd__clkbuf_16)
     4    0.01    0.03    0.11   10.25 ^ clkbuf_1_0__f_clk/X (sky130_fd_sc_hd__clkbuf_16)
                                         clknet_1_0__leaf_clk (net)
                  0.03    0.00   10.25 ^ _165_/CLK (sky130_fd_sc_hd__dfxtp_1)
                         -0.25   10.00   clock uncertainty
                          0.00   10.00   clock reconvergence pessimism
                         -0.11    9.89   library setup time
                                  9.89   data required time
-----------------------------------------------------------------------------
                                  9.89   data required time
                                 -4.34   data arrival time
-----------------------------------------------------------------------------
                                  5.55   slack (MET)


Startpoint: sel[0] (input port clocked by clk)
Endpoint: _164_ (rising edge-triggered flip-flop clocked by clk)
Path Group: clk
Path Type: max

Fanout     Cap    Slew   Delay    Time   Description
-----------------------------------------------------------------------------
                          0.00    0.00   clock clk (rise edge)
                          0.00    0.00   clock network delay (propagated)
                          2.00    2.00 ^ input external delay
     1    0.00    0.02    0.01    2.01 ^ sel[0] (in)
                                         sel[0] (net)
                  0.02    0.00    2.01 ^ input17/A (sky130_fd_sc_hd__clkbuf_2)
     8    0.02    0.11    0.15    2.16 ^ input17/X (sky130_fd_sc_hd__clkbuf_2)
                                         net17 (net)
                  0.11    0.00    2.16 ^ _087_/B_N (sky130_fd_sc_hd__or2b_1)
     1    0.00    0.04    0.24    2.41 v _087_/X (sky130_fd_sc_hd__or2b_1)
                                         _012_ (net)
                  0.04    0.00    2.41 v _088_/A (sky130_fd_sc_hd__buf_2)
    10    0.03    0.08    0.18    2.59 v _088_/X (sky130_fd_sc_hd__buf_2)
                                         _013_ (net)
                  0.08    0.00    2.59 v _089_/C (sky130_fd_sc_hd__and3_1)
     2    0.01    0.05    0.21    2.80 v _089_/X (sky130_fd_sc_hd__and3_1)
                                         _014_ (net)
                  0.05    0.00    2.80 v _092_/B (sky130_fd_sc_hd__or3_1)
     2    0.01    0.08    0.38    3.18 v _092_/X (sky130_fd_sc_hd__or3_1)
                                         _017_ (net)
                  0.08    0.00    3.18 v _098_/A2 (sky130_fd_sc_hd__a21o_1)
     4    0.01    0.06    0.22    3.41 v _098_/X (sky130_fd_sc_hd__a21o_1)
                                         _022_ (net)
                  0.06    0.00    3.41 v _123_/A1 (sky130_fd_sc_hd__a211o_1)
     3    0.01    0.08    0.31    3.72 v _123_/X (sky130_fd_sc_hd__a211o_1)
                                         _045_ (net)
                  0.08    0.00    3.72 v _124_/B (sky130_fd_sc_hd__nand2_1)
     1    0.01    0.07    0.10    3.82 ^ _124_/Y (sky130_fd_sc_hd__nand2_1)
                                         _046_ (net)
                  0.07    0.00    3.82 ^ _125_/B (sky130_fd_sc_hd__xnor2_1)
     1    0.00    0.07    0.07    3.89 v _125_/Y (sky130_fd_sc_hd__xnor2_1)
                                         _047_ (net)
                  0.07    0.00    3.89 v _128_/A2 (sky130_fd_sc_hd__a21o_1)
     1    0.00    0.03    0.18    4.07 v _128_/X (sky130_fd_sc_hd__a21o_1)
                                         _076_ (net)
                  0.03    0.00    4.07 v _164_/D (sky130_fd_sc_hd__dfxtp_1)
                                  4.07   data arrival time

                         10.00   10.00   clock clk (rise edge)
                          0.00   10.00   clock source latency
     1    0.01    0.04    0.03   10.03 ^ clk (in)
                                         clk (net)
                  0.04    0.00   10.03 ^ clkbuf_0_clk/A (sky130_fd_sc_hd__clkbuf_16)
     2    0.02    0.04    0.11   10.14 ^ clkbuf_0_clk/X (sky130_fd_sc_hd__clkbuf_16)
                                         clknet_0_clk (net)
                  0.04    0.00   10.14 ^ clkbuf_1_0__f_clk/A (sky130_fd_sc_hd__clkbuf_16)
     4    0.01    0.03    0.11   10.25 ^ clkbuf_1_0__f_clk/X (sky130_fd_sc_hd__clkbuf_16)
                                         clknet_1_0__leaf_clk (net)
                  0.03    0.00   10.25 ^ _164_/CLK (sky130_fd_sc_hd__dfxtp_1)
                         -0.25   10.00   clock uncertainty
                          0.00   10.00   clock reconvergence pessimism
                         -0.11    9.89   library setup time
                                  9.89   data required time
-----------------------------------------------------------------------------
                                  9.89   data required time
                                 -4.07   data arrival time
-----------------------------------------------------------------------------
                                  5.82   slack (MET)


Startpoint: sel[0] (input port clocked by clk)
Endpoint: _162_ (rising edge-triggered flip-flop clocked by clk)
Path Group: clk
Path Type: max

Fanout     Cap    Slew   Delay    Time   Description
-----------------------------------------------------------------------------
                          0.00    0.00   clock clk (rise edge)
                          0.00    0.00   clock network delay (propagated)
                          2.00    2.00 ^ input external delay
     1    0.00    0.02    0.01    2.01 ^ sel[0] (in)
                                         sel[0] (net)
                  0.02    0.00    2.01 ^ input17/A (sky130_fd_sc_hd__clkbuf_2)
     8    0.02    0.11    0.15    2.16 ^ input17/X (sky130_fd_sc_hd__clkbuf_2)
                                         net17 (net)
                  0.11    0.00    2.16 ^ _087_/B_N (sky130_fd_sc_hd__or2b_1)
     1    0.00    0.04    0.24    2.41 v _087_/X (sky130_fd_sc_hd__or2b_1)
                                         _012_ (net)
                  0.04    0.00    2.41 v _088_/A (sky130_fd_sc_hd__buf_2)
    10    0.03    0.08    0.18    2.59 v _088_/X (sky130_fd_sc_hd__buf_2)
                                         _013_ (net)
                  0.08    0.00    2.59 v _089_/C (sky130_fd_sc_hd__and3_1)
     2    0.01    0.05    0.21    2.80 v _089_/X (sky130_fd_sc_hd__and3_1)
                                         _014_ (net)
                  0.05    0.00    2.80 v _092_/B (sky130_fd_sc_hd__or3_1)
     2    0.01    0.08    0.38    3.18 v _092_/X (sky130_fd_sc_hd__or3_1)
                                         _017_ (net)
                  0.08    0.00    3.18 v _098_/A2 (sky130_fd_sc_hd__a21o_1)
     4    0.01    0.06    0.22    3.41 v _098_/X (sky130_fd_sc_hd__a21o_1)
                                         _022_ (net)
                  0.06    0.00    3.41 v _103_/A (sky130_fd_sc_hd__or2_1)
     1    0.00    0.05    0.25    3.65 v _103_/X (sky130_fd_sc_hd__or2_1)
                                         _027_ (net)
                  0.05    0.00    3.65 v _104_/A2 (sky130_fd_sc_hd__a21o_1)
     1    0.00    0.03    0.18    3.84 v _104_/X (sky130_fd_sc_hd__a21o_1)
                                         _028_ (net)
                  0.03    0.00    3.84 v _106_/B1 (sky130_fd_sc_hd__o211a_1)
     1    0.00    0.04    0.12    3.95 v _106_/X (sky130_fd_sc_hd__o211a_1)
                                         _074_ (net)
                  0.04    0.00    3.95 v _162_/D (sky130_fd_sc_hd__dfxtp_1)
                                  3.95   data arrival time

                         10.00   10.00   clock clk (rise edge)
                          0.00   10.00   clock source latency
     1    0.01    0.04    0.03   10.03 ^ clk (in)
                                         clk (net)
                  0.04    0.00   10.03 ^ clkbuf_0_clk/A (sky130_fd_sc_hd__clkbuf_16)
     2    0.02    0.04    0.11   10.14 ^ clkbuf_0_clk/X (sky130_fd_sc_hd__clkbuf_16)
                                         clknet_0_clk (net)
                  0.04    0.00   10.14 ^ clkbuf_1_0__f_clk/A (sky130_fd_sc_hd__clkbuf_16)
     4    0.01    0.03    0.11   10.25 ^ clkbuf_1_0__f_clk/X (sky130_fd_sc_hd__clkbuf_16)
                                         clknet_1_0__leaf_clk (net)
                  0.03    0.00   10.25 ^ _162_/CLK (sky130_fd_sc_hd__dfxtp_1)
                         -0.25   10.00   clock uncertainty
                          0.00   10.00   clock reconvergence pessimism
                         -0.11    9.89   library setup time
                                  9.89   data required time
-----------------------------------------------------------------------------
                                  9.89   data required time
                                 -3.95   data arrival time
-----------------------------------------------------------------------------
                                  5.93   slack (MET)


Startpoint: sel[0] (input port clocked by clk)
Endpoint: _163_ (rising edge-triggered flip-flop clocked by clk)
Path Group: clk
Path Type: max

Fanout     Cap    Slew   Delay    Time   Description
-----------------------------------------------------------------------------
                          0.00    0.00   clock clk (rise edge)
                          0.00    0.00   clock network delay (propagated)
                          2.00    2.00 ^ input external delay
     1    0.00    0.02    0.01    2.01 ^ sel[0] (in)
                                         sel[0] (net)
                  0.02    0.00    2.01 ^ input17/A (sky130_fd_sc_hd__clkbuf_2)
     8    0.02    0.11    0.15    2.16 ^ input17/X (sky130_fd_sc_hd__clkbuf_2)
                                         net17 (net)
                  0.11    0.00    2.16 ^ _087_/B_N (sky130_fd_sc_hd__or2b_1)
     1    0.00    0.04    0.24    2.41 v _087_/X (sky130_fd_sc_hd__or2b_1)
                                         _012_ (net)
                  0.04    0.00    2.41 v _088_/A (sky130_fd_sc_hd__buf_2)
    10    0.03    0.08    0.18    2.59 v _088_/X (sky130_fd_sc_hd__buf_2)
                                         _013_ (net)
                  0.08    0.00    2.59 v _089_/C (sky130_fd_sc_hd__and3_1)
     2    0.01    0.05    0.21    2.80 v _089_/X (sky130_fd_sc_hd__and3_1)
                                         _014_ (net)
                  0.05    0.00    2.80 v _092_/B (sky130_fd_sc_hd__or3_1)
     2    0.01    0.08    0.38    3.18 v _092_/X (sky130_fd_sc_hd__or3_1)
                                         _017_ (net)
                  0.08    0.00    3.18 v _098_/A2 (sky130_fd_sc_hd__a21o_1)
     4    0.01    0.06    0.22    3.41 v _098_/X (sky130_fd_sc_hd__a21o_1)
                                         _022_ (net)
                  0.06    0.00    3.41 v _115_/A1 (sky130_fd_sc_hd__a21oi_1)
     1    0.01    0.16    0.17    3.58 ^ _115_/Y (sky130_fd_sc_hd__a21oi_1)
                                         _038_ (net)
                  0.16    0.00    3.58 ^ _116_/B (sky130_fd_sc_hd__xnor2_1)
     1    0.00    0.05    0.09    3.67 v _116_/Y (sky130_fd_sc_hd__xnor2_1)
                                         _039_ (net)
                  0.05    0.00    3.67 v _119_/A2 (sky130_fd_sc_hd__a21o_1)
     1    0.00    0.03    0.18    3.85 v _119_/X (sky130_fd_sc_hd__a21o_1)
                                         _075_ (net)
                  0.03    0.00    3.85 v _163_/D (sky130_fd_sc_hd__dfxtp_1)
                                  3.85   data arrival time

                         10.00   10.00   clock clk (rise edge)
                          0.00   10.00   clock source latency
     1    0.01    0.04    0.03   10.03 ^ clk (in)
                                         clk (net)
                  0.04    0.00   10.03 ^ clkbuf_0_clk/A (sky130_fd_sc_hd__clkbuf_16)
     2    0.02    0.04    0.11   10.14 ^ clkbuf_0_clk/X (sky130_fd_sc_hd__clkbuf_16)
                                         clknet_0_clk (net)
                  0.04    0.00   10.14 ^ clkbuf_1_0__f_clk/A (sky130_fd_sc_hd__clkbuf_16)
     4    0.01    0.03    0.11   10.25 ^ clkbuf_1_0__f_clk/X (sky130_fd_sc_hd__clkbuf_16)
                                         clknet_1_0__leaf_clk (net)
                  0.03    0.00   10.25 ^ _163_/CLK (sky130_fd_sc_hd__dfxtp_1)
                         -0.25   10.00   clock uncertainty
                          0.00   10.00   clock reconvergence pessimism
                         -0.11    9.89   library setup time
                                  9.89   data required time
-----------------------------------------------------------------------------
                                  9.89   data required time
                                 -3.85   data arrival time
-----------------------------------------------------------------------------
                                  6.04   slack (MET)


Startpoint: sel[0] (input port clocked by clk)
Endpoint: _161_ (rising edge-triggered flip-flop clocked by clk)
Path Group: clk
Path Type: max

Fanout     Cap    Slew   Delay    Time   Description
-----------------------------------------------------------------------------
                          0.00    0.00   clock clk (rise edge)
                          0.00    0.00   clock network delay (propagated)
                          2.00    2.00 ^ input external delay
     1    0.00    0.02    0.01    2.01 ^ sel[0] (in)
                                         sel[0] (net)
                  0.02    0.00    2.01 ^ input17/A (sky130_fd_sc_hd__clkbuf_2)
     8    0.02    0.11    0.15    2.16 ^ input17/X (sky130_fd_sc_hd__clkbuf_2)
                                         net17 (net)
                  0.11    0.00    2.16 ^ _087_/B_N (sky130_fd_sc_hd__or2b_1)
     1    0.00    0.04    0.24    2.41 v _087_/X (sky130_fd_sc_hd__or2b_1)
                                         _012_ (net)
                  0.04    0.00    2.41 v _088_/A (sky130_fd_sc_hd__buf_2)
    10    0.03    0.08    0.18    2.59 v _088_/X (sky130_fd_sc_hd__buf_2)
                                         _013_ (net)
                  0.08    0.00    2.59 v _089_/C (sky130_fd_sc_hd__and3_1)
     2    0.01    0.05    0.21    2.80 v _089_/X (sky130_fd_sc_hd__and3_1)
                                         _014_ (net)
                  0.05    0.00    2.80 v _092_/B (sky130_fd_sc_hd__or3_1)
     2    0.01    0.08    0.38    3.18 v _092_/X (sky130_fd_sc_hd__or3_1)
                                         _017_ (net)
                  0.08    0.00    3.18 v _093_/B (sky130_fd_sc_hd__and2b_1)
     1    0.01    0.05    0.19    3.37 v _093_/X (sky130_fd_sc_hd__and2b_1)
                                         _018_ (net)
                  0.05    0.00    3.37 v _094_/B (sky130_fd_sc_hd__xnor2_1)
     1    0.00    0.12    0.14    3.51 ^ _094_/Y (sky130_fd_sc_hd__xnor2_1)
                                         _019_ (net)
                  0.12    0.00    3.51 ^ _095_/B (sky130_fd_sc_hd__nand2_1)
     1    0.00    0.04    0.07    3.58 v _095_/Y (sky130_fd_sc_hd__nand2_1)
                                         _020_ (net)
                  0.04    0.00    3.58 v _097_/B1 (sky130_fd_sc_hd__o211a_1)
     1    0.00    0.04    0.12    3.70 v _097_/X (sky130_fd_sc_hd__o211a_1)
                                         _073_ (net)
                  0.04    0.00    3.70 v _161_/D (sky130_fd_sc_hd__dfxtp_1)
                                  3.70   data arrival time

                         10.00   10.00   clock clk (rise edge)
                          0.00   10.00   clock source latency
     1    0.01    0.04    0.03   10.03 ^ clk (in)
                                         clk (net)
                  0.04    0.00   10.03 ^ clkbuf_0_clk/A (sky130_fd_sc_hd__clkbuf_16)
     2    0.02    0.04    0.11   10.14 ^ clkbuf_0_clk/X (sky130_fd_sc_hd__clkbuf_16)
                                         clknet_0_clk (net)
                  0.04    0.00   10.14 ^ clkbuf_1_1__f_clk/A (sky130_fd_sc_hd__clkbuf_16)
     4    0.01    0.03    0.11   10.25 ^ clkbuf_1_1__f_clk/X (sky130_fd_sc_hd__clkbuf_16)
                                         clknet_1_1__leaf_clk (net)
                  0.03    0.00   10.25 ^ _161_/CLK (sky130_fd_sc_hd__dfxtp_1)
                         -0.25   10.00   clock uncertainty
                          0.00   10.00   clock reconvergence pessimism
                         -0.11    9.89   library setup time
                                  9.89   data required time
-----------------------------------------------------------------------------
                                  9.89   data required time
                                 -3.70   data arrival time
-----------------------------------------------------------------------------
                                  6.19   slack (MET)


Startpoint: sel[1] (input port clocked by clk)
Endpoint: _160_ (rising edge-triggered flip-flop clocked by clk)
Path Group: clk
Path Type: max

Fanout     Cap    Slew   Delay    Time   Description
-----------------------------------------------------------------------------
                          0.00    0.00   clock clk (rise edge)
                          0.00    0.00   clock network delay (propagated)
                          2.00    2.00 ^ input external delay
     1    0.00    0.02    0.01    2.01 ^ sel[1] (in)
                                         sel[1] (net)
                  0.02    0.00    2.01 ^ input18/A (sky130_fd_sc_hd__buf_2)
    10    0.03    0.15    0.18    2.19 ^ input18/X (sky130_fd_sc_hd__buf_2)
                                         net18 (net)
                  0.15    0.00    2.19 ^ _080_/A (sky130_fd_sc_hd__inv_2)
     8    0.02    0.06    0.09    2.28 v _080_/Y (sky130_fd_sc_hd__inv_2)
                                         _006_ (net)
                  0.06    0.00    2.28 v _081_/A (sky130_fd_sc_hd__or2_1)
     4    0.01    0.09    0.29    2.57 v _081_/X (sky130_fd_sc_hd__or2_1)
                                         _007_ (net)
                  0.09    0.00    2.57 v _082_/B1 (sky130_fd_sc_hd__o21a_1)
     1    0.00    0.03    0.12    2.70 v _082_/X (sky130_fd_sc_hd__o21a_1)
                                         _008_ (net)
                  0.03    0.00    2.70 v _084_/A1 (sky130_fd_sc_hd__mux2_1)
     1    0.00    0.06    0.30    3.00 v _084_/X (sky130_fd_sc_hd__mux2_1)
                                         _010_ (net)
                  0.06    0.00    3.00 v _085_/A (sky130_fd_sc_hd__clkbuf_1)
     1    0.00    0.02    0.09    3.09 v _085_/X (sky130_fd_sc_hd__clkbuf_1)
                                         _072_ (net)
                  0.02    0.00    3.09 v _160_/D (sky130_fd_sc_hd__dfxtp_1)
                                  3.09   data arrival time

                         10.00   10.00   clock clk (rise edge)
                          0.00   10.00   clock source latency
     1    0.01    0.04    0.03   10.03 ^ clk (in)
                                         clk (net)
                  0.04    0.00   10.03 ^ clkbuf_0_clk/A (sky130_fd_sc_hd__clkbuf_16)
     2    0.02    0.04    0.11   10.14 ^ clkbuf_0_clk/X (sky130_fd_sc_hd__clkbuf_16)
                                         clknet_0_clk (net)
                  0.04    0.00   10.14 ^ clkbuf_1_1__f_clk/A (sky130_fd_sc_hd__clkbuf_16)
     4    0.01    0.03    0.11   10.25 ^ clkbuf_1_1__f_clk/X (sky130_fd_sc_hd__clkbuf_16)
                                         clknet_1_1__leaf_clk (net)
                  0.03    0.00   10.25 ^ _160_/CLK (sky130_fd_sc_hd__dfxtp_1)
                         -0.25   10.00   clock uncertainty
                          0.00   10.00   clock reconvergence pessimism
                         -0.10    9.90   library setup time
                                  9.90   data required time
-----------------------------------------------------------------------------
                                  9.90   data required time
                                 -3.09   data arrival time
-----------------------------------------------------------------------------
                                  6.81   slack (MET)


Startpoint: _165_ (rising edge-triggered flip-flop clocked by clk)
Endpoint: result[5] (output port clocked by clk)
Path Group: clk
Path Type: max

Fanout     Cap    Slew   Delay    Time   Description
-----------------------------------------------------------------------------
                          0.00    0.00   clock clk (rise edge)
                          0.00    0.00   clock source latency
     1    0.01    0.04    0.03    0.03 ^ clk (in)
                                         clk (net)
                  0.04    0.00    0.03 ^ clkbuf_0_clk/A (sky130_fd_sc_hd__clkbuf_16)
     2    0.02    0.04    0.13    0.16 ^ clkbuf_0_clk/X (sky130_fd_sc_hd__clkbuf_16)
                                         clknet_0_clk (net)
                  0.04    0.00    0.16 ^ clkbuf_1_0__f_clk/A (sky130_fd_sc_hd__clkbuf_16)
     4    0.01    0.03    0.12    0.27 ^ clkbuf_1_0__f_clk/X (sky130_fd_sc_hd__clkbuf_16)
                                         clknet_1_0__leaf_clk (net)
                  0.03    0.00    0.27 ^ _165_/CLK (sky130_fd_sc_hd__dfxtp_1)
     1    0.00    0.05    0.32    0.59 ^ _165_/Q (sky130_fd_sc_hd__dfxtp_1)
                                         net24 (net)
                  0.05    0.00    0.59 ^ output24/A (sky130_fd_sc_hd__buf_2)
     1    0.04    0.19    0.22    0.81 ^ output24/X (sky130_fd_sc_hd__buf_2)
                                         result[5] (net)
                  0.19    0.00    0.81 ^ result[5] (out)
                                  0.81   data arrival time

                         10.00   10.00   clock clk (rise edge)
                          0.00   10.00   clock network delay (propagated)
                         -0.25    9.75   clock uncertainty
                          0.00    9.75   clock reconvergence pessimism
                         -2.00    7.75   output external delay
                                  7.75   data required time
-----------------------------------------------------------------------------
                                  7.75   data required time
                                 -0.81   data arrival time
-----------------------------------------------------------------------------
                                  6.94   slack (MET)


Startpoint: _161_ (rising edge-triggered flip-flop clocked by clk)
Endpoint: result[1] (output port clocked by clk)
Path Group: clk
Path Type: max

Fanout     Cap    Slew   Delay    Time   Description
-----------------------------------------------------------------------------
                          0.00    0.00   clock clk (rise edge)
                          0.00    0.00   clock source latency
     1    0.01    0.04    0.03    0.03 ^ clk (in)
                                         clk (net)
                  0.04    0.00    0.03 ^ clkbuf_0_clk/A (sky130_fd_sc_hd__clkbuf_16)
     2    0.02    0.04    0.13    0.16 ^ clkbuf_0_clk/X (sky130_fd_sc_hd__clkbuf_16)
                                         clknet_0_clk (net)
                  0.04    0.00    0.16 ^ clkbuf_1_1__f_clk/A (sky130_fd_sc_hd__clkbuf_16)
     4    0.01    0.03    0.12    0.28 ^ clkbuf_1_1__f_clk/X (sky130_fd_sc_hd__clkbuf_16)
                                         clknet_1_1__leaf_clk (net)
                  0.03    0.00    0.28 ^ _161_/CLK (sky130_fd_sc_hd__dfxtp_1)
     1    0.00    0.04    0.31    0.59 ^ _161_/Q (sky130_fd_sc_hd__dfxtp_1)
                                         net20 (net)
                  0.04    0.00    0.59 ^ output20/A (sky130_fd_sc_hd__buf_2)
     1    0.04    0.18    0.22    0.80 ^ output20/X (sky130_fd_sc_hd__buf_2)
                                         result[1] (net)
                  0.18    0.00    0.81 ^ result[1] (out)
                                  0.81   data arrival time

                         10.00   10.00   clock clk (rise edge)
                          0.00   10.00   clock network delay (propagated)
                         -0.25    9.75   clock uncertainty
                          0.00    9.75   clock reconvergence pessimism
                         -2.00    7.75   output external delay
                                  7.75   data required time
-----------------------------------------------------------------------------
                                  7.75   data required time
                                 -0.81   data arrival time
-----------------------------------------------------------------------------
                                  6.94   slack (MET)


Startpoint: _162_ (rising edge-triggered flip-flop clocked by clk)
Endpoint: result[2] (output port clocked by clk)
Path Group: clk
Path Type: max

Fanout     Cap    Slew   Delay    Time   Description
-----------------------------------------------------------------------------
                          0.00    0.00   clock clk (rise edge)
                          0.00    0.00   clock source latency
     1    0.01    0.04    0.03    0.03 ^ clk (in)
                                         clk (net)
                  0.04    0.00    0.03 ^ clkbuf_0_clk/A (sky130_fd_sc_hd__clkbuf_16)
     2    0.02    0.04    0.13    0.16 ^ clkbuf_0_clk/X (sky130_fd_sc_hd__clkbuf_16)
                                         clknet_0_clk (net)
                  0.04    0.00    0.16 ^ clkbuf_1_0__f_clk/A (sky130_fd_sc_hd__clkbuf_16)
     4    0.01    0.03    0.12    0.27 ^ clkbuf_1_0__f_clk/X (sky130_fd_sc_hd__clkbuf_16)
                                         clknet_1_0__leaf_clk (net)
                  0.03    0.00    0.27 ^ _162_/CLK (sky130_fd_sc_hd__dfxtp_1)
     1    0.00    0.04    0.31    0.58 ^ _162_/Q (sky130_fd_sc_hd__dfxtp_1)
                                         net21 (net)
                  0.04    0.00    0.58 ^ output21/A (sky130_fd_sc_hd__buf_2)
     1    0.04    0.18    0.22    0.80 ^ output21/X (sky130_fd_sc_hd__buf_2)
                                         result[2] (net)
                  0.18    0.00    0.80 ^ result[2] (out)
                                  0.80   data arrival time

                         10.00   10.00   clock clk (rise edge)
                          0.00   10.00   clock network delay (propagated)
                         -0.25    9.75   clock uncertainty
                          0.00    9.75   clock reconvergence pessimism
                         -2.00    7.75   output external delay
                                  7.75   data required time
-----------------------------------------------------------------------------
                                  7.75   data required time
                                 -0.80   data arrival time
-----------------------------------------------------------------------------
                                  6.95   slack (MET)


Startpoint: _167_ (rising edge-triggered flip-flop clocked by clk)
Endpoint: result[7] (output port clocked by clk)
Path Group: clk
Path Type: max

Fanout     Cap    Slew   Delay    Time   Description
-----------------------------------------------------------------------------
                          0.00    0.00   clock clk (rise edge)
                          0.00    0.00   clock source latency
     1    0.01    0.04    0.03    0.03 ^ clk (in)
                                         clk (net)
                  0.04    0.00    0.03 ^ clkbuf_0_clk/A (sky130_fd_sc_hd__clkbuf_16)
     2    0.02    0.04    0.13    0.16 ^ clkbuf_0_clk/X (sky130_fd_sc_hd__clkbuf_16)
                                         clknet_0_clk (net)
                  0.04    0.00    0.16 ^ clkbuf_1_1__f_clk/A (sky130_fd_sc_hd__clkbuf_16)
     4    0.01    0.03    0.12    0.28 ^ clkbuf_1_1__f_clk/X (sky130_fd_sc_hd__clkbuf_16)
                                         clknet_1_1__leaf_clk (net)
                  0.03    0.00    0.28 ^ _167_/CLK (sky130_fd_sc_hd__dfxtp_1)
     1    0.00    0.05    0.32    0.59 ^ _167_/Q (sky130_fd_sc_hd__dfxtp_1)
                                         net26 (net)
                  0.05    0.00    0.59 ^ output26/A (sky130_fd_sc_hd__clkbuf_4)
     1    0.04    0.12    0.20    0.79 ^ output26/X (sky130_fd_sc_hd__clkbuf_4)
                                         result[7] (net)
                  0.12    0.00    0.79 ^ result[7] (out)
                                  0.79   data arrival time

                         10.00   10.00   clock clk (rise edge)
                          0.00   10.00   clock network delay (propagated)
                         -0.25    9.75   clock uncertainty
                          0.00    9.75   clock reconvergence pessimism
                         -2.00    7.75   output external delay
                                  7.75   data required time
-----------------------------------------------------------------------------
                                  7.75   data required time
                                 -0.79   data arrival time
-----------------------------------------------------------------------------
                                  6.96   slack (MET)


Startpoint: _160_ (rising edge-triggered flip-flop clocked by clk)
Endpoint: result[0] (output port clocked by clk)
Path Group: clk
Path Type: max

Fanout     Cap    Slew   Delay    Time   Description
-----------------------------------------------------------------------------
                          0.00    0.00   clock clk (rise edge)
                          0.00    0.00   clock source latency
     1    0.01    0.04    0.03    0.03 ^ clk (in)
                                         clk (net)
                  0.04    0.00    0.03 ^ clkbuf_0_clk/A (sky130_fd_sc_hd__clkbuf_16)
     2    0.02    0.04    0.13    0.16 ^ clkbuf_0_clk/X (sky130_fd_sc_hd__clkbuf_16)
                                         clknet_0_clk (net)
                  0.04    0.00    0.16 ^ clkbuf_1_1__f_clk/A (sky130_fd_sc_hd__clkbuf_16)
     4    0.01    0.03    0.12    0.28 ^ clkbuf_1_1__f_clk/X (sky130_fd_sc_hd__clkbuf_16)
                                         clknet_1_1__leaf_clk (net)
                  0.03    0.00    0.28 ^ _160_/CLK (sky130_fd_sc_hd__dfxtp_1)
     1    0.00    0.05    0.32    0.60 ^ _160_/Q (sky130_fd_sc_hd__dfxtp_1)
                                         net19 (net)
                  0.05    0.00    0.60 ^ output19/A (sky130_fd_sc_hd__clkbuf_4)
     1    0.03    0.11    0.20    0.79 ^ output19/X (sky130_fd_sc_hd__clkbuf_4)
                                         result[0] (net)
                  0.11    0.00    0.79 ^ result[0] (out)
                                  0.79   data arrival time

                         10.00   10.00   clock clk (rise edge)
                          0.00   10.00   clock network delay (propagated)
                         -0.25    9.75   clock uncertainty
                          0.00    9.75   clock reconvergence pessimism
                         -2.00    7.75   output external delay
                                  7.75   data required time
-----------------------------------------------------------------------------
                                  7.75   data required time
                                 -0.79   data arrival time
-----------------------------------------------------------------------------
                                  6.96   slack (MET)


Startpoint: _166_ (rising edge-triggered flip-flop clocked by clk)
Endpoint: result[6] (output port clocked by clk)
Path Group: clk
Path Type: max

Fanout     Cap    Slew   Delay    Time   Description
-----------------------------------------------------------------------------
                          0.00    0.00   clock clk (rise edge)
                          0.00    0.00   clock source latency
     1    0.01    0.04    0.03    0.03 ^ clk (in)
                                         clk (net)
                  0.04    0.00    0.03 ^ clkbuf_0_clk/A (sky130_fd_sc_hd__clkbuf_16)
     2    0.02    0.04    0.13    0.16 ^ clkbuf_0_clk/X (sky130_fd_sc_hd__clkbuf_16)
                                         clknet_0_clk (net)
                  0.04    0.00    0.16 ^ clkbuf_1_1__f_clk/A (sky130_fd_sc_hd__clkbuf_16)
     4    0.01    0.03    0.12    0.28 ^ clkbuf_1_1__f_clk/X (sky130_fd_sc_hd__clkbuf_16)
                                         clknet_1_1__leaf_clk (net)
                  0.03    0.00    0.28 ^ _166_/CLK (sky130_fd_sc_hd__dfxtp_1)
     1    0.00    0.05    0.32    0.59 ^ _166_/Q (sky130_fd_sc_hd__dfxtp_1)
                                         net25 (net)
                  0.05    0.00    0.60 ^ output25/A (sky130_fd_sc_hd__clkbuf_4)
     1    0.03    0.11    0.20    0.79 ^ output25/X (sky130_fd_sc_hd__clkbuf_4)
                                         result[6] (net)
                  0.11    0.00    0.79 ^ result[6] (out)
                                  0.79   data arrival time

                         10.00   10.00   clock clk (rise edge)
                          0.00   10.00   clock network delay (propagated)
                         -0.25    9.75   clock uncertainty
                          0.00    9.75   clock reconvergence pessimism
                         -2.00    7.75   output external delay
                                  7.75   data required time
-----------------------------------------------------------------------------
                                  7.75   data required time
                                 -0.79   data arrival time
-----------------------------------------------------------------------------
                                  6.96   slack (MET)


Startpoint: _164_ (rising edge-triggered flip-flop clocked by clk)
Endpoint: result[4] (output port clocked by clk)
Path Group: clk
Path Type: max

Fanout     Cap    Slew   Delay    Time   Description
-----------------------------------------------------------------------------
                          0.00    0.00   clock clk (rise edge)
                          0.00    0.00   clock source latency
     1    0.01    0.04    0.03    0.03 ^ clk (in)
                                         clk (net)
                  0.04    0.00    0.03 ^ clkbuf_0_clk/A (sky130_fd_sc_hd__clkbuf_16)
     2    0.02    0.04    0.13    0.16 ^ clkbuf_0_clk/X (sky130_fd_sc_hd__clkbuf_16)
                                         clknet_0_clk (net)
                  0.04    0.00    0.16 ^ clkbuf_1_0__f_clk/A (sky130_fd_sc_hd__clkbuf_16)
     4    0.01    0.03    0.12    0.27 ^ clkbuf_1_0__f_clk/X (sky130_fd_sc_hd__clkbuf_16)
                                         clknet_1_0__leaf_clk (net)
                  0.03    0.00    0.27 ^ _164_/CLK (sky130_fd_sc_hd__dfxtp_1)
     1    0.00    0.04    0.31    0.58 ^ _164_/Q (sky130_fd_sc_hd__dfxtp_1)
                                         net23 (net)
                  0.04    0.00    0.58 ^ output23/A (sky130_fd_sc_hd__buf_2)
     1    0.03    0.17    0.21    0.79 ^ output23/X (sky130_fd_sc_hd__buf_2)
                                         result[4] (net)
                  0.17    0.00    0.79 ^ result[4] (out)
                                  0.79   data arrival time

                         10.00   10.00   clock clk (rise edge)
                          0.00   10.00   clock network delay (propagated)
                         -0.25    9.75   clock uncertainty
                          0.00    9.75   clock reconvergence pessimism
                         -2.00    7.75   output external delay
                                  7.75   data required time
-----------------------------------------------------------------------------
                                  7.75   data required time
                                 -0.79   data arrival time
-----------------------------------------------------------------------------
                                  6.96   slack (MET)


Startpoint: _163_ (rising edge-triggered flip-flop clocked by clk)
Endpoint: result[3] (output port clocked by clk)
Path Group: clk
Path Type: max

Fanout     Cap    Slew   Delay    Time   Description
-----------------------------------------------------------------------------
                          0.00    0.00   clock clk (rise edge)
                          0.00    0.00   clock source latency
     1    0.01    0.04    0.03    0.03 ^ clk (in)
                                         clk (net)
                  0.04    0.00    0.03 ^ clkbuf_0_clk/A (sky130_fd_sc_hd__clkbuf_16)
     2    0.02    0.04    0.13    0.16 ^ clkbuf_0_clk/X (sky130_fd_sc_hd__clkbuf_16)
                                         clknet_0_clk (net)
                  0.04    0.00    0.16 ^ clkbuf_1_0__f_clk/A (sky130_fd_sc_hd__clkbuf_16)
     4    0.01    0.03    0.12    0.27 ^ clkbuf_1_0__f_clk/X (sky130_fd_sc_hd__clkbuf_16)
                                         clknet_1_0__leaf_clk (net)
                  0.03    0.00    0.27 ^ _163_/CLK (sky130_fd_sc_hd__dfxtp_1)
     1    0.00    0.03    0.30    0.58 ^ _163_/Q (sky130_fd_sc_hd__dfxtp_1)
                                         net22 (net)
                  0.03    0.00    0.58 ^ output22/A (sky130_fd_sc_hd__buf_2)
     1    0.03    0.17    0.20    0.78 ^ output22/X (sky130_fd_sc_hd__buf_2)
                                         result[3] (net)
                  0.17    0.00    0.78 ^ result[3] (out)
                                  0.78   data arrival time

                         10.00   10.00   clock clk (rise edge)
                          0.00   10.00   clock network delay (propagated)
                         -0.25    9.75   clock uncertainty
                          0.00    9.75   clock reconvergence pessimism
                         -2.00    7.75   output external delay
                                  7.75   data required time
-----------------------------------------------------------------------------
                                  7.75   data required time
                                 -0.78   data arrival time
-----------------------------------------------------------------------------
                                  6.97   slack (MET)



worst slack corner Typical: 5.4267
