
===========================================================================
report_checks -unconstrained
===========================================================================
======================= Typical Corner ===================================

Startpoint: sel[0] (input port clocked by clk)
Endpoint: _167_ (rising edge-triggered flip-flop clocked by clk)
Path Group: clk
Path Type: max

Fanout     Cap    Slew   Delay    Time   Description
-----------------------------------------------------------------------------
                          0.00    0.00   clock clk (rise edge)
                          0.00    0.00   clock network delay (propagated)
                          2.00    2.00 ^ input external delay
     1    0.00    0.02    0.01    2.01 ^ sel[0] (in)
                                         sel[0] (net)
                  0.02    0.00    2.01 ^ input17/A (sky130_fd_sc_hd__clkbuf_2)
     8    0.02    0.11    0.15    2.16 ^ input17/X (sky130_fd_sc_hd__clkbuf_2)
                                         net17 (net)
                  0.11    0.00    2.16 ^ _087_/B_N (sky130_fd_sc_hd__or2b_1)
     1    0.00    0.04    0.24    2.39 v _087_/X (sky130_fd_sc_hd__or2b_1)
                                         _012_ (net)
                  0.04    0.00    2.39 v _088_/A (sky130_fd_sc_hd__buf_2)
    10    0.02    0.06    0.16    2.55 v _088_/X (sky130_fd_sc_hd__buf_2)
                                         _013_ (net)
                  0.06    0.00    2.55 v _089_/C (sky130_fd_sc_hd__and3_1)
     2    0.00    0.04    0.20    2.75 v _089_/X (sky130_fd_sc_hd__and3_1)
                                         _014_ (net)
                  0.04    0.00    2.75 v _092_/B (sky130_fd_sc_hd__or3_1)
     2    0.00    0.07    0.36    3.12 v _092_/X (sky130_fd_sc_hd__or3_1)
                                         _017_ (net)
                  0.07    0.00    3.12 v _098_/A2 (sky130_fd_sc_hd__a21o_1)
     4    0.01    0.06    0.22    3.34 v _098_/X (sky130_fd_sc_hd__a21o_1)
                                         _022_ (net)
                  0.06    0.00    3.34 v _123_/A1 (sky130_fd_sc_hd__a211o_1)
     3    0.01    0.07    0.29    3.63 v _123_/X (sky130_fd_sc_hd__a211o_1)
                                         _045_ (net)
                  0.07    0.00    3.63 v _145_/A3 (sky130_fd_sc_hd__a31oi_1)
     2    0.01    0.17    0.21    3.83 ^ _145_/Y (sky130_fd_sc_hd__a31oi_1)
                                         _065_ (net)
                  0.17    0.00    3.83 ^ _152_/A3 (sky130_fd_sc_hd__o31a_1)
     1    0.00    0.07    0.16    3.99 ^ _152_/X (sky130_fd_sc_hd__o31a_1)
                                         _071_ (net)
                  0.07    0.00    3.99 ^ _157_/A (sky130_fd_sc_hd__xnor2_1)
     1    0.00    0.04    0.07    4.06 v _157_/Y (sky130_fd_sc_hd__xnor2_1)
                                         _004_ (net)
                  0.04    0.00    4.06 v _159_/B1 (sky130_fd_sc_hd__o221a_1)
     1    0.00    0.04    0.22    4.28 v _159_/X (sky130_fd_sc_hd__o221a_1)
                                         _079_ (net)
                  0.04    0.00    4.28 v _167_/D (sky130_fd_sc_hd__dfxtp_1)
                                  4.28   data arrival time

                         10.00   10.00   clock clk (rise edge)
                          0.00   10.00   clock source latency
     1    0.01    0.04    0.03   10.03 ^ clk (in)
                                         clk (net)
                  0.04    0.00   10.03 ^ clkbuf_0_clk/A (sky130_fd_sc_hd__clkbuf_16)
     2    0.02    0.04    0.11   10.14 ^ clkbuf_0_clk/X (sky130_fd_sc_hd__clkbuf_16)
                                         clknet_0_clk (net)
                  0.04    0.00   10.14 ^ clkbuf_1_1__f_clk/A (sky130_fd_sc_hd__clkbuf_16)
     4    0.01    0.03    0.11   10.25 ^ clkbuf_1_1__f_clk/X (sky130_fd_sc_hd__clkbuf_16)
                                         clknet_1_1__leaf_clk (net)
                  0.03    0.00   10.25 ^ _167_/CLK (sky130_fd_sc_hd__dfxtp_1)
                         -0.25   10.00   clock uncertainty
                          0.00   10.00   clock reconvergence pessimism
                         -0.11    9.89   library setup time
                                  9.89   data required time
-----------------------------------------------------------------------------
                                  9.89   data required time
                                 -4.28   data arrival time
-----------------------------------------------------------------------------
                                  5.60   slack (MET)




===========================================================================
report_checks --slack_max -0.01
============================================================================
======================= Typical Corner ===================================

No paths found.


===========================================================================
 report_check_types -max_slew -max_cap -max_fanout -violators
============================================================================
======================= Typical Corner ===================================


max slew violations count Typical: 0
max fanout violations count Typical: 0
max cap violations count Typical: 0

===========================================================================
report_parasitic_annotation -report_unannotated
============================================================================
Found 136 unannotated drivers.
 a[0]
 a[1]
 a[2]
 a[3]
 a[4]
 a[5]
 a[6]
 a[7]
 b[0]
 b[1]
 b[2]
 b[3]
 b[4]
 b[5]
 b[6]
 b[7]
 clk
 sel[0]
 sel[1]
 _080_/Y
 _081_/X
 _082_/X
 _083_/Y
 _084_/X
 _085_/X
 _086_/X
 _087_/X
 _088_/X
 _089_/X
 _090_/Y
 _091_/X
 _092_/X
 _093_/X
 _094_/Y
 _095_/Y
 _096_/X
 _097_/X
 _098_/X
 _099_/X
 _100_/Y
 _101_/X
 _102_/Y
 _103_/X
 _104_/X
 _105_/X
 _106_/X
 _107_/X
 _108_/X
 _109_/Y
 _110_/X
 _111_/Y
 _112_/X
 _113_/Y
 _114_/X
 _115_/Y
 _116_/Y
 _117_/X
 _118_/X
 _119_/X
 _120_/X
 _121_/Y
 _122_/X
 _123_/X
 _124_/Y
 _125_/Y
 _126_/X
 _127_/X
 _128_/X
 _129_/Y
 _130_/X
 _131_/Y
 _132_/Y
 _133_/X
 _134_/X
 _135_/X
 _136_/X
 _137_/X
 _138_/X
 _139_/X
 _140_/Y
 _141_/Y
 _142_/X
 _143_/Y
 _144_/X
 _145_/Y
 _146_/Y
 _147_/Y
 _148_/X
 _149_/X
 _150_/X
 _151_/X
 _152_/X
 _153_/Y
 _154_/Y
 _155_/X
 _156_/Y
 _157_/Y
 _158_/Y
 _159_/X
 _160_/Q
 _161_/Q
 _162_/Q
 _163_/Q
 _164_/Q
 _165_/Q
 _166_/Q
 _167_/Q
 clkbuf_0_clk/X
 clkbuf_1_0__f_clk/X
 clkbuf_1_1__f_clk/X
 input1/X
 input10/X
 input11/X
 input12/X
 input13/X
 input14/X
 input15/X
 input16/X
 input17/X
 input18/X
 input2/X
 input3/X
 input4/X
 input5/X
 input6/X
 input7/X
 input8/X
 input9/X
 output19/X
 output20/X
 output21/X
 output22/X
 output23/X
 output24/X
 output25/X
 output26/X
Found 0 partially unannotated drivers.

===========================================================================
max slew violation count 0
max fanout violation count 0
max cap violation count 0
============================================================================

===========================================================================
check_setup -verbose -unconstrained_endpoints -multiple_clock -no_clock -no_input_delay -loops -generated_clocks
===========================================================================
