
===========================================================================
 report_power
============================================================================
======================= Fastest Corner ===================================

Group                  Internal  Switching    Leakage      Total
                          Power      Power      Power      Power (Watts)
----------------------------------------------------------------
Sequential             2.98e-03   4.13e-04   1.48e-08   3.40e-03  37.9%
Combinational          2.14e-03   1.44e-03   4.94e-08   3.58e-03  39.9%
Clock                  8.80e-04   1.11e-03   1.31e-08   1.99e-03  22.2%
Macro                  0.00e+00   0.00e+00   0.00e+00   0.00e+00   0.0%
Pad                    0.00e+00   0.00e+00   0.00e+00   0.00e+00   0.0%
----------------------------------------------------------------
Total                  6.00e-03   2.97e-03   7.73e-08   8.97e-03 100.0%
                          66.9%      33.1%       0.0%

======================= Slowest Corner ===================================

Group                  Internal  Switching    Leakage      Total
                          Power      Power      Power      Power (Watts)
----------------------------------------------------------------
Sequential             2.02e-03   2.62e-04   1.48e-05   2.30e-03  37.6%
Combinational          1.49e-03   9.43e-04   3.69e-05   2.47e-03  40.3%
Clock                  6.33e-04   7.18e-04   2.07e-06   1.35e-03  22.1%
Macro                  0.00e+00   0.00e+00   0.00e+00   0.00e+00   0.0%
Pad                    0.00e+00   0.00e+00   0.00e+00   0.00e+00   0.0%
----------------------------------------------------------------
Total                  4.14e-03   1.92e-03   5.38e-05   6.12e-03 100.0%
                          67.7%      31.4%       0.9%

======================= Typical Corner ===================================

Group                  Internal  Switching    Leakage      Total
                          Power      Power      Power      Power (Watts)
----------------------------------------------------------------
Sequential             2.58e-03   3.42e-04   8.56e-09   2.93e-03  37.9%
Combinational          1.88e-03   1.21e-03   2.50e-08   3.09e-03  40.0%
Clock                  7.70e-04   9.37e-04   8.03e-09   1.71e-03  22.1%
Macro                  0.00e+00   0.00e+00   0.00e+00   0.00e+00   0.0%
Pad                    0.00e+00   0.00e+00   0.00e+00   0.00e+00   0.0%
----------------------------------------------------------------
Total                  5.24e-03   2.49e-03   4.16e-08   7.72e-03 100.0%
                          67.8%      32.2%       0.0%

