
65. Printing statistics.

=== top ===

   Number of wires:               5267
   Number of wire bits:           5342
   Number of public wires:        1032
   Number of public wire bits:    1107
   Number of memories:               0
   Number of memory bits:            0
   Number of processes:              0
   Number of cells:               5291
     sky130_fd_sc_hd__a211o_2       19
     sky130_fd_sc_hd__a211oi_2       4
     sky130_fd_sc_hd__a21bo_2        5
     sky130_fd_sc_hd__a21boi_2       1
     sky130_fd_sc_hd__a21o_2        26
     sky130_fd_sc_hd__a21oi_2       47
     sky130_fd_sc_hd__a221o_2       21
     sky130_fd_sc_hd__a221oi_2       1
     sky130_fd_sc_hd__a22o_2        14
     sky130_fd_sc_hd__a2bb2o_2      18
     sky130_fd_sc_hd__a311o_2        1
     sky130_fd_sc_hd__a31o_2        10
     sky130_fd_sc_hd__a32o_2         5
     sky130_fd_sc_hd__a32oi_2        4
     sky130_fd_sc_hd__a41o_2         5
     sky130_fd_sc_hd__and2_2        24
     sky130_fd_sc_hd__and2b_2       10
     sky130_fd_sc_hd__and3_2        16
     sky130_fd_sc_hd__and3b_2        2
     sky130_fd_sc_hd__and4_2         1
     sky130_fd_sc_hd__and4b_2        4
     sky130_fd_sc_hd__buf_1       1468
     sky130_fd_sc_hd__dfxtp_2     1024
     sky130_fd_sc_hd__inv_2         29
     sky130_fd_sc_hd__mux2_2      1330
     sky130_fd_sc_hd__mux4_2       529
     sky130_fd_sc_hd__nand2_2      138
     sky130_fd_sc_hd__nand2b_2       1
     sky130_fd_sc_hd__nand3_2        5
     sky130_fd_sc_hd__nand4_2        2
     sky130_fd_sc_hd__nand4b_2       4
     sky130_fd_sc_hd__nor2_2       103
     sky130_fd_sc_hd__nor2b_2        2
     sky130_fd_sc_hd__nor3_2         1
     sky130_fd_sc_hd__nor3b_2        1
     sky130_fd_sc_hd__nor4_2         1
     sky130_fd_sc_hd__o211a_2       16
     sky130_fd_sc_hd__o21a_2        43
     sky130_fd_sc_hd__o21ai_2       78
     sky130_fd_sc_hd__o21ba_2        6
     sky130_fd_sc_hd__o21bai_2       3
     sky130_fd_sc_hd__o221a_2       17
     sky130_fd_sc_hd__o221ai_2       1
     sky130_fd_sc_hd__o22a_2        20
     sky130_fd_sc_hd__o22ai_2        1
     sky130_fd_sc_hd__o2bb2a_2      27
     sky130_fd_sc_hd__o311a_2        2
     sky130_fd_sc_hd__o311ai_2       1
     sky130_fd_sc_hd__o31a_2         7
     sky130_fd_sc_hd__o31ai_2        1
     sky130_fd_sc_hd__o32a_2         4
     sky130_fd_sc_hd__o41a_2         3
     sky130_fd_sc_hd__or2_2         85
     sky130_fd_sc_hd__or2b_2        10
     sky130_fd_sc_hd__or3_2          9
     sky130_fd_sc_hd__or3b_2         5
     sky130_fd_sc_hd__or4_2          7
     sky130_fd_sc_hd__or4b_2         1
     sky130_fd_sc_hd__or4bb_2        3
     sky130_fd_sc_hd__xnor2_2       50
     sky130_fd_sc_hd__xor2_2        15

   Chip area for module '\top': 62407.353600

