
===========================================================================
 report_power
============================================================================
======================= Fastest Corner ===================================

Group                  Internal  Switching    Leakage      Total
                          Power      Power      Power      Power (Watts)
----------------------------------------------------------------
Sequential             2.58e-03   6.88e-04   4.24e-07   3.27e-03  18.6%
Combinational          4.88e-03   7.50e-03   2.22e-08   1.24e-02  70.7%
Clock                  9.48e-04   9.23e-04   7.58e-09   1.87e-03  10.7%
Macro                  0.00e+00   0.00e+00   0.00e+00   0.00e+00   0.0%
Pad                    0.00e+00   0.00e+00   0.00e+00   0.00e+00   0.0%
----------------------------------------------------------------
Total                  8.41e-03   9.11e-03   4.54e-07   1.75e-02 100.0%
                          48.0%      52.0%       0.0%

======================= Slowest Corner ===================================

Group                  Internal  Switching    Leakage      Total
                          Power      Power      Power      Power (Watts)
----------------------------------------------------------------
Sequential             1.73e-03   4.55e-04   7.55e-06   2.19e-03  18.2%
Combinational          3.55e-03   4.95e-03   1.39e-05   8.52e-03  71.1%
Clock                  6.82e-04   6.00e-04   1.05e-06   1.28e-03  10.7%
Macro                  0.00e+00   0.00e+00   0.00e+00   0.00e+00   0.0%
Pad                    0.00e+00   0.00e+00   0.00e+00   0.00e+00   0.0%
----------------------------------------------------------------
Total                  5.96e-03   6.01e-03   2.25e-05   1.20e-02 100.0%
                          49.7%      50.1%       0.2%

======================= Typical Corner ===================================

Group                  Internal  Switching    Leakage      Total
                          Power      Power      Power      Power (Watts)
----------------------------------------------------------------
Sequential             2.23e-03   5.79e-04   4.23e-07   2.81e-03  18.5%
Combinational          4.42e-03   6.33e-03   1.05e-08   1.07e-02  70.9%
Clock                  8.31e-04   7.75e-04   5.12e-09   1.61e-03  10.6%
Macro                  0.00e+00   0.00e+00   0.00e+00   0.00e+00   0.0%
Pad                    0.00e+00   0.00e+00   0.00e+00   0.00e+00   0.0%
----------------------------------------------------------------
Total                  7.48e-03   7.68e-03   4.38e-07   1.52e-02 100.0%
                          49.3%      50.7%       0.0%

