
===========================================================================
report_checks -unconstrained
===========================================================================
======================= Fastest Corner ===================================

Startpoint: reset (input port clocked by clk)
Endpoint: _5190_ (recovery check against rising-edge clock clk)
Path Group: asynchronous
Path Type: max
Corner: Fastest

Fanout     Cap    Slew   Delay    Time   Description
-----------------------------------------------------------------------------
                          0.00    0.00   clock clk (rise edge)
                          0.00    0.00   clock network delay (propagated)
                          2.00    2.00 v input external delay
     3    0.03    0.04    0.03    2.03 v reset (in)
                                         reset (net)
                  0.04    0.00    2.03 v _4572_/A (sky130_fd_sc_hd__buf_2)
     8    0.04    0.07    0.13    2.16 v _4572_/X (sky130_fd_sc_hd__buf_2)
                                         _2435_ (net)
                  0.07    0.01    2.17 v _4759_/A (sky130_fd_sc_hd__clkbuf_4)
     8    0.07    0.11    0.19    2.35 v _4759_/X (sky130_fd_sc_hd__clkbuf_4)
                                         _2462_ (net)
                  0.11    0.00    2.36 v _4774_/A (sky130_fd_sc_hd__buf_4)
    10    0.08    0.08    0.18    2.53 v _4774_/X (sky130_fd_sc_hd__buf_4)
                                         _2465_ (net)
                  0.08    0.01    2.55 v _4776_/A (sky130_fd_sc_hd__inv_2)
     1    0.00    0.03    0.05    2.60 ^ _4776_/Y (sky130_fd_sc_hd__inv_2)
                                         _0182_ (net)
                  0.03    0.00    2.60 ^ _5190_/RESET_B (sky130_fd_sc_hd__dfrtp_1)
                                  2.60   data arrival time

                         10.00   10.00   clock clk (rise edge)
                          0.00   10.00   clock source latency
     1    0.04    0.15    0.10   10.10 ^ clk (in)
                                         clk (net)
                  0.15    0.00   10.10 ^ clkbuf_0_clk/A (sky130_fd_sc_hd__clkbuf_16)
     4    0.10    0.09    0.15   10.24 ^ clkbuf_0_clk/X (sky130_fd_sc_hd__clkbuf_16)
                                         clknet_0_clk (net)
                  0.09    0.01   10.25 ^ clkbuf_2_3__f_clk/A (sky130_fd_sc_hd__clkbuf_16)
    12    0.11    0.10    0.14   10.39 ^ clkbuf_2_3__f_clk/X (sky130_fd_sc_hd__clkbuf_16)
                                         clknet_2_3__leaf_clk (net)
                  0.10    0.01   10.40 ^ clkbuf_leaf_21_clk/A (sky130_fd_sc_hd__clkbuf_8)
     7    0.03    0.05    0.11   10.51 ^ clkbuf_leaf_21_clk/X (sky130_fd_sc_hd__clkbuf_8)
                                         clknet_leaf_21_clk (net)
                  0.05    0.00   10.51 ^ _5190_/CLK (sky130_fd_sc_hd__dfrtp_1)
                         -0.25   10.26   clock uncertainty
                          0.00   10.26   clock reconvergence pessimism
                          0.15   10.41   library recovery time
                                 10.41   data required time
-----------------------------------------------------------------------------
                                 10.41   data required time
                                 -2.60   data arrival time
-----------------------------------------------------------------------------
                                  7.81   slack (MET)


Startpoint: _5400_ (rising edge-triggered flip-flop clocked by clk)
Endpoint: Result[31] (output port clocked by clk)
Path Group: clk
Path Type: max
Corner: Fastest

Fanout     Cap    Slew   Delay    Time   Description
-----------------------------------------------------------------------------
                          0.00    0.00   clock clk (rise edge)
                          0.00    0.00   clock source latency
     1    0.04    0.15    0.11    0.11 ^ clk (in)
                                         clk (net)
                  0.15    0.00    0.11 ^ clkbuf_0_clk/A (sky130_fd_sc_hd__clkbuf_16)
     4    0.10    0.09    0.16    0.27 ^ clkbuf_0_clk/X (sky130_fd_sc_hd__clkbuf_16)
                                         clknet_0_clk (net)
                  0.09    0.01    0.28 ^ clkbuf_2_0__f_clk/A (sky130_fd_sc_hd__clkbuf_16)
    12    0.12    0.10    0.16    0.44 ^ clkbuf_2_0__f_clk/X (sky130_fd_sc_hd__clkbuf_16)
                                         clknet_2_0__leaf_clk (net)
                  0.10    0.01    0.44 ^ clkbuf_leaf_43_clk/A (sky130_fd_sc_hd__clkbuf_8)
    12    0.04    0.06    0.13    0.58 ^ clkbuf_leaf_43_clk/X (sky130_fd_sc_hd__clkbuf_8)
                                         clknet_leaf_43_clk (net)
                  0.06    0.00    0.58 ^ _5400_/CLK (sky130_fd_sc_hd__dfrtp_1)
     2    0.01    0.04    0.26    0.83 v _5400_/Q (sky130_fd_sc_hd__dfrtp_1)
                                         IM0.addr[31] (net)
                  0.04    0.00    0.83 v _2491_/A (sky130_fd_sc_hd__or4_4)
     1    0.01    0.06    0.34    1.17 v _2491_/X (sky130_fd_sc_hd__or4_4)
                                         _0783_ (net)
                  0.06    0.00    1.17 v _2494_/B (sky130_fd_sc_hd__nor4_2)
     1    0.01    0.18    0.21    1.38 ^ _2494_/Y (sky130_fd_sc_hd__nor4_2)
                                         _0786_ (net)
                  0.18    0.00    1.38 ^ wire48/A (sky130_fd_sc_hd__buf_2)
     3    0.02    0.07    0.13    1.51 ^ wire48/X (sky130_fd_sc_hd__buf_2)
                                         net48 (net)
                  0.07    0.00    1.51 ^ _2495_/A (sky130_fd_sc_hd__buf_6)
     5    0.03    0.05    0.09    1.60 ^ _2495_/X (sky130_fd_sc_hd__buf_6)
                                         _0787_ (net)
                  0.05    0.00    1.60 ^ _2509_/A (sky130_fd_sc_hd__nand2_4)
     8    0.02    0.04    0.05    1.65 v _2509_/Y (sky130_fd_sc_hd__nand2_4)
                                         _0801_ (net)
                  0.04    0.00    1.65 v _2532_/B (sky130_fd_sc_hd__or2_4)
     2    0.02    0.05    0.17    1.82 v _2532_/X (sky130_fd_sc_hd__or2_4)
                                         _0824_ (net)
                  0.05    0.00    1.82 v _2533_/A (sky130_fd_sc_hd__buf_6)
     5    0.03    0.03    0.10    1.93 v _2533_/X (sky130_fd_sc_hd__buf_6)
                                         _0825_ (net)
                  0.03    0.00    1.93 v _3081_/B (sky130_fd_sc_hd__or2_4)
     3    0.03    0.05    0.17    2.10 v _3081_/X (sky130_fd_sc_hd__or2_4)
                                         _1277_ (net)
                  0.05    0.00    2.10 v _3082_/B1 (sky130_fd_sc_hd__o21a_1)
     4    0.01    0.06    0.10    2.20 v _3082_/X (sky130_fd_sc_hd__o21a_1)
                                         _1278_ (net)
                  0.06    0.00    2.21 v _3095_/C (sky130_fd_sc_hd__or4b_4)
     4    0.02    0.08    0.34    2.55 v _3095_/X (sky130_fd_sc_hd__or4b_4)
                                         _1291_ (net)
                  0.08    0.00    2.55 v _3097_/C1 (sky130_fd_sc_hd__a211o_4)
     4    0.02    0.05    0.17    2.72 v _3097_/X (sky130_fd_sc_hd__a211o_4)
                                         _1293_ (net)
                  0.05    0.00    2.72 v _3099_/C1 (sky130_fd_sc_hd__a211oi_4)
     6    0.03    0.26    0.17    2.90 ^ _3099_/Y (sky130_fd_sc_hd__a211oi_4)
                                         _1295_ (net)
                  0.26    0.00    2.90 ^ _3101_/C1 (sky130_fd_sc_hd__o211ai_2)
     3    0.01    0.09    0.08    2.98 v _3101_/Y (sky130_fd_sc_hd__o211ai_2)
                                         _1297_ (net)
                  0.09    0.00    2.98 v _3103_/C (sky130_fd_sc_hd__nor3_2)
     2    0.01    0.13    0.12    3.10 ^ _3103_/Y (sky130_fd_sc_hd__nor3_2)
                                         _1299_ (net)
                  0.13    0.00    3.10 ^ max_cap46/A (sky130_fd_sc_hd__clkbuf_2)
     2    0.01    0.04    0.10    3.20 ^ max_cap46/X (sky130_fd_sc_hd__clkbuf_2)
                                         net46 (net)
                  0.04    0.00    3.20 ^ rebuffer4/A (sky130_fd_sc_hd__dlygate4sd1_1)
     3    0.01    0.08    0.17    3.37 ^ rebuffer4/X (sky130_fd_sc_hd__dlygate4sd1_1)
                                         net52 (net)
                  0.08    0.00    3.37 ^ _3173_/A (sky130_fd_sc_hd__and3_1)
     2    0.01    0.09    0.14    3.51 ^ _3173_/X (sky130_fd_sc_hd__and3_1)
                                         _1369_ (net)
                  0.09    0.00    3.51 ^ _3183_/B1 (sky130_fd_sc_hd__a211o_1)
     3    0.02    0.11    0.13    3.64 ^ _3183_/X (sky130_fd_sc_hd__a211o_1)
                                         _1379_ (net)
                  0.11    0.00    3.64 ^ _3184_/B (sky130_fd_sc_hd__nor2_1)
     6    0.02    0.07    0.08    3.72 v _3184_/Y (sky130_fd_sc_hd__nor2_1)
                                         _1380_ (net)
                  0.07    0.00    3.72 v _3186_/A (sky130_fd_sc_hd__or2b_1)
     3    0.01    0.05    0.17    3.89 v _3186_/X (sky130_fd_sc_hd__or2b_1)
                                         _1382_ (net)
                  0.05    0.00    3.89 v _3265_/B (sky130_fd_sc_hd__or4b_4)
     2    0.02    0.08    0.36    4.25 v _3265_/X (sky130_fd_sc_hd__or4b_4)
                                         _1461_ (net)
                  0.08    0.00    4.26 v _3279_/A1 (sky130_fd_sc_hd__a21oi_4)
     6    0.03    0.19    0.20    4.45 ^ _3279_/Y (sky130_fd_sc_hd__a21oi_4)
                                         _1475_ (net)
                  0.19    0.00    4.46 ^ _3305_/A1 (sky130_fd_sc_hd__a21oi_4)
     3    0.02    0.06    0.06    4.52 v _3305_/Y (sky130_fd_sc_hd__a21oi_4)
                                         _1501_ (net)
                  0.06    0.00    4.52 v _3321_/A (sky130_fd_sc_hd__or4_4)
     2    0.01    0.07    0.36    4.87 v _3321_/X (sky130_fd_sc_hd__or4_4)
                                         _1517_ (net)
                  0.07    0.00    4.88 v _3338_/A2 (sky130_fd_sc_hd__a211o_4)
     4    0.02    0.05    0.25    5.12 v _3338_/X (sky130_fd_sc_hd__a211o_4)
                                         _1534_ (net)
                  0.05    0.00    5.12 v _3344_/A1 (sky130_fd_sc_hd__a31oi_4)
     3    0.02    0.16    0.15    5.27 ^ _3344_/Y (sky130_fd_sc_hd__a31oi_4)
                                         _1540_ (net)
                  0.16    0.00    5.27 ^ _3346_/A1 (sky130_fd_sc_hd__a21boi_4)
     6    0.02    0.07    0.07    5.34 v _3346_/Y (sky130_fd_sc_hd__a21boi_4)
                                         _1542_ (net)
                  0.07    0.00    5.34 v _3349_/A1 (sky130_fd_sc_hd__a211o_1)
     4    0.01    0.06    0.21    5.55 v _3349_/X (sky130_fd_sc_hd__a211o_1)
                                         _1545_ (net)
                  0.06    0.00    5.55 v _3352_/A1 (sky130_fd_sc_hd__a211o_1)
     4    0.01    0.07    0.21    5.76 v _3352_/X (sky130_fd_sc_hd__a211o_1)
                                         _1548_ (net)
                  0.07    0.00    5.77 v _3354_/A1 (sky130_fd_sc_hd__a21o_1)
     4    0.01    0.05    0.14    5.91 v _3354_/X (sky130_fd_sc_hd__a21o_1)
                                         _1550_ (net)
                  0.05    0.00    5.91 v rebuffer8/A (sky130_fd_sc_hd__clkbuf_2)
     1    0.01    0.03    0.09    6.00 v rebuffer8/X (sky130_fd_sc_hd__clkbuf_2)
                                         net56 (net)
                  0.03    0.00    6.00 v _3359_/A1 (sky130_fd_sc_hd__a311oi_4)
     2    0.02    0.28    0.25    6.25 ^ _3359_/Y (sky130_fd_sc_hd__a311oi_4)
                                         net26 (net)
                  0.28    0.00    6.25 ^ output26/A (sky130_fd_sc_hd__buf_6)
     1    0.03    0.06    0.11    6.36 ^ output26/X (sky130_fd_sc_hd__buf_6)
                                         Result[31] (net)
                  0.06    0.00    6.36 ^ Result[31] (out)
                                  6.36   data arrival time

                         10.00   10.00   clock clk (rise edge)
                          0.00   10.00   clock network delay (propagated)
                         -0.25    9.75   clock uncertainty
                          0.00    9.75   clock reconvergence pessimism
                         -2.00    7.75   output external delay
                                  7.75   data required time
-----------------------------------------------------------------------------
                                  7.75   data required time
                                 -6.36   data arrival time
-----------------------------------------------------------------------------
                                  1.39   slack (MET)



======================= Slowest Corner ===================================

Startpoint: reset (input port clocked by clk)
Endpoint: _5190_ (recovery check against rising-edge clock clk)
Path Group: asynchronous
Path Type: max
Corner: Slowest

Fanout     Cap    Slew   Delay    Time   Description
-----------------------------------------------------------------------------
                          0.00    0.00   clock clk (rise edge)
                          0.00    0.00   clock network delay (propagated)
                          2.00    2.00 v input external delay
     3    0.03    0.11    0.08    2.08 v reset (in)
                                         reset (net)
                  0.11    0.00    2.08 v _4572_/A (sky130_fd_sc_hd__buf_2)
     8    0.04    0.19    0.40    2.48 v _4572_/X (sky130_fd_sc_hd__buf_2)
                                         _2435_ (net)
                  0.19    0.01    2.48 v _4759_/A (sky130_fd_sc_hd__clkbuf_4)
     8    0.07    0.27    0.50    2.99 v _4759_/X (sky130_fd_sc_hd__clkbuf_4)
                                         _2462_ (net)
                  0.27    0.00    2.99 v _4774_/A (sky130_fd_sc_hd__buf_4)
    10    0.08    0.19    0.49    3.48 v _4774_/X (sky130_fd_sc_hd__buf_4)
                                         _2465_ (net)
                  0.19    0.02    3.50 v _4776_/A (sky130_fd_sc_hd__inv_2)
     1    0.00    0.07    0.13    3.62 ^ _4776_/Y (sky130_fd_sc_hd__inv_2)
                                         _0182_ (net)
                  0.07    0.00    3.62 ^ _5190_/RESET_B (sky130_fd_sc_hd__dfrtp_1)
                                  3.62   data arrival time

                         10.00   10.00   clock clk (rise edge)
                          0.00   10.00   clock source latency
     1    0.04    0.31    0.21   10.21 ^ clk (in)
                                         clk (net)
                  0.31    0.00   10.21 ^ clkbuf_0_clk/A (sky130_fd_sc_hd__clkbuf_16)
     4    0.10    0.17    0.39   10.60 ^ clkbuf_0_clk/X (sky130_fd_sc_hd__clkbuf_16)
                                         clknet_0_clk (net)
                  0.17    0.01   10.61 ^ clkbuf_2_3__f_clk/A (sky130_fd_sc_hd__clkbuf_16)
    12    0.11    0.20    0.36   10.96 ^ clkbuf_2_3__f_clk/X (sky130_fd_sc_hd__clkbuf_16)
                                         clknet_2_3__leaf_clk (net)
                  0.20    0.01   10.97 ^ clkbuf_leaf_21_clk/A (sky130_fd_sc_hd__clkbuf_8)
     7    0.03    0.11    0.30   11.27 ^ clkbuf_leaf_21_clk/X (sky130_fd_sc_hd__clkbuf_8)
                                         clknet_leaf_21_clk (net)
                  0.11    0.00   11.27 ^ _5190_/CLK (sky130_fd_sc_hd__dfrtp_1)
                         -0.25   11.02   clock uncertainty
                          0.00   11.02   clock reconvergence pessimism
                          0.48   11.50   library recovery time
                                 11.50   data required time
-----------------------------------------------------------------------------
                                 11.50   data required time
                                 -3.62   data arrival time
-----------------------------------------------------------------------------
                                  7.88   slack (MET)


Startpoint: _5393_ (rising edge-triggered flip-flop clocked by clk)
Endpoint: Result[31] (output port clocked by clk)
Path Group: clk
Path Type: max
Corner: Slowest

Fanout     Cap    Slew   Delay    Time   Description
-----------------------------------------------------------------------------
                          0.00    0.00   clock clk (rise edge)
                          0.00    0.00   clock source latency
     1    0.04    0.31    0.23    0.23 ^ clk (in)
                                         clk (net)
                  0.31    0.00    0.23 ^ clkbuf_0_clk/A (sky130_fd_sc_hd__clkbuf_16)
     4    0.10    0.17    0.44    0.67 ^ clkbuf_0_clk/X (sky130_fd_sc_hd__clkbuf_16)
                                         clknet_0_clk (net)
                  0.17    0.01    0.67 ^ clkbuf_2_0__f_clk/A (sky130_fd_sc_hd__clkbuf_16)
    12    0.12    0.20    0.40    1.07 ^ clkbuf_2_0__f_clk/X (sky130_fd_sc_hd__clkbuf_16)
                                         clknet_2_0__leaf_clk (net)
                  0.20    0.01    1.08 ^ clkbuf_leaf_44_clk/A (sky130_fd_sc_hd__clkbuf_8)
     8    0.03    0.11    0.34    1.42 ^ clkbuf_leaf_44_clk/X (sky130_fd_sc_hd__clkbuf_8)
                                         clknet_leaf_44_clk (net)
                  0.11    0.00    1.42 ^ _5393_/CLK (sky130_fd_sc_hd__dfrtp_1)
     2    0.01    0.10    0.82    2.24 v _5393_/Q (sky130_fd_sc_hd__dfrtp_1)
                                         IM0.addr[24] (net)
                  0.10    0.00    2.24 v _2490_/A (sky130_fd_sc_hd__or4_1)
     1    0.01    0.21    1.34    3.57 v _2490_/X (sky130_fd_sc_hd__or4_1)
                                         _0782_ (net)
                  0.21    0.00    3.58 v _2494_/A (sky130_fd_sc_hd__nor4_2)
     1    0.01    0.41    0.61    4.18 ^ _2494_/Y (sky130_fd_sc_hd__nor4_2)
                                         _0786_ (net)
                  0.41    0.00    4.19 ^ wire48/A (sky130_fd_sc_hd__buf_2)
     3    0.02    0.14    0.41    4.60 ^ wire48/X (sky130_fd_sc_hd__buf_2)
                                         net48 (net)
                  0.14    0.00    4.60 ^ _2495_/A (sky130_fd_sc_hd__buf_6)
     5    0.03    0.11    0.26    4.85 ^ _2495_/X (sky130_fd_sc_hd__buf_6)
                                         _0787_ (net)
                  0.11    0.00    4.86 ^ _2509_/A (sky130_fd_sc_hd__nand2_4)
     8    0.02    0.12    0.15    5.01 v _2509_/Y (sky130_fd_sc_hd__nand2_4)
                                         _0801_ (net)
                  0.12    0.00    5.01 v _2532_/B (sky130_fd_sc_hd__or2_4)
     2    0.02    0.12    0.53    5.54 v _2532_/X (sky130_fd_sc_hd__or2_4)
                                         _0824_ (net)
                  0.12    0.00    5.54 v _2533_/A (sky130_fd_sc_hd__buf_6)
     5    0.03    0.07    0.28    5.82 v _2533_/X (sky130_fd_sc_hd__buf_6)
                                         _0825_ (net)
                  0.07    0.00    5.82 v _3081_/B (sky130_fd_sc_hd__or2_4)
     3    0.03    0.13    0.54    6.36 v _3081_/X (sky130_fd_sc_hd__or2_4)
                                         _1277_ (net)
                  0.13    0.00    6.37 v _3082_/B1 (sky130_fd_sc_hd__o21a_1)
     4    0.01    0.16    0.32    6.69 v _3082_/X (sky130_fd_sc_hd__o21a_1)
                                         _1278_ (net)
                  0.16    0.00    6.69 v _3095_/C (sky130_fd_sc_hd__or4b_4)
     4    0.02    0.22    1.16    7.84 v _3095_/X (sky130_fd_sc_hd__or4b_4)
                                         _1291_ (net)
                  0.22    0.00    7.85 v _3097_/C1 (sky130_fd_sc_hd__a211o_4)
     4    0.02    0.11    0.62    8.46 v _3097_/X (sky130_fd_sc_hd__a211o_4)
                                         _1293_ (net)
                  0.11    0.00    8.47 v _3099_/C1 (sky130_fd_sc_hd__a211oi_4)
     6    0.03    0.56    0.54    9.01 ^ _3099_/Y (sky130_fd_sc_hd__a211oi_4)
                                         _1295_ (net)
                  0.56    0.00    9.01 ^ _3101_/C1 (sky130_fd_sc_hd__o211ai_2)
     3    0.01    0.27    0.45    9.46 v _3101_/Y (sky130_fd_sc_hd__o211ai_2)
                                         _1297_ (net)
                  0.27    0.00    9.46 v _3103_/C (sky130_fd_sc_hd__nor3_2)
     2    0.01    0.29    0.33    9.78 ^ _3103_/Y (sky130_fd_sc_hd__nor3_2)
                                         _1299_ (net)
                  0.29    0.00    9.78 ^ max_cap46/A (sky130_fd_sc_hd__clkbuf_2)
     2    0.01    0.08    0.30   10.09 ^ max_cap46/X (sky130_fd_sc_hd__clkbuf_2)
                                         net46 (net)
                  0.08    0.00   10.09 ^ rebuffer4/A (sky130_fd_sc_hd__dlygate4sd1_1)
     3    0.01    0.15    0.46   10.55 ^ rebuffer4/X (sky130_fd_sc_hd__dlygate4sd1_1)
                                         net52 (net)
                  0.15    0.00   10.55 ^ _3165_/A (sky130_fd_sc_hd__nand2_1)
     2    0.01    0.14    0.19   10.74 v _3165_/Y (sky130_fd_sc_hd__nand2_1)
                                         _1361_ (net)
                  0.14    0.00   10.74 v _3183_/A1 (sky130_fd_sc_hd__a211o_1)
     3    0.02    0.19    0.66   11.41 v _3183_/X (sky130_fd_sc_hd__a211o_1)
                                         _1379_ (net)
                  0.19    0.00   11.41 v _3185_/B (sky130_fd_sc_hd__nand2_2)
     5    0.02    0.15    0.23   11.64 ^ _3185_/Y (sky130_fd_sc_hd__nand2_2)
                                         _1381_ (net)
                  0.15    0.00   11.64 ^ _3186_/B_N (sky130_fd_sc_hd__or2b_1)
     3    0.01    0.14    0.61   12.26 v _3186_/X (sky130_fd_sc_hd__or2b_1)
                                         _1382_ (net)
                  0.14    0.00   12.26 v _3265_/B (sky130_fd_sc_hd__or4b_4)
     2    0.02    0.21    1.20   13.46 v _3265_/X (sky130_fd_sc_hd__or4b_4)
                                         _1461_ (net)
                  0.21    0.00   13.46 v _3279_/A1 (sky130_fd_sc_hd__a21oi_4)
     6    0.03    0.40    0.48   13.94 ^ _3279_/Y (sky130_fd_sc_hd__a21oi_4)
                                         _1475_ (net)
                  0.40    0.00   13.94 ^ _3305_/A1 (sky130_fd_sc_hd__a21oi_4)
     3    0.02    0.15    0.27   14.21 v _3305_/Y (sky130_fd_sc_hd__a21oi_4)
                                         _1501_ (net)
                  0.15    0.00   14.21 v _3321_/A (sky130_fd_sc_hd__or4_4)
     2    0.01    0.18    1.17   15.38 v _3321_/X (sky130_fd_sc_hd__or4_4)
                                         _1517_ (net)
                  0.18    0.00   15.38 v _3338_/A2 (sky130_fd_sc_hd__a211o_4)
     4    0.02    0.11    0.72   16.10 v _3338_/X (sky130_fd_sc_hd__a211o_4)
                                         _1534_ (net)
                  0.11    0.00   16.10 v _3344_/A1 (sky130_fd_sc_hd__a31oi_4)
     3    0.02    0.31    0.34   16.44 ^ _3344_/Y (sky130_fd_sc_hd__a31oi_4)
                                         _1540_ (net)
                  0.31    0.00   16.44 ^ _3346_/A1 (sky130_fd_sc_hd__a21boi_4)
     6    0.02    0.15    0.25   16.70 v _3346_/Y (sky130_fd_sc_hd__a21boi_4)
                                         _1542_ (net)
                  0.15    0.00   16.70 v _3349_/A1 (sky130_fd_sc_hd__a211o_1)
     4    0.01    0.17    0.64   17.34 v _3349_/X (sky130_fd_sc_hd__a211o_1)
                                         _1545_ (net)
                  0.17    0.00   17.34 v _3352_/A1 (sky130_fd_sc_hd__a211o_1)
     4    0.01    0.18    0.66   18.01 v _3352_/X (sky130_fd_sc_hd__a211o_1)
                                         _1548_ (net)
                  0.18    0.00   18.01 v _3354_/A1 (sky130_fd_sc_hd__a21o_1)
     4    0.01    0.14    0.43   18.44 v _3354_/X (sky130_fd_sc_hd__a21o_1)
                                         _1550_ (net)
                  0.14    0.00   18.44 v rebuffer8/A (sky130_fd_sc_hd__clkbuf_2)
     1    0.01    0.08    0.25   18.69 v rebuffer8/X (sky130_fd_sc_hd__clkbuf_2)
                                         net56 (net)
                  0.08    0.00   18.69 v _3359_/A1 (sky130_fd_sc_hd__a311oi_4)
     2    0.02    0.58    0.58   19.27 ^ _3359_/Y (sky130_fd_sc_hd__a311oi_4)
                                         net26 (net)
                  0.58    0.00   19.27 ^ output26/A (sky130_fd_sc_hd__buf_6)
     1    0.03    0.13    0.44   19.70 ^ output26/X (sky130_fd_sc_hd__buf_6)
                                         Result[31] (net)
                  0.13    0.00   19.71 ^ Result[31] (out)
                                 19.71   data arrival time

                         10.00   10.00   clock clk (rise edge)
                          0.00   10.00   clock network delay (propagated)
                         -0.25    9.75   clock uncertainty
                          0.00    9.75   clock reconvergence pessimism
                         -2.00    7.75   output external delay
                                  7.75   data required time
-----------------------------------------------------------------------------
                                  7.75   data required time
                                -19.71   data arrival time
-----------------------------------------------------------------------------
                                -11.96   slack (VIOLATED)



======================= Typical Corner ===================================

Startpoint: reset (input port clocked by clk)
Endpoint: _5190_ (recovery check against rising-edge clock clk)
Path Group: asynchronous
Path Type: max
Corner: Typical

Fanout     Cap    Slew   Delay    Time   Description
-----------------------------------------------------------------------------
                          0.00    0.00   clock clk (rise edge)
                          0.00    0.00   clock network delay (propagated)
                          2.00    2.00 v input external delay
     3    0.03    0.06    0.04    2.04 v reset (in)
                                         reset (net)
                  0.06    0.00    2.04 v _4572_/A (sky130_fd_sc_hd__buf_2)
     8    0.04    0.10    0.20    2.24 v _4572_/X (sky130_fd_sc_hd__buf_2)
                                         _2435_ (net)
                  0.10    0.01    2.25 v _4759_/A (sky130_fd_sc_hd__clkbuf_4)
     8    0.07    0.15    0.28    2.52 v _4759_/X (sky130_fd_sc_hd__clkbuf_4)
                                         _2462_ (net)
                  0.15    0.00    2.53 v _4774_/A (sky130_fd_sc_hd__buf_4)
    10    0.08    0.11    0.26    2.79 v _4774_/X (sky130_fd_sc_hd__buf_4)
                                         _2465_ (net)
                  0.11    0.02    2.81 v _4776_/A (sky130_fd_sc_hd__inv_2)
     1    0.00    0.04    0.07    2.88 ^ _4776_/Y (sky130_fd_sc_hd__inv_2)
                                         _0182_ (net)
                  0.04    0.00    2.88 ^ _5190_/RESET_B (sky130_fd_sc_hd__dfrtp_1)
                                  2.88   data arrival time

                         10.00   10.00   clock clk (rise edge)
                          0.00   10.00   clock source latency
     1    0.04    0.20    0.13   10.13 ^ clk (in)
                                         clk (net)
                  0.20    0.00   10.13 ^ clkbuf_0_clk/A (sky130_fd_sc_hd__clkbuf_16)
     4    0.10    0.11    0.22   10.35 ^ clkbuf_0_clk/X (sky130_fd_sc_hd__clkbuf_16)
                                         clknet_0_clk (net)
                  0.11    0.01   10.36 ^ clkbuf_2_3__f_clk/A (sky130_fd_sc_hd__clkbuf_16)
    12    0.11    0.13    0.21   10.57 ^ clkbuf_2_3__f_clk/X (sky130_fd_sc_hd__clkbuf_16)
                                         clknet_2_3__leaf_clk (net)
                  0.13    0.01   10.57 ^ clkbuf_leaf_21_clk/A (sky130_fd_sc_hd__clkbuf_8)
     7    0.03    0.07    0.17   10.74 ^ clkbuf_leaf_21_clk/X (sky130_fd_sc_hd__clkbuf_8)
                                         clknet_leaf_21_clk (net)
                  0.07    0.00   10.74 ^ _5190_/CLK (sky130_fd_sc_hd__dfrtp_1)
                         -0.25   10.49   clock uncertainty
                          0.00   10.49   clock reconvergence pessimism
                          0.24   10.73   library recovery time
                                 10.73   data required time
-----------------------------------------------------------------------------
                                 10.73   data required time
                                 -2.88   data arrival time
-----------------------------------------------------------------------------
                                  7.85   slack (MET)


Startpoint: _5393_ (rising edge-triggered flip-flop clocked by clk)
Endpoint: Result[31] (output port clocked by clk)
Path Group: clk
Path Type: max
Corner: Typical

Fanout     Cap    Slew   Delay    Time   Description
-----------------------------------------------------------------------------
                          0.00    0.00   clock clk (rise edge)
                          0.00    0.00   clock source latency
     1    0.04    0.20    0.15    0.15 ^ clk (in)
                                         clk (net)
                  0.20    0.00    0.15 ^ clkbuf_0_clk/A (sky130_fd_sc_hd__clkbuf_16)
     4    0.10    0.11    0.24    0.39 ^ clkbuf_0_clk/X (sky130_fd_sc_hd__clkbuf_16)
                                         clknet_0_clk (net)
                  0.11    0.01    0.40 ^ clkbuf_2_0__f_clk/A (sky130_fd_sc_hd__clkbuf_16)
    12    0.12    0.13    0.23    0.63 ^ clkbuf_2_0__f_clk/X (sky130_fd_sc_hd__clkbuf_16)
                                         clknet_2_0__leaf_clk (net)
                  0.13    0.01    0.63 ^ clkbuf_leaf_44_clk/A (sky130_fd_sc_hd__clkbuf_8)
     8    0.03    0.07    0.19    0.83 ^ clkbuf_leaf_44_clk/X (sky130_fd_sc_hd__clkbuf_8)
                                         clknet_leaf_44_clk (net)
                  0.07    0.00    0.83 ^ _5393_/CLK (sky130_fd_sc_hd__dfrtp_1)
     2    0.01    0.05    0.40    1.22 v _5393_/Q (sky130_fd_sc_hd__dfrtp_1)
                                         IM0.addr[24] (net)
                  0.05    0.00    1.22 v _2490_/A (sky130_fd_sc_hd__or4_1)
     1    0.01    0.10    0.57    1.79 v _2490_/X (sky130_fd_sc_hd__or4_1)
                                         _0782_ (net)
                  0.10    0.00    1.79 v _2494_/A (sky130_fd_sc_hd__nor4_2)
     1    0.01    0.25    0.34    2.13 ^ _2494_/Y (sky130_fd_sc_hd__nor4_2)
                                         _0786_ (net)
                  0.25    0.00    2.13 ^ wire48/A (sky130_fd_sc_hd__buf_2)
     3    0.02    0.09    0.21    2.34 ^ wire48/X (sky130_fd_sc_hd__buf_2)
                                         net48 (net)
                  0.09    0.00    2.34 ^ _2495_/A (sky130_fd_sc_hd__buf_6)
     5    0.03    0.07    0.14    2.48 ^ _2495_/X (sky130_fd_sc_hd__buf_6)
                                         _0787_ (net)
                  0.07    0.00    2.48 ^ _2509_/A (sky130_fd_sc_hd__nand2_4)
     8    0.02    0.06    0.07    2.56 v _2509_/Y (sky130_fd_sc_hd__nand2_4)
                                         _0801_ (net)
                  0.06    0.00    2.56 v _2532_/B (sky130_fd_sc_hd__or2_4)
     2    0.02    0.07    0.27    2.83 v _2532_/X (sky130_fd_sc_hd__or2_4)
                                         _0824_ (net)
                  0.07    0.00    2.83 v _2533_/A (sky130_fd_sc_hd__buf_6)
     5    0.03    0.04    0.15    2.98 v _2533_/X (sky130_fd_sc_hd__buf_6)
                                         _0825_ (net)
                  0.04    0.00    2.99 v _3081_/B (sky130_fd_sc_hd__or2_4)
     3    0.03    0.07    0.28    3.26 v _3081_/X (sky130_fd_sc_hd__or2_4)
                                         _1277_ (net)
                  0.07    0.00    3.27 v _3082_/B1 (sky130_fd_sc_hd__o21a_1)
     4    0.01    0.08    0.17    3.43 v _3082_/X (sky130_fd_sc_hd__o21a_1)
                                         _1278_ (net)
                  0.08    0.00    3.43 v _3095_/C (sky130_fd_sc_hd__or4b_4)
     4    0.02    0.12    0.57    4.00 v _3095_/X (sky130_fd_sc_hd__or4b_4)
                                         _1291_ (net)
                  0.12    0.00    4.01 v _3097_/C1 (sky130_fd_sc_hd__a211o_4)
     4    0.02    0.07    0.33    4.34 v _3097_/X (sky130_fd_sc_hd__a211o_4)
                                         _1293_ (net)
                  0.07    0.00    4.34 v _3099_/C1 (sky130_fd_sc_hd__a211oi_4)
     6    0.03    0.35    0.32    4.66 ^ _3099_/Y (sky130_fd_sc_hd__a211oi_4)
                                         _1295_ (net)
                  0.35    0.00    4.67 ^ _3101_/C1 (sky130_fd_sc_hd__o211ai_2)
     3    0.01    0.14    0.20    4.86 v _3101_/Y (sky130_fd_sc_hd__o211ai_2)
                                         _1297_ (net)
                  0.14    0.00    4.87 v _3103_/C (sky130_fd_sc_hd__nor3_2)
     2    0.01    0.17    0.18    5.05 ^ _3103_/Y (sky130_fd_sc_hd__nor3_2)
                                         _1299_ (net)
                  0.17    0.00    5.05 ^ max_cap46/A (sky130_fd_sc_hd__clkbuf_2)
     2    0.01    0.05    0.16    5.21 ^ max_cap46/X (sky130_fd_sc_hd__clkbuf_2)
                                         net46 (net)
                  0.05    0.00    5.21 ^ _3104_/C_N (sky130_fd_sc_hd__or3b_4)
     4    0.02    0.10    0.44    5.65 v _3104_/X (sky130_fd_sc_hd__or3b_4)
                                         _1300_ (net)
                  0.10    0.00    5.65 v _3108_/C (sky130_fd_sc_hd__nor3_4)
     5    0.02    0.29    0.27    5.92 ^ _3108_/Y (sky130_fd_sc_hd__nor3_4)
                                         _1304_ (net)
                  0.29    0.00    5.92 ^ _3112_/B (sky130_fd_sc_hd__nand3b_4)
     5    0.02    0.11    0.15    6.07 v _3112_/Y (sky130_fd_sc_hd__nand3b_4)
                                         _1308_ (net)
                  0.11    0.00    6.08 v _3116_/B (sky130_fd_sc_hd__or3b_4)
     4    0.01    0.08    0.43    6.51 v _3116_/X (sky130_fd_sc_hd__or3b_4)
                                         _1312_ (net)
                  0.08    0.00    6.51 v _3122_/C (sky130_fd_sc_hd__or3_4)
     3    0.01    0.08    0.37    6.88 v _3122_/X (sky130_fd_sc_hd__or3_4)
                                         _1318_ (net)
                  0.08    0.00    6.88 v _3307_/S (sky130_fd_sc_hd__mux2_4)
     3    0.02    0.08    0.37    7.25 v _3307_/X (sky130_fd_sc_hd__mux2_4)
                                         _1503_ (net)
                  0.08    0.00    7.25 v _3308_/A (sky130_fd_sc_hd__xnor2_4)
     4    0.02    0.09    0.18    7.43 v _3308_/Y (sky130_fd_sc_hd__xnor2_4)
                                         _1504_ (net)
                  0.09    0.00    7.43 v _3321_/D (sky130_fd_sc_hd__or4_4)
     2    0.01    0.10    0.47    7.90 v _3321_/X (sky130_fd_sc_hd__or4_4)
                                         _1517_ (net)
                  0.10    0.00    7.90 v _3338_/A2 (sky130_fd_sc_hd__a211o_4)
     4    0.02    0.07    0.40    8.30 v _3338_/X (sky130_fd_sc_hd__a211o_4)
                                         _1534_ (net)
                  0.07    0.00    8.30 v _3344_/A1 (sky130_fd_sc_hd__a31oi_4)
     3    0.02    0.20    0.21    8.51 ^ _3344_/Y (sky130_fd_sc_hd__a31oi_4)
                                         _1540_ (net)
                  0.20    0.00    8.51 ^ _3346_/A1 (sky130_fd_sc_hd__a21boi_4)
     6    0.02    0.09    0.12    8.63 v _3346_/Y (sky130_fd_sc_hd__a21boi_4)
                                         _1542_ (net)
                  0.09    0.00    8.63 v _3349_/A1 (sky130_fd_sc_hd__a211o_1)
     4    0.01    0.09    0.33    8.96 v _3349_/X (sky130_fd_sc_hd__a211o_1)
                                         _1545_ (net)
                  0.09    0.00    8.96 v _3352_/A1 (sky130_fd_sc_hd__a211o_1)
     4    0.01    0.09    0.34    9.30 v _3352_/X (sky130_fd_sc_hd__a211o_1)
                                         _1548_ (net)
                  0.09    0.00    9.30 v _3354_/A1 (sky130_fd_sc_hd__a21o_1)
     4    0.01    0.07    0.22    9.53 v _3354_/X (sky130_fd_sc_hd__a21o_1)
                                         _1550_ (net)
                  0.07    0.00    9.53 v rebuffer8/A (sky130_fd_sc_hd__clkbuf_2)
     1    0.01    0.04    0.13    9.66 v rebuffer8/X (sky130_fd_sc_hd__clkbuf_2)
                                         net56 (net)
                  0.04    0.00    9.66 v _3359_/A1 (sky130_fd_sc_hd__a311oi_4)
     2    0.02    0.38    0.35   10.01 ^ _3359_/Y (sky130_fd_sc_hd__a311oi_4)
                                         net26 (net)
                  0.38    0.00   10.01 ^ output26/A (sky130_fd_sc_hd__buf_6)
     1    0.03    0.08    0.20   10.22 ^ output26/X (sky130_fd_sc_hd__buf_6)
                                         Result[31] (net)
                  0.08    0.00   10.22 ^ Result[31] (out)
                                 10.22   data arrival time

                         10.00   10.00   clock clk (rise edge)
                          0.00   10.00   clock network delay (propagated)
                         -0.25    9.75   clock uncertainty
                          0.00    9.75   clock reconvergence pessimism
                         -2.00    7.75   output external delay
                                  7.75   data required time
-----------------------------------------------------------------------------
                                  7.75   data required time
                                -10.22   data arrival time
-----------------------------------------------------------------------------
                                 -2.47   slack (VIOLATED)




===========================================================================
report_checks --slack_max -0.01
============================================================================
======================= Fastest Corner ===================================

No paths found.

======================= Slowest Corner ===================================

Startpoint: _5393_ (rising edge-triggered flip-flop clocked by clk)
Endpoint: Result[31] (output port clocked by clk)
Path Group: clk
Path Type: max
Corner: Slowest

Fanout     Cap    Slew   Delay    Time   Description
-----------------------------------------------------------------------------
                          0.00    0.00   clock clk (rise edge)
                          0.00    0.00   clock source latency
     1    0.04    0.31    0.23    0.23 ^ clk (in)
                                         clk (net)
                  0.31    0.00    0.23 ^ clkbuf_0_clk/A (sky130_fd_sc_hd__clkbuf_16)
     4    0.10    0.17    0.44    0.67 ^ clkbuf_0_clk/X (sky130_fd_sc_hd__clkbuf_16)
                                         clknet_0_clk (net)
                  0.17    0.01    0.67 ^ clkbuf_2_0__f_clk/A (sky130_fd_sc_hd__clkbuf_16)
    12    0.12    0.20    0.40    1.07 ^ clkbuf_2_0__f_clk/X (sky130_fd_sc_hd__clkbuf_16)
                                         clknet_2_0__leaf_clk (net)
                  0.20    0.01    1.08 ^ clkbuf_leaf_44_clk/A (sky130_fd_sc_hd__clkbuf_8)
     8    0.03    0.11    0.34    1.42 ^ clkbuf_leaf_44_clk/X (sky130_fd_sc_hd__clkbuf_8)
                                         clknet_leaf_44_clk (net)
                  0.11    0.00    1.42 ^ _5393_/CLK (sky130_fd_sc_hd__dfrtp_1)
     2    0.01    0.10    0.82    2.24 v _5393_/Q (sky130_fd_sc_hd__dfrtp_1)
                                         IM0.addr[24] (net)
                  0.10    0.00    2.24 v _2490_/A (sky130_fd_sc_hd__or4_1)
     1    0.01    0.21    1.34    3.57 v _2490_/X (sky130_fd_sc_hd__or4_1)
                                         _0782_ (net)
                  0.21    0.00    3.58 v _2494_/A (sky130_fd_sc_hd__nor4_2)
     1    0.01    0.41    0.61    4.18 ^ _2494_/Y (sky130_fd_sc_hd__nor4_2)
                                         _0786_ (net)
                  0.41    0.00    4.19 ^ wire48/A (sky130_fd_sc_hd__buf_2)
     3    0.02    0.14    0.41    4.60 ^ wire48/X (sky130_fd_sc_hd__buf_2)
                                         net48 (net)
                  0.14    0.00    4.60 ^ _2495_/A (sky130_fd_sc_hd__buf_6)
     5    0.03    0.11    0.26    4.85 ^ _2495_/X (sky130_fd_sc_hd__buf_6)
                                         _0787_ (net)
                  0.11    0.00    4.86 ^ _2509_/A (sky130_fd_sc_hd__nand2_4)
     8    0.02    0.12    0.15    5.01 v _2509_/Y (sky130_fd_sc_hd__nand2_4)
                                         _0801_ (net)
                  0.12    0.00    5.01 v _2532_/B (sky130_fd_sc_hd__or2_4)
     2    0.02    0.12    0.53    5.54 v _2532_/X (sky130_fd_sc_hd__or2_4)
                                         _0824_ (net)
                  0.12    0.00    5.54 v _2533_/A (sky130_fd_sc_hd__buf_6)
     5    0.03    0.07    0.28    5.82 v _2533_/X (sky130_fd_sc_hd__buf_6)
                                         _0825_ (net)
                  0.07    0.00    5.82 v _3081_/B (sky130_fd_sc_hd__or2_4)
     3    0.03    0.13    0.54    6.36 v _3081_/X (sky130_fd_sc_hd__or2_4)
                                         _1277_ (net)
                  0.13    0.00    6.37 v _3082_/B1 (sky130_fd_sc_hd__o21a_1)
     4    0.01    0.16    0.32    6.69 v _3082_/X (sky130_fd_sc_hd__o21a_1)
                                         _1278_ (net)
                  0.16    0.00    6.69 v _3095_/C (sky130_fd_sc_hd__or4b_4)
     4    0.02    0.22    1.16    7.84 v _3095_/X (sky130_fd_sc_hd__or4b_4)
                                         _1291_ (net)
                  0.22    0.00    7.85 v _3097_/C1 (sky130_fd_sc_hd__a211o_4)
     4    0.02    0.11    0.62    8.46 v _3097_/X (sky130_fd_sc_hd__a211o_4)
                                         _1293_ (net)
                  0.11    0.00    8.47 v _3099_/C1 (sky130_fd_sc_hd__a211oi_4)
     6    0.03    0.56    0.54    9.01 ^ _3099_/Y (sky130_fd_sc_hd__a211oi_4)
                                         _1295_ (net)
                  0.56    0.00    9.01 ^ _3101_/C1 (sky130_fd_sc_hd__o211ai_2)
     3    0.01    0.27    0.45    9.46 v _3101_/Y (sky130_fd_sc_hd__o211ai_2)
                                         _1297_ (net)
                  0.27    0.00    9.46 v _3103_/C (sky130_fd_sc_hd__nor3_2)
     2    0.01    0.29    0.33    9.78 ^ _3103_/Y (sky130_fd_sc_hd__nor3_2)
                                         _1299_ (net)
                  0.29    0.00    9.78 ^ max_cap46/A (sky130_fd_sc_hd__clkbuf_2)
     2    0.01    0.08    0.30   10.09 ^ max_cap46/X (sky130_fd_sc_hd__clkbuf_2)
                                         net46 (net)
                  0.08    0.00   10.09 ^ rebuffer4/A (sky130_fd_sc_hd__dlygate4sd1_1)
     3    0.01    0.15    0.46   10.55 ^ rebuffer4/X (sky130_fd_sc_hd__dlygate4sd1_1)
                                         net52 (net)
                  0.15    0.00   10.55 ^ _3165_/A (sky130_fd_sc_hd__nand2_1)
     2    0.01    0.14    0.19   10.74 v _3165_/Y (sky130_fd_sc_hd__nand2_1)
                                         _1361_ (net)
                  0.14    0.00   10.74 v _3183_/A1 (sky130_fd_sc_hd__a211o_1)
     3    0.02    0.19    0.66   11.41 v _3183_/X (sky130_fd_sc_hd__a211o_1)
                                         _1379_ (net)
                  0.19    0.00   11.41 v _3185_/B (sky130_fd_sc_hd__nand2_2)
     5    0.02    0.15    0.23   11.64 ^ _3185_/Y (sky130_fd_sc_hd__nand2_2)
                                         _1381_ (net)
                  0.15    0.00   11.64 ^ _3186_/B_N (sky130_fd_sc_hd__or2b_1)
     3    0.01    0.14    0.61   12.26 v _3186_/X (sky130_fd_sc_hd__or2b_1)
                                         _1382_ (net)
                  0.14    0.00   12.26 v _3265_/B (sky130_fd_sc_hd__or4b_4)
     2    0.02    0.21    1.20   13.46 v _3265_/X (sky130_fd_sc_hd__or4b_4)
                                         _1461_ (net)
                  0.21    0.00   13.46 v _3279_/A1 (sky130_fd_sc_hd__a21oi_4)
     6    0.03    0.40    0.48   13.94 ^ _3279_/Y (sky130_fd_sc_hd__a21oi_4)
                                         _1475_ (net)
                  0.40    0.00   13.94 ^ _3305_/A1 (sky130_fd_sc_hd__a21oi_4)
     3    0.02    0.15    0.27   14.21 v _3305_/Y (sky130_fd_sc_hd__a21oi_4)
                                         _1501_ (net)
                  0.15    0.00   14.21 v _3321_/A (sky130_fd_sc_hd__or4_4)
     2    0.01    0.18    1.17   15.38 v _3321_/X (sky130_fd_sc_hd__or4_4)
                                         _1517_ (net)
                  0.18    0.00   15.38 v _3338_/A2 (sky130_fd_sc_hd__a211o_4)
     4    0.02    0.11    0.72   16.10 v _3338_/X (sky130_fd_sc_hd__a211o_4)
                                         _1534_ (net)
                  0.11    0.00   16.10 v _3344_/A1 (sky130_fd_sc_hd__a31oi_4)
     3    0.02    0.31    0.34   16.44 ^ _3344_/Y (sky130_fd_sc_hd__a31oi_4)
                                         _1540_ (net)
                  0.31    0.00   16.44 ^ _3346_/A1 (sky130_fd_sc_hd__a21boi_4)
     6    0.02    0.15    0.25   16.70 v _3346_/Y (sky130_fd_sc_hd__a21boi_4)
                                         _1542_ (net)
                  0.15    0.00   16.70 v _3349_/A1 (sky130_fd_sc_hd__a211o_1)
     4    0.01    0.17    0.64   17.34 v _3349_/X (sky130_fd_sc_hd__a211o_1)
                                         _1545_ (net)
                  0.17    0.00   17.34 v _3352_/A1 (sky130_fd_sc_hd__a211o_1)
     4    0.01    0.18    0.66   18.01 v _3352_/X (sky130_fd_sc_hd__a211o_1)
                                         _1548_ (net)
                  0.18    0.00   18.01 v _3354_/A1 (sky130_fd_sc_hd__a21o_1)
     4    0.01    0.14    0.43   18.44 v _3354_/X (sky130_fd_sc_hd__a21o_1)
                                         _1550_ (net)
                  0.14    0.00   18.44 v rebuffer8/A (sky130_fd_sc_hd__clkbuf_2)
     1    0.01    0.08    0.25   18.69 v rebuffer8/X (sky130_fd_sc_hd__clkbuf_2)
                                         net56 (net)
                  0.08    0.00   18.69 v _3359_/A1 (sky130_fd_sc_hd__a311oi_4)
     2    0.02    0.58    0.58   19.27 ^ _3359_/Y (sky130_fd_sc_hd__a311oi_4)
                                         net26 (net)
                  0.58    0.00   19.27 ^ output26/A (sky130_fd_sc_hd__buf_6)
     1    0.03    0.13    0.44   19.70 ^ output26/X (sky130_fd_sc_hd__buf_6)
                                         Result[31] (net)
                  0.13    0.00   19.71 ^ Result[31] (out)
                                 19.71   data arrival time

                         10.00   10.00   clock clk (rise edge)
                          0.00   10.00   clock network delay (propagated)
                         -0.25    9.75   clock uncertainty
                          0.00    9.75   clock reconvergence pessimism
                         -2.00    7.75   output external delay
                                  7.75   data required time
-----------------------------------------------------------------------------
                                  7.75   data required time
                                -19.71   data arrival time
-----------------------------------------------------------------------------
                                -11.96   slack (VIOLATED)



======================= Typical Corner ===================================

Startpoint: _5393_ (rising edge-triggered flip-flop clocked by clk)
Endpoint: Result[31] (output port clocked by clk)
Path Group: clk
Path Type: max
Corner: Typical

Fanout     Cap    Slew   Delay    Time   Description
-----------------------------------------------------------------------------
                          0.00    0.00   clock clk (rise edge)
                          0.00    0.00   clock source latency
     1    0.04    0.20    0.15    0.15 ^ clk (in)
                                         clk (net)
                  0.20    0.00    0.15 ^ clkbuf_0_clk/A (sky130_fd_sc_hd__clkbuf_16)
     4    0.10    0.11    0.24    0.39 ^ clkbuf_0_clk/X (sky130_fd_sc_hd__clkbuf_16)
                                         clknet_0_clk (net)
                  0.11    0.01    0.40 ^ clkbuf_2_0__f_clk/A (sky130_fd_sc_hd__clkbuf_16)
    12    0.12    0.13    0.23    0.63 ^ clkbuf_2_0__f_clk/X (sky130_fd_sc_hd__clkbuf_16)
                                         clknet_2_0__leaf_clk (net)
                  0.13    0.01    0.63 ^ clkbuf_leaf_44_clk/A (sky130_fd_sc_hd__clkbuf_8)
     8    0.03    0.07    0.19    0.83 ^ clkbuf_leaf_44_clk/X (sky130_fd_sc_hd__clkbuf_8)
                                         clknet_leaf_44_clk (net)
                  0.07    0.00    0.83 ^ _5393_/CLK (sky130_fd_sc_hd__dfrtp_1)
     2    0.01    0.05    0.40    1.22 v _5393_/Q (sky130_fd_sc_hd__dfrtp_1)
                                         IM0.addr[24] (net)
                  0.05    0.00    1.22 v _2490_/A (sky130_fd_sc_hd__or4_1)
     1    0.01    0.10    0.57    1.79 v _2490_/X (sky130_fd_sc_hd__or4_1)
                                         _0782_ (net)
                  0.10    0.00    1.79 v _2494_/A (sky130_fd_sc_hd__nor4_2)
     1    0.01    0.25    0.34    2.13 ^ _2494_/Y (sky130_fd_sc_hd__nor4_2)
                                         _0786_ (net)
                  0.25    0.00    2.13 ^ wire48/A (sky130_fd_sc_hd__buf_2)
     3    0.02    0.09    0.21    2.34 ^ wire48/X (sky130_fd_sc_hd__buf_2)
                                         net48 (net)
                  0.09    0.00    2.34 ^ _2495_/A (sky130_fd_sc_hd__buf_6)
     5    0.03    0.07    0.14    2.48 ^ _2495_/X (sky130_fd_sc_hd__buf_6)
                                         _0787_ (net)
                  0.07    0.00    2.48 ^ _2509_/A (sky130_fd_sc_hd__nand2_4)
     8    0.02    0.06    0.07    2.56 v _2509_/Y (sky130_fd_sc_hd__nand2_4)
                                         _0801_ (net)
                  0.06    0.00    2.56 v _2532_/B (sky130_fd_sc_hd__or2_4)
     2    0.02    0.07    0.27    2.83 v _2532_/X (sky130_fd_sc_hd__or2_4)
                                         _0824_ (net)
                  0.07    0.00    2.83 v _2533_/A (sky130_fd_sc_hd__buf_6)
     5    0.03    0.04    0.15    2.98 v _2533_/X (sky130_fd_sc_hd__buf_6)
                                         _0825_ (net)
                  0.04    0.00    2.99 v _3081_/B (sky130_fd_sc_hd__or2_4)
     3    0.03    0.07    0.28    3.26 v _3081_/X (sky130_fd_sc_hd__or2_4)
                                         _1277_ (net)
                  0.07    0.00    3.27 v _3082_/B1 (sky130_fd_sc_hd__o21a_1)
     4    0.01    0.08    0.17    3.43 v _3082_/X (sky130_fd_sc_hd__o21a_1)
                                         _1278_ (net)
                  0.08    0.00    3.43 v _3095_/C (sky130_fd_sc_hd__or4b_4)
     4    0.02    0.12    0.57    4.00 v _3095_/X (sky130_fd_sc_hd__or4b_4)
                                         _1291_ (net)
                  0.12    0.00    4.01 v _3097_/C1 (sky130_fd_sc_hd__a211o_4)
     4    0.02    0.07    0.33    4.34 v _3097_/X (sky130_fd_sc_hd__a211o_4)
                                         _1293_ (net)
                  0.07    0.00    4.34 v _3099_/C1 (sky130_fd_sc_hd__a211oi_4)
     6    0.03    0.35    0.32    4.66 ^ _3099_/Y (sky130_fd_sc_hd__a211oi_4)
                                         _1295_ (net)
                  0.35    0.00    4.67 ^ _3101_/C1 (sky130_fd_sc_hd__o211ai_2)
     3    0.01    0.14    0.20    4.86 v _3101_/Y (sky130_fd_sc_hd__o211ai_2)
                                         _1297_ (net)
                  0.14    0.00    4.87 v _3103_/C (sky130_fd_sc_hd__nor3_2)
     2    0.01    0.17    0.18    5.05 ^ _3103_/Y (sky130_fd_sc_hd__nor3_2)
                                         _1299_ (net)
                  0.17    0.00    5.05 ^ max_cap46/A (sky130_fd_sc_hd__clkbuf_2)
     2    0.01    0.05    0.16    5.21 ^ max_cap46/X (sky130_fd_sc_hd__clkbuf_2)
                                         net46 (net)
                  0.05    0.00    5.21 ^ _3104_/C_N (sky130_fd_sc_hd__or3b_4)
     4    0.02    0.10    0.44    5.65 v _3104_/X (sky130_fd_sc_hd__or3b_4)
                                         _1300_ (net)
                  0.10    0.00    5.65 v _3108_/C (sky130_fd_sc_hd__nor3_4)
     5    0.02    0.29    0.27    5.92 ^ _3108_/Y (sky130_fd_sc_hd__nor3_4)
                                         _1304_ (net)
                  0.29    0.00    5.92 ^ _3112_/B (sky130_fd_sc_hd__nand3b_4)
     5    0.02    0.11    0.15    6.07 v _3112_/Y (sky130_fd_sc_hd__nand3b_4)
                                         _1308_ (net)
                  0.11    0.00    6.08 v _3116_/B (sky130_fd_sc_hd__or3b_4)
     4    0.01    0.08    0.43    6.51 v _3116_/X (sky130_fd_sc_hd__or3b_4)
                                         _1312_ (net)
                  0.08    0.00    6.51 v _3122_/C (sky130_fd_sc_hd__or3_4)
     3    0.01    0.08    0.37    6.88 v _3122_/X (sky130_fd_sc_hd__or3_4)
                                         _1318_ (net)
                  0.08    0.00    6.88 v _3307_/S (sky130_fd_sc_hd__mux2_4)
     3    0.02    0.08    0.37    7.25 v _3307_/X (sky130_fd_sc_hd__mux2_4)
                                         _1503_ (net)
                  0.08    0.00    7.25 v _3308_/A (sky130_fd_sc_hd__xnor2_4)
     4    0.02    0.09    0.18    7.43 v _3308_/Y (sky130_fd_sc_hd__xnor2_4)
                                         _1504_ (net)
                  0.09    0.00    7.43 v _3321_/D (sky130_fd_sc_hd__or4_4)
     2    0.01    0.10    0.47    7.90 v _3321_/X (sky130_fd_sc_hd__or4_4)
                                         _1517_ (net)
                  0.10    0.00    7.90 v _3338_/A2 (sky130_fd_sc_hd__a211o_4)
     4    0.02    0.07    0.40    8.30 v _3338_/X (sky130_fd_sc_hd__a211o_4)
                                         _1534_ (net)
                  0.07    0.00    8.30 v _3344_/A1 (sky130_fd_sc_hd__a31oi_4)
     3    0.02    0.20    0.21    8.51 ^ _3344_/Y (sky130_fd_sc_hd__a31oi_4)
                                         _1540_ (net)
                  0.20    0.00    8.51 ^ _3346_/A1 (sky130_fd_sc_hd__a21boi_4)
     6    0.02    0.09    0.12    8.63 v _3346_/Y (sky130_fd_sc_hd__a21boi_4)
                                         _1542_ (net)
                  0.09    0.00    8.63 v _3349_/A1 (sky130_fd_sc_hd__a211o_1)
     4    0.01    0.09    0.33    8.96 v _3349_/X (sky130_fd_sc_hd__a211o_1)
                                         _1545_ (net)
                  0.09    0.00    8.96 v _3352_/A1 (sky130_fd_sc_hd__a211o_1)
     4    0.01    0.09    0.34    9.30 v _3352_/X (sky130_fd_sc_hd__a211o_1)
                                         _1548_ (net)
                  0.09    0.00    9.30 v _3354_/A1 (sky130_fd_sc_hd__a21o_1)
     4    0.01    0.07    0.22    9.53 v _3354_/X (sky130_fd_sc_hd__a21o_1)
                                         _1550_ (net)
                  0.07    0.00    9.53 v rebuffer8/A (sky130_fd_sc_hd__clkbuf_2)
     1    0.01    0.04    0.13    9.66 v rebuffer8/X (sky130_fd_sc_hd__clkbuf_2)
                                         net56 (net)
                  0.04    0.00    9.66 v _3359_/A1 (sky130_fd_sc_hd__a311oi_4)
     2    0.02    0.38    0.35   10.01 ^ _3359_/Y (sky130_fd_sc_hd__a311oi_4)
                                         net26 (net)
                  0.38    0.00   10.01 ^ output26/A (sky130_fd_sc_hd__buf_6)
     1    0.03    0.08    0.20   10.22 ^ output26/X (sky130_fd_sc_hd__buf_6)
                                         Result[31] (net)
                  0.08    0.00   10.22 ^ Result[31] (out)
                                 10.22   data arrival time

                         10.00   10.00   clock clk (rise edge)
                          0.00   10.00   clock network delay (propagated)
                         -0.25    9.75   clock uncertainty
                          0.00    9.75   clock reconvergence pessimism
                         -2.00    7.75   output external delay
                                  7.75   data required time
-----------------------------------------------------------------------------
                                  7.75   data required time
                                -10.22   data arrival time
-----------------------------------------------------------------------------
                                 -2.47   slack (VIOLATED)




===========================================================================
 report_check_types -max_slew -max_cap -max_fanout -violators
============================================================================
======================= Fastest Corner ===================================

max fanout

Pin                                   Limit Fanout  Slack
---------------------------------------------------------
clkbuf_leaf_7_clk/X                      10     16     -6 (VIOLATED)
clkbuf_leaf_11_clk/X                     10     15     -5 (VIOLATED)
clkbuf_leaf_32_clk/X                     10     15     -5 (VIOLATED)
clkbuf_leaf_35_clk/X                     10     15     -5 (VIOLATED)
clkbuf_leaf_0_clk/X                      10     14     -4 (VIOLATED)
clkbuf_leaf_13_clk/X                     10     14     -4 (VIOLATED)
clkbuf_leaf_42_clk/X                     10     14     -4 (VIOLATED)
clkbuf_leaf_45_clk/X                     10     14     -4 (VIOLATED)
clkbuf_leaf_23_clk/X                     10     13     -3 (VIOLATED)
clkbuf_leaf_38_clk/X                     10     13     -3 (VIOLATED)
clkbuf_leaf_41_clk/X                     10     13     -3 (VIOLATED)
clkbuf_leaf_6_clk/X                      10     13     -3 (VIOLATED)
clkbuf_2_0__f_clk/X                      10     12     -2 (VIOLATED)
clkbuf_2_1__f_clk/X                      10     12     -2 (VIOLATED)
clkbuf_2_2__f_clk/X                      10     12     -2 (VIOLATED)
clkbuf_2_3__f_clk/X                      10     12     -2 (VIOLATED)
clkbuf_leaf_18_clk/X                     10     12     -2 (VIOLATED)
clkbuf_leaf_1_clk/X                      10     12     -2 (VIOLATED)
clkbuf_leaf_28_clk/X                     10     12     -2 (VIOLATED)
clkbuf_leaf_30_clk/X                     10     12     -2 (VIOLATED)
clkbuf_leaf_33_clk/X                     10     12     -2 (VIOLATED)
clkbuf_leaf_43_clk/X                     10     12     -2 (VIOLATED)
clkbuf_leaf_12_clk/X                     10     11        (VIOLATED)
clkbuf_leaf_34_clk/X                     10     11        (VIOLATED)
clkbuf_leaf_37_clk/X                     10     11        (VIOLATED)
clkbuf_leaf_8_clk/X                      10     11        (VIOLATED)


max slew violations count Fastest: 0
max fanout violations count Fastest: 26
max cap violations count Fastest: 0
======================= Slowest Corner ===================================

max slew

Pin                                    Limit    Slew   Slack
------------------------------------------------------------
_3025_/A                                0.75    0.81   -0.06 (VIOLATED)
_3176_/B1                               0.75    0.81   -0.06 (VIOLATED)
_3170_/A                                0.75    0.81   -0.06 (VIOLATED)
_3250_/B1                               0.75    0.81   -0.06 (VIOLATED)
_3672_/B1                               0.75    0.81   -0.06 (VIOLATED)
_3676_/B1                               0.75    0.81   -0.06 (VIOLATED)
_3686_/A2                               0.75    0.81   -0.06 (VIOLATED)
_3699_/B1                               0.75    0.81   -0.06 (VIOLATED)
_3694_/A2                               0.75    0.81   -0.06 (VIOLATED)
_3207_/B1                               0.75    0.81   -0.06 (VIOLATED)
_3024_/Y                                0.75    0.81   -0.06 (VIOLATED)
_3566_/B                                0.75    0.78   -0.03 (VIOLATED)
_3549_/Y                                0.75    0.78   -0.03 (VIOLATED)
_3550_/B1_N                             0.75    0.78   -0.03 (VIOLATED)
_3558_/B                                0.75    0.78   -0.03 (VIOLATED)
_2754_/A2                               0.75    0.78   -0.03 (VIOLATED)
_3218_/A2                               0.75    0.78   -0.03 (VIOLATED)
_2543_/A                                0.75    0.78   -0.03 (VIOLATED)
_3211_/A2                               0.75    0.78   -0.03 (VIOLATED)
_2781_/A2                               0.75    0.78   -0.03 (VIOLATED)
_3201_/A2                               0.75    0.78   -0.03 (VIOLATED)
_2542_/Y                                0.75    0.78   -0.03 (VIOLATED)
_2789_/A2                               0.75    0.78   -0.03 (VIOLATED)
_3219_/A2                               0.75    0.78   -0.03 (VIOLATED)
_3056_/A                                0.75    0.78   -0.03 (VIOLATED)
_3200_/B1                               0.75    0.78   -0.03 (VIOLATED)
_3055_/Y                                0.75    0.78   -0.03 (VIOLATED)

max fanout

Pin                                   Limit Fanout  Slack
---------------------------------------------------------
clkbuf_leaf_7_clk/X                      10     16     -6 (VIOLATED)
clkbuf_leaf_11_clk/X                     10     15     -5 (VIOLATED)
clkbuf_leaf_32_clk/X                     10     15     -5 (VIOLATED)
clkbuf_leaf_35_clk/X                     10     15     -5 (VIOLATED)
clkbuf_leaf_0_clk/X                      10     14     -4 (VIOLATED)
clkbuf_leaf_13_clk/X                     10     14     -4 (VIOLATED)
clkbuf_leaf_42_clk/X                     10     14     -4 (VIOLATED)
clkbuf_leaf_45_clk/X                     10     14     -4 (VIOLATED)
clkbuf_leaf_23_clk/X                     10     13     -3 (VIOLATED)
clkbuf_leaf_38_clk/X                     10     13     -3 (VIOLATED)
clkbuf_leaf_41_clk/X                     10     13     -3 (VIOLATED)
clkbuf_leaf_6_clk/X                      10     13     -3 (VIOLATED)
clkbuf_2_0__f_clk/X                      10     12     -2 (VIOLATED)
clkbuf_2_1__f_clk/X                      10     12     -2 (VIOLATED)
clkbuf_2_2__f_clk/X                      10     12     -2 (VIOLATED)
clkbuf_2_3__f_clk/X                      10     12     -2 (VIOLATED)
clkbuf_leaf_18_clk/X                     10     12     -2 (VIOLATED)
clkbuf_leaf_1_clk/X                      10     12     -2 (VIOLATED)
clkbuf_leaf_28_clk/X                     10     12     -2 (VIOLATED)
clkbuf_leaf_30_clk/X                     10     12     -2 (VIOLATED)
clkbuf_leaf_33_clk/X                     10     12     -2 (VIOLATED)
clkbuf_leaf_43_clk/X                     10     12     -2 (VIOLATED)
clkbuf_leaf_12_clk/X                     10     11        (VIOLATED)
clkbuf_leaf_34_clk/X                     10     11        (VIOLATED)
clkbuf_leaf_37_clk/X                     10     11        (VIOLATED)
clkbuf_leaf_8_clk/X                      10     11        (VIOLATED)


max slew violations count Slowest: 27
max fanout violations count Slowest: 26
max cap violations count Slowest: 0
======================= Typical Corner ===================================

max fanout

Pin                                   Limit Fanout  Slack
---------------------------------------------------------
clkbuf_leaf_7_clk/X                      10     16     -6 (VIOLATED)
clkbuf_leaf_11_clk/X                     10     15     -5 (VIOLATED)
clkbuf_leaf_32_clk/X                     10     15     -5 (VIOLATED)
clkbuf_leaf_35_clk/X                     10     15     -5 (VIOLATED)
clkbuf_leaf_0_clk/X                      10     14     -4 (VIOLATED)
clkbuf_leaf_13_clk/X                     10     14     -4 (VIOLATED)
clkbuf_leaf_42_clk/X                     10     14     -4 (VIOLATED)
clkbuf_leaf_45_clk/X                     10     14     -4 (VIOLATED)
clkbuf_leaf_23_clk/X                     10     13     -3 (VIOLATED)
clkbuf_leaf_38_clk/X                     10     13     -3 (VIOLATED)
clkbuf_leaf_41_clk/X                     10     13     -3 (VIOLATED)
clkbuf_leaf_6_clk/X                      10     13     -3 (VIOLATED)
clkbuf_2_0__f_clk/X                      10     12     -2 (VIOLATED)
clkbuf_2_1__f_clk/X                      10     12     -2 (VIOLATED)
clkbuf_2_2__f_clk/X                      10     12     -2 (VIOLATED)
clkbuf_2_3__f_clk/X                      10     12     -2 (VIOLATED)
clkbuf_leaf_18_clk/X                     10     12     -2 (VIOLATED)
clkbuf_leaf_1_clk/X                      10     12     -2 (VIOLATED)
clkbuf_leaf_28_clk/X                     10     12     -2 (VIOLATED)
clkbuf_leaf_30_clk/X                     10     12     -2 (VIOLATED)
clkbuf_leaf_33_clk/X                     10     12     -2 (VIOLATED)
clkbuf_leaf_43_clk/X                     10     12     -2 (VIOLATED)
clkbuf_leaf_12_clk/X                     10     11        (VIOLATED)
clkbuf_leaf_34_clk/X                     10     11        (VIOLATED)
clkbuf_leaf_37_clk/X                     10     11        (VIOLATED)
clkbuf_leaf_8_clk/X                      10     11        (VIOLATED)


max slew violations count Typical: 0
max fanout violations count Typical: 26
max cap violations count Typical: 0

===========================================================================
report_parasitic_annotation -report_unannotated
============================================================================
Found 44 unannotated drivers.
 clkload0/X
 clkload1/X
 clkload10/Y
 clkload11/X
 clkload12/Y
 clkload13/Y
 clkload14/Y
 clkload15/X
 clkload16/Y
 clkload17/Y
 clkload18/Y
 clkload19/Y
 clkload2/Y
 clkload20/Y
 clkload21/Y
 clkload22/Y
 clkload23/Y
 clkload24/Y
 clkload25/Y
 clkload26/Y
 clkload27/Y
 clkload28/Y
 clkload29/X
 clkload3/Y
 clkload30/Y
 clkload31/Y
 clkload32/Y
 clkload33/Y
 clkload34/Y
 clkload35/Y
 clkload36/Y
 clkload37/Y
 clkload38/Y
 clkload39/Y
 clkload4/Y
 clkload40/X
 clkload41/Y
 clkload42/Y
 clkload43/Y
 clkload5/Y
 clkload6/Y
 clkload7/Y
 clkload8/X
 clkload9/Y
Found 0 partially unannotated drivers.

===========================================================================
max slew violation count 27
max fanout violation count 26
max cap violation count 0
============================================================================

===========================================================================
check_setup -verbose -unconstrained_endpoints -multiple_clock -no_clock -no_input_delay -loops -generated_clocks
===========================================================================
