
===========================================================================
report_checks -unconstrained
===========================================================================
======================= Typical Corner ===================================

Startpoint: A2[0] (input port clocked by CLK)
Endpoint: result[31] (output port clocked by CLK)
Path Group: CLK
Path Type: max

Fanout     Cap    Slew   Delay    Time   Description
-----------------------------------------------------------------------------
                  0.15    0.00    0.00   clock CLK (rise edge)
                          0.00    0.00   clock network delay (ideal)
                          4.00    4.00 ^ input external delay
     4    0.02    0.11    0.08    4.08 ^ A2[0] (in)
                                         A2[0] (net)
                  0.11    0.00    4.08 ^ _4237_/A (sky130_fd_sc_hd__buf_4)
    10    0.06    0.18    0.25    4.33 ^ _4237_/X (sky130_fd_sc_hd__buf_4)
                                         _1026_ (net)
                  0.18    0.00    4.33 ^ _4316_/A (sky130_fd_sc_hd__clkbuf_8)
    10    0.07    0.13    0.25    4.58 ^ _4316_/X (sky130_fd_sc_hd__clkbuf_8)
                                         _1105_ (net)
                  0.13    0.00    4.59 ^ _4438_/S0 (sky130_fd_sc_hd__mux4_1)
     1    0.00    0.08    0.58    5.17 v _4438_/X (sky130_fd_sc_hd__mux4_1)
                                         _1227_ (net)
                  0.08    0.00    5.17 v _4439_/A3 (sky130_fd_sc_hd__mux4_2)
     2    0.02    0.13    0.58    5.75 v _4439_/X (sky130_fd_sc_hd__mux4_2)
                                         _1228_ (net)
                  0.13    0.00    5.75 v _4450_/A2 (sky130_fd_sc_hd__o21a_1)
     1    0.00    0.03    0.20    5.95 v _4450_/X (sky130_fd_sc_hd__o21a_1)
                                         _1239_ (net)
                  0.03    0.00    5.95 v _4482_/B (sky130_fd_sc_hd__or4_2)
     3    0.01    0.14    0.74    6.69 v _4482_/X (sky130_fd_sc_hd__or4_2)
                                         _1271_ (net)
                  0.14    0.00    6.69 v _5890_/B (sky130_fd_sc_hd__or4_4)
     7    0.02    0.11    0.62    7.31 v _5890_/X (sky130_fd_sc_hd__or4_4)
                                         _2666_ (net)
                  0.11    0.00    7.31 v _5892_/A2 (sky130_fd_sc_hd__a211o_1)
     2    0.00    0.06    0.33    7.64 v _5892_/X (sky130_fd_sc_hd__a211o_1)
                                         _2668_ (net)
                  0.06    0.00    7.64 v _5896_/B (sky130_fd_sc_hd__and3_1)
     2    0.00    0.05    0.18    7.82 v _5896_/X (sky130_fd_sc_hd__and3_1)
                                         _2672_ (net)
                  0.05    0.00    7.82 v _5898_/A_N (sky130_fd_sc_hd__nand2b_1)
     3    0.01    0.09    0.19    8.01 v _5898_/Y (sky130_fd_sc_hd__nand2b_1)
                                         _2674_ (net)
                  0.09    0.00    8.01 v _5956_/B (sky130_fd_sc_hd__or4_1)
     2    0.00    0.09    0.55    8.56 v _5956_/X (sky130_fd_sc_hd__or4_1)
                                         _2729_ (net)
                  0.09    0.00    8.56 v _5959_/C (sky130_fd_sc_hd__or4b_1)
     2    0.01    0.12    0.55    9.10 v _5959_/X (sky130_fd_sc_hd__or4b_1)
                                         _2732_ (net)
                  0.12    0.00    9.10 v _6088_/A2 (sky130_fd_sc_hd__a31o_1)
     2    0.01    0.06    0.27    9.38 v _6088_/X (sky130_fd_sc_hd__a31o_1)
                                         _2853_ (net)
                  0.06    0.00    9.38 v _6160_/A1 (sky130_fd_sc_hd__a211o_1)
     2    0.00    0.06    0.28    9.66 v _6160_/X (sky130_fd_sc_hd__a211o_1)
                                         _2921_ (net)
                  0.06    0.00    9.66 v _6165_/A1 (sky130_fd_sc_hd__a21oi_1)
     4    0.01    0.26    0.24    9.90 ^ _6165_/Y (sky130_fd_sc_hd__a21oi_1)
                                         _2926_ (net)
                  0.26    0.00    9.90 ^ _6198_/A2 (sky130_fd_sc_hd__o31a_1)
     2    0.01    0.09    0.21   10.11 ^ _6198_/X (sky130_fd_sc_hd__o31a_1)
                                         _2957_ (net)
                  0.09    0.00   10.11 ^ _6202_/A2_N (sky130_fd_sc_hd__o2bb2a_1)
     1    0.00    0.06    0.24   10.35 v _6202_/X (sky130_fd_sc_hd__o2bb2a_1)
                                         _2960_ (net)
                  0.06    0.00   10.35 v _6206_/A (sky130_fd_sc_hd__xnor2_1)
     1    0.00    0.05    0.13   10.48 v _6206_/Y (sky130_fd_sc_hd__xnor2_1)
                                         _2964_ (net)
                  0.05    0.00   10.48 v _6212_/A2 (sky130_fd_sc_hd__o21ai_1)
     1    0.01    0.16    0.17   10.65 ^ _6212_/Y (sky130_fd_sc_hd__o21ai_1)
                                         net73 (net)
                  0.16    0.00   10.65 ^ output73/A (sky130_fd_sc_hd__clkbuf_4)
     1    0.04    0.12    0.24   10.89 ^ output73/X (sky130_fd_sc_hd__clkbuf_4)
                                         result[31] (net)
                  0.12    0.00   10.89 ^ result[31] (out)
                                 10.89   data arrival time

                  0.15   20.00   20.00   clock CLK (rise edge)
                          0.00   20.00   clock network delay (ideal)
                         -0.25   19.75   clock uncertainty
                          0.00   19.75   clock reconvergence pessimism
                         -4.00   15.75   output external delay
                                 15.75   data required time
-----------------------------------------------------------------------------
                                 15.75   data required time
                                -10.89   data arrival time
-----------------------------------------------------------------------------
                                  4.86   slack (MET)




===========================================================================
report_checks --slack_max -0.01
============================================================================
======================= Typical Corner ===================================

No paths found.


===========================================================================
 report_check_types -max_slew -max_cap -max_fanout -violators
============================================================================
======================= Typical Corner ===================================


max slew violations count Typical: 0
max fanout violations count Typical: 0
max cap violations count Typical: 0

===========================================================================
report_parasitic_annotation -report_unannotated
============================================================================
Found 1 unannotated drivers.
 CLK
Found 0 partially unannotated drivers.

===========================================================================
max slew violation count 0
max fanout violation count 0
max cap violation count 0
============================================================================

===========================================================================
check_setup -verbose -unconstrained_endpoints -multiple_clock -no_clock -no_input_delay -loops -generated_clocks
===========================================================================
