OpenROAD b16bda7e82721d10566ff7e2b68f1ff0be9f9e38 
Features included (+) or not (-): +Charts +GPU +GUI +Python
This program is licensed under the BSD-3 license. See the LICENSE file for details.
Components of this program may be licensed under more restrictive licenses which must be honored.
define_corners Typical
read_liberty -corner Typical /home/mertg/.volare/sky130A/libs.ref/sky130_fd_sc_hd/lib/sky130_fd_sc_hd__tt_025C_1v80.lib
Using 1e-12 for capacitance...
Using 1e+03 for resistance...
Using 1e-09 for time...
Using 1e+00 for voltage...
Using 1e-03 for current...
Using 1e-09 for power...
Using 1e-06 for distance...
[INFO]: Reading ODB at '/openlane/designs/Lab4/runs/RUN_2025.06.03_21.41.22/results/routing/top.odb'…
Reading design constraints file at '/openlane/scripts/base.sdc'…
[INFO]: Setting output delay to: 2.0
[INFO]: Setting input delay to: 2.0
[INFO]: Setting load to: 0.033442
[INFO]: Setting clock uncertainty to: 0.25
[INFO]: Setting clock transition to: 0.15
[INFO]: Setting timing derate to: 5.0 %
Net: _1042_
  Pin: _4700_/S (sky130_fd_sc_hd__mux2_1)
    Layer: met2
      Partial area ratio:    3.89
      Required ratio:    0.00 (Gate area) 
      Partial area ratio:   19.91
      Required ratio: 2956.40 (Side area) 
      Cumulative area ratio:   13.56
      Required ratio:    0.00 (Cumulative area) 
      Cumulative area ratio:   70.29
      Required ratio:    0.00 (Cumulative side area) 

    Layer: met1
      Partial area ratio:    0.00
      Required ratio:    0.00 (Gate area) 
      Partial area ratio:    0.00
      Required ratio:  400.00 (Side area) 
      Cumulative area ratio:    0.00
      Required ratio:    0.00 (Cumulative area) 
      Cumulative area ratio:    0.00
      Required ratio:    0.00 (Cumulative side area) 

    Layer: li1
      Partial area ratio:    0.00
      Required ratio:    0.00 (Gate area) 
      Partial area ratio:    0.00
      Required ratio:   75.00 (Side area) 
      Cumulative area ratio:    0.00
      Required ratio:    0.00 (Cumulative area) 
      Cumulative area ratio:    0.00
      Required ratio:    0.00 (Cumulative side area) 

    Layer: met3
      Partial area ratio:    5.94
      Required ratio:    0.00 (Gate area) 
      Partial area ratio:   32.52
      Required ratio: 2956.40 (Side area) 
      Cumulative area ratio:   19.50
      Required ratio:    0.00 (Cumulative area) 
      Cumulative area ratio:  102.81
      Required ratio:    0.00 (Cumulative side area) 

    Layer: met4
      Partial area ratio:    8.77
      Required ratio:    0.00 (Gate area) 
      Partial area ratio:   47.16
      Required ratio: 2956.40 (Side area) 
      Cumulative area ratio:   28.27
      Required ratio:    0.00 (Cumulative area) 
      Cumulative area ratio:  149.97
      Required ratio:    0.00 (Cumulative side area) 

    Via: M2M3_PR
      Partial area ratio:    0.05
      Required ratio:    6.00 (Gate area) 
      Cumulative area ratio:    0.32
      Required ratio:    0.00 (Cumulative area) 

    Via: M1M2_PR
      Partial area ratio:    0.09
      Required ratio:    6.00 (Gate area) 
      Cumulative area ratio:    0.20
      Required ratio:    0.00 (Cumulative area) 

    Via: L1M1_PR_MR
      Partial area ratio:    0.11
      Required ratio:    3.00 (Gate area) 
      Cumulative area ratio:    0.11
      Required ratio:    0.00 (Cumulative area) 

    Via: M3M4_PR
      Partial area ratio:    0.04
      Required ratio:    6.00 (Gate area) 
      Cumulative area ratio:    0.36
      Required ratio:    0.00 (Cumulative area) 

  Pin: _4697_/S (sky130_fd_sc_hd__mux2_1)
    Layer: met2
      Partial area ratio:    3.89
      Required ratio:    0.00 (Gate area) 
      Partial area ratio:   19.91
      Required ratio: 2956.40 (Side area) 
      Cumulative area ratio:   13.56
      Required ratio:    0.00 (Cumulative area) 
      Cumulative area ratio:   70.29
      Required ratio:    0.00 (Cumulative side area) 

    Layer: met1
      Partial area ratio:    9.67
      Required ratio:    0.00 (Gate area) 
      Partial area ratio:   50.38
      Required ratio:  400.00 (Side area) 
      Cumulative area ratio:    9.67
      Required ratio:    0.00 (Cumulative area) 
      Cumulative area ratio:   50.38
      Required ratio:    0.00 (Cumulative side area) 

    Layer: li1
      Partial area ratio:    0.00
      Required ratio:    0.00 (Gate area) 
      Partial area ratio:    0.00
      Required ratio:   75.00 (Side area) 
      Cumulative area ratio:    0.00
      Required ratio:    0.00 (Cumulative area) 
      Cumulative area ratio:    0.00
      Required ratio:    0.00 (Cumulative side area) 

    Layer: met3
      Partial area ratio:    5.94
      Required ratio:    0.00 (Gate area) 
      Partial area ratio:   32.52
      Required ratio: 2956.40 (Side area) 
      Cumulative area ratio:   19.50
      Required ratio:    0.00 (Cumulative area) 
      Cumulative area ratio:  102.81
      Required ratio:    0.00 (Cumulative side area) 

    Layer: met4
      Partial area ratio:    8.77
      Required ratio:    0.00 (Gate area) 
      Partial area ratio:   47.16
      Required ratio: 2956.40 (Side area) 
      Cumulative area ratio:   28.27
      Required ratio:    0.00 (Cumulative area) 
      Cumulative area ratio:  149.97
      Required ratio:    0.00 (Cumulative side area) 

    Via: M2M3_PR
      Partial area ratio:    0.05
      Required ratio:    6.00 (Gate area) 
      Cumulative area ratio:    0.23
      Required ratio:    0.00 (Cumulative area) 

    Via: M1M2_PR
      Partial area ratio:    0.07
      Required ratio:    6.00 (Gate area) 
      Cumulative area ratio:    0.19
      Required ratio:    0.00 (Cumulative area) 

    Via: L1M1_PR_MR
      Partial area ratio:    0.11
      Required ratio:    3.00 (Gate area) 
      Cumulative area ratio:    0.11
      Required ratio:    0.00 (Cumulative area) 

    Via: M3M4_PR
      Partial area ratio:    0.04
      Required ratio:    6.00 (Gate area) 
      Cumulative area ratio:    0.27
      Required ratio:    0.00 (Cumulative area) 

  Pin: _4617_/S0 (sky130_fd_sc_hd__mux4_1)
    Layer: met2
      Partial area ratio:    3.89
      Required ratio:    0.00 (Gate area) 
      Partial area ratio:   19.91
      Required ratio: 2956.40 (Side area) 
      Cumulative area ratio:   13.56
      Required ratio:    0.00 (Cumulative area) 
      Cumulative area ratio:   70.29
      Required ratio:    0.00 (Cumulative side area) 

    Layer: met1
      Partial area ratio:    9.67
      Required ratio:    0.00 (Gate area) 
      Partial area ratio:   50.38
      Required ratio:  400.00 (Side area) 
      Cumulative area ratio:    9.67
      Required ratio:    0.00 (Cumulative area) 
      Cumulative area ratio:   50.38
      Required ratio:    0.00 (Cumulative side area) 

    Layer: li1
      Partial area ratio:    0.00
      Required ratio:    0.00 (Gate area) 
      Partial area ratio:    0.00
      Required ratio:   75.00 (Side area) 
      Cumulative area ratio:    0.00
      Required ratio:    0.00 (Cumulative area) 
      Cumulative area ratio:    0.00
      Required ratio:    0.00 (Cumulative side area) 

    Layer: met3
      Partial area ratio:    5.94
      Required ratio:    0.00 (Gate area) 
      Partial area ratio:   32.52
      Required ratio: 2956.40 (Side area) 
      Cumulative area ratio:   19.50
      Required ratio:    0.00 (Cumulative area) 
      Cumulative area ratio:  102.81
      Required ratio:    0.00 (Cumulative side area) 

    Layer: met4
      Partial area ratio:    8.77
      Required ratio:    0.00 (Gate area) 
      Partial area ratio:   47.16
      Required ratio: 2956.40 (Side area) 
      Cumulative area ratio:   28.27
      Required ratio:    0.00 (Cumulative area) 
      Cumulative area ratio:  149.97
      Required ratio:    0.00 (Cumulative side area) 

    Via: M2M3_PR
      Partial area ratio:    0.05
      Required ratio:    6.00 (Gate area) 
      Cumulative area ratio:    0.19
      Required ratio:    0.00 (Cumulative area) 

    Via: M1M2_PR
      Partial area ratio:    0.07
      Required ratio:    6.00 (Gate area) 
      Cumulative area ratio:    0.15
      Required ratio:    0.00 (Cumulative area) 

    Via: L1M1_PR_MR
      Partial area ratio:    0.08
      Required ratio:    3.00 (Gate area) 
      Cumulative area ratio:    0.08
      Required ratio:    0.00 (Cumulative area) 

    Via: M3M4_PR
      Partial area ratio:    0.04
      Required ratio:    6.00 (Gate area) 
      Cumulative area ratio:    0.23
      Required ratio:    0.00 (Cumulative area) 

  Pin: _4704_/S (sky130_fd_sc_hd__mux2_1)
    Layer: met3
      Partial area ratio:    5.94
      Required ratio:    0.00 (Gate area) 
      Partial area ratio:   32.52
      Required ratio: 2956.40 (Side area) 
      Cumulative area ratio:    6.11
      Required ratio:    0.00 (Cumulative area) 
      Cumulative area ratio:   33.77
      Required ratio:    0.00 (Cumulative side area) 

    Layer: met2
      Partial area ratio:    0.17
      Required ratio:    0.00 (Gate area) 
      Partial area ratio:    1.25
      Required ratio:  400.00 (Side area) 
      Cumulative area ratio:    0.17
      Required ratio:    0.00 (Cumulative area) 
      Cumulative area ratio:    1.25
      Required ratio:    0.00 (Cumulative side area) 

    Layer: met1
      Partial area ratio:    0.00
      Required ratio:    0.00 (Gate area) 
      Partial area ratio:    0.00
      Required ratio:  400.00 (Side area) 
      Cumulative area ratio:    0.00
      Required ratio:    0.00 (Cumulative area) 
      Cumulative area ratio:    0.00
      Required ratio:    0.00 (Cumulative side area) 

    Layer: li1
      Partial area ratio:    0.00
      Required ratio:    0.00 (Gate area) 
      Partial area ratio:    0.00
      Required ratio:   75.00 (Side area) 
      Cumulative area ratio:    0.00
      Required ratio:    0.00 (Cumulative area) 
      Cumulative area ratio:    0.00
      Required ratio:    0.00 (Cumulative side area) 

    Layer: met4
      Partial area ratio:    8.77
      Required ratio:    0.00 (Gate area) 
      Partial area ratio:   47.16
      Required ratio: 2956.40 (Side area) 
      Cumulative area ratio:   14.88
      Required ratio:    0.00 (Cumulative area) 
      Cumulative area ratio:   80.93
      Required ratio:    0.00 (Cumulative side area) 

    Via: M3M4_PR
      Partial area ratio:    0.04
      Required ratio:    6.00 (Gate area) 
      Cumulative area ratio:    0.40
      Required ratio:    0.00 (Cumulative area) 

    Via: M2M3_PR
      Partial area ratio:    0.16
      Required ratio:    6.00 (Gate area) 
      Cumulative area ratio:    0.36
      Required ratio:    0.00 (Cumulative area) 

    Via: M1M2_PR
      Partial area ratio:    0.09
      Required ratio:    6.00 (Gate area) 
      Cumulative area ratio:    0.20
      Required ratio:    0.00 (Cumulative area) 

    Via: L1M1_PR_MR
      Partial area ratio:    0.11
      Required ratio:    3.00 (Gate area) 
      Cumulative area ratio:    0.11
      Required ratio:    0.00 (Cumulative area) 

  Pin: _4725_/S (sky130_fd_sc_hd__mux2_1)
    Layer: met4
      Partial area ratio:    8.77
      Required ratio:    0.00 (Gate area) 
      Partial area ratio:   47.16
      Required ratio: 2956.40 (Side area) 
      Cumulative area ratio:   95.33
      Required ratio:    0.00 (Cumulative area) 
      Cumulative area ratio:  510.27
      Required ratio:    0.00 (Cumulative side area) 

    Layer: met3
      Partial area ratio:    0.43
      Required ratio:    0.00 (Gate area) 
      Partial area ratio:    2.78
      Required ratio:  400.00 (Side area) 
      Cumulative area ratio:   11.65
      Required ratio:    0.00 (Cumulative area) 
      Cumulative area ratio:   59.74
      Required ratio:    0.00 (Cumulative side area) 

    Layer: met2
      Partial area ratio:   11.22
      Required ratio:    0.00 (Gate area) 
      Partial area ratio:   56.97
      Required ratio:  400.00 (Side area) 
      Cumulative area ratio:   11.22
      Required ratio:    0.00 (Cumulative area) 
      Cumulative area ratio:   56.97
      Required ratio:    0.00 (Cumulative side area) 

    Layer: met1
      Partial area ratio:    0.00
      Required ratio:    0.00 (Gate area) 
      Partial area ratio:    0.00
      Required ratio:  400.00 (Side area) 
      Cumulative area ratio:    0.00
      Required ratio:    0.00 (Cumulative area) 
      Cumulative area ratio:    0.00
      Required ratio:    0.00 (Cumulative side area) 

    Layer: li1
      Partial area ratio:    0.00
      Required ratio:    0.00 (Gate area) 
      Partial area ratio:    0.00
      Required ratio:   75.00 (Side area) 
      Cumulative area ratio:    0.00
      Required ratio:    0.00 (Cumulative area) 
      Cumulative area ratio:    0.00
      Required ratio:    0.00 (Cumulative side area) 

    Via: M3M4_PR
      Partial area ratio:    0.04
      Required ratio:    6.00 (Gate area) 
      Cumulative area ratio:    0.28
      Required ratio:    0.00 (Cumulative area) 

    Via: M2M3_PR
      Partial area ratio:    0.04
      Required ratio:    6.00 (Gate area) 
      Cumulative area ratio:    0.24
      Required ratio:    0.00 (Cumulative area) 

    Via: M1M2_PR
      Partial area ratio:    0.09
      Required ratio:    6.00 (Gate area) 
      Cumulative area ratio:    0.20
      Required ratio:    0.00 (Cumulative area) 

    Via: L1M1_PR_MR
      Partial area ratio:    0.11
      Required ratio:    3.00 (Gate area) 
      Cumulative area ratio:    0.11
      Required ratio:    0.00 (Cumulative area) 

  Pin: _4552_/S (sky130_fd_sc_hd__mux2_1)
    Layer: met4
      Partial area ratio:    8.77
      Required ratio:    0.00 (Gate area) 
      Partial area ratio:   47.16
      Required ratio: 2956.40 (Side area) 
      Cumulative area ratio:  128.93
      Required ratio:    0.00 (Cumulative area) 
      Cumulative area ratio:  684.46
      Required ratio:    0.00 (Cumulative side area) 

    Layer: met3
      Partial area ratio:    0.43
      Required ratio:    0.00 (Gate area) 
      Partial area ratio:    2.78
      Required ratio:  400.00 (Side area) 
      Cumulative area ratio:   45.24
      Required ratio:    0.00 (Cumulative area) 
      Cumulative area ratio:  233.94
      Required ratio:    0.00 (Cumulative side area) 

    Layer: met2
      Partial area ratio:   11.22
      Required ratio:    0.00 (Gate area) 
      Partial area ratio:   56.97
      Required ratio:  400.00 (Side area) 
      Cumulative area ratio:   44.81
      Required ratio:    0.00 (Cumulative area) 
      Cumulative area ratio:  231.16
      Required ratio:    0.00 (Cumulative side area) 

    Layer: met1
      Partial area ratio:   20.65
      Required ratio:    0.00 (Gate area) 
      Partial area ratio:  105.97
      Required ratio:  400.00 (Side area) 
      Cumulative area ratio:   20.65
      Required ratio:    0.00 (Cumulative area) 
      Cumulative area ratio:  105.97
      Required ratio:    0.00 (Cumulative side area) 

    Layer: li1
      Partial area ratio:    0.00
      Required ratio:    0.00 (Gate area) 
      Partial area ratio:    0.00
      Required ratio:   75.00 (Side area) 
      Cumulative area ratio:    0.00
      Required ratio:    0.00 (Cumulative area) 
      Cumulative area ratio:    0.00
      Required ratio:    0.00 (Cumulative side area) 

    Via: M3M4_PR
      Partial area ratio:    0.04
      Required ratio:    6.00 (Gate area) 
      Cumulative area ratio:    0.55
      Required ratio:    0.00 (Cumulative area) 

    Via: M2M3_PR
      Partial area ratio:    0.04
      Required ratio:    6.00 (Gate area) 
      Cumulative area ratio:    0.51
      Required ratio:    0.00 (Cumulative area) 

    Via: M1M2_PR
      Partial area ratio:    0.09
      Required ratio:    6.00 (Gate area) 
      Cumulative area ratio:    0.20
      Required ratio:    0.00 (Cumulative area) 

    Via: L1M1_PR_MR
      Partial area ratio:    0.11
      Required ratio:    3.00 (Gate area) 
      Cumulative area ratio:    0.11
      Required ratio:    0.00 (Cumulative area) 

  Pin: _4592_/S (sky130_fd_sc_hd__mux2_1)
    Layer: met4
      Partial area ratio:    8.77
      Required ratio:    0.00 (Gate area) 
      Partial area ratio:   47.16
      Required ratio: 2956.40 (Side area) 
      Cumulative area ratio:  108.28
      Required ratio:    0.00 (Cumulative area) 
      Cumulative area ratio:  578.49
      Required ratio:    0.00 (Cumulative side area) 

    Layer: met3
      Partial area ratio:    0.43
      Required ratio:    0.00 (Gate area) 
      Partial area ratio:    2.78
      Required ratio:  400.00 (Side area) 
      Cumulative area ratio:   24.59
      Required ratio:    0.00 (Cumulative area) 
      Cumulative area ratio:  127.97
      Required ratio:    0.00 (Cumulative side area) 

    Layer: met2
      Partial area ratio:   11.22
      Required ratio:    0.00 (Gate area) 
      Partial area ratio:   56.97
      Required ratio:  400.00 (Side area) 
      Cumulative area ratio:   24.16
      Required ratio:    0.00 (Cumulative area) 
      Cumulative area ratio:  125.19
      Required ratio:    0.00 (Cumulative side area) 

    Layer: met1
      Partial area ratio:   12.94
      Required ratio:    0.00 (Gate area) 
      Partial area ratio:   68.22
      Required ratio:  400.00 (Side area) 
      Cumulative area ratio:   12.94
      Required ratio:    0.00 (Cumulative area) 
      Cumulative area ratio:   68.22
      Required ratio:    0.00 (Cumulative side area) 

    Layer: li1
      Partial area ratio:    0.00
      Required ratio:    0.00 (Gate area) 
      Partial area ratio:    0.00
      Required ratio:   75.00 (Side area) 
      Cumulative area ratio:    0.00
      Required ratio:    0.00 (Cumulative area) 
      Cumulative area ratio:    0.00
      Required ratio:    0.00 (Cumulative side area) 

    Via: M3M4_PR
      Partial area ratio:    0.04
      Required ratio:    6.00 (Gate area) 
      Cumulative area ratio:    0.46
      Required ratio:    0.00 (Cumulative area) 

    Via: M2M3_PR
      Partial area ratio:    0.04
      Required ratio:    6.00 (Gate area) 
      Cumulative area ratio:    0.42
      Required ratio:    0.00 (Cumulative area) 

    Via: M1M2_PR
      Partial area ratio:    0.27
      Required ratio:    6.00 (Gate area) 
      Cumulative area ratio:    0.38
      Required ratio:    0.00 (Cumulative area) 

    Via: L1M1_PR_MR
      Partial area ratio:    0.11
      Required ratio:    3.00 (Gate area) 
      Cumulative area ratio:    0.11
      Required ratio:    0.00 (Cumulative area) 

  Pin: _4576_/S (sky130_fd_sc_hd__mux2_1)
    Layer: met4
      Partial area ratio:    8.77
      Required ratio:    0.00 (Gate area) 
      Partial area ratio:   47.16
      Required ratio: 2956.40 (Side area) 
      Cumulative area ratio:  111.62
      Required ratio:    0.00 (Cumulative area) 
      Cumulative area ratio:  595.99
      Required ratio:    0.00 (Cumulative side area) 

    Layer: met3
      Partial area ratio:    0.43
      Required ratio:    0.00 (Gate area) 
      Partial area ratio:    2.78
      Required ratio:  400.00 (Side area) 
      Cumulative area ratio:   27.94
      Required ratio:    0.00 (Cumulative area) 
      Cumulative area ratio:  145.47
      Required ratio:    0.00 (Cumulative side area) 

    Layer: met2
      Partial area ratio:   11.22
      Required ratio:    0.00 (Gate area) 
      Partial area ratio:   56.97
      Required ratio:  400.00 (Side area) 
      Cumulative area ratio:   27.51
      Required ratio:    0.00 (Cumulative area) 
      Cumulative area ratio:  142.69
      Required ratio:    0.00 (Cumulative side area) 

    Layer: met1
      Partial area ratio:    3.34
      Required ratio:    0.00 (Gate area) 
      Partial area ratio:   17.50
      Required ratio:  400.00 (Side area) 
      Cumulative area ratio:    3.34
      Required ratio:    0.00 (Cumulative area) 
      Cumulative area ratio:   17.50
      Required ratio:    0.00 (Cumulative side area) 

    Layer: li1
      Partial area ratio:    0.00
      Required ratio:    0.00 (Gate area) 
      Partial area ratio:    0.00
      Required ratio:   75.00 (Side area) 
      Cumulative area ratio:    0.00
      Required ratio:    0.00 (Cumulative area) 
      Cumulative area ratio:    0.00
      Required ratio:    0.00 (Cumulative side area) 

    Via: M3M4_PR
      Partial area ratio:    0.04
      Required ratio:    6.00 (Gate area) 
      Cumulative area ratio:    0.55
      Required ratio:    0.00 (Cumulative area) 

    Via: M2M3_PR
      Partial area ratio:    0.04
      Required ratio:    6.00 (Gate area) 
      Cumulative area ratio:    0.51
      Required ratio:    0.00 (Cumulative area) 

    Via: M1M2_PR
      Partial area ratio:    0.09
      Required ratio:    6.00 (Gate area) 
      Cumulative area ratio:    0.20
      Required ratio:    0.00 (Cumulative area) 

    Via: L1M1_PR_MR
      Partial area ratio:    0.11
      Required ratio:    3.00 (Gate area) 
      Cumulative area ratio:    0.11
      Required ratio:    0.00 (Cumulative area) 

  Pin: _4259_/A (sky130_fd_sc_hd__or2_1)
    Layer: met4
      Partial area ratio:    8.77
      Required ratio:    0.00 (Gate area) 
      Partial area ratio:   47.16
      Required ratio: 2956.40 (Side area) 
      Cumulative area ratio:   98.28
      Required ratio:    0.00 (Cumulative area) 
      Cumulative area ratio:  525.83
      Required ratio:    0.00 (Cumulative side area) 

    Layer: met3
      Partial area ratio:   74.92
      Required ratio:    0.00 (Gate area) 
      Partial area ratio:  403.37
      Required ratio:  400.00 (Side area) (VIOLATED)
      Cumulative area ratio:   89.51
      Required ratio:    0.00 (Cumulative area) 
      Cumulative area ratio:  478.67
      Required ratio:    0.00 (Cumulative side area) 

    Layer: met2
      Partial area ratio:   10.86
      Required ratio:    0.00 (Gate area) 
      Partial area ratio:   55.86
      Required ratio:  400.00 (Side area) 
      Cumulative area ratio:   14.59
      Required ratio:    0.00 (Cumulative area) 
      Cumulative area ratio:   75.31
      Required ratio:    0.00 (Cumulative side area) 

    Layer: met1
      Partial area ratio:    3.73
      Required ratio:    0.00 (Gate area) 
      Partial area ratio:   19.44
      Required ratio:  400.00 (Side area) 
      Cumulative area ratio:    3.73
      Required ratio:    0.00 (Cumulative area) 
      Cumulative area ratio:   19.44
      Required ratio:    0.00 (Cumulative side area) 

    Layer: li1
      Partial area ratio:    0.00
      Required ratio:    0.00 (Gate area) 
      Partial area ratio:    0.00
      Required ratio:   75.00 (Side area) 
      Cumulative area ratio:    0.00
      Required ratio:    0.00 (Cumulative area) 
      Cumulative area ratio:    0.00
      Required ratio:    0.00 (Cumulative side area) 

    Via: M3M4_PR
      Partial area ratio:    0.32
      Required ratio:    6.00 (Gate area) 
      Cumulative area ratio:    0.88
      Required ratio:    0.00 (Cumulative area) 

    Via: M2M3_PR
      Partial area ratio:    0.16
      Required ratio:    6.00 (Gate area) 
      Cumulative area ratio:    0.57
      Required ratio:    0.00 (Cumulative area) 

    Via: M1M2_PR
      Partial area ratio:    0.18
      Required ratio:    6.00 (Gate area) 
      Cumulative area ratio:    0.41
      Required ratio:    0.00 (Cumulative area) 

    Via: L1M1_PR_MR
      Partial area ratio:    0.23
      Required ratio:    3.00 (Gate area) 
      Cumulative area ratio:    0.23
      Required ratio:    0.00 (Cumulative area) 

  Pin: _4297_/A (sky130_fd_sc_hd__or2_1)
    Layer: met4
      Partial area ratio:    8.77
      Required ratio:    0.00 (Gate area) 
      Partial area ratio:   47.16
      Required ratio: 2956.40 (Side area) 
      Cumulative area ratio:   94.54
      Required ratio:    0.00 (Cumulative area) 
      Cumulative area ratio:  506.38
      Required ratio:    0.00 (Cumulative side area) 

    Layer: met3
      Partial area ratio:   74.92
      Required ratio:    0.00 (Gate area) 
      Partial area ratio:  403.37
      Required ratio:  400.00 (Side area) (VIOLATED)
      Cumulative area ratio:   85.78
      Required ratio:    0.00 (Cumulative area) 
      Cumulative area ratio:  459.23
      Required ratio:    0.00 (Cumulative side area) 

    Layer: met2
      Partial area ratio:   10.86
      Required ratio:    0.00 (Gate area) 
      Partial area ratio:   55.86
      Required ratio:  400.00 (Side area) 
      Cumulative area ratio:   10.86
      Required ratio:    0.00 (Cumulative area) 
      Cumulative area ratio:   55.86
      Required ratio:    0.00 (Cumulative side area) 

    Layer: met1
      Partial area ratio:    0.00
      Required ratio:    0.00 (Gate area) 
      Partial area ratio:    0.00
      Required ratio:  400.00 (Side area) 
      Cumulative area ratio:    0.00
      Required ratio:    0.00 (Cumulative area) 
      Cumulative area ratio:    0.00
      Required ratio:    0.00 (Cumulative side area) 

    Layer: li1
      Partial area ratio:    0.00
      Required ratio:    0.00 (Gate area) 
      Partial area ratio:    0.00
      Required ratio:   75.00 (Side area) 
      Cumulative area ratio:    0.00
      Required ratio:    0.00 (Cumulative area) 
      Cumulative area ratio:    0.00
      Required ratio:    0.00 (Cumulative side area) 

    Via: M3M4_PR
      Partial area ratio:    0.32
      Required ratio:    6.00 (Gate area) 
      Cumulative area ratio:    0.88
      Required ratio:    0.00 (Cumulative area) 

    Via: M2M3_PR
      Partial area ratio:    0.16
      Required ratio:    6.00 (Gate area) 
      Cumulative area ratio:    0.57
      Required ratio:    0.00 (Cumulative area) 

    Via: M1M2_PR
      Partial area ratio:    0.18
      Required ratio:    6.00 (Gate area) 
      Cumulative area ratio:    0.41
      Required ratio:    0.00 (Cumulative area) 

    Via: L1M1_PR_MR
      Partial area ratio:    0.23
      Required ratio:    3.00 (Gate area) 
      Cumulative area ratio:    0.23
      Required ratio:    0.00 (Cumulative area) 


Net: _1126_
  Pin: _4361_/S (sky130_fd_sc_hd__mux2_1)
    Layer: met4
      Partial area ratio:   32.40
      Required ratio:    0.00 (Gate area) 
      Partial area ratio:  174.54
      Required ratio: 3236.16 (Side area) 
      Cumulative area ratio:  168.92
      Required ratio:    0.00 (Cumulative area) 
      Cumulative area ratio:  912.05
      Required ratio:    0.00 (Cumulative side area) 

    Layer: met3
      Partial area ratio:   23.49
      Required ratio:    0.00 (Gate area) 
      Partial area ratio:  127.21
      Required ratio:  400.00 (Side area) 
      Cumulative area ratio:   25.33
      Required ratio:    0.00 (Cumulative area) 
      Cumulative area ratio:  137.57
      Required ratio:    0.00 (Cumulative side area) 

    Layer: met2
      Partial area ratio:    0.17
      Required ratio:    0.00 (Gate area) 
      Partial area ratio:    1.25
      Required ratio:  400.00 (Side area) 
      Cumulative area ratio:    0.17
      Required ratio:    0.00 (Cumulative area) 
      Cumulative area ratio:    1.25
      Required ratio:    0.00 (Cumulative side area) 

    Layer: met1
      Partial area ratio:    0.00
      Required ratio:    0.00 (Gate area) 
      Partial area ratio:    0.00
      Required ratio:  400.00 (Side area) 
      Cumulative area ratio:    0.00
      Required ratio:    0.00 (Cumulative area) 
      Cumulative area ratio:    0.00
      Required ratio:    0.00 (Cumulative side area) 

    Layer: li1
      Partial area ratio:    0.00
      Required ratio:    0.00 (Gate area) 
      Partial area ratio:    0.00
      Required ratio:   75.00 (Side area) 
      Cumulative area ratio:    0.00
      Required ratio:    0.00 (Cumulative area) 
      Cumulative area ratio:    0.00
      Required ratio:    0.00 (Cumulative side area) 

    Via: M3M4_PR
      Partial area ratio:    0.08
      Required ratio:    6.00 (Gate area) 
      Cumulative area ratio:    0.76
      Required ratio:    0.00 (Cumulative area) 

    Via: M2M3_PR
      Partial area ratio:    0.16
      Required ratio:    6.00 (Gate area) 
      Cumulative area ratio:    0.36
      Required ratio:    0.00 (Cumulative area) 

    Via: M1M2_PR
      Partial area ratio:    0.09
      Required ratio:    6.00 (Gate area) 
      Cumulative area ratio:    0.20
      Required ratio:    0.00 (Cumulative area) 

    Via: L1M1_PR_MR
      Partial area ratio:    0.11
      Required ratio:    3.00 (Gate area) 
      Cumulative area ratio:    0.11
      Required ratio:    0.00 (Cumulative area) 

  Pin: _4751_/S (sky130_fd_sc_hd__mux2_1)
    Layer: met4
      Partial area ratio:   32.40
      Required ratio:    0.00 (Gate area) 
      Partial area ratio:  174.54
      Required ratio: 3236.16 (Side area) 
      Cumulative area ratio:  168.75
      Required ratio:    0.00 (Cumulative area) 
      Cumulative area ratio:  910.80
      Required ratio:    0.00 (Cumulative side area) 

    Layer: met3
      Partial area ratio:   23.49
      Required ratio:    0.00 (Gate area) 
      Partial area ratio:  127.21
      Required ratio:  400.00 (Side area) 
      Cumulative area ratio:   25.16
      Required ratio:    0.00 (Cumulative area) 
      Cumulative area ratio:  136.32
      Required ratio:    0.00 (Cumulative side area) 

    Layer: met2
      Partial area ratio:    1.67
      Required ratio:    0.00 (Gate area) 
      Partial area ratio:    9.11
      Required ratio:  400.00 (Side area) 
      Cumulative area ratio:    1.67
      Required ratio:    0.00 (Cumulative area) 
      Cumulative area ratio:    9.11
      Required ratio:    0.00 (Cumulative side area) 

    Layer: met1
      Partial area ratio:    0.00
      Required ratio:    0.00 (Gate area) 
      Partial area ratio:    0.00
      Required ratio:  400.00 (Side area) 
      Cumulative area ratio:    0.00
      Required ratio:    0.00 (Cumulative area) 
      Cumulative area ratio:    0.00
      Required ratio:    0.00 (Cumulative side area) 

    Layer: li1
      Partial area ratio:    0.00
      Required ratio:    0.00 (Gate area) 
      Partial area ratio:    0.00
      Required ratio:   75.00 (Side area) 
      Cumulative area ratio:    0.00
      Required ratio:    0.00 (Cumulative area) 
      Cumulative area ratio:    0.00
      Required ratio:    0.00 (Cumulative side area) 

    Via: M3M4_PR
      Partial area ratio:    0.08
      Required ratio:    6.00 (Gate area) 
      Cumulative area ratio:    0.60
      Required ratio:    0.00 (Cumulative area) 

    Via: M2M3_PR
      Partial area ratio:    0.32
      Required ratio:    6.00 (Gate area) 
      Cumulative area ratio:    0.52
      Required ratio:    0.00 (Cumulative area) 

    Via: M1M2_PR
      Partial area ratio:    0.09
      Required ratio:    6.00 (Gate area) 
      Cumulative area ratio:    0.20
      Required ratio:    0.00 (Cumulative area) 

    Via: L1M1_PR_MR
      Partial area ratio:    0.11
      Required ratio:    3.00 (Gate area) 
      Cumulative area ratio:    0.11
      Required ratio:    0.00 (Cumulative area) 

  Pin: _4338_/S (sky130_fd_sc_hd__mux2_1)
    Layer: met4
      Partial area ratio:   32.40
      Required ratio:    0.00 (Gate area) 
      Partial area ratio:  174.54
      Required ratio: 3236.16 (Side area) 
      Cumulative area ratio:  145.13
      Required ratio:    0.00 (Cumulative area) 
      Cumulative area ratio:  784.87
      Required ratio:    0.00 (Cumulative side area) 

    Layer: met3
      Partial area ratio:    1.18
      Required ratio:    0.00 (Gate area) 
      Partial area ratio:    8.19
      Required ratio:  400.00 (Side area) 
      Cumulative area ratio:    1.54
      Required ratio:    0.00 (Cumulative area) 
      Cumulative area ratio:   10.38
      Required ratio:    0.00 (Cumulative side area) 

    Layer: met2
      Partial area ratio:    0.36
      Required ratio:    0.00 (Gate area) 
      Partial area ratio:    2.19
      Required ratio:  400.00 (Side area) 
      Cumulative area ratio:    0.36
      Required ratio:    0.00 (Cumulative area) 
      Cumulative area ratio:    2.19
      Required ratio:    0.00 (Cumulative side area) 

    Layer: met1
      Partial area ratio:    0.00
      Required ratio:    0.00 (Gate area) 
      Partial area ratio:    0.00
      Required ratio:  400.00 (Side area) 
      Cumulative area ratio:    0.00
      Required ratio:    0.00 (Cumulative area) 
      Cumulative area ratio:    0.00
      Required ratio:    0.00 (Cumulative side area) 

    Layer: li1
      Partial area ratio:    0.00
      Required ratio:    0.00 (Gate area) 
      Partial area ratio:    0.00
      Required ratio:   75.00 (Side area) 
      Cumulative area ratio:    0.00
      Required ratio:    0.00 (Cumulative area) 
      Cumulative area ratio:    0.00
      Required ratio:    0.00 (Cumulative side area) 

    Via: M3M4_PR
      Partial area ratio:    0.16
      Required ratio:    6.00 (Gate area) 
      Cumulative area ratio:    0.52
      Required ratio:    0.00 (Cumulative area) 

    Via: M2M3_PR
      Partial area ratio:    0.16
      Required ratio:    6.00 (Gate area) 
      Cumulative area ratio:    0.36
      Required ratio:    0.00 (Cumulative area) 

    Via: M1M2_PR
      Partial area ratio:    0.09
      Required ratio:    6.00 (Gate area) 
      Cumulative area ratio:    0.20
      Required ratio:    0.00 (Cumulative area) 

    Via: L1M1_PR_MR
      Partial area ratio:    0.11
      Required ratio:    3.00 (Gate area) 
      Cumulative area ratio:    0.11
      Required ratio:    0.00 (Cumulative area) 

  Pin: _4353_/B2 (sky130_fd_sc_hd__a221o_1)
    Layer: met4
      Partial area ratio:   32.40
      Required ratio:    0.00 (Gate area) 
      Partial area ratio:  174.54
      Required ratio: 3236.16 (Side area) 
      Cumulative area ratio:  146.37
      Required ratio:    0.00 (Cumulative area) 
      Cumulative area ratio:  791.72
      Required ratio:    0.00 (Cumulative side area) 

    Layer: met3
      Partial area ratio:    1.76
      Required ratio:    0.00 (Gate area) 
      Partial area ratio:   11.31
      Required ratio:  400.00 (Side area) 
      Cumulative area ratio:    2.78
      Required ratio:    0.00 (Cumulative area) 
      Cumulative area ratio:   17.24
      Required ratio:    0.00 (Cumulative side area) 

    Layer: met2
      Partial area ratio:    0.94
      Required ratio:    0.00 (Gate area) 
      Partial area ratio:    5.12
      Required ratio:  400.00 (Side area) 
      Cumulative area ratio:    1.03
      Required ratio:    0.00 (Cumulative area) 
      Cumulative area ratio:    5.93
      Required ratio:    0.00 (Cumulative side area) 

    Layer: met1
      Partial area ratio:    0.08
      Required ratio:    0.00 (Gate area) 
      Partial area ratio:    0.81
      Required ratio:  400.00 (Side area) 
      Cumulative area ratio:    0.08
      Required ratio:    0.00 (Cumulative area) 
      Cumulative area ratio:    0.81
      Required ratio:    0.00 (Cumulative side area) 

    Layer: li1
      Partial area ratio:    0.00
      Required ratio:    0.00 (Gate area) 
      Partial area ratio:    0.00
      Required ratio:   75.00 (Side area) 
      Cumulative area ratio:    0.00
      Required ratio:    0.00 (Cumulative area) 
      Cumulative area ratio:    0.00
      Required ratio:    0.00 (Cumulative side area) 

    Via: M3M4_PR
      Partial area ratio:    0.16
      Required ratio:    6.00 (Gate area) 
      Cumulative area ratio:    0.53
      Required ratio:    0.00 (Cumulative area) 

    Via: M2M3_PR
      Partial area ratio:    0.16
      Required ratio:    6.00 (Gate area) 
      Cumulative area ratio:    0.37
      Required ratio:    0.00 (Cumulative area) 

    Via: M1M2_PR
      Partial area ratio:    0.09
      Required ratio:    6.00 (Gate area) 
      Cumulative area ratio:    0.21
      Required ratio:    0.00 (Cumulative area) 

    Via: L1M1_PR_MR
      Partial area ratio:    0.12
      Required ratio:    3.00 (Gate area) 
      Cumulative area ratio:    0.12
      Required ratio:    0.00 (Cumulative area) 

  Pin: _4735_/S (sky130_fd_sc_hd__mux2_1)
    Layer: met4
      Partial area ratio:   32.40
      Required ratio:    0.00 (Gate area) 
      Partial area ratio:  174.54
      Required ratio: 3236.16 (Side area) 
      Cumulative area ratio:  143.59
      Required ratio:    0.00 (Cumulative area) 
      Cumulative area ratio:  774.48
      Required ratio:    0.00 (Cumulative side area) 

    Layer: met3
      Partial area ratio:   85.05
      Required ratio:    0.00 (Gate area) 
      Partial area ratio:  457.40
      Required ratio:  400.00 (Side area) (VIOLATED)
      Cumulative area ratio:   87.25
      Required ratio:    0.00 (Cumulative area) 
      Cumulative area ratio:  469.56
      Required ratio:    0.00 (Cumulative side area) 

    Layer: met2
      Partial area ratio:    1.10
      Required ratio:    0.00 (Gate area) 
      Partial area ratio:    6.28
      Required ratio:  400.00 (Side area) 
      Cumulative area ratio:    2.20
      Required ratio:    0.00 (Cumulative area) 
      Cumulative area ratio:   12.17
      Required ratio:    0.00 (Cumulative side area) 

    Layer: met1
      Partial area ratio:    1.10
      Required ratio:    0.00 (Gate area) 
      Partial area ratio:    5.89
      Required ratio:  400.00 (Side area) 
      Cumulative area ratio:    1.10
      Required ratio:    0.00 (Cumulative area) 
      Cumulative area ratio:    5.89
      Required ratio:    0.00 (Cumulative side area) 

    Layer: li1
      Partial area ratio:    0.00
      Required ratio:    0.00 (Gate area) 
      Partial area ratio:    0.00
      Required ratio:   75.00 (Side area) 
      Cumulative area ratio:    0.00
      Required ratio:    0.00 (Cumulative area) 
      Cumulative area ratio:    0.00
      Required ratio:    0.00 (Cumulative side area) 

    Via: M3M4_PR
      Partial area ratio:    0.32
      Required ratio:    6.00 (Gate area) 
      Cumulative area ratio:    0.93
      Required ratio:    0.00 (Cumulative area) 

    Via: M2M3_PR
      Partial area ratio:    0.32
      Required ratio:    6.00 (Gate area) 
      Cumulative area ratio:    0.61
      Required ratio:    0.00 (Cumulative area) 

    Via: M1M2_PR
      Partial area ratio:    0.18
      Required ratio:    6.00 (Gate area) 
      Cumulative area ratio:    0.29
      Required ratio:    0.00 (Cumulative area) 

    Via: L1M1_PR_MR
      Partial area ratio:    0.11
      Required ratio:    3.00 (Gate area) 
      Cumulative area ratio:    0.11
      Required ratio:    0.00 (Cumulative area) 

  Pin: _4709_/A1 (sky130_fd_sc_hd__a221o_1)
    Layer: met4
      Partial area ratio:   32.40
      Required ratio:    0.00 (Gate area) 
      Partial area ratio:  174.54
      Required ratio: 3236.16 (Side area) 
      Cumulative area ratio:   56.34
      Required ratio:    0.00 (Cumulative area) 
      Cumulative area ratio:  304.92
      Required ratio:    0.00 (Cumulative side area) 

    Layer: met3
      Partial area ratio:   18.01
      Required ratio:    0.00 (Gate area) 
      Partial area ratio:   99.94
      Required ratio:  400.00 (Side area) 
      Cumulative area ratio:   23.94
      Required ratio:    0.00 (Cumulative area) 
      Cumulative area ratio:  130.38
      Required ratio:    0.00 (Cumulative side area) 

    Layer: met2
      Partial area ratio:    5.93
      Required ratio:    0.00 (Gate area) 
      Partial area ratio:   30.43
      Required ratio:  400.00 (Side area) 
      Cumulative area ratio:    5.93
      Required ratio:    0.00 (Cumulative area) 
      Cumulative area ratio:   30.43
      Required ratio:    0.00 (Cumulative side area) 

    Layer: met1
      Partial area ratio:    0.00
      Required ratio:    0.00 (Gate area) 
      Partial area ratio:    0.00
      Required ratio:  400.00 (Side area) 
      Cumulative area ratio:    0.00
      Required ratio:    0.00 (Cumulative area) 
      Cumulative area ratio:    0.00
      Required ratio:    0.00 (Cumulative side area) 

    Layer: li1
      Partial area ratio:    0.00
      Required ratio:    0.00 (Gate area) 
      Partial area ratio:    0.00
      Required ratio:   75.00 (Side area) 
      Cumulative area ratio:    0.00
      Required ratio:    0.00 (Cumulative area) 
      Cumulative area ratio:    0.00
      Required ratio:    0.00 (Cumulative side area) 

    Via: M3M4_PR
      Partial area ratio:    0.32
      Required ratio:    6.00 (Gate area) 
      Cumulative area ratio:    0.85
      Required ratio:    0.00 (Cumulative area) 

    Via: M2M3_PR
      Partial area ratio:    0.32
      Required ratio:    6.00 (Gate area) 
      Cumulative area ratio:    0.53
      Required ratio:    0.00 (Cumulative area) 

    Via: M1M2_PR
      Partial area ratio:    0.09
      Required ratio:    6.00 (Gate area) 
      Cumulative area ratio:    0.21
      Required ratio:    0.00 (Cumulative area) 

    Via: L1M1_PR_MR
      Partial area ratio:    0.12
      Required ratio:    3.00 (Gate area) 
      Cumulative area ratio:    0.12
      Required ratio:    0.00 (Cumulative area) 

  Pin: _4722_/A (sky130_fd_sc_hd__nand2_1)
    Layer: met4
      Partial area ratio:   32.40
      Required ratio:    0.00 (Gate area) 
      Partial area ratio:  174.54
      Required ratio: 3236.16 (Side area) 
      Cumulative area ratio:   34.89
      Required ratio:    0.00 (Cumulative area) 
      Cumulative area ratio:  190.10
      Required ratio:    0.00 (Cumulative side area) 

    Layer: met3
      Partial area ratio:    2.32
      Required ratio:    0.00 (Gate area) 
      Partial area ratio:   14.29
      Required ratio:  400.00 (Side area) 
      Cumulative area ratio:    2.49
      Required ratio:    0.00 (Cumulative area) 
      Cumulative area ratio:   15.56
      Required ratio:    0.00 (Cumulative side area) 

    Layer: met2
      Partial area ratio:    0.18
      Required ratio:    0.00 (Gate area) 
      Partial area ratio:    1.27
      Required ratio:  400.00 (Side area) 
      Cumulative area ratio:    0.18
      Required ratio:    0.00 (Cumulative area) 
      Cumulative area ratio:    1.27
      Required ratio:    0.00 (Cumulative side area) 

    Layer: met1
      Partial area ratio:    0.00
      Required ratio:    0.00 (Gate area) 
      Partial area ratio:    0.00
      Required ratio:  400.00 (Side area) 
      Cumulative area ratio:    0.00
      Required ratio:    0.00 (Cumulative area) 
      Cumulative area ratio:    0.00
      Required ratio:    0.00 (Cumulative side area) 

    Layer: li1
      Partial area ratio:    0.00
      Required ratio:    0.00 (Gate area) 
      Partial area ratio:    0.00
      Required ratio:   75.00 (Side area) 
      Cumulative area ratio:    0.00
      Required ratio:    0.00 (Cumulative area) 
      Cumulative area ratio:    0.00
      Required ratio:    0.00 (Cumulative side area) 

    Via: M3M4_PR
      Partial area ratio:    0.16
      Required ratio:    6.00 (Gate area) 
      Cumulative area ratio:    0.53
      Required ratio:    0.00 (Cumulative area) 

    Via: M2M3_PR
      Partial area ratio:    0.16
      Required ratio:    6.00 (Gate area) 
      Cumulative area ratio:    0.37
      Required ratio:    0.00 (Cumulative area) 

    Via: M1M2_PR
      Partial area ratio:    0.09
      Required ratio:    6.00 (Gate area) 
      Cumulative area ratio:    0.21
      Required ratio:    0.00 (Cumulative area) 

    Via: L1M1_PR_MR
      Partial area ratio:    0.12
      Required ratio:    3.00 (Gate area) 
      Cumulative area ratio:    0.12
      Required ratio:    0.00 (Cumulative area) 

  Pin: _4589_/A (sky130_fd_sc_hd__nand2_1)
    Layer: met4
      Partial area ratio:   32.40
      Required ratio:    0.00 (Gate area) 
      Partial area ratio:  174.54
      Required ratio: 3236.16 (Side area) 
      Cumulative area ratio:   41.10
      Required ratio:    0.00 (Cumulative area) 
      Cumulative area ratio:  227.01
      Required ratio:    0.00 (Cumulative side area) 

    Layer: met3
      Partial area ratio:    8.33
      Required ratio:    0.00 (Gate area) 
      Partial area ratio:   50.23
      Required ratio:  400.00 (Side area) 
      Cumulative area ratio:    8.69
      Required ratio:    0.00 (Cumulative area) 
      Cumulative area ratio:   52.46
      Required ratio:    0.00 (Cumulative side area) 

    Layer: met2
      Partial area ratio:    0.37
      Required ratio:    0.00 (Gate area) 
      Partial area ratio:    2.23
      Required ratio:  400.00 (Side area) 
      Cumulative area ratio:    0.37
      Required ratio:    0.00 (Cumulative area) 
      Cumulative area ratio:    2.23
      Required ratio:    0.00 (Cumulative side area) 

    Layer: met1
      Partial area ratio:    0.00
      Required ratio:    0.00 (Gate area) 
      Partial area ratio:    0.00
      Required ratio:  400.00 (Side area) 
      Cumulative area ratio:    0.00
      Required ratio:    0.00 (Cumulative area) 
      Cumulative area ratio:    0.00
      Required ratio:    0.00 (Cumulative side area) 

    Layer: li1
      Partial area ratio:    0.00
      Required ratio:    0.00 (Gate area) 
      Partial area ratio:    0.00
      Required ratio:   75.00 (Side area) 
      Cumulative area ratio:    0.00
      Required ratio:    0.00 (Cumulative area) 
      Cumulative area ratio:    0.00
      Required ratio:    0.00 (Cumulative side area) 

    Via: M3M4_PR
      Partial area ratio:    0.16
      Required ratio:    6.00 (Gate area) 
      Cumulative area ratio:    0.53
      Required ratio:    0.00 (Cumulative area) 

    Via: M2M3_PR
      Partial area ratio:    0.16
      Required ratio:    6.00 (Gate area) 
      Cumulative area ratio:    0.37
      Required ratio:    0.00 (Cumulative area) 

    Via: M1M2_PR
      Partial area ratio:    0.09
      Required ratio:    6.00 (Gate area) 
      Cumulative area ratio:    0.21
      Required ratio:    0.00 (Cumulative area) 

    Via: L1M1_PR_MR
      Partial area ratio:    0.12
      Required ratio:    3.00 (Gate area) 
      Cumulative area ratio:    0.12
      Required ratio:    0.00 (Cumulative area) 

  Pin: _4559_/A1 (sky130_fd_sc_hd__a221o_1)
    Layer: met4
      Partial area ratio:   32.40
      Required ratio:    0.00 (Gate area) 
      Partial area ratio:  174.54
      Required ratio: 3236.16 (Side area) 
      Cumulative area ratio:   59.97
      Required ratio:    0.00 (Cumulative area) 
      Cumulative area ratio:  323.36
      Required ratio:    0.00 (Cumulative side area) 

    Layer: met3
      Partial area ratio:   23.50
      Required ratio:    0.00 (Gate area) 
      Partial area ratio:  127.29
      Required ratio:  400.00 (Side area) 
      Cumulative area ratio:   27.57
      Required ratio:    0.00 (Cumulative area) 
      Cumulative area ratio:  148.81
      Required ratio:    0.00 (Cumulative side area) 

    Layer: met2
      Partial area ratio:    2.68
      Required ratio:    0.00 (Gate area) 
      Partial area ratio:   13.77
      Required ratio:  400.00 (Side area) 
      Cumulative area ratio:    4.07
      Required ratio:    0.00 (Cumulative area) 
      Cumulative area ratio:   21.52
      Required ratio:    0.00 (Cumulative side area) 

    Layer: met1
      Partial area ratio:    1.39
      Required ratio:    0.00 (Gate area) 
      Partial area ratio:    7.75
      Required ratio:  400.00 (Side area) 
      Cumulative area ratio:    1.39
      Required ratio:    0.00 (Cumulative area) 
      Cumulative area ratio:    7.75
      Required ratio:    0.00 (Cumulative side area) 

    Layer: li1
      Partial area ratio:    0.00
      Required ratio:    0.00 (Gate area) 
      Partial area ratio:    0.00
      Required ratio:   75.00 (Side area) 
      Cumulative area ratio:    0.00
      Required ratio:    0.00 (Cumulative area) 
      Cumulative area ratio:    0.00
      Required ratio:    0.00 (Cumulative side area) 

    Via: M3M4_PR
      Partial area ratio:    0.16
      Required ratio:    6.00 (Gate area) 
      Cumulative area ratio:    0.53
      Required ratio:    0.00 (Cumulative area) 

    Via: M2M3_PR
      Partial area ratio:    0.16
      Required ratio:    6.00 (Gate area) 
      Cumulative area ratio:    0.37
      Required ratio:    0.00 (Cumulative area) 

    Via: M1M2_PR
      Partial area ratio:    0.09
      Required ratio:    6.00 (Gate area) 
      Cumulative area ratio:    0.21
      Required ratio:    0.00 (Cumulative area) 

    Via: L1M1_PR_MR
      Partial area ratio:    0.12
      Required ratio:    3.00 (Gate area) 
      Cumulative area ratio:    0.12
      Required ratio:    0.00 (Cumulative area) 

  Pin: _4573_/A (sky130_fd_sc_hd__nand2_1)
    Layer: met1
      Partial area ratio:    1.73
      Required ratio:    0.00 (Gate area) 
      Partial area ratio:    9.84
      Required ratio: 3236.16 (Side area) 
      Cumulative area ratio:    1.73
      Required ratio:    0.00 (Cumulative area) 
      Cumulative area ratio:    9.84
      Required ratio:    0.00 (Cumulative side area) 

    Layer: met2
      Partial area ratio:    1.71
      Required ratio:    0.00 (Gate area) 
      Partial area ratio:    8.97
      Required ratio: 3236.16 (Side area) 
      Cumulative area ratio:    3.44
      Required ratio:    0.00 (Cumulative area) 
      Cumulative area ratio:   18.81
      Required ratio:    0.00 (Cumulative side area) 

    Layer: met3
      Partial area ratio:    5.66
      Required ratio:    0.00 (Gate area) 
      Partial area ratio:   32.13
      Required ratio: 3236.16 (Side area) 
      Cumulative area ratio:    9.11
      Required ratio:    0.00 (Cumulative area) 
      Cumulative area ratio:   50.94
      Required ratio:    0.00 (Cumulative side area) 

    Layer: met4
      Partial area ratio:   32.40
      Required ratio:    0.00 (Gate area) 
      Partial area ratio:  174.54
      Required ratio: 3236.16 (Side area) 
      Cumulative area ratio:   41.51
      Required ratio:    0.00 (Cumulative area) 
      Cumulative area ratio:  225.48
      Required ratio:    0.00 (Cumulative side area) 

    Layer: li1
      Partial area ratio:    0.00
      Required ratio:    0.00 (Gate area) 
      Partial area ratio:    0.00
      Required ratio:   75.00 (Side area) 
      Cumulative area ratio:    0.00
      Required ratio:    0.00 (Cumulative area) 
      Cumulative area ratio:    0.00
      Required ratio:    0.00 (Cumulative side area) 

    Via: M1M2_PR
      Partial area ratio:    0.09
      Required ratio:    6.00 (Gate area) 
      Cumulative area ratio:    0.21
      Required ratio:    0.00 (Cumulative area) 

    Via: M2M3_PR
      Partial area ratio:    0.16
      Required ratio:    6.00 (Gate area) 
      Cumulative area ratio:    0.37
      Required ratio:    0.00 (Cumulative area) 

    Via: M3M4_PR
      Partial area ratio:    0.16
      Required ratio:    6.00 (Gate area) 
      Cumulative area ratio:    0.53
      Required ratio:    0.00 (Cumulative area) 

    Via: L1M1_PR_MR
      Partial area ratio:    0.12
      Required ratio:    3.00 (Gate area) 
      Cumulative area ratio:    0.12
      Required ratio:    0.00 (Cumulative area) 


Net: _1549_
  Pin: _5966_/C_N (sky130_fd_sc_hd__or3b_4)
    Layer: met4
      Partial area ratio:   23.83
      Required ratio:    0.00 (Gate area) 
      Partial area ratio:  129.02
      Required ratio: 3193.60 (Side area) 
      Cumulative area ratio:  165.94
      Required ratio:    0.00 (Cumulative area) 
      Cumulative area ratio:  891.02
      Required ratio:    0.00 (Cumulative side area) 

    Layer: met3
      Partial area ratio:  140.63
      Required ratio:    0.00 (Gate area) 
      Partial area ratio:  753.84
      Required ratio:  400.00 (Side area) (VIOLATED)
      Cumulative area ratio:  142.11
      Required ratio:    0.00 (Cumulative area) 
      Cumulative area ratio:  762.01
      Required ratio:    0.00 (Cumulative side area) 

    Layer: met2
      Partial area ratio:    1.48
      Required ratio:    0.00 (Gate area) 
      Partial area ratio:    8.17
      Required ratio:  400.00 (Side area) 
      Cumulative area ratio:    1.48
      Required ratio:    0.00 (Cumulative area) 
      Cumulative area ratio:    8.17
      Required ratio:    0.00 (Cumulative side area) 

    Layer: met1
      Partial area ratio:    0.00
      Required ratio:    0.00 (Gate area) 
      Partial area ratio:    0.00
      Required ratio:  400.00 (Side area) 
      Cumulative area ratio:    0.00
      Required ratio:    0.00 (Cumulative area) 
      Cumulative area ratio:    0.00
      Required ratio:    0.00 (Cumulative side area) 

    Layer: li1
      Partial area ratio:    0.00
      Required ratio:    0.00 (Gate area) 
      Partial area ratio:    0.00
      Required ratio:   75.00 (Side area) 
      Cumulative area ratio:    0.00
      Required ratio:    0.00 (Cumulative area) 
      Cumulative area ratio:    0.00
      Required ratio:    0.00 (Cumulative side area) 

    Via: M3M4_PR
      Partial area ratio:    0.16
      Required ratio:    6.00 (Gate area) 
      Cumulative area ratio:    0.73
      Required ratio:    0.00 (Cumulative area) 

    Via: M2M3_PR
      Partial area ratio:    0.16
      Required ratio:    6.00 (Gate area) 
      Cumulative area ratio:    0.57
      Required ratio:    0.00 (Cumulative area) 

    Via: M1M2_PR
      Partial area ratio:    0.18
      Required ratio:    6.00 (Gate area) 
      Cumulative area ratio:    0.41
      Required ratio:    0.00 (Cumulative area) 

    Via: L1M1_PR_MR
      Partial area ratio:    0.23
      Required ratio:    3.00 (Gate area) 
      Cumulative area ratio:    0.23
      Required ratio:    0.00 (Cumulative area) 

  Pin: rebuffer1/A (sky130_fd_sc_hd__dlymetal6s2s_1)
    Layer: met4
      Partial area ratio:   23.83
      Required ratio:    0.00 (Gate area) 
      Partial area ratio:  129.02
      Required ratio: 3193.60 (Side area) 
      Cumulative area ratio:  171.90
      Required ratio:    0.00 (Cumulative area) 
      Cumulative area ratio:  923.13
      Required ratio:    0.00 (Cumulative side area) 

    Layer: met3
      Partial area ratio:  140.63
      Required ratio:    0.00 (Gate area) 
      Partial area ratio:  753.84
      Required ratio:  400.00 (Side area) (VIOLATED)
      Cumulative area ratio:  148.06
      Required ratio:    0.00 (Cumulative area) 
      Cumulative area ratio:  794.12
      Required ratio:    0.00 (Cumulative side area) 

    Layer: met2
      Partial area ratio:    1.48
      Required ratio:    0.00 (Gate area) 
      Partial area ratio:    8.17
      Required ratio:  400.00 (Side area) 
      Cumulative area ratio:    7.43
      Required ratio:    0.00 (Cumulative area) 
      Cumulative area ratio:   40.28
      Required ratio:    0.00 (Cumulative side area) 

    Layer: met1
      Partial area ratio:    5.96
      Required ratio:    0.00 (Gate area) 
      Partial area ratio:   32.11
      Required ratio:  400.00 (Side area) 
      Cumulative area ratio:    5.96
      Required ratio:    0.00 (Cumulative area) 
      Cumulative area ratio:   32.11
      Required ratio:    0.00 (Cumulative side area) 

    Layer: li1
      Partial area ratio:    0.00
      Required ratio:    0.00 (Gate area) 
      Partial area ratio:    0.00
      Required ratio:   75.00 (Side area) 
      Cumulative area ratio:    0.00
      Required ratio:    0.00 (Cumulative area) 
      Cumulative area ratio:    0.00
      Required ratio:    0.00 (Cumulative side area) 

    Via: M3M4_PR
      Partial area ratio:    0.16
      Required ratio:    6.00 (Gate area) 
      Cumulative area ratio:    0.73
      Required ratio:    0.00 (Cumulative area) 

    Via: M2M3_PR
      Partial area ratio:    0.16
      Required ratio:    6.00 (Gate area) 
      Cumulative area ratio:    0.57
      Required ratio:    0.00 (Cumulative area) 

    Via: M1M2_PR
      Partial area ratio:    0.18
      Required ratio:    6.00 (Gate area) 
      Cumulative area ratio:    0.41
      Required ratio:    0.00 (Cumulative area) 

    Via: L1M1_PR_MR
      Partial area ratio:    0.23
      Required ratio:    3.00 (Gate area) 
      Cumulative area ratio:    0.23
      Required ratio:    0.00 (Cumulative area) 


Net: _1584_
  Pin: _4858_/A (sky130_fd_sc_hd__nor2_1)
    Layer: met3
      Partial area ratio:    9.67
      Required ratio:    0.00 (Gate area) 
      Partial area ratio:   53.37
      Required ratio: 2778.20 (Side area) 
      Cumulative area ratio:   10.62
      Required ratio:    0.00 (Cumulative area) 
      Cumulative area ratio:   58.49
      Required ratio:    0.00 (Cumulative side area) 

    Layer: met2
      Partial area ratio:    0.94
      Required ratio:    0.00 (Gate area) 
      Partial area ratio:    5.12
      Required ratio:  400.00 (Side area) 
      Cumulative area ratio:    0.94
      Required ratio:    0.00 (Cumulative area) 
      Cumulative area ratio:    5.12
      Required ratio:    0.00 (Cumulative side area) 

    Layer: met1
      Partial area ratio:    0.00
      Required ratio:    0.00 (Gate area) 
      Partial area ratio:    0.00
      Required ratio:  400.00 (Side area) 
      Cumulative area ratio:    0.00
      Required ratio:    0.00 (Cumulative area) 
      Cumulative area ratio:    0.00
      Required ratio:    0.00 (Cumulative side area) 

    Layer: li1
      Partial area ratio:    0.00
      Required ratio:    0.00 (Gate area) 
      Partial area ratio:    0.00
      Required ratio:   75.00 (Side area) 
      Cumulative area ratio:    0.00
      Required ratio:    0.00 (Cumulative area) 
      Cumulative area ratio:    0.00
      Required ratio:    0.00 (Cumulative side area) 

    Via: M2M3_PR
      Partial area ratio:    0.16
      Required ratio:    6.00 (Gate area) 
      Cumulative area ratio:    0.37
      Required ratio:    0.00 (Cumulative area) 

    Via: M1M2_PR
      Partial area ratio:    0.09
      Required ratio:    6.00 (Gate area) 
      Cumulative area ratio:    0.21
      Required ratio:    0.00 (Cumulative area) 

    Via: L1M1_PR_MR
      Partial area ratio:    0.12
      Required ratio:    3.00 (Gate area) 
      Cumulative area ratio:    0.12
      Required ratio:    0.00 (Cumulative area) 

  Pin: _5446_/A (sky130_fd_sc_hd__or2_1)
    Layer: met3
      Partial area ratio:    9.67
      Required ratio:    0.00 (Gate area) 
      Partial area ratio:   53.37
      Required ratio: 2778.20 (Side area) 
      Cumulative area ratio:  112.99
      Required ratio:    0.00 (Cumulative area) 
      Cumulative area ratio:  582.76
      Required ratio:    0.00 (Cumulative side area) 

    Layer: met2
      Partial area ratio:    2.88
      Required ratio:    0.00 (Gate area) 
      Partial area ratio:   15.56
      Required ratio:  400.00 (Side area) 
      Cumulative area ratio:    4.06
      Required ratio:    0.00 (Cumulative area) 
      Cumulative area ratio:   22.22
      Required ratio:    0.00 (Cumulative side area) 

    Layer: met1
      Partial area ratio:    1.18
      Required ratio:    0.00 (Gate area) 
      Partial area ratio:    6.67
      Required ratio:  400.00 (Side area) 
      Cumulative area ratio:    1.18
      Required ratio:    0.00 (Cumulative area) 
      Cumulative area ratio:    6.67
      Required ratio:    0.00 (Cumulative side area) 

    Layer: li1
      Partial area ratio:    0.00
      Required ratio:    0.00 (Gate area) 
      Partial area ratio:    0.00
      Required ratio:   75.00 (Side area) 
      Cumulative area ratio:    0.00
      Required ratio:    0.00 (Cumulative area) 
      Cumulative area ratio:    0.00
      Required ratio:    0.00 (Cumulative side area) 

    Via: M2M3_PR
      Partial area ratio:    0.16
      Required ratio:    6.00 (Gate area) 
      Cumulative area ratio:    0.57
      Required ratio:    0.00 (Cumulative area) 

    Via: M1M2_PR
      Partial area ratio:    0.18
      Required ratio:    6.00 (Gate area) 
      Cumulative area ratio:    0.41
      Required ratio:    0.00 (Cumulative area) 

    Via: L1M1_PR_MR
      Partial area ratio:    0.23
      Required ratio:    3.00 (Gate area) 
      Cumulative area ratio:    0.23
      Required ratio:    0.00 (Cumulative area) 

  Pin: _5256_/A_N (sky130_fd_sc_hd__and2b_1)
    Layer: met3
      Partial area ratio:    9.67
      Required ratio:    0.00 (Gate area) 
      Partial area ratio:   53.37
      Required ratio: 2778.20 (Side area) 
      Cumulative area ratio:  111.81
      Required ratio:    0.00 (Cumulative area) 
      Cumulative area ratio:  576.09
      Required ratio:    0.00 (Cumulative side area) 

    Layer: met2
      Partial area ratio:    2.88
      Required ratio:    0.00 (Gate area) 
      Partial area ratio:   15.56
      Required ratio:  400.00 (Side area) 
      Cumulative area ratio:    2.88
      Required ratio:    0.00 (Cumulative area) 
      Cumulative area ratio:   15.56
      Required ratio:    0.00 (Cumulative side area) 

    Layer: met1
      Partial area ratio:    0.00
      Required ratio:    0.00 (Gate area) 
      Partial area ratio:    0.00
      Required ratio:  400.00 (Side area) 
      Cumulative area ratio:    0.00
      Required ratio:    0.00 (Cumulative area) 
      Cumulative area ratio:    0.00
      Required ratio:    0.00 (Cumulative side area) 

    Layer: li1
      Partial area ratio:    0.00
      Required ratio:    0.00 (Gate area) 
      Partial area ratio:    0.00
      Required ratio:   75.00 (Side area) 
      Cumulative area ratio:    0.00
      Required ratio:    0.00 (Cumulative area) 
      Cumulative area ratio:    0.00
      Required ratio:    0.00 (Cumulative side area) 

    Via: M2M3_PR
      Partial area ratio:    0.16
      Required ratio:    6.00 (Gate area) 
      Cumulative area ratio:    0.57
      Required ratio:    0.00 (Cumulative area) 

    Via: M1M2_PR
      Partial area ratio:    0.18
      Required ratio:    6.00 (Gate area) 
      Cumulative area ratio:    0.41
      Required ratio:    0.00 (Cumulative area) 

    Via: L1M1_PR_MR
      Partial area ratio:    0.23
      Required ratio:    3.00 (Gate area) 
      Cumulative area ratio:    0.23
      Required ratio:    0.00 (Cumulative area) 

  Pin: _5483_/A (sky130_fd_sc_hd__or2_1)
    Layer: met3
      Partial area ratio:    9.67
      Required ratio:    0.00 (Gate area) 
      Partial area ratio:   53.37
      Required ratio: 2778.20 (Side area) 
      Cumulative area ratio:  117.37
      Required ratio:    0.00 (Cumulative area) 
      Cumulative area ratio:  604.68
      Required ratio:    0.00 (Cumulative side area) 

    Layer: met2
      Partial area ratio:    1.99
      Required ratio:    0.00 (Gate area) 
      Partial area ratio:   10.36
      Required ratio:  400.00 (Side area) 
      Cumulative area ratio:    8.44
      Required ratio:    0.00 (Cumulative area) 
      Cumulative area ratio:   44.14
      Required ratio:    0.00 (Cumulative side area) 

    Layer: met1
      Partial area ratio:    6.44
      Required ratio:    0.00 (Gate area) 
      Partial area ratio:   33.78
      Required ratio:  400.00 (Side area) 
      Cumulative area ratio:    6.44
      Required ratio:    0.00 (Cumulative area) 
      Cumulative area ratio:   33.78
      Required ratio:    0.00 (Cumulative side area) 

    Layer: li1
      Partial area ratio:    0.00
      Required ratio:    0.00 (Gate area) 
      Partial area ratio:    0.00
      Required ratio:   75.00 (Side area) 
      Cumulative area ratio:    0.00
      Required ratio:    0.00 (Cumulative area) 
      Cumulative area ratio:    0.00
      Required ratio:    0.00 (Cumulative side area) 

    Via: M2M3_PR
      Partial area ratio:    0.04
      Required ratio:    6.00 (Gate area) 
      Cumulative area ratio:    0.63
      Required ratio:    0.00 (Cumulative area) 

    Via: M1M2_PR
      Partial area ratio:    0.36
      Required ratio:    6.00 (Gate area) 
      Cumulative area ratio:    0.59
      Required ratio:    0.00 (Cumulative area) 

    Via: L1M1_PR_MR
      Partial area ratio:    0.23
      Required ratio:    3.00 (Gate area) 
      Cumulative area ratio:    0.23
      Required ratio:    0.00 (Cumulative area) 

  Pin: _5279_/A (sky130_fd_sc_hd__nor2_1)
    Layer: met3
      Partial area ratio:    9.67
      Required ratio:    0.00 (Gate area) 
      Partial area ratio:   53.37
      Required ratio: 2778.20 (Side area) 
      Cumulative area ratio:  119.81
      Required ratio:    0.00 (Cumulative area) 
      Cumulative area ratio:  618.42
      Required ratio:    0.00 (Cumulative side area) 

    Layer: met2
      Partial area ratio:    1.99
      Required ratio:    0.00 (Gate area) 
      Partial area ratio:   10.36
      Required ratio:  400.00 (Side area) 
      Cumulative area ratio:   10.88
      Required ratio:    0.00 (Cumulative area) 
      Cumulative area ratio:   57.88
      Required ratio:    0.00 (Cumulative side area) 

    Layer: met1
      Partial area ratio:    0.00
      Required ratio:    0.00 (Gate area) 
      Partial area ratio:    0.00
      Required ratio:  400.00 (Side area) 
      Cumulative area ratio:    0.00
      Required ratio:    0.00 (Cumulative area) 
      Cumulative area ratio:    0.00
      Required ratio:    0.00 (Cumulative side area) 

    Layer: li1
      Partial area ratio:    0.00
      Required ratio:    0.00 (Gate area) 
      Partial area ratio:    0.00
      Required ratio:   75.00 (Side area) 
      Cumulative area ratio:    0.00
      Required ratio:    0.00 (Cumulative area) 
      Cumulative area ratio:    0.00
      Required ratio:    0.00 (Cumulative side area) 

    Via: M2M3_PR
      Partial area ratio:    0.04
      Required ratio:    6.00 (Gate area) 
      Cumulative area ratio:    0.78
      Required ratio:    0.00 (Cumulative area) 

    Via: M1M2_PR
      Partial area ratio:    0.09
      Required ratio:    6.00 (Gate area) 
      Cumulative area ratio:    0.21
      Required ratio:    0.00 (Cumulative area) 

    Via: L1M1_PR_MR
      Partial area ratio:    0.12
      Required ratio:    3.00 (Gate area) 
      Cumulative area ratio:    0.12
      Required ratio:    0.00 (Cumulative area) 

  Pin: _5315_/A (sky130_fd_sc_hd__or2_1)
    Layer: met3
      Partial area ratio:    9.67
      Required ratio:    0.00 (Gate area) 
      Partial area ratio:   53.37
      Required ratio: 2778.20 (Side area) 
      Cumulative area ratio:  119.81
      Required ratio:    0.00 (Cumulative area) 
      Cumulative area ratio:  618.42
      Required ratio:    0.00 (Cumulative side area) 

    Layer: met2
      Partial area ratio:    1.99
      Required ratio:    0.00 (Gate area) 
      Partial area ratio:   10.36
      Required ratio:  400.00 (Side area) 
      Cumulative area ratio:   10.88
      Required ratio:    0.00 (Cumulative area) 
      Cumulative area ratio:   57.88
      Required ratio:    0.00 (Cumulative side area) 

    Layer: met1
      Partial area ratio:    2.44
      Required ratio:    0.00 (Gate area) 
      Partial area ratio:   13.74
      Required ratio:  400.00 (Side area) 
      Cumulative area ratio:    2.44
      Required ratio:    0.00 (Cumulative area) 
      Cumulative area ratio:   13.74
      Required ratio:    0.00 (Cumulative side area) 

    Layer: li1
      Partial area ratio:    0.00
      Required ratio:    0.00 (Gate area) 
      Partial area ratio:    0.00
      Required ratio:   75.00 (Side area) 
      Cumulative area ratio:    0.00
      Required ratio:    0.00 (Cumulative area) 
      Cumulative area ratio:    0.00
      Required ratio:    0.00 (Cumulative side area) 

    Via: M2M3_PR
      Partial area ratio:    0.04
      Required ratio:    6.00 (Gate area) 
      Cumulative area ratio:    0.81
      Required ratio:    0.00 (Cumulative area) 

    Via: M1M2_PR
      Partial area ratio:    0.18
      Required ratio:    6.00 (Gate area) 
      Cumulative area ratio:    0.41
      Required ratio:    0.00 (Cumulative area) 

    Via: L1M1_PR_MR
      Partial area ratio:    0.23
      Required ratio:    3.00 (Gate area) 
      Cumulative area ratio:    0.23
      Required ratio:    0.00 (Cumulative area) 

  Pin: _5295_/A (sky130_fd_sc_hd__nor2_1)
    Layer: met3
      Partial area ratio:    9.67
      Required ratio:    0.00 (Gate area) 
      Partial area ratio:   53.37
      Required ratio: 2778.20 (Side area) 
      Cumulative area ratio:  120.67
      Required ratio:    0.00 (Cumulative area) 
      Cumulative area ratio:  623.12
      Required ratio:    0.00 (Cumulative side area) 

    Layer: met2
      Partial area ratio:    1.99
      Required ratio:    0.00 (Gate area) 
      Partial area ratio:   10.36
      Required ratio:  400.00 (Side area) 
      Cumulative area ratio:   11.74
      Required ratio:    0.00 (Cumulative area) 
      Cumulative area ratio:   62.58
      Required ratio:    0.00 (Cumulative side area) 

    Layer: met1
      Partial area ratio:    0.86
      Required ratio:    0.00 (Gate area) 
      Partial area ratio:    4.69
      Required ratio:  400.00 (Side area) 
      Cumulative area ratio:    0.86
      Required ratio:    0.00 (Cumulative area) 
      Cumulative area ratio:    4.69
      Required ratio:    0.00 (Cumulative side area) 

    Layer: li1
      Partial area ratio:    0.00
      Required ratio:    0.00 (Gate area) 
      Partial area ratio:    0.00
      Required ratio:   75.00 (Side area) 
      Cumulative area ratio:    0.00
      Required ratio:    0.00 (Cumulative area) 
      Cumulative area ratio:    0.00
      Required ratio:    0.00 (Cumulative side area) 

    Via: M2M3_PR
      Partial area ratio:    0.04
      Required ratio:    6.00 (Gate area) 
      Cumulative area ratio:    0.78
      Required ratio:    0.00 (Cumulative area) 

    Via: M1M2_PR
      Partial area ratio:    0.09
      Required ratio:    6.00 (Gate area) 
      Cumulative area ratio:    0.21
      Required ratio:    0.00 (Cumulative area) 

    Via: L1M1_PR_MR
      Partial area ratio:    0.12
      Required ratio:    3.00 (Gate area) 
      Cumulative area ratio:    0.12
      Required ratio:    0.00 (Cumulative area) 

  Pin: _5332_/A (sky130_fd_sc_hd__or2_1)
    Layer: met3
      Partial area ratio:    9.67
      Required ratio:    0.00 (Gate area) 
      Partial area ratio:   53.37
      Required ratio: 2778.20 (Side area) 
      Cumulative area ratio:  119.81
      Required ratio:    0.00 (Cumulative area) 
      Cumulative area ratio:  618.42
      Required ratio:    0.00 (Cumulative side area) 

    Layer: met2
      Partial area ratio:    1.99
      Required ratio:    0.00 (Gate area) 
      Partial area ratio:   10.36
      Required ratio:  400.00 (Side area) 
      Cumulative area ratio:   10.88
      Required ratio:    0.00 (Cumulative area) 
      Cumulative area ratio:   57.88
      Required ratio:    0.00 (Cumulative side area) 

    Layer: met1
      Partial area ratio:    2.44
      Required ratio:    0.00 (Gate area) 
      Partial area ratio:   13.74
      Required ratio:  400.00 (Side area) 
      Cumulative area ratio:    2.44
      Required ratio:    0.00 (Cumulative area) 
      Cumulative area ratio:   13.74
      Required ratio:    0.00 (Cumulative side area) 

    Layer: li1
      Partial area ratio:    0.00
      Required ratio:    0.00 (Gate area) 
      Partial area ratio:    0.00
      Required ratio:   75.00 (Side area) 
      Cumulative area ratio:    0.00
      Required ratio:    0.00 (Cumulative area) 
      Cumulative area ratio:    0.00
      Required ratio:    0.00 (Cumulative side area) 

    Via: M2M3_PR
      Partial area ratio:    0.04
      Required ratio:    6.00 (Gate area) 
      Cumulative area ratio:    0.81
      Required ratio:    0.00 (Cumulative area) 

    Via: M1M2_PR
      Partial area ratio:    0.18
      Required ratio:    6.00 (Gate area) 
      Cumulative area ratio:    0.41
      Required ratio:    0.00 (Cumulative area) 

    Via: L1M1_PR_MR
      Partial area ratio:    0.23
      Required ratio:    3.00 (Gate area) 
      Cumulative area ratio:    0.23
      Required ratio:    0.00 (Cumulative area) 

  Pin: _5465_/A (sky130_fd_sc_hd__or2_1)
    Layer: met3
      Partial area ratio:    9.67
      Required ratio:    0.00 (Gate area) 
      Partial area ratio:   53.37
      Required ratio: 2778.20 (Side area) 
      Cumulative area ratio:  119.81
      Required ratio:    0.00 (Cumulative area) 
      Cumulative area ratio:  618.42
      Required ratio:    0.00 (Cumulative side area) 

    Layer: met2
      Partial area ratio:    1.99
      Required ratio:    0.00 (Gate area) 
      Partial area ratio:   10.36
      Required ratio:  400.00 (Side area) 
      Cumulative area ratio:   10.88
      Required ratio:    0.00 (Cumulative area) 
      Cumulative area ratio:   57.88
      Required ratio:    0.00 (Cumulative side area) 

    Layer: met1
      Partial area ratio:    2.44
      Required ratio:    0.00 (Gate area) 
      Partial area ratio:   13.74
      Required ratio:  400.00 (Side area) 
      Cumulative area ratio:    2.44
      Required ratio:    0.00 (Cumulative area) 
      Cumulative area ratio:   13.74
      Required ratio:    0.00 (Cumulative side area) 

    Layer: li1
      Partial area ratio:    0.00
      Required ratio:    0.00 (Gate area) 
      Partial area ratio:    0.00
      Required ratio:   75.00 (Side area) 
      Cumulative area ratio:    0.00
      Required ratio:    0.00 (Cumulative area) 
      Cumulative area ratio:    0.00
      Required ratio:    0.00 (Cumulative side area) 

    Via: M2M3_PR
      Partial area ratio:    0.04
      Required ratio:    6.00 (Gate area) 
      Cumulative area ratio:    0.81
      Required ratio:    0.00 (Cumulative area) 

    Via: M1M2_PR
      Partial area ratio:    0.18
      Required ratio:    6.00 (Gate area) 
      Cumulative area ratio:    0.41
      Required ratio:    0.00 (Cumulative area) 

    Via: L1M1_PR_MR
      Partial area ratio:    0.23
      Required ratio:    3.00 (Gate area) 
      Cumulative area ratio:    0.23
      Required ratio:    0.00 (Cumulative area) 

  Pin: _5020_/A (sky130_fd_sc_hd__or2_1)
    Layer: met3
      Partial area ratio:    9.67
      Required ratio:    0.00 (Gate area) 
      Partial area ratio:   53.37
      Required ratio: 2778.20 (Side area) 
      Cumulative area ratio:  109.60
      Required ratio:    0.00 (Cumulative area) 
      Cumulative area ratio:  564.65
      Required ratio:    0.00 (Cumulative side area) 

    Layer: met2
      Partial area ratio:   99.26
      Required ratio:    0.00 (Gate area) 
      Partial area ratio:  507.17
      Required ratio:  400.00 (Side area) (VIOLATED)
      Cumulative area ratio:   99.92
      Required ratio:    0.00 (Cumulative area) 
      Cumulative area ratio:  511.28
      Required ratio:    0.00 (Cumulative side area) 

    Layer: met1
      Partial area ratio:    0.67
      Required ratio:    0.00 (Gate area) 
      Partial area ratio:    4.11
      Required ratio:  400.00 (Side area) 
      Cumulative area ratio:    0.67
      Required ratio:    0.00 (Cumulative area) 
      Cumulative area ratio:    4.11
      Required ratio:    0.00 (Cumulative side area) 

    Layer: li1
      Partial area ratio:    0.00
      Required ratio:    0.00 (Gate area) 
      Partial area ratio:    0.00
      Required ratio:   75.00 (Side area) 
      Cumulative area ratio:    0.00
      Required ratio:    0.00 (Cumulative area) 
      Cumulative area ratio:    0.00
      Required ratio:    0.00 (Cumulative side area) 

    Via: M2M3_PR
      Partial area ratio:    0.63
      Required ratio:    6.00 (Gate area) 
      Cumulative area ratio:    1.04
      Required ratio:    0.00 (Cumulative area) 

    Via: M1M2_PR
      Partial area ratio:    0.18
      Required ratio:    6.00 (Gate area) 
      Cumulative area ratio:    0.41
      Required ratio:    0.00 (Cumulative area) 

    Via: L1M1_PR_MR
      Partial area ratio:    0.23
      Required ratio:    3.00 (Gate area) 
      Cumulative area ratio:    0.23
      Required ratio:    0.00 (Cumulative area) 


[INFO ANT-0002] Found 4 net violations.
[INFO ANT-0001] Found 6 pin violations.
