
===========================================================================
 report_power
============================================================================
======================= Fastest Corner ===================================

Group                  Internal  Switching    Leakage      Total
                          Power      Power      Power      Power (Watts)
----------------------------------------------------------------
Sequential             5.97e-03   7.58e-04   1.48e-08   6.73e-03  38.5%
Combinational          4.29e-03   2.63e-03   4.96e-08   6.92e-03  39.6%
Clock                  1.76e-03   2.08e-03   1.30e-08   3.84e-03  21.9%
Macro                  0.00e+00   0.00e+00   0.00e+00   0.00e+00   0.0%
Pad                    0.00e+00   0.00e+00   0.00e+00   0.00e+00   0.0%
----------------------------------------------------------------
Total                  1.20e-02   5.47e-03   7.74e-08   1.75e-02 100.0%
                          68.7%      31.3%       0.0%

======================= Slowest Corner ===================================

Group                  Internal  Switching    Leakage      Total
                          Power      Power      Power      Power (Watts)
----------------------------------------------------------------
Sequential             4.04e-03   4.79e-04   1.48e-05   4.54e-03  38.2%
Combinational          2.98e-03   1.72e-03   3.71e-05   4.74e-03  39.9%
Clock                  1.27e-03   1.34e-03   2.07e-06   2.61e-03  21.9%
Macro                  0.00e+00   0.00e+00   0.00e+00   0.00e+00   0.0%
Pad                    0.00e+00   0.00e+00   0.00e+00   0.00e+00   0.0%
----------------------------------------------------------------
Total                  8.29e-03   3.54e-03   5.40e-05   1.19e-02 100.0%
                          69.8%      29.8%       0.5%

======================= Typical Corner ===================================

Group                  Internal  Switching    Leakage      Total
                          Power      Power      Power      Power (Watts)
----------------------------------------------------------------
Sequential             5.17e-03   6.25e-04   8.56e-09   5.79e-03  38.5%
Combinational          3.78e-03   2.21e-03   2.52e-08   5.98e-03  39.7%
Clock                  1.54e-03   1.75e-03   7.96e-09   3.29e-03  21.8%
Macro                  0.00e+00   0.00e+00   0.00e+00   0.00e+00   0.0%
Pad                    0.00e+00   0.00e+00   0.00e+00   0.00e+00   0.0%
----------------------------------------------------------------
Total                  1.05e-02   4.58e-03   4.17e-08   1.51e-02 100.0%
                          69.6%      30.4%       0.0%

