[ERROR]: during executing openroad script /openlane/scripts/openroad/gpl.tcl
[ERROR]: Log: designs/Lab3/runs/RUN_2025.05.26_20.06.50/logs/placement/6-global_skip_io.log
[ERROR]: Last 10 lines:
[INFO GPL-0017] NonPlaceInstsArea:       57.555 um^2
[INFO GPL-0018] PlaceInstsArea:         205.197 um^2
[INFO GPL-0019] Util:                    62.595 %
[INFO GPL-0020] StdInstsArea:           205.197 um^2
[INFO GPL-0021] MacroInstsArea:           0.000 um^2
[ERROR GPL-0302] Use a higher -density or re-floorplan with a larger core area.
Given target density: 0.35
Suggested target density: 0.63
Error: gpl.tcl, 75 GPL-0302
child process exited abnormally

[ERROR]: Creating issue reproducible...
[ERROR]: Step 7 (placement) failed with error:
-code 1 -level 0 -errorstack {INNER {invokeStk1 throw_error} CALL {run_tcl_script -tool openroad -no_consume /openlane/scripts/openroad/gpl.tcl -indexed_log /openlane/designs/Lab3/runs/RUN_2025.05.26_20.06.50/logs/placement/6-global_skip_io.log -save to=/openlane/designs/Lab3/runs/RUN_2025.05.26_20.06.50/tmp/placement,name=global_skip_io,def,odb,netlist,powered_netlist} CALL {run_openroad_script /openlane/scripts/openroad/gpl.tcl -indexed_log /openlane/designs/Lab3/runs/RUN_2025.05.26_20.06.50/logs/placement/6-global_skip_io.log -save to=/openlane/designs/Lab3/runs/RUN_2025.05.26_20.06.50/tmp/placement,name=global_skip_io,def,odb,netlist,powered_netlist} CALL {global_placement_or -skip_io -name global_skip_io -log /openlane/designs/Lab3/runs/RUN_2025.05.26_20.06.50/logs/placement/global_skip_io.log} CALL run_placement CALL run_placement_step CALL {run_non_interactive_mode -design Lab3}} -errorcode NONE -errorinfo {
    while executing
"throw_error"
    (procedure "run_tcl_script" line 219)
    invoked from within
"run_tcl_script -tool openroad -no_consume {*}$args"
    (procedure "run_openroad_script" line 2)
    invoked from within
"run_openroad_script $::env(SCRIPTS_DIR)/openroad/gpl.tcl -indexed_log $log -save "to=$arg_values(-outdir),name=$arg_values(-name),def,odb,netlist,powe..."
    (procedure "global_placement_or" line 29)
    invoked from within
"global_placement_or -skip_io -name global_skip_io -log $::env(placement_logs)/global_skip_io.log"
    (procedure "run_placement" line 15)
    invoked from within
"run_placement"
    (procedure "run_placement_step" line 8)
    invoked from within
"run_placement_step"} -errorline 1
[ERROR]: Flow failed.
