OpenROAD b16bda7e82721d10566ff7e2b68f1ff0be9f9e38 
Features included (+) or not (-): +Charts +GPU +GUI +Python
This program is licensed under the BSD-3 license. See the LICENSE file for details.
Components of this program may be licensed under more restrictive licenses which must be honored.
define_corners Typical
read_liberty -corner Typical /home/mertg/.volare/sky130A/libs.ref/sky130_fd_sc_hd/lib/sky130_fd_sc_hd__tt_025C_1v80.lib
Using 1e-12 for capacitance...
Using 1e+03 for resistance...
Using 1e-09 for time...
Using 1e+00 for voltage...
Using 1e-03 for current...
Using 1e-09 for power...
Using 1e-06 for distance...
[INFO]: Reading ODB at '/openlane/designs/Lab4/runs/RUN_2025.06.03_22.01.02/results/floorplan/top.odb'…
Reading design constraints file at '/openlane/scripts/base.sdc'…
[INFO]: Setting output delay to: 4.0
[INFO]: Setting input delay to: 4.0
[INFO]: Setting load to: 0.033442
[INFO]: Setting clock uncertainty to: 0.25
[INFO]: Setting clock transition to: 0.15
[INFO]: Setting timing derate to: 5.0 %
[INFO]: Setting RC values...
[INFO]: Setting signal min routing layer to: met1 and clock min routing layer to met3. 
[INFO]: Setting signal max routing layer to: met5 and clock max routing layer to met5. 
[WARNING GPL-0150] -skip_io will disable timing driven mode.
[WARNING GPL-0151] -skip_io will disable routability driven mode.
[INFO GPL-0002] DBU: 1000
[INFO GPL-0003] SiteSize: (  0.460  2.720 ) um
[INFO GPL-0004] CoreBBox: ( 40.020 40.800 ) ( 359.720 359.040 ) um
[INFO GPL-0006] NumInstances:              6953
[INFO GPL-0007] NumPlaceInstances:         5291
[INFO GPL-0008] NumFixedInstances:         1662
[INFO GPL-0009] NumDummyInstances:            0
[INFO GPL-0010] NumNets:                   5342
[INFO GPL-0011] NumPins:                  18585
[INFO GPL-0012] DieBBox:  (  0.000  0.000 ) ( 400.000 400.000 ) um
[INFO GPL-0013] CoreBBox: ( 40.020 40.800 ) ( 359.720 359.040 ) um
[INFO GPL-0016] CoreArea:            101741.328 um^2
[INFO GPL-0017] NonPlaceInstsArea:     2665.056 um^2
[INFO GPL-0018] PlaceInstsArea:       62407.354 um^2
[INFO GPL-0019] Util:                    62.989 %
[INFO GPL-0020] StdInstsArea:         62407.354 um^2
[INFO GPL-0021] MacroInstsArea:           0.000 um^2
[INFO GPL-0031] FillerInit:NumGCells:      5462
[INFO GPL-0032] FillerInit:NumGNets:       5342
[INFO GPL-0033] FillerInit:NumGPins:      18585
[INFO GPL-0023] TargetDensity:            0.650
[INFO GPL-0024] AvrgPlaceInstArea:       11.795 um^2
[INFO GPL-0025] IdealBinArea:            18.146 um^2
[INFO GPL-0026] IdealBinCnt:               5606
[INFO GPL-0027] TotalBinArea:        101741.328 um^2
[INFO GPL-0028] BinCnt:        64     64
[INFO GPL-0029] BinSize: (  4.996  4.973 )
[INFO GPL-0030] NumBins: 4096
[NesterovSolve] Iter:    1 overflow: 0.999 HPWL: 13663086
[NesterovSolve] Iter:   10 overflow: 0.998 HPWL: 8475911
[NesterovSolve] Iter:   20 overflow: 0.998 HPWL: 8385106
[NesterovSolve] Iter:   30 overflow: 0.998 HPWL: 8355267
[NesterovSolve] Iter:   40 overflow: 0.998 HPWL: 8350731
[NesterovSolve] Iter:   50 overflow: 0.997 HPWL: 8366319
[NesterovSolve] Iter:   60 overflow: 0.997 HPWL: 8376876
[NesterovSolve] Iter:   70 overflow: 0.997 HPWL: 8381394
[NesterovSolve] Iter:   80 overflow: 0.997 HPWL: 8393904
[NesterovSolve] Iter:   90 overflow: 0.997 HPWL: 8431500
[NesterovSolve] Iter:  100 overflow: 0.996 HPWL: 8523751
[NesterovSolve] Iter:  110 overflow: 0.996 HPWL: 8726332
[NesterovSolve] Iter:  120 overflow: 0.996 HPWL: 9112399
[NesterovSolve] Iter:  130 overflow: 0.995 HPWL: 9882001
[NesterovSolve] Iter:  140 overflow: 0.993 HPWL: 11856165
[NesterovSolve] Iter:  150 overflow: 0.986 HPWL: 16875352
[NesterovSolve] Iter:  160 overflow: 0.976 HPWL: 22644404
[NesterovSolve] Iter:  170 overflow: 0.970 HPWL: 25738551
[NesterovSolve] Iter:  180 overflow: 0.963 HPWL: 29039078
[NesterovSolve] Iter:  190 overflow: 0.946 HPWL: 35979160
[NesterovSolve] Iter:  200 overflow: 0.923 HPWL: 43776629
[NesterovSolve] Iter:  210 overflow: 0.901 HPWL: 51014004
[NesterovSolve] Iter:  220 overflow: 0.871 HPWL: 59456264
[NesterovSolve] Iter:  230 overflow: 0.839 HPWL: 67678176
[NesterovSolve] Iter:  240 overflow: 0.803 HPWL: 75895829
[NesterovSolve] Iter:  250 overflow: 0.763 HPWL: 84239031
[NesterovSolve] Iter:  260 overflow: 0.722 HPWL: 92272411
[NesterovSolve] Iter:  270 overflow: 0.677 HPWL: 99639971
[NesterovSolve] Iter:  280 overflow: 0.630 HPWL: 106138718
[NesterovSolve] Iter:  290 overflow: 0.579 HPWL: 111179916
[NesterovSolve] Iter:  300 overflow: 0.533 HPWL: 115730889
[NesterovSolve] Iter:  310 overflow: 0.494 HPWL: 120246555
[NesterovSolve] Iter:  320 overflow: 0.455 HPWL: 122354695
[NesterovSolve] Iter:  330 overflow: 0.408 HPWL: 124014908
[NesterovSolve] Iter:  340 overflow: 0.366 HPWL: 125926905
[NesterovSolve] Iter:  350 overflow: 0.326 HPWL: 127203640
[NesterovSolve] Iter:  360 overflow: 0.294 HPWL: 128354952
[NesterovSolve] Iter:  370 overflow: 0.261 HPWL: 129233066
[NesterovSolve] Iter:  380 overflow: 0.229 HPWL: 130112874
[NesterovSolve] Iter:  390 overflow: 0.195 HPWL: 130652461
[NesterovSolve] Iter:  400 overflow: 0.163 HPWL: 131272590
[NesterovSolve] Iter:  410 overflow: 0.138 HPWL: 131776066
[NesterovSolve] Iter:  420 overflow: 0.116 HPWL: 132243604
[NesterovSolve] Finished with Overflow: 0.098527
Setting global connections for newly added cells…
Writing OpenROAD database to '/openlane/designs/Lab4/runs/RUN_2025.06.03_22.01.02/tmp/placement/7-global_skip_io.odb'…
Writing netlist to '/openlane/designs/Lab4/runs/RUN_2025.06.03_22.01.02/tmp/placement/7-global_skip_io.nl.v'…
Writing powered netlist to '/openlane/designs/Lab4/runs/RUN_2025.06.03_22.01.02/tmp/placement/7-global_skip_io.pnl.v'…
Writing layout to '/openlane/designs/Lab4/runs/RUN_2025.06.03_22.01.02/tmp/placement/7-global_skip_io.def'…
