
===========================================================================
report_checks -path_delay max (Setup)
============================================================================
======================= Typical Corner ===================================

Startpoint: sel[0] (input port clocked by clk)
Endpoint: _167_ (rising edge-triggered flip-flop clocked by clk)
Path Group: clk
Path Type: max

Fanout     Cap    Slew   Delay    Time   Description
-----------------------------------------------------------------------------
                  0.15    0.00    0.00   clock clk (rise edge)
                          0.00    0.00   clock network delay (ideal)
                          2.00    2.00 ^ input external delay
     8    0.02    0.12    0.08    2.08 ^ sel[0] (in)
                                         sel[0] (net)
                  0.12    0.00    2.08 ^ _087_/B_N (sky130_fd_sc_hd__or2b_2)
     1    0.00    0.05    0.31    2.39 v _087_/X (sky130_fd_sc_hd__or2b_2)
                                         _012_ (net)
                  0.05    0.00    2.39 v _088_/A (sky130_fd_sc_hd__buf_1)
    10    0.03    0.19    0.23    2.62 v _088_/X (sky130_fd_sc_hd__buf_1)
                                         _013_ (net)
                  0.19    0.00    2.62 v _089_/C (sky130_fd_sc_hd__and3_2)
     2    0.00    0.04    0.29    2.91 v _089_/X (sky130_fd_sc_hd__and3_2)
                                         _014_ (net)
                  0.04    0.00    2.91 v _092_/B (sky130_fd_sc_hd__or3_2)
     2    0.00    0.08    0.47    3.38 v _092_/X (sky130_fd_sc_hd__or3_2)
                                         _017_ (net)
                  0.08    0.00    3.38 v _098_/A2 (sky130_fd_sc_hd__a21o_2)
     4    0.01    0.06    0.27    3.65 v _098_/X (sky130_fd_sc_hd__a21o_2)
                                         _022_ (net)
                  0.06    0.00    3.65 v _123_/A1 (sky130_fd_sc_hd__a211o_2)
     3    0.01    0.07    0.35    4.00 v _123_/X (sky130_fd_sc_hd__a211o_2)
                                         _045_ (net)
                  0.07    0.00    4.00 v _145_/A3 (sky130_fd_sc_hd__a31oi_2)
     2    0.01    0.19    0.24    4.24 ^ _145_/Y (sky130_fd_sc_hd__a31oi_2)
                                         _065_ (net)
                  0.19    0.00    4.24 ^ _152_/A3 (sky130_fd_sc_hd__o31a_2)
     1    0.01    0.07    0.19    4.43 ^ _152_/X (sky130_fd_sc_hd__o31a_2)
                                         _071_ (net)
                  0.07    0.00    4.43 ^ _157_/A (sky130_fd_sc_hd__xnor2_2)
     1    0.00    0.04    0.07    4.49 v _157_/Y (sky130_fd_sc_hd__xnor2_2)
                                         _004_ (net)
                  0.04    0.00    4.49 v _159_/B1 (sky130_fd_sc_hd__o221a_2)
     1    0.00    0.04    0.24    4.74 v _159_/X (sky130_fd_sc_hd__o221a_2)
                                         _079_ (net)
                  0.04    0.00    4.74 v _167_/D (sky130_fd_sc_hd__dfxtp_2)
                                  4.74   data arrival time

                  0.15   10.00   10.00   clock clk (rise edge)
                          0.00   10.00   clock network delay (ideal)
                         -0.25    9.75   clock uncertainty
                          0.00    9.75   clock reconvergence pessimism
                                  9.75 ^ _167_/CLK (sky130_fd_sc_hd__dfxtp_2)
                         -0.09    9.66   library setup time
                                  9.66   data required time
-----------------------------------------------------------------------------
                                  9.66   data required time
                                 -4.74   data arrival time
-----------------------------------------------------------------------------
                                  4.93   slack (MET)


Startpoint: sel[0] (input port clocked by clk)
Endpoint: _166_ (rising edge-triggered flip-flop clocked by clk)
Path Group: clk
Path Type: max

Fanout     Cap    Slew   Delay    Time   Description
-----------------------------------------------------------------------------
                  0.15    0.00    0.00   clock clk (rise edge)
                          0.00    0.00   clock network delay (ideal)
                          2.00    2.00 ^ input external delay
     8    0.02    0.12    0.08    2.08 ^ sel[0] (in)
                                         sel[0] (net)
                  0.12    0.00    2.08 ^ _087_/B_N (sky130_fd_sc_hd__or2b_2)
     1    0.00    0.05    0.31    2.39 v _087_/X (sky130_fd_sc_hd__or2b_2)
                                         _012_ (net)
                  0.05    0.00    2.39 v _088_/A (sky130_fd_sc_hd__buf_1)
    10    0.03    0.19    0.23    2.62 v _088_/X (sky130_fd_sc_hd__buf_1)
                                         _013_ (net)
                  0.19    0.00    2.62 v _089_/C (sky130_fd_sc_hd__and3_2)
     2    0.00    0.04    0.29    2.91 v _089_/X (sky130_fd_sc_hd__and3_2)
                                         _014_ (net)
                  0.04    0.00    2.91 v _092_/B (sky130_fd_sc_hd__or3_2)
     2    0.00    0.08    0.47    3.38 v _092_/X (sky130_fd_sc_hd__or3_2)
                                         _017_ (net)
                  0.08    0.00    3.38 v _098_/A2 (sky130_fd_sc_hd__a21o_2)
     4    0.01    0.06    0.27    3.65 v _098_/X (sky130_fd_sc_hd__a21o_2)
                                         _022_ (net)
                  0.06    0.00    3.65 v _123_/A1 (sky130_fd_sc_hd__a211o_2)
     3    0.01    0.07    0.35    4.00 v _123_/X (sky130_fd_sc_hd__a211o_2)
                                         _045_ (net)
                  0.07    0.00    4.00 v _145_/A3 (sky130_fd_sc_hd__a31oi_2)
     2    0.01    0.19    0.24    4.24 ^ _145_/Y (sky130_fd_sc_hd__a31oi_2)
                                         _065_ (net)
                  0.19    0.00    4.24 ^ _146_/B (sky130_fd_sc_hd__nor2_2)
     1    0.01    0.06    0.07    4.31 v _146_/Y (sky130_fd_sc_hd__nor2_2)
                                         _066_ (net)
                  0.06    0.00    4.31 v _147_/B (sky130_fd_sc_hd__xnor2_2)
     1    0.00    0.04    0.13    4.44 v _147_/Y (sky130_fd_sc_hd__xnor2_2)
                                         _067_ (net)
                  0.04    0.00    4.44 v _150_/A2 (sky130_fd_sc_hd__a21o_2)
     1    0.00    0.03    0.21    4.65 v _150_/X (sky130_fd_sc_hd__a21o_2)
                                         _078_ (net)
                  0.03    0.00    4.65 v _166_/D (sky130_fd_sc_hd__dfxtp_2)
                                  4.65   data arrival time

                  0.15   10.00   10.00   clock clk (rise edge)
                          0.00   10.00   clock network delay (ideal)
                         -0.25    9.75   clock uncertainty
                          0.00    9.75   clock reconvergence pessimism
                                  9.75 ^ _166_/CLK (sky130_fd_sc_hd__dfxtp_2)
                         -0.08    9.67   library setup time
                                  9.67   data required time
-----------------------------------------------------------------------------
                                  9.67   data required time
                                 -4.65   data arrival time
-----------------------------------------------------------------------------
                                  5.02   slack (MET)


Startpoint: sel[0] (input port clocked by clk)
Endpoint: _165_ (rising edge-triggered flip-flop clocked by clk)
Path Group: clk
Path Type: max

Fanout     Cap    Slew   Delay    Time   Description
-----------------------------------------------------------------------------
                  0.15    0.00    0.00   clock clk (rise edge)
                          0.00    0.00   clock network delay (ideal)
                          2.00    2.00 ^ input external delay
     8    0.02    0.12    0.08    2.08 ^ sel[0] (in)
                                         sel[0] (net)
                  0.12    0.00    2.08 ^ _087_/B_N (sky130_fd_sc_hd__or2b_2)
     1    0.00    0.05    0.31    2.39 v _087_/X (sky130_fd_sc_hd__or2b_2)
                                         _012_ (net)
                  0.05    0.00    2.39 v _088_/A (sky130_fd_sc_hd__buf_1)
    10    0.03    0.19    0.23    2.62 v _088_/X (sky130_fd_sc_hd__buf_1)
                                         _013_ (net)
                  0.19    0.00    2.62 v _089_/C (sky130_fd_sc_hd__and3_2)
     2    0.00    0.04    0.29    2.91 v _089_/X (sky130_fd_sc_hd__and3_2)
                                         _014_ (net)
                  0.04    0.00    2.91 v _092_/B (sky130_fd_sc_hd__or3_2)
     2    0.00    0.08    0.47    3.38 v _092_/X (sky130_fd_sc_hd__or3_2)
                                         _017_ (net)
                  0.08    0.00    3.38 v _098_/A2 (sky130_fd_sc_hd__a21o_2)
     4    0.01    0.06    0.27    3.65 v _098_/X (sky130_fd_sc_hd__a21o_2)
                                         _022_ (net)
                  0.06    0.00    3.65 v _123_/A1 (sky130_fd_sc_hd__a211o_2)
     3    0.01    0.07    0.35    4.00 v _123_/X (sky130_fd_sc_hd__a211o_2)
                                         _045_ (net)
                  0.07    0.00    4.00 v _134_/A3 (sky130_fd_sc_hd__a32o_2)
     1    0.01    0.05    0.30    4.30 v _134_/X (sky130_fd_sc_hd__a32o_2)
                                         _055_ (net)
                  0.05    0.00    4.30 v _135_/B (sky130_fd_sc_hd__xor2_2)
     1    0.00    0.04    0.14    4.44 v _135_/X (sky130_fd_sc_hd__xor2_2)
                                         _056_ (net)
                  0.04    0.00    4.44 v _138_/A2 (sky130_fd_sc_hd__a21o_2)
     1    0.00    0.03    0.21    4.65 v _138_/X (sky130_fd_sc_hd__a21o_2)
                                         _077_ (net)
                  0.03    0.00    4.65 v _165_/D (sky130_fd_sc_hd__dfxtp_2)
                                  4.65   data arrival time

                  0.15   10.00   10.00   clock clk (rise edge)
                          0.00   10.00   clock network delay (ideal)
                         -0.25    9.75   clock uncertainty
                          0.00    9.75   clock reconvergence pessimism
                                  9.75 ^ _165_/CLK (sky130_fd_sc_hd__dfxtp_2)
                         -0.08    9.67   library setup time
                                  9.67   data required time
-----------------------------------------------------------------------------
                                  9.67   data required time
                                 -4.65   data arrival time
-----------------------------------------------------------------------------
                                  5.02   slack (MET)


Startpoint: sel[0] (input port clocked by clk)
Endpoint: _164_ (rising edge-triggered flip-flop clocked by clk)
Path Group: clk
Path Type: max

Fanout     Cap    Slew   Delay    Time   Description
-----------------------------------------------------------------------------
                  0.15    0.00    0.00   clock clk (rise edge)
                          0.00    0.00   clock network delay (ideal)
                          2.00    2.00 ^ input external delay
     8    0.02    0.12    0.08    2.08 ^ sel[0] (in)
                                         sel[0] (net)
                  0.12    0.00    2.08 ^ _087_/B_N (sky130_fd_sc_hd__or2b_2)
     1    0.00    0.05    0.31    2.39 v _087_/X (sky130_fd_sc_hd__or2b_2)
                                         _012_ (net)
                  0.05    0.00    2.39 v _088_/A (sky130_fd_sc_hd__buf_1)
    10    0.03    0.19    0.23    2.62 v _088_/X (sky130_fd_sc_hd__buf_1)
                                         _013_ (net)
                  0.19    0.00    2.62 v _089_/C (sky130_fd_sc_hd__and3_2)
     2    0.00    0.04    0.29    2.91 v _089_/X (sky130_fd_sc_hd__and3_2)
                                         _014_ (net)
                  0.04    0.00    2.91 v _092_/B (sky130_fd_sc_hd__or3_2)
     2    0.00    0.08    0.47    3.38 v _092_/X (sky130_fd_sc_hd__or3_2)
                                         _017_ (net)
                  0.08    0.00    3.38 v _098_/A2 (sky130_fd_sc_hd__a21o_2)
     4    0.01    0.06    0.27    3.65 v _098_/X (sky130_fd_sc_hd__a21o_2)
                                         _022_ (net)
                  0.06    0.00    3.65 v _123_/A1 (sky130_fd_sc_hd__a211o_2)
     3    0.01    0.07    0.35    4.00 v _123_/X (sky130_fd_sc_hd__a211o_2)
                                         _045_ (net)
                  0.07    0.00    4.00 v _124_/B (sky130_fd_sc_hd__nand2_2)
     1    0.01    0.07    0.09    4.09 ^ _124_/Y (sky130_fd_sc_hd__nand2_2)
                                         _046_ (net)
                  0.07    0.00    4.09 ^ _125_/B (sky130_fd_sc_hd__xnor2_2)
     1    0.00    0.05    0.06    4.15 v _125_/Y (sky130_fd_sc_hd__xnor2_2)
                                         _047_ (net)
                  0.05    0.00    4.15 v _128_/A2 (sky130_fd_sc_hd__a21o_2)
     1    0.00    0.03    0.21    4.36 v _128_/X (sky130_fd_sc_hd__a21o_2)
                                         _076_ (net)
                  0.03    0.00    4.36 v _164_/D (sky130_fd_sc_hd__dfxtp_2)
                                  4.36   data arrival time

                  0.15   10.00   10.00   clock clk (rise edge)
                          0.00   10.00   clock network delay (ideal)
                         -0.25    9.75   clock uncertainty
                          0.00    9.75   clock reconvergence pessimism
                                  9.75 ^ _164_/CLK (sky130_fd_sc_hd__dfxtp_2)
                         -0.08    9.67   library setup time
                                  9.67   data required time
-----------------------------------------------------------------------------
                                  9.67   data required time
                                 -4.36   data arrival time
-----------------------------------------------------------------------------
                                  5.31   slack (MET)


Startpoint: sel[0] (input port clocked by clk)
Endpoint: _162_ (rising edge-triggered flip-flop clocked by clk)
Path Group: clk
Path Type: max

Fanout     Cap    Slew   Delay    Time   Description
-----------------------------------------------------------------------------
                  0.15    0.00    0.00   clock clk (rise edge)
                          0.00    0.00   clock network delay (ideal)
                          2.00    2.00 ^ input external delay
     8    0.02    0.12    0.08    2.08 ^ sel[0] (in)
                                         sel[0] (net)
                  0.12    0.00    2.08 ^ _087_/B_N (sky130_fd_sc_hd__or2b_2)
     1    0.00    0.05    0.31    2.39 v _087_/X (sky130_fd_sc_hd__or2b_2)
                                         _012_ (net)
                  0.05    0.00    2.39 v _088_/A (sky130_fd_sc_hd__buf_1)
    10    0.03    0.19    0.23    2.62 v _088_/X (sky130_fd_sc_hd__buf_1)
                                         _013_ (net)
                  0.19    0.00    2.62 v _089_/C (sky130_fd_sc_hd__and3_2)
     2    0.00    0.04    0.29    2.91 v _089_/X (sky130_fd_sc_hd__and3_2)
                                         _014_ (net)
                  0.04    0.00    2.91 v _092_/B (sky130_fd_sc_hd__or3_2)
     2    0.00    0.08    0.47    3.38 v _092_/X (sky130_fd_sc_hd__or3_2)
                                         _017_ (net)
                  0.08    0.00    3.38 v _098_/A2 (sky130_fd_sc_hd__a21o_2)
     4    0.01    0.06    0.27    3.65 v _098_/X (sky130_fd_sc_hd__a21o_2)
                                         _022_ (net)
                  0.06    0.00    3.65 v _103_/A (sky130_fd_sc_hd__or2_2)
     1    0.00    0.05    0.30    3.96 v _103_/X (sky130_fd_sc_hd__or2_2)
                                         _027_ (net)
                  0.05    0.00    3.96 v _104_/A2 (sky130_fd_sc_hd__a21o_2)
     1    0.00    0.03    0.22    4.17 v _104_/X (sky130_fd_sc_hd__a21o_2)
                                         _028_ (net)
                  0.03    0.00    4.17 v _106_/B1 (sky130_fd_sc_hd__o211a_2)
     1    0.00    0.04    0.12    4.30 v _106_/X (sky130_fd_sc_hd__o211a_2)
                                         _074_ (net)
                  0.04    0.00    4.30 v _162_/D (sky130_fd_sc_hd__dfxtp_2)
                                  4.30   data arrival time

                  0.15   10.00   10.00   clock clk (rise edge)
                          0.00   10.00   clock network delay (ideal)
                         -0.25    9.75   clock uncertainty
                          0.00    9.75   clock reconvergence pessimism
                                  9.75 ^ _162_/CLK (sky130_fd_sc_hd__dfxtp_2)
                         -0.09    9.66   library setup time
                                  9.66   data required time
-----------------------------------------------------------------------------
                                  9.66   data required time
                                 -4.30   data arrival time
-----------------------------------------------------------------------------
                                  5.37   slack (MET)


Startpoint: sel[0] (input port clocked by clk)
Endpoint: _163_ (rising edge-triggered flip-flop clocked by clk)
Path Group: clk
Path Type: max

Fanout     Cap    Slew   Delay    Time   Description
-----------------------------------------------------------------------------
                  0.15    0.00    0.00   clock clk (rise edge)
                          0.00    0.00   clock network delay (ideal)
                          2.00    2.00 ^ input external delay
     8    0.02    0.12    0.08    2.08 ^ sel[0] (in)
                                         sel[0] (net)
                  0.12    0.00    2.08 ^ _087_/B_N (sky130_fd_sc_hd__or2b_2)
     1    0.00    0.05    0.31    2.39 v _087_/X (sky130_fd_sc_hd__or2b_2)
                                         _012_ (net)
                  0.05    0.00    2.39 v _088_/A (sky130_fd_sc_hd__buf_1)
    10    0.03    0.19    0.23    2.62 v _088_/X (sky130_fd_sc_hd__buf_1)
                                         _013_ (net)
                  0.19    0.00    2.62 v _089_/C (sky130_fd_sc_hd__and3_2)
     2    0.00    0.04    0.29    2.91 v _089_/X (sky130_fd_sc_hd__and3_2)
                                         _014_ (net)
                  0.04    0.00    2.91 v _092_/B (sky130_fd_sc_hd__or3_2)
     2    0.00    0.08    0.47    3.38 v _092_/X (sky130_fd_sc_hd__or3_2)
                                         _017_ (net)
                  0.08    0.00    3.38 v _098_/A2 (sky130_fd_sc_hd__a21o_2)
     4    0.01    0.06    0.27    3.65 v _098_/X (sky130_fd_sc_hd__a21o_2)
                                         _022_ (net)
                  0.06    0.00    3.65 v _115_/A1 (sky130_fd_sc_hd__a21oi_2)
     1    0.01    0.14    0.17    3.82 ^ _115_/Y (sky130_fd_sc_hd__a21oi_2)
                                         _038_ (net)
                  0.14    0.00    3.82 ^ _116_/B (sky130_fd_sc_hd__xnor2_2)
     1    0.00    0.04    0.07    3.89 v _116_/Y (sky130_fd_sc_hd__xnor2_2)
                                         _039_ (net)
                  0.04    0.00    3.89 v _119_/A2 (sky130_fd_sc_hd__a21o_2)
     1    0.00    0.03    0.21    4.10 v _119_/X (sky130_fd_sc_hd__a21o_2)
                                         _075_ (net)
                  0.03    0.00    4.10 v _163_/D (sky130_fd_sc_hd__dfxtp_2)
                                  4.10   data arrival time

                  0.15   10.00   10.00   clock clk (rise edge)
                          0.00   10.00   clock network delay (ideal)
                         -0.25    9.75   clock uncertainty
                          0.00    9.75   clock reconvergence pessimism
                                  9.75 ^ _163_/CLK (sky130_fd_sc_hd__dfxtp_2)
                         -0.08    9.67   library setup time
                                  9.67   data required time
-----------------------------------------------------------------------------
                                  9.67   data required time
                                 -4.10   data arrival time
-----------------------------------------------------------------------------
                                  5.57   slack (MET)


Startpoint: sel[0] (input port clocked by clk)
Endpoint: _161_ (rising edge-triggered flip-flop clocked by clk)
Path Group: clk
Path Type: max

Fanout     Cap    Slew   Delay    Time   Description
-----------------------------------------------------------------------------
                  0.15    0.00    0.00   clock clk (rise edge)
                          0.00    0.00   clock network delay (ideal)
                          2.00    2.00 ^ input external delay
     8    0.02    0.12    0.08    2.08 ^ sel[0] (in)
                                         sel[0] (net)
                  0.12    0.00    2.08 ^ _087_/B_N (sky130_fd_sc_hd__or2b_2)
     1    0.00    0.05    0.31    2.39 v _087_/X (sky130_fd_sc_hd__or2b_2)
                                         _012_ (net)
                  0.05    0.00    2.39 v _088_/A (sky130_fd_sc_hd__buf_1)
    10    0.03    0.19    0.23    2.62 v _088_/X (sky130_fd_sc_hd__buf_1)
                                         _013_ (net)
                  0.19    0.00    2.62 v _089_/C (sky130_fd_sc_hd__and3_2)
     2    0.00    0.04    0.29    2.91 v _089_/X (sky130_fd_sc_hd__and3_2)
                                         _014_ (net)
                  0.04    0.00    2.91 v _092_/B (sky130_fd_sc_hd__or3_2)
     2    0.00    0.08    0.47    3.38 v _092_/X (sky130_fd_sc_hd__or3_2)
                                         _017_ (net)
                  0.08    0.00    3.38 v _093_/B (sky130_fd_sc_hd__and2b_2)
     1    0.01    0.05    0.23    3.62 v _093_/X (sky130_fd_sc_hd__and2b_2)
                                         _018_ (net)
                  0.05    0.00    3.62 v _094_/B (sky130_fd_sc_hd__xnor2_2)
     1    0.01    0.13    0.14    3.75 ^ _094_/Y (sky130_fd_sc_hd__xnor2_2)
                                         _019_ (net)
                  0.13    0.00    3.75 ^ _095_/B (sky130_fd_sc_hd__nand2_2)
     1    0.00    0.04    0.06    3.81 v _095_/Y (sky130_fd_sc_hd__nand2_2)
                                         _020_ (net)
                  0.04    0.00    3.81 v _097_/B1 (sky130_fd_sc_hd__o211a_2)
     1    0.00    0.04    0.13    3.94 v _097_/X (sky130_fd_sc_hd__o211a_2)
                                         _073_ (net)
                  0.04    0.00    3.94 v _161_/D (sky130_fd_sc_hd__dfxtp_2)
                                  3.94   data arrival time

                  0.15   10.00   10.00   clock clk (rise edge)
                          0.00   10.00   clock network delay (ideal)
                         -0.25    9.75   clock uncertainty
                          0.00    9.75   clock reconvergence pessimism
                                  9.75 ^ _161_/CLK (sky130_fd_sc_hd__dfxtp_2)
                         -0.09    9.66   library setup time
                                  9.66   data required time
-----------------------------------------------------------------------------
                                  9.66   data required time
                                 -3.94   data arrival time
-----------------------------------------------------------------------------
                                  5.72   slack (MET)


Startpoint: sel[1] (input port clocked by clk)
Endpoint: _160_ (rising edge-triggered flip-flop clocked by clk)
Path Group: clk
Path Type: max

Fanout     Cap    Slew   Delay    Time   Description
-----------------------------------------------------------------------------
                  0.15    0.00    0.00   clock clk (rise edge)
                          0.00    0.00   clock network delay (ideal)
                          2.00    2.00 ^ input external delay
    10    0.04    0.17    0.12    2.12 ^ sel[1] (in)
                                         sel[1] (net)
                  0.17    0.00    2.12 ^ _080_/A (sky130_fd_sc_hd__inv_2)
     8    0.02    0.08    0.11    2.23 v _080_/Y (sky130_fd_sc_hd__inv_2)
                                         _006_ (net)
                  0.08    0.00    2.23 v _081_/A (sky130_fd_sc_hd__or2_2)
     4    0.01    0.08    0.36    2.59 v _081_/X (sky130_fd_sc_hd__or2_2)
                                         _007_ (net)
                  0.08    0.00    2.59 v _082_/B1 (sky130_fd_sc_hd__o21a_2)
     1    0.00    0.03    0.13    2.72 v _082_/X (sky130_fd_sc_hd__o21a_2)
                                         _008_ (net)
                  0.03    0.00    2.72 v _084_/A1 (sky130_fd_sc_hd__mux2_2)
     1    0.00    0.05    0.26    2.98 v _084_/X (sky130_fd_sc_hd__mux2_2)
                                         _010_ (net)
                  0.05    0.00    2.98 v _085_/A (sky130_fd_sc_hd__buf_1)
     1    0.00    0.02    0.09    3.06 v _085_/X (sky130_fd_sc_hd__buf_1)
                                         _072_ (net)
                  0.02    0.00    3.06 v _160_/D (sky130_fd_sc_hd__dfxtp_2)
                                  3.06   data arrival time

                  0.15   10.00   10.00   clock clk (rise edge)
                          0.00   10.00   clock network delay (ideal)
                         -0.25    9.75   clock uncertainty
                          0.00    9.75   clock reconvergence pessimism
                                  9.75 ^ _160_/CLK (sky130_fd_sc_hd__dfxtp_2)
                         -0.08    9.67   library setup time
                                  9.67   data required time
-----------------------------------------------------------------------------
                                  9.67   data required time
                                 -3.06   data arrival time
-----------------------------------------------------------------------------
                                  6.61   slack (MET)


Startpoint: _165_ (rising edge-triggered flip-flop clocked by clk)
Endpoint: result[5] (output port clocked by clk)
Path Group: clk
Path Type: max

Fanout     Cap    Slew   Delay    Time   Description
-----------------------------------------------------------------------------
                  0.15    0.00    0.00   clock clk (rise edge)
                          0.00    0.00   clock network delay (ideal)
                  0.15    0.00    0.00 ^ _165_/CLK (sky130_fd_sc_hd__dfxtp_2)
     1    0.04    0.18    0.48    0.48 ^ _165_/Q (sky130_fd_sc_hd__dfxtp_2)
                                         result[5] (net)
                  0.18    0.00    0.48 ^ result[5] (out)
                                  0.48   data arrival time

                  0.15   10.00   10.00   clock clk (rise edge)
                          0.00   10.00   clock network delay (ideal)
                         -0.25    9.75   clock uncertainty
                          0.00    9.75   clock reconvergence pessimism
                         -2.00    7.75   output external delay
                                  7.75   data required time
-----------------------------------------------------------------------------
                                  7.75   data required time
                                 -0.48   data arrival time
-----------------------------------------------------------------------------
                                  7.27   slack (MET)


Startpoint: _166_ (rising edge-triggered flip-flop clocked by clk)
Endpoint: result[6] (output port clocked by clk)
Path Group: clk
Path Type: max

Fanout     Cap    Slew   Delay    Time   Description
-----------------------------------------------------------------------------
                  0.15    0.00    0.00   clock clk (rise edge)
                          0.00    0.00   clock network delay (ideal)
                  0.15    0.00    0.00 ^ _166_/CLK (sky130_fd_sc_hd__dfxtp_2)
     1    0.03    0.18    0.48    0.48 ^ _166_/Q (sky130_fd_sc_hd__dfxtp_2)
                                         result[6] (net)
                  0.18    0.00    0.48 ^ result[6] (out)
                                  0.48   data arrival time

                  0.15   10.00   10.00   clock clk (rise edge)
                          0.00   10.00   clock network delay (ideal)
                         -0.25    9.75   clock uncertainty
                          0.00    9.75   clock reconvergence pessimism
                         -2.00    7.75   output external delay
                                  7.75   data required time
-----------------------------------------------------------------------------
                                  7.75   data required time
                                 -0.48   data arrival time
-----------------------------------------------------------------------------
                                  7.27   slack (MET)


Startpoint: _167_ (rising edge-triggered flip-flop clocked by clk)
Endpoint: result[7] (output port clocked by clk)
Path Group: clk
Path Type: max

Fanout     Cap    Slew   Delay    Time   Description
-----------------------------------------------------------------------------
                  0.15    0.00    0.00   clock clk (rise edge)
                          0.00    0.00   clock network delay (ideal)
                  0.15    0.00    0.00 ^ _167_/CLK (sky130_fd_sc_hd__dfxtp_2)
     1    0.03    0.18    0.48    0.48 ^ _167_/Q (sky130_fd_sc_hd__dfxtp_2)
                                         result[7] (net)
                  0.18    0.00    0.48 ^ result[7] (out)
                                  0.48   data arrival time

                  0.15   10.00   10.00   clock clk (rise edge)
                          0.00   10.00   clock network delay (ideal)
                         -0.25    9.75   clock uncertainty
                          0.00    9.75   clock reconvergence pessimism
                         -2.00    7.75   output external delay
                                  7.75   data required time
-----------------------------------------------------------------------------
                                  7.75   data required time
                                 -0.48   data arrival time
-----------------------------------------------------------------------------
                                  7.27   slack (MET)


Startpoint: _160_ (rising edge-triggered flip-flop clocked by clk)
Endpoint: result[0] (output port clocked by clk)
Path Group: clk
Path Type: max

Fanout     Cap    Slew   Delay    Time   Description
-----------------------------------------------------------------------------
                  0.15    0.00    0.00   clock clk (rise edge)
                          0.00    0.00   clock network delay (ideal)
                  0.15    0.00    0.00 ^ _160_/CLK (sky130_fd_sc_hd__dfxtp_2)
     1    0.03    0.18    0.48    0.48 ^ _160_/Q (sky130_fd_sc_hd__dfxtp_2)
                                         result[0] (net)
                  0.18    0.00    0.48 ^ result[0] (out)
                                  0.48   data arrival time

                  0.15   10.00   10.00   clock clk (rise edge)
                          0.00   10.00   clock network delay (ideal)
                         -0.25    9.75   clock uncertainty
                          0.00    9.75   clock reconvergence pessimism
                         -2.00    7.75   output external delay
                                  7.75   data required time
-----------------------------------------------------------------------------
                                  7.75   data required time
                                 -0.48   data arrival time
-----------------------------------------------------------------------------
                                  7.27   slack (MET)


Startpoint: _164_ (rising edge-triggered flip-flop clocked by clk)
Endpoint: result[4] (output port clocked by clk)
Path Group: clk
Path Type: max

Fanout     Cap    Slew   Delay    Time   Description
-----------------------------------------------------------------------------
                  0.15    0.00    0.00   clock clk (rise edge)
                          0.00    0.00   clock network delay (ideal)
                  0.15    0.00    0.00 ^ _164_/CLK (sky130_fd_sc_hd__dfxtp_2)
     1    0.03    0.18    0.48    0.48 ^ _164_/Q (sky130_fd_sc_hd__dfxtp_2)
                                         result[4] (net)
                  0.18    0.00    0.48 ^ result[4] (out)
                                  0.48   data arrival time

                  0.15   10.00   10.00   clock clk (rise edge)
                          0.00   10.00   clock network delay (ideal)
                         -0.25    9.75   clock uncertainty
                          0.00    9.75   clock reconvergence pessimism
                         -2.00    7.75   output external delay
                                  7.75   data required time
-----------------------------------------------------------------------------
                                  7.75   data required time
                                 -0.48   data arrival time
-----------------------------------------------------------------------------
                                  7.27   slack (MET)


Startpoint: _161_ (rising edge-triggered flip-flop clocked by clk)
Endpoint: result[1] (output port clocked by clk)
Path Group: clk
Path Type: max

Fanout     Cap    Slew   Delay    Time   Description
-----------------------------------------------------------------------------
                  0.15    0.00    0.00   clock clk (rise edge)
                          0.00    0.00   clock network delay (ideal)
                  0.15    0.00    0.00 ^ _161_/CLK (sky130_fd_sc_hd__dfxtp_2)
     1    0.03    0.18    0.48    0.48 ^ _161_/Q (sky130_fd_sc_hd__dfxtp_2)
                                         result[1] (net)
                  0.18    0.00    0.48 ^ result[1] (out)
                                  0.48   data arrival time

                  0.15   10.00   10.00   clock clk (rise edge)
                          0.00   10.00   clock network delay (ideal)
                         -0.25    9.75   clock uncertainty
                          0.00    9.75   clock reconvergence pessimism
                         -2.00    7.75   output external delay
                                  7.75   data required time
-----------------------------------------------------------------------------
                                  7.75   data required time
                                 -0.48   data arrival time
-----------------------------------------------------------------------------
                                  7.27   slack (MET)


Startpoint: _162_ (rising edge-triggered flip-flop clocked by clk)
Endpoint: result[2] (output port clocked by clk)
Path Group: clk
Path Type: max

Fanout     Cap    Slew   Delay    Time   Description
-----------------------------------------------------------------------------
                  0.15    0.00    0.00   clock clk (rise edge)
                          0.00    0.00   clock network delay (ideal)
                  0.15    0.00    0.00 ^ _162_/CLK (sky130_fd_sc_hd__dfxtp_2)
     1    0.03    0.18    0.48    0.48 ^ _162_/Q (sky130_fd_sc_hd__dfxtp_2)
                                         result[2] (net)
                  0.18    0.00    0.48 ^ result[2] (out)
                                  0.48   data arrival time

                  0.15   10.00   10.00   clock clk (rise edge)
                          0.00   10.00   clock network delay (ideal)
                         -0.25    9.75   clock uncertainty
                          0.00    9.75   clock reconvergence pessimism
                         -2.00    7.75   output external delay
                                  7.75   data required time
-----------------------------------------------------------------------------
                                  7.75   data required time
                                 -0.48   data arrival time
-----------------------------------------------------------------------------
                                  7.27   slack (MET)


Startpoint: _163_ (rising edge-triggered flip-flop clocked by clk)
Endpoint: result[3] (output port clocked by clk)
Path Group: clk
Path Type: max

Fanout     Cap    Slew   Delay    Time   Description
-----------------------------------------------------------------------------
                  0.15    0.00    0.00   clock clk (rise edge)
                          0.00    0.00   clock network delay (ideal)
                  0.15    0.00    0.00 ^ _163_/CLK (sky130_fd_sc_hd__dfxtp_2)
     1    0.03    0.18    0.47    0.47 ^ _163_/Q (sky130_fd_sc_hd__dfxtp_2)
                                         result[3] (net)
                  0.18    0.00    0.47 ^ result[3] (out)
                                  0.47   data arrival time

                  0.15   10.00   10.00   clock clk (rise edge)
                          0.00   10.00   clock network delay (ideal)
                         -0.25    9.75   clock uncertainty
                          0.00    9.75   clock reconvergence pessimism
                         -2.00    7.75   output external delay
                                  7.75   data required time
-----------------------------------------------------------------------------
                                  7.75   data required time
                                 -0.47   data arrival time
-----------------------------------------------------------------------------
                                  7.28   slack (MET)



worst slack corner Typical: 4.9274
