
===========================================================================
 report_power
============================================================================
======================= Fastest Corner ===================================

Group                  Internal  Switching    Leakage      Total
                          Power      Power      Power      Power (Watts)
----------------------------------------------------------------
Sequential             0.00e+00   0.00e+00   0.00e+00   0.00e+00   0.0%
Combinational          2.36e-06   6.65e-06   7.84e-11   9.01e-06 100.0%
Clock                 -4.25e-11   0.00e+00   2.03e-09   1.99e-09   0.0%
Macro                  0.00e+00   0.00e+00   0.00e+00   0.00e+00   0.0%
Pad                    0.00e+00   0.00e+00   0.00e+00   0.00e+00   0.0%
----------------------------------------------------------------
Total                  2.36e-06   6.65e-06   2.11e-09   9.01e-06 100.0%
                          26.2%      73.8%       0.0%

======================= Slowest Corner ===================================

Group                  Internal  Switching    Leakage      Total
                          Power      Power      Power      Power (Watts)
----------------------------------------------------------------
Sequential             0.00e+00   0.00e+00   0.00e+00   0.00e+00   0.0%
Combinational          1.74e-06   4.46e-06   7.95e-08   6.28e-06 100.0%
Clock                 -1.79e-11   0.00e+00   2.03e-09   2.01e-09   0.0%
Macro                  0.00e+00   0.00e+00   0.00e+00   0.00e+00   0.0%
Pad                    0.00e+00   0.00e+00   0.00e+00   0.00e+00   0.0%
----------------------------------------------------------------
Total                  1.74e-06   4.46e-06   8.16e-08   6.28e-06 100.0%
                          27.8%      70.9%       1.3%

======================= Typical Corner ===================================

Group                  Internal  Switching    Leakage      Total
                          Power      Power      Power      Power (Watts)
----------------------------------------------------------------
Sequential             0.00e+00   0.00e+00   0.00e+00   0.00e+00   0.0%
Combinational          2.11e-06   5.65e-06   5.00e-11   7.76e-06 100.0%
Clock                 -1.87e-11   0.00e+00   2.03e-09   2.01e-09   0.0%
Macro                  0.00e+00   0.00e+00   0.00e+00   0.00e+00   0.0%
Pad                    0.00e+00   0.00e+00   0.00e+00   0.00e+00   0.0%
----------------------------------------------------------------
Total                  2.11e-06   5.65e-06   2.08e-09   7.76e-06 100.0%
                          27.2%      72.8%       0.0%

