
===========================================================================
report_checks -path_delay max (Setup)
============================================================================
======================= Fastest Corner ===================================

Startpoint: A[1] (input port clocked by __VIRTUAL_CLK__)
Endpoint: Y[3] (output port clocked by __VIRTUAL_CLK__)
Path Group: __VIRTUAL_CLK__
Path Type: max
Corner: Fastest

Fanout     Cap    Slew   Delay    Time   Description
-----------------------------------------------------------------------------
                  0.00    0.00    0.00   clock __VIRTUAL_CLK__ (rise edge)
                          0.00    0.00   clock network delay (ideal)
                          2.00    2.00 v input external delay
     1    0.00    0.00    0.00    2.00 v A[1] (in)
                                         A[1] (net)
                  0.00    0.00    2.00 v input2/A (sky130_fd_sc_hd__dlymetal6s2s_1)
     3    0.02    0.08    0.13    2.13 v input2/X (sky130_fd_sc_hd__dlymetal6s2s_1)
                                         net2 (net)
                  0.08    0.00    2.13 v _4_/A (sky130_fd_sc_hd__or3_1)
     2    0.01    0.06    0.25    2.39 v _4_/X (sky130_fd_sc_hd__or3_1)
                                         _2_ (net)
                  0.06    0.00    2.39 v _8_/B (sky130_fd_sc_hd__xor2_1)
     2    0.01    0.21    0.20    2.59 ^ _8_/X (sky130_fd_sc_hd__xor2_1)
                                         net8 (net)
                  0.21    0.00    2.59 ^ output8/A (sky130_fd_sc_hd__buf_2)
     1    0.03    0.13    0.18    2.76 ^ output8/X (sky130_fd_sc_hd__buf_2)
                                         Y[3] (net)
                  0.13    0.00    2.76 ^ Y[3] (out)
                                  2.76   data arrival time

                  0.00   10.00   10.00   clock __VIRTUAL_CLK__ (rise edge)
                          0.00   10.00   clock network delay (ideal)
                         -0.25    9.75   clock uncertainty
                          0.00    9.75   clock reconvergence pessimism
                         -2.00    7.75   output external delay
                                  7.75   data required time
-----------------------------------------------------------------------------
                                  7.75   data required time
                                 -2.76   data arrival time
-----------------------------------------------------------------------------
                                  4.99   slack (MET)


Startpoint: A[1] (input port clocked by __VIRTUAL_CLK__)
Endpoint: Y[2] (output port clocked by __VIRTUAL_CLK__)
Path Group: __VIRTUAL_CLK__
Path Type: max
Corner: Fastest

Fanout     Cap    Slew   Delay    Time   Description
-----------------------------------------------------------------------------
                  0.00    0.00    0.00   clock __VIRTUAL_CLK__ (rise edge)
                          0.00    0.00   clock network delay (ideal)
                          2.00    2.00 v input external delay
     1    0.00    0.00    0.00    2.00 v A[1] (in)
                                         A[1] (net)
                  0.00    0.00    2.00 v input2/A (sky130_fd_sc_hd__dlymetal6s2s_1)
     3    0.02    0.08    0.13    2.13 v input2/X (sky130_fd_sc_hd__dlymetal6s2s_1)
                                         net2 (net)
                  0.08    0.00    2.13 v _4_/A (sky130_fd_sc_hd__or3_1)
     2    0.01    0.06    0.25    2.39 v _4_/X (sky130_fd_sc_hd__or3_1)
                                         _2_ (net)
                  0.06    0.00    2.39 v _6_/A (sky130_fd_sc_hd__and2_1)
     1    0.00    0.02    0.09    2.48 v _6_/X (sky130_fd_sc_hd__and2_1)
                                         _1_ (net)
                  0.02    0.00    2.48 v _7_/A (sky130_fd_sc_hd__buf_1)
     1    0.01    0.06    0.09    2.57 v _7_/X (sky130_fd_sc_hd__buf_1)
                                         net7 (net)
                  0.06    0.00    2.57 v output7/A (sky130_fd_sc_hd__buf_2)
     1    0.03    0.06    0.13    2.71 v output7/X (sky130_fd_sc_hd__buf_2)
                                         Y[2] (net)
                  0.06    0.00    2.71 v Y[2] (out)
                                  2.71   data arrival time

                  0.00   10.00   10.00   clock __VIRTUAL_CLK__ (rise edge)
                          0.00   10.00   clock network delay (ideal)
                         -0.25    9.75   clock uncertainty
                          0.00    9.75   clock reconvergence pessimism
                         -2.00    7.75   output external delay
                                  7.75   data required time
-----------------------------------------------------------------------------
                                  7.75   data required time
                                 -2.71   data arrival time
-----------------------------------------------------------------------------
                                  5.04   slack (MET)


Startpoint: A[1] (input port clocked by __VIRTUAL_CLK__)
Endpoint: Y[1] (output port clocked by __VIRTUAL_CLK__)
Path Group: __VIRTUAL_CLK__
Path Type: max
Corner: Fastest

Fanout     Cap    Slew   Delay    Time   Description
-----------------------------------------------------------------------------
                  0.00    0.00    0.00   clock __VIRTUAL_CLK__ (rise edge)
                          0.00    0.00   clock network delay (ideal)
                          2.00    2.00 ^ input external delay
     1    0.00    0.01    0.01    2.01 ^ A[1] (in)
                                         A[1] (net)
                  0.01    0.00    2.01 ^ input2/A (sky130_fd_sc_hd__dlymetal6s2s_1)
     3    0.02    0.18    0.16    2.17 ^ input2/X (sky130_fd_sc_hd__dlymetal6s2s_1)
                                         net2 (net)
                  0.18    0.00    2.17 ^ _3_/A (sky130_fd_sc_hd__xor2_1)
     1    0.01    0.18    0.18    2.35 ^ _3_/X (sky130_fd_sc_hd__xor2_1)
                                         net6 (net)
                  0.18    0.00    2.35 ^ output6/A (sky130_fd_sc_hd__buf_2)
     1    0.03    0.13    0.17    2.53 ^ output6/X (sky130_fd_sc_hd__buf_2)
                                         Y[1] (net)
                  0.13    0.00    2.53 ^ Y[1] (out)
                                  2.53   data arrival time

                  0.00   10.00   10.00   clock __VIRTUAL_CLK__ (rise edge)
                          0.00   10.00   clock network delay (ideal)
                         -0.25    9.75   clock uncertainty
                          0.00    9.75   clock reconvergence pessimism
                         -2.00    7.75   output external delay
                                  7.75   data required time
-----------------------------------------------------------------------------
                                  7.75   data required time
                                 -2.53   data arrival time
-----------------------------------------------------------------------------
                                  5.22   slack (MET)


Startpoint: A[0] (input port clocked by __VIRTUAL_CLK__)
Endpoint: Y[0] (output port clocked by __VIRTUAL_CLK__)
Path Group: __VIRTUAL_CLK__
Path Type: max
Corner: Fastest

Fanout     Cap    Slew   Delay    Time   Description
-----------------------------------------------------------------------------
                  0.00    0.00    0.00   clock __VIRTUAL_CLK__ (rise edge)
                          0.00    0.00   clock network delay (ideal)
                          2.00    2.00 ^ input external delay
     1    0.00    0.01    0.01    2.01 ^ A[0] (in)
                                         A[0] (net)
                  0.01    0.00    2.01 ^ input1/A (sky130_fd_sc_hd__clkbuf_2)
     4    0.03    0.11    0.12    2.13 ^ input1/X (sky130_fd_sc_hd__clkbuf_2)
                                         net1 (net)
                  0.11    0.00    2.13 ^ _9_/A (sky130_fd_sc_hd__buf_1)
     1    0.02    0.14    0.14    2.27 ^ _9_/X (sky130_fd_sc_hd__buf_1)
                                         net5 (net)
                  0.14    0.00    2.27 ^ output5/A (sky130_fd_sc_hd__buf_2)
     1    0.03    0.13    0.17    2.44 ^ output5/X (sky130_fd_sc_hd__buf_2)
                                         Y[0] (net)
                  0.13    0.00    2.44 ^ Y[0] (out)
                                  2.44   data arrival time

                  0.00   10.00   10.00   clock __VIRTUAL_CLK__ (rise edge)
                          0.00   10.00   clock network delay (ideal)
                         -0.25    9.75   clock uncertainty
                          0.00    9.75   clock reconvergence pessimism
                         -2.00    7.75   output external delay
                                  7.75   data required time
-----------------------------------------------------------------------------
                                  7.75   data required time
                                 -2.44   data arrival time
-----------------------------------------------------------------------------
                                  5.31   slack (MET)



worst slack corner Fastest: 4.9864
======================= Slowest Corner ===================================

Startpoint: A[1] (input port clocked by __VIRTUAL_CLK__)
Endpoint: Y[3] (output port clocked by __VIRTUAL_CLK__)
Path Group: __VIRTUAL_CLK__
Path Type: max
Corner: Slowest

Fanout     Cap    Slew   Delay    Time   Description
-----------------------------------------------------------------------------
                  0.00    0.00    0.00   clock __VIRTUAL_CLK__ (rise edge)
                          0.00    0.00   clock network delay (ideal)
                          2.00    2.00 v input external delay
     1    0.00    0.02    0.01    2.01 v A[1] (in)
                                         A[1] (net)
                  0.02    0.00    2.01 v input2/A (sky130_fd_sc_hd__dlymetal6s2s_1)
     3    0.02    0.22    0.41    2.42 v input2/X (sky130_fd_sc_hd__dlymetal6s2s_1)
                                         net2 (net)
                  0.22    0.00    2.42 v _4_/A (sky130_fd_sc_hd__or3_1)
     2    0.01    0.18    1.01    3.42 v _4_/X (sky130_fd_sc_hd__or3_1)
                                         _2_ (net)
                  0.18    0.00    3.42 v _8_/B (sky130_fd_sc_hd__xor2_1)
     2    0.01    0.47    0.49    3.92 ^ _8_/X (sky130_fd_sc_hd__xor2_1)
                                         net8 (net)
                  0.47    0.00    3.92 ^ output8/A (sky130_fd_sc_hd__buf_2)
     1    0.03    0.27    0.53    4.45 ^ output8/X (sky130_fd_sc_hd__buf_2)
                                         Y[3] (net)
                  0.27    0.00    4.45 ^ Y[3] (out)
                                  4.45   data arrival time

                  0.00   10.00   10.00   clock __VIRTUAL_CLK__ (rise edge)
                          0.00   10.00   clock network delay (ideal)
                         -0.25    9.75   clock uncertainty
                          0.00    9.75   clock reconvergence pessimism
                         -2.00    7.75   output external delay
                                  7.75   data required time
-----------------------------------------------------------------------------
                                  7.75   data required time
                                 -4.45   data arrival time
-----------------------------------------------------------------------------
                                  3.30   slack (MET)


Startpoint: A[1] (input port clocked by __VIRTUAL_CLK__)
Endpoint: Y[2] (output port clocked by __VIRTUAL_CLK__)
Path Group: __VIRTUAL_CLK__
Path Type: max
Corner: Slowest

Fanout     Cap    Slew   Delay    Time   Description
-----------------------------------------------------------------------------
                  0.00    0.00    0.00   clock __VIRTUAL_CLK__ (rise edge)
                          0.00    0.00   clock network delay (ideal)
                          2.00    2.00 v input external delay
     1    0.00    0.02    0.01    2.01 v A[1] (in)
                                         A[1] (net)
                  0.02    0.00    2.01 v input2/A (sky130_fd_sc_hd__dlymetal6s2s_1)
     3    0.02    0.22    0.41    2.42 v input2/X (sky130_fd_sc_hd__dlymetal6s2s_1)
                                         net2 (net)
                  0.22    0.00    2.42 v _4_/A (sky130_fd_sc_hd__or3_1)
     2    0.01    0.18    1.01    3.42 v _4_/X (sky130_fd_sc_hd__or3_1)
                                         _2_ (net)
                  0.18    0.00    3.42 v _6_/A (sky130_fd_sc_hd__and2_1)
     1    0.00    0.06    0.34    3.76 v _6_/X (sky130_fd_sc_hd__and2_1)
                                         _1_ (net)
                  0.06    0.00    3.76 v _7_/A (sky130_fd_sc_hd__buf_1)
     1    0.01    0.16    0.26    4.02 v _7_/X (sky130_fd_sc_hd__buf_1)
                                         net7 (net)
                  0.16    0.00    4.02 v output7/A (sky130_fd_sc_hd__buf_2)
     1    0.03    0.16    0.41    4.42 v output7/X (sky130_fd_sc_hd__buf_2)
                                         Y[2] (net)
                  0.16    0.00    4.42 v Y[2] (out)
                                  4.42   data arrival time

                  0.00   10.00   10.00   clock __VIRTUAL_CLK__ (rise edge)
                          0.00   10.00   clock network delay (ideal)
                         -0.25    9.75   clock uncertainty
                          0.00    9.75   clock reconvergence pessimism
                         -2.00    7.75   output external delay
                                  7.75   data required time
-----------------------------------------------------------------------------
                                  7.75   data required time
                                 -4.42   data arrival time
-----------------------------------------------------------------------------
                                  3.33   slack (MET)


Startpoint: A[1] (input port clocked by __VIRTUAL_CLK__)
Endpoint: Y[1] (output port clocked by __VIRTUAL_CLK__)
Path Group: __VIRTUAL_CLK__
Path Type: max
Corner: Slowest

Fanout     Cap    Slew   Delay    Time   Description
-----------------------------------------------------------------------------
                  0.00    0.00    0.00   clock __VIRTUAL_CLK__ (rise edge)
                          0.00    0.00   clock network delay (ideal)
                          2.00    2.00 v input external delay
     1    0.00    0.02    0.01    2.01 v A[1] (in)
                                         A[1] (net)
                  0.02    0.00    2.01 v input2/A (sky130_fd_sc_hd__dlymetal6s2s_1)
     3    0.02    0.22    0.41    2.42 v input2/X (sky130_fd_sc_hd__dlymetal6s2s_1)
                                         net2 (net)
                  0.22    0.00    2.42 v _3_/A (sky130_fd_sc_hd__xor2_1)
     1    0.01    0.41    0.51    2.93 ^ _3_/X (sky130_fd_sc_hd__xor2_1)
                                         net6 (net)
                  0.41    0.00    2.93 ^ output6/A (sky130_fd_sc_hd__buf_2)
     1    0.03    0.27    0.51    3.44 ^ output6/X (sky130_fd_sc_hd__buf_2)
                                         Y[1] (net)
                  0.27    0.00    3.44 ^ Y[1] (out)
                                  3.44   data arrival time

                  0.00   10.00   10.00   clock __VIRTUAL_CLK__ (rise edge)
                          0.00   10.00   clock network delay (ideal)
                         -0.25    9.75   clock uncertainty
                          0.00    9.75   clock reconvergence pessimism
                         -2.00    7.75   output external delay
                                  7.75   data required time
-----------------------------------------------------------------------------
                                  7.75   data required time
                                 -3.44   data arrival time
-----------------------------------------------------------------------------
                                  4.31   slack (MET)


Startpoint: A[0] (input port clocked by __VIRTUAL_CLK__)
Endpoint: Y[0] (output port clocked by __VIRTUAL_CLK__)
Path Group: __VIRTUAL_CLK__
Path Type: max
Corner: Slowest

Fanout     Cap    Slew   Delay    Time   Description
-----------------------------------------------------------------------------
                  0.00    0.00    0.00   clock __VIRTUAL_CLK__ (rise edge)
                          0.00    0.00   clock network delay (ideal)
                          2.00    2.00 ^ input external delay
     1    0.00    0.03    0.02    2.02 ^ A[0] (in)
                                         A[0] (net)
                  0.03    0.00    2.02 ^ input1/A (sky130_fd_sc_hd__clkbuf_2)
     4    0.03    0.23    0.30    2.32 ^ input1/X (sky130_fd_sc_hd__clkbuf_2)
                                         net1 (net)
                  0.23    0.00    2.32 ^ _9_/A (sky130_fd_sc_hd__buf_1)
     1    0.01    0.29    0.39    2.71 ^ _9_/X (sky130_fd_sc_hd__buf_1)
                                         net5 (net)
                  0.29    0.00    2.71 ^ output5/A (sky130_fd_sc_hd__buf_2)
     1    0.03    0.27    0.46    3.17 ^ output5/X (sky130_fd_sc_hd__buf_2)
                                         Y[0] (net)
                  0.27    0.00    3.17 ^ Y[0] (out)
                                  3.17   data arrival time

                  0.00   10.00   10.00   clock __VIRTUAL_CLK__ (rise edge)
                          0.00   10.00   clock network delay (ideal)
                         -0.25    9.75   clock uncertainty
                          0.00    9.75   clock reconvergence pessimism
                         -2.00    7.75   output external delay
                                  7.75   data required time
-----------------------------------------------------------------------------
                                  7.75   data required time
                                 -3.17   data arrival time
-----------------------------------------------------------------------------
                                  4.58   slack (MET)



worst slack corner Slowest: 3.3002
======================= Typical Corner ===================================

Startpoint: A[1] (input port clocked by __VIRTUAL_CLK__)
Endpoint: Y[3] (output port clocked by __VIRTUAL_CLK__)
Path Group: __VIRTUAL_CLK__
Path Type: max
Corner: Typical

Fanout     Cap    Slew   Delay    Time   Description
-----------------------------------------------------------------------------
                  0.00    0.00    0.00   clock __VIRTUAL_CLK__ (rise edge)
                          0.00    0.00   clock network delay (ideal)
                          2.00    2.00 v input external delay
     1    0.00    0.01    0.00    2.00 v A[1] (in)
                                         A[1] (net)
                  0.01    0.00    2.00 v input2/A (sky130_fd_sc_hd__dlymetal6s2s_1)
     3    0.02    0.12    0.20    2.20 v input2/X (sky130_fd_sc_hd__dlymetal6s2s_1)
                                         net2 (net)
                  0.12    0.00    2.20 v _4_/A (sky130_fd_sc_hd__or3_1)
     2    0.01    0.09    0.44    2.64 v _4_/X (sky130_fd_sc_hd__or3_1)
                                         _2_ (net)
                  0.09    0.00    2.64 v _8_/B (sky130_fd_sc_hd__xor2_1)
     2    0.01    0.29    0.29    2.93 ^ _8_/X (sky130_fd_sc_hd__xor2_1)
                                         net8 (net)
                  0.29    0.00    2.93 ^ output8/A (sky130_fd_sc_hd__buf_2)
     1    0.03    0.17    0.28    3.21 ^ output8/X (sky130_fd_sc_hd__buf_2)
                                         Y[3] (net)
                  0.17    0.00    3.21 ^ Y[3] (out)
                                  3.21   data arrival time

                  0.00   10.00   10.00   clock __VIRTUAL_CLK__ (rise edge)
                          0.00   10.00   clock network delay (ideal)
                         -0.25    9.75   clock uncertainty
                          0.00    9.75   clock reconvergence pessimism
                         -2.00    7.75   output external delay
                                  7.75   data required time
-----------------------------------------------------------------------------
                                  7.75   data required time
                                 -3.21   data arrival time
-----------------------------------------------------------------------------
                                  4.54   slack (MET)


Startpoint: A[1] (input port clocked by __VIRTUAL_CLK__)
Endpoint: Y[2] (output port clocked by __VIRTUAL_CLK__)
Path Group: __VIRTUAL_CLK__
Path Type: max
Corner: Typical

Fanout     Cap    Slew   Delay    Time   Description
-----------------------------------------------------------------------------
                  0.00    0.00    0.00   clock __VIRTUAL_CLK__ (rise edge)
                          0.00    0.00   clock network delay (ideal)
                          2.00    2.00 v input external delay
     1    0.00    0.01    0.00    2.00 v A[1] (in)
                                         A[1] (net)
                  0.01    0.00    2.00 v input2/A (sky130_fd_sc_hd__dlymetal6s2s_1)
     3    0.02    0.12    0.20    2.20 v input2/X (sky130_fd_sc_hd__dlymetal6s2s_1)
                                         net2 (net)
                  0.12    0.00    2.20 v _4_/A (sky130_fd_sc_hd__or3_1)
     2    0.01    0.09    0.44    2.64 v _4_/X (sky130_fd_sc_hd__or3_1)
                                         _2_ (net)
                  0.09    0.00    2.64 v _6_/A (sky130_fd_sc_hd__and2_1)
     1    0.00    0.03    0.15    2.79 v _6_/X (sky130_fd_sc_hd__and2_1)
                                         _1_ (net)
                  0.03    0.00    2.79 v _7_/A (sky130_fd_sc_hd__buf_1)
     1    0.01    0.08    0.14    2.93 v _7_/X (sky130_fd_sc_hd__buf_1)
                                         net7 (net)
                  0.08    0.00    2.93 v output7/A (sky130_fd_sc_hd__buf_2)
     1    0.03    0.09    0.21    3.14 v output7/X (sky130_fd_sc_hd__buf_2)
                                         Y[2] (net)
                  0.09    0.00    3.14 v Y[2] (out)
                                  3.14   data arrival time

                  0.00   10.00   10.00   clock __VIRTUAL_CLK__ (rise edge)
                          0.00   10.00   clock network delay (ideal)
                         -0.25    9.75   clock uncertainty
                          0.00    9.75   clock reconvergence pessimism
                         -2.00    7.75   output external delay
                                  7.75   data required time
-----------------------------------------------------------------------------
                                  7.75   data required time
                                 -3.14   data arrival time
-----------------------------------------------------------------------------
                                  4.61   slack (MET)


Startpoint: A[1] (input port clocked by __VIRTUAL_CLK__)
Endpoint: Y[1] (output port clocked by __VIRTUAL_CLK__)
Path Group: __VIRTUAL_CLK__
Path Type: max
Corner: Typical

Fanout     Cap    Slew   Delay    Time   Description
-----------------------------------------------------------------------------
                  0.00    0.00    0.00   clock __VIRTUAL_CLK__ (rise edge)
                          0.00    0.00   clock network delay (ideal)
                          2.00    2.00 ^ input external delay
     1    0.00    0.02    0.01    2.01 ^ A[1] (in)
                                         A[1] (net)
                  0.02    0.00    2.01 ^ input2/A (sky130_fd_sc_hd__dlymetal6s2s_1)
     3    0.02    0.24    0.22    2.23 ^ input2/X (sky130_fd_sc_hd__dlymetal6s2s_1)
                                         net2 (net)
                  0.24    0.00    2.23 ^ _3_/A (sky130_fd_sc_hd__xor2_1)
     1    0.01    0.25    0.29    2.52 ^ _3_/X (sky130_fd_sc_hd__xor2_1)
                                         net6 (net)
                  0.25    0.00    2.52 ^ output6/A (sky130_fd_sc_hd__buf_2)
     1    0.03    0.17    0.27    2.80 ^ output6/X (sky130_fd_sc_hd__buf_2)
                                         Y[1] (net)
                  0.17    0.00    2.80 ^ Y[1] (out)
                                  2.80   data arrival time

                  0.00   10.00   10.00   clock __VIRTUAL_CLK__ (rise edge)
                          0.00   10.00   clock network delay (ideal)
                         -0.25    9.75   clock uncertainty
                          0.00    9.75   clock reconvergence pessimism
                         -2.00    7.75   output external delay
                                  7.75   data required time
-----------------------------------------------------------------------------
                                  7.75   data required time
                                 -2.80   data arrival time
-----------------------------------------------------------------------------
                                  4.95   slack (MET)


Startpoint: A[0] (input port clocked by __VIRTUAL_CLK__)
Endpoint: Y[0] (output port clocked by __VIRTUAL_CLK__)
Path Group: __VIRTUAL_CLK__
Path Type: max
Corner: Typical

Fanout     Cap    Slew   Delay    Time   Description
-----------------------------------------------------------------------------
                  0.00    0.00    0.00   clock __VIRTUAL_CLK__ (rise edge)
                          0.00    0.00   clock network delay (ideal)
                          2.00    2.00 ^ input external delay
     1    0.00    0.02    0.01    2.01 ^ A[0] (in)
                                         A[0] (net)
                  0.02    0.00    2.01 ^ input1/A (sky130_fd_sc_hd__clkbuf_2)
     4    0.03    0.15    0.18    2.19 ^ input1/X (sky130_fd_sc_hd__clkbuf_2)
                                         net1 (net)
                  0.15    0.00    2.19 ^ _9_/A (sky130_fd_sc_hd__buf_1)
     1    0.02    0.18    0.21    2.40 ^ _9_/X (sky130_fd_sc_hd__buf_1)
                                         net5 (net)
                  0.18    0.00    2.40 ^ output5/A (sky130_fd_sc_hd__buf_2)
     1    0.03    0.17    0.25    2.65 ^ output5/X (sky130_fd_sc_hd__buf_2)
                                         Y[0] (net)
                  0.17    0.00    2.65 ^ Y[0] (out)
                                  2.65   data arrival time

                  0.00   10.00   10.00   clock __VIRTUAL_CLK__ (rise edge)
                          0.00   10.00   clock network delay (ideal)
                         -0.25    9.75   clock uncertainty
                          0.00    9.75   clock reconvergence pessimism
                         -2.00    7.75   output external delay
                                  7.75   data required time
-----------------------------------------------------------------------------
                                  7.75   data required time
                                 -2.65   data arrival time
-----------------------------------------------------------------------------
                                  5.10   slack (MET)



worst slack corner Typical: 4.5411
