
===========================================================================
report_checks -path_delay min (Hold)
============================================================================
======================= Fastest Corner ===================================

Startpoint: A[0] (input port clocked by __VIRTUAL_CLK__)
Endpoint: Y[1] (output port clocked by __VIRTUAL_CLK__)
Path Group: __VIRTUAL_CLK__
Path Type: min
Corner: Fastest

Fanout     Cap    Slew   Delay    Time   Description
-----------------------------------------------------------------------------
                  0.00    0.00    0.00   clock __VIRTUAL_CLK__ (rise edge)
                          0.00    0.00   clock network delay (ideal)
                          2.00    2.00 ^ input external delay
     1    0.00    0.01    0.01    2.01 ^ A[0] (in)
                                         A[0] (net)
                  0.01    0.00    2.01 ^ input1/A (sky130_fd_sc_hd__clkbuf_2)
     4    0.03    0.11    0.11    2.12 ^ input1/X (sky130_fd_sc_hd__clkbuf_2)
                                         net1 (net)
                  0.11    0.00    2.12 ^ _3_/B (sky130_fd_sc_hd__xor2_1)
     1    0.01    0.05    0.07    2.19 v _3_/X (sky130_fd_sc_hd__xor2_1)
                                         net6 (net)
                  0.05    0.00    2.19 v output6/A (sky130_fd_sc_hd__buf_2)
     1    0.03    0.06    0.12    2.31 v output6/X (sky130_fd_sc_hd__buf_2)
                                         Y[1] (net)
                  0.06    0.00    2.31 v Y[1] (out)
                                  2.31   data arrival time

                  0.00    0.00    0.00   clock __VIRTUAL_CLK__ (rise edge)
                          0.00    0.00   clock network delay (ideal)
                          0.25    0.25   clock uncertainty
                          0.00    0.25   clock reconvergence pessimism
                         -2.00   -1.75   output external delay
                                 -1.75   data required time
-----------------------------------------------------------------------------
                                 -1.75   data required time
                                 -2.31   data arrival time
-----------------------------------------------------------------------------
                                  4.06   slack (MET)


Startpoint: A[0] (input port clocked by __VIRTUAL_CLK__)
Endpoint: Y[0] (output port clocked by __VIRTUAL_CLK__)
Path Group: __VIRTUAL_CLK__
Path Type: min
Corner: Fastest

Fanout     Cap    Slew   Delay    Time   Description
-----------------------------------------------------------------------------
                  0.00    0.00    0.00   clock __VIRTUAL_CLK__ (rise edge)
                          0.00    0.00   clock network delay (ideal)
                          2.00    2.00 v input external delay
     1    0.00    0.00    0.00    2.00 v A[0] (in)
                                         A[0] (net)
                  0.00    0.00    2.00 v input1/A (sky130_fd_sc_hd__clkbuf_2)
     4    0.02    0.07    0.09    2.10 v input1/X (sky130_fd_sc_hd__clkbuf_2)
                                         net1 (net)
                  0.07    0.00    2.10 v _9_/A (sky130_fd_sc_hd__buf_1)
     1    0.01    0.06    0.10    2.20 v _9_/X (sky130_fd_sc_hd__buf_1)
                                         net5 (net)
                  0.06    0.00    2.20 v output5/A (sky130_fd_sc_hd__buf_2)
     1    0.03    0.06    0.12    2.32 v output5/X (sky130_fd_sc_hd__buf_2)
                                         Y[0] (net)
                  0.06    0.00    2.32 v Y[0] (out)
                                  2.32   data arrival time

                  0.00    0.00    0.00   clock __VIRTUAL_CLK__ (rise edge)
                          0.00    0.00   clock network delay (ideal)
                          0.25    0.25   clock uncertainty
                          0.00    0.25   clock reconvergence pessimism
                         -2.00   -1.75   output external delay
                                 -1.75   data required time
-----------------------------------------------------------------------------
                                 -1.75   data required time
                                 -2.32   data arrival time
-----------------------------------------------------------------------------
                                  4.07   slack (MET)


Startpoint: A[3] (input port clocked by __VIRTUAL_CLK__)
Endpoint: Y[3] (output port clocked by __VIRTUAL_CLK__)
Path Group: __VIRTUAL_CLK__
Path Type: min
Corner: Fastest

Fanout     Cap    Slew   Delay    Time   Description
-----------------------------------------------------------------------------
                  0.00    0.00    0.00   clock __VIRTUAL_CLK__ (rise edge)
                          0.00    0.00   clock network delay (ideal)
                          2.00    2.00 ^ input external delay
     1    0.00    0.01    0.01    2.01 ^ A[3] (in)
                                         A[3] (net)
                  0.01    0.00    2.01 ^ input4/A (sky130_fd_sc_hd__buf_1)
     1    0.02    0.15    0.12    2.13 ^ input4/X (sky130_fd_sc_hd__buf_1)
                                         net4 (net)
                  0.15    0.00    2.13 ^ _8_/A (sky130_fd_sc_hd__xor2_1)
     2    0.01    0.05    0.08    2.21 v _8_/X (sky130_fd_sc_hd__xor2_1)
                                         net8 (net)
                  0.05    0.00    2.22 v output8/A (sky130_fd_sc_hd__buf_2)
     1    0.03    0.06    0.12    2.33 v output8/X (sky130_fd_sc_hd__buf_2)
                                         Y[3] (net)
                  0.06    0.00    2.33 v Y[3] (out)
                                  2.33   data arrival time

                  0.00    0.00    0.00   clock __VIRTUAL_CLK__ (rise edge)
                          0.00    0.00   clock network delay (ideal)
                          0.25    0.25   clock uncertainty
                          0.00    0.25   clock reconvergence pessimism
                         -2.00   -1.75   output external delay
                                 -1.75   data required time
-----------------------------------------------------------------------------
                                 -1.75   data required time
                                 -2.33   data arrival time
-----------------------------------------------------------------------------
                                  4.08   slack (MET)


Startpoint: A[2] (input port clocked by __VIRTUAL_CLK__)
Endpoint: Y[2] (output port clocked by __VIRTUAL_CLK__)
Path Group: __VIRTUAL_CLK__
Path Type: min
Corner: Fastest

Fanout     Cap    Slew   Delay    Time   Description
-----------------------------------------------------------------------------
                  0.00    0.00    0.00   clock __VIRTUAL_CLK__ (rise edge)
                          0.00    0.00   clock network delay (ideal)
                          2.00    2.00 ^ input external delay
     1    0.00    0.01    0.01    2.01 ^ A[2] (in)
                                         A[2] (net)
                  0.01    0.00    2.01 ^ input3/A (sky130_fd_sc_hd__buf_1)
     2    0.01    0.14    0.11    2.12 ^ input3/X (sky130_fd_sc_hd__buf_1)
                                         net3 (net)
                  0.14    0.00    2.12 ^ _5_/B1 (sky130_fd_sc_hd__o21ai_1)
     1    0.00    0.03    0.02    2.15 v _5_/Y (sky130_fd_sc_hd__o21ai_1)
                                         _0_ (net)
                  0.03    0.00    2.15 v _6_/B (sky130_fd_sc_hd__and2_1)
     1    0.00    0.02    0.09    2.23 v _6_/X (sky130_fd_sc_hd__and2_1)
                                         _1_ (net)
                  0.02    0.00    2.23 v _7_/A (sky130_fd_sc_hd__buf_1)
     1    0.01    0.06    0.08    2.31 v _7_/X (sky130_fd_sc_hd__buf_1)
                                         net7 (net)
                  0.06    0.00    2.31 v output7/A (sky130_fd_sc_hd__buf_2)
     1    0.03    0.06    0.12    2.44 v output7/X (sky130_fd_sc_hd__buf_2)
                                         Y[2] (net)
                  0.06    0.00    2.44 v Y[2] (out)
                                  2.44   data arrival time

                  0.00    0.00    0.00   clock __VIRTUAL_CLK__ (rise edge)
                          0.00    0.00   clock network delay (ideal)
                          0.25    0.25   clock uncertainty
                          0.00    0.25   clock reconvergence pessimism
                         -2.00   -1.75   output external delay
                                 -1.75   data required time
-----------------------------------------------------------------------------
                                 -1.75   data required time
                                 -2.44   data arrival time
-----------------------------------------------------------------------------
                                  4.19   slack (MET)



worst slack corner Fastest: 4.0590
======================= Slowest Corner ===================================

Startpoint: A[0] (input port clocked by __VIRTUAL_CLK__)
Endpoint: Y[1] (output port clocked by __VIRTUAL_CLK__)
Path Group: __VIRTUAL_CLK__
Path Type: min
Corner: Slowest

Fanout     Cap    Slew   Delay    Time   Description
-----------------------------------------------------------------------------
                  0.00    0.00    0.00   clock __VIRTUAL_CLK__ (rise edge)
                          0.00    0.00   clock network delay (ideal)
                          2.00    2.00 ^ input external delay
     1    0.00    0.03    0.01    2.01 ^ A[0] (in)
                                         A[0] (net)
                  0.03    0.00    2.01 ^ input1/A (sky130_fd_sc_hd__clkbuf_2)
     4    0.03    0.23    0.27    2.29 ^ input1/X (sky130_fd_sc_hd__clkbuf_2)
                                         net1 (net)
                  0.23    0.00    2.29 ^ _3_/B (sky130_fd_sc_hd__xor2_1)
     1    0.01    0.12    0.25    2.54 v _3_/X (sky130_fd_sc_hd__xor2_1)
                                         net6 (net)
                  0.12    0.00    2.54 v output6/A (sky130_fd_sc_hd__buf_2)
     1    0.03    0.16    0.35    2.89 v output6/X (sky130_fd_sc_hd__buf_2)
                                         Y[1] (net)
                  0.16    0.00    2.89 v Y[1] (out)
                                  2.89   data arrival time

                  0.00    0.00    0.00   clock __VIRTUAL_CLK__ (rise edge)
                          0.00    0.00   clock network delay (ideal)
                          0.25    0.25   clock uncertainty
                          0.00    0.25   clock reconvergence pessimism
                         -2.00   -1.75   output external delay
                                 -1.75   data required time
-----------------------------------------------------------------------------
                                 -1.75   data required time
                                 -2.89   data arrival time
-----------------------------------------------------------------------------
                                  4.64   slack (MET)


Startpoint: A[0] (input port clocked by __VIRTUAL_CLK__)
Endpoint: Y[0] (output port clocked by __VIRTUAL_CLK__)
Path Group: __VIRTUAL_CLK__
Path Type: min
Corner: Slowest

Fanout     Cap    Slew   Delay    Time   Description
-----------------------------------------------------------------------------
                  0.00    0.00    0.00   clock __VIRTUAL_CLK__ (rise edge)
                          0.00    0.00   clock network delay (ideal)
                          2.00    2.00 v input external delay
     1    0.00    0.02    0.01    2.01 v A[0] (in)
                                         A[0] (net)
                  0.02    0.00    2.01 v input1/A (sky130_fd_sc_hd__clkbuf_2)
     4    0.02    0.18    0.25    2.26 v input1/X (sky130_fd_sc_hd__clkbuf_2)
                                         net1 (net)
                  0.18    0.00    2.26 v _9_/A (sky130_fd_sc_hd__buf_1)
     1    0.01    0.18    0.30    2.56 v _9_/X (sky130_fd_sc_hd__buf_1)
                                         net5 (net)
                  0.18    0.00    2.56 v output5/A (sky130_fd_sc_hd__buf_2)
     1    0.03    0.16    0.37    2.94 v output5/X (sky130_fd_sc_hd__buf_2)
                                         Y[0] (net)
                  0.16    0.00    2.94 v Y[0] (out)
                                  2.94   data arrival time

                  0.00    0.00    0.00   clock __VIRTUAL_CLK__ (rise edge)
                          0.00    0.00   clock network delay (ideal)
                          0.25    0.25   clock uncertainty
                          0.00    0.25   clock reconvergence pessimism
                         -2.00   -1.75   output external delay
                                 -1.75   data required time
-----------------------------------------------------------------------------
                                 -1.75   data required time
                                 -2.94   data arrival time
-----------------------------------------------------------------------------
                                  4.69   slack (MET)


Startpoint: A[3] (input port clocked by __VIRTUAL_CLK__)
Endpoint: Y[3] (output port clocked by __VIRTUAL_CLK__)
Path Group: __VIRTUAL_CLK__
Path Type: min
Corner: Slowest

Fanout     Cap    Slew   Delay    Time   Description
-----------------------------------------------------------------------------
                  0.00    0.00    0.00   clock __VIRTUAL_CLK__ (rise edge)
                          0.00    0.00   clock network delay (ideal)
                          2.00    2.00 ^ input external delay
     1    0.00    0.03    0.01    2.01 ^ A[3] (in)
                                         A[3] (net)
                  0.03    0.00    2.01 ^ input4/A (sky130_fd_sc_hd__buf_1)
     1    0.02    0.33    0.30    2.31 ^ input4/X (sky130_fd_sc_hd__buf_1)
                                         net4 (net)
                  0.33    0.00    2.32 ^ _8_/A (sky130_fd_sc_hd__xor2_1)
     2    0.01    0.14    0.31    2.63 v _8_/X (sky130_fd_sc_hd__xor2_1)
                                         net8 (net)
                  0.14    0.00    2.63 v output8/A (sky130_fd_sc_hd__buf_2)
     1    0.03    0.16    0.36    2.98 v output8/X (sky130_fd_sc_hd__buf_2)
                                         Y[3] (net)
                  0.16    0.00    2.98 v Y[3] (out)
                                  2.98   data arrival time

                  0.00    0.00    0.00   clock __VIRTUAL_CLK__ (rise edge)
                          0.00    0.00   clock network delay (ideal)
                          0.25    0.25   clock uncertainty
                          0.00    0.25   clock reconvergence pessimism
                         -2.00   -1.75   output external delay
                                 -1.75   data required time
-----------------------------------------------------------------------------
                                 -1.75   data required time
                                 -2.98   data arrival time
-----------------------------------------------------------------------------
                                  4.73   slack (MET)


Startpoint: A[2] (input port clocked by __VIRTUAL_CLK__)
Endpoint: Y[2] (output port clocked by __VIRTUAL_CLK__)
Path Group: __VIRTUAL_CLK__
Path Type: min
Corner: Slowest

Fanout     Cap    Slew   Delay    Time   Description
-----------------------------------------------------------------------------
                  0.00    0.00    0.00   clock __VIRTUAL_CLK__ (rise edge)
                          0.00    0.00   clock network delay (ideal)
                          2.00    2.00 v input external delay
     1    0.00    0.02    0.01    2.01 v A[2] (in)
                                         A[2] (net)
                  0.02    0.00    2.01 v input3/A (sky130_fd_sc_hd__buf_1)
     2    0.01    0.17    0.22    2.23 v input3/X (sky130_fd_sc_hd__buf_1)
                                         net3 (net)
                  0.17    0.00    2.23 v _5_/B1 (sky130_fd_sc_hd__o21ai_1)
     1    0.00    0.13    0.15    2.38 ^ _5_/Y (sky130_fd_sc_hd__o21ai_1)
                                         _0_ (net)
                  0.13    0.00    2.38 ^ _6_/B (sky130_fd_sc_hd__and2_1)
     1    0.00    0.07    0.23    2.61 ^ _6_/X (sky130_fd_sc_hd__and2_1)
                                         _1_ (net)
                  0.07    0.00    2.61 ^ _7_/A (sky130_fd_sc_hd__buf_1)
     1    0.01    0.27    0.28    2.89 ^ _7_/X (sky130_fd_sc_hd__buf_1)
                                         net7 (net)
                  0.27    0.00    2.89 ^ output7/A (sky130_fd_sc_hd__buf_2)
     1    0.03    0.27    0.41    3.30 ^ output7/X (sky130_fd_sc_hd__buf_2)
                                         Y[2] (net)
                  0.27    0.00    3.30 ^ Y[2] (out)
                                  3.30   data arrival time

                  0.00    0.00    0.00   clock __VIRTUAL_CLK__ (rise edge)
                          0.00    0.00   clock network delay (ideal)
                          0.25    0.25   clock uncertainty
                          0.00    0.25   clock reconvergence pessimism
                         -2.00   -1.75   output external delay
                                 -1.75   data required time
-----------------------------------------------------------------------------
                                 -1.75   data required time
                                 -3.30   data arrival time
-----------------------------------------------------------------------------
                                  5.05   slack (MET)



worst slack corner Slowest: 4.6438
======================= Typical Corner ===================================

Startpoint: A[0] (input port clocked by __VIRTUAL_CLK__)
Endpoint: Y[1] (output port clocked by __VIRTUAL_CLK__)
Path Group: __VIRTUAL_CLK__
Path Type: min
Corner: Typical

Fanout     Cap    Slew   Delay    Time   Description
-----------------------------------------------------------------------------
                  0.00    0.00    0.00   clock __VIRTUAL_CLK__ (rise edge)
                          0.00    0.00   clock network delay (ideal)
                          2.00    2.00 ^ input external delay
     1    0.00    0.02    0.01    2.01 ^ A[0] (in)
                                         A[0] (net)
                  0.02    0.00    2.01 ^ input1/A (sky130_fd_sc_hd__clkbuf_2)
     4    0.03    0.15    0.16    2.17 ^ input1/X (sky130_fd_sc_hd__clkbuf_2)
                                         net1 (net)
                  0.15    0.00    2.17 ^ _3_/B (sky130_fd_sc_hd__xor2_1)
     1    0.01    0.07    0.12    2.29 v _3_/X (sky130_fd_sc_hd__xor2_1)
                                         net6 (net)
                  0.07    0.00    2.29 v output6/A (sky130_fd_sc_hd__buf_2)
     1    0.03    0.09    0.18    2.47 v output6/X (sky130_fd_sc_hd__buf_2)
                                         Y[1] (net)
                  0.09    0.00    2.47 v Y[1] (out)
                                  2.47   data arrival time

                  0.00    0.00    0.00   clock __VIRTUAL_CLK__ (rise edge)
                          0.00    0.00   clock network delay (ideal)
                          0.25    0.25   clock uncertainty
                          0.00    0.25   clock reconvergence pessimism
                         -2.00   -1.75   output external delay
                                 -1.75   data required time
-----------------------------------------------------------------------------
                                 -1.75   data required time
                                 -2.47   data arrival time
-----------------------------------------------------------------------------
                                  4.22   slack (MET)


Startpoint: A[0] (input port clocked by __VIRTUAL_CLK__)
Endpoint: Y[0] (output port clocked by __VIRTUAL_CLK__)
Path Group: __VIRTUAL_CLK__
Path Type: min
Corner: Typical

Fanout     Cap    Slew   Delay    Time   Description
-----------------------------------------------------------------------------
                  0.00    0.00    0.00   clock __VIRTUAL_CLK__ (rise edge)
                          0.00    0.00   clock network delay (ideal)
                          2.00    2.00 v input external delay
     1    0.00    0.01    0.00    2.00 v A[0] (in)
                                         A[0] (net)
                  0.01    0.00    2.00 v input1/A (sky130_fd_sc_hd__clkbuf_2)
     4    0.02    0.10    0.14    2.14 v input1/X (sky130_fd_sc_hd__clkbuf_2)
                                         net1 (net)
                  0.10    0.00    2.14 v _9_/A (sky130_fd_sc_hd__buf_1)
     1    0.01    0.09    0.16    2.30 v _9_/X (sky130_fd_sc_hd__buf_1)
                                         net5 (net)
                  0.09    0.00    2.30 v output5/A (sky130_fd_sc_hd__buf_2)
     1    0.03    0.09    0.19    2.49 v output5/X (sky130_fd_sc_hd__buf_2)
                                         Y[0] (net)
                  0.09    0.00    2.49 v Y[0] (out)
                                  2.49   data arrival time

                  0.00    0.00    0.00   clock __VIRTUAL_CLK__ (rise edge)
                          0.00    0.00   clock network delay (ideal)
                          0.25    0.25   clock uncertainty
                          0.00    0.25   clock reconvergence pessimism
                         -2.00   -1.75   output external delay
                                 -1.75   data required time
-----------------------------------------------------------------------------
                                 -1.75   data required time
                                 -2.49   data arrival time
-----------------------------------------------------------------------------
                                  4.24   slack (MET)


Startpoint: A[3] (input port clocked by __VIRTUAL_CLK__)
Endpoint: Y[3] (output port clocked by __VIRTUAL_CLK__)
Path Group: __VIRTUAL_CLK__
Path Type: min
Corner: Typical

Fanout     Cap    Slew   Delay    Time   Description
-----------------------------------------------------------------------------
                  0.00    0.00    0.00   clock __VIRTUAL_CLK__ (rise edge)
                          0.00    0.00   clock network delay (ideal)
                          2.00    2.00 ^ input external delay
     1    0.00    0.02    0.01    2.01 ^ A[3] (in)
                                         A[3] (net)
                  0.02    0.00    2.01 ^ input4/A (sky130_fd_sc_hd__buf_1)
     1    0.02    0.20    0.17    2.18 ^ input4/X (sky130_fd_sc_hd__buf_1)
                                         net4 (net)
                  0.20    0.00    2.18 ^ _8_/A (sky130_fd_sc_hd__xor2_1)
     2    0.01    0.07    0.14    2.33 v _8_/X (sky130_fd_sc_hd__xor2_1)
                                         net8 (net)
                  0.07    0.00    2.33 v output8/A (sky130_fd_sc_hd__buf_2)
     1    0.03    0.09    0.18    2.51 v output8/X (sky130_fd_sc_hd__buf_2)
                                         Y[3] (net)
                  0.09    0.00    2.51 v Y[3] (out)
                                  2.51   data arrival time

                  0.00    0.00    0.00   clock __VIRTUAL_CLK__ (rise edge)
                          0.00    0.00   clock network delay (ideal)
                          0.25    0.25   clock uncertainty
                          0.00    0.25   clock reconvergence pessimism
                         -2.00   -1.75   output external delay
                                 -1.75   data required time
-----------------------------------------------------------------------------
                                 -1.75   data required time
                                 -2.51   data arrival time
-----------------------------------------------------------------------------
                                  4.26   slack (MET)


Startpoint: A[0] (input port clocked by __VIRTUAL_CLK__)
Endpoint: Y[2] (output port clocked by __VIRTUAL_CLK__)
Path Group: __VIRTUAL_CLK__
Path Type: min
Corner: Typical

Fanout     Cap    Slew   Delay    Time   Description
-----------------------------------------------------------------------------
                  0.00    0.00    0.00   clock __VIRTUAL_CLK__ (rise edge)
                          0.00    0.00   clock network delay (ideal)
                          2.00    2.00 ^ input external delay
     1    0.00    0.02    0.01    2.01 ^ A[0] (in)
                                         A[0] (net)
                  0.02    0.00    2.01 ^ input1/A (sky130_fd_sc_hd__clkbuf_2)
     4    0.03    0.15    0.16    2.17 ^ input1/X (sky130_fd_sc_hd__clkbuf_2)
                                         net1 (net)
                  0.15    0.00    2.17 ^ _5_/A2 (sky130_fd_sc_hd__o21ai_1)
     1    0.00    0.04    0.07    2.24 v _5_/Y (sky130_fd_sc_hd__o21ai_1)
                                         _0_ (net)
                  0.04    0.00    2.24 v _6_/B (sky130_fd_sc_hd__and2_1)
     1    0.00    0.03    0.14    2.37 v _6_/X (sky130_fd_sc_hd__and2_1)
                                         _1_ (net)
                  0.03    0.00    2.37 v _7_/A (sky130_fd_sc_hd__buf_1)
     1    0.01    0.08    0.12    2.49 v _7_/X (sky130_fd_sc_hd__buf_1)
                                         net7 (net)
                  0.08    0.00    2.49 v output7/A (sky130_fd_sc_hd__buf_2)
     1    0.03    0.09    0.19    2.68 v output7/X (sky130_fd_sc_hd__buf_2)
                                         Y[2] (net)
                  0.09    0.00    2.68 v Y[2] (out)
                                  2.68   data arrival time

                  0.00    0.00    0.00   clock __VIRTUAL_CLK__ (rise edge)
                          0.00    0.00   clock network delay (ideal)
                          0.25    0.25   clock uncertainty
                          0.00    0.25   clock reconvergence pessimism
                         -2.00   -1.75   output external delay
                                 -1.75   data required time
-----------------------------------------------------------------------------
                                 -1.75   data required time
                                 -2.68   data arrival time
-----------------------------------------------------------------------------
                                  4.43   slack (MET)



worst slack corner Typical: 4.2194
