
===========================================================================
 report_power
============================================================================
======================= Fastest Corner ===================================

Group                  Internal  Switching    Leakage      Total
                          Power      Power      Power      Power (Watts)
----------------------------------------------------------------
Sequential             5.97e-03   8.29e-04   1.48e-08   6.80e-03  37.8%
Combinational          4.30e-03   2.89e-03   4.96e-08   7.19e-03  40.0%
Clock                  1.76e-03   2.23e-03   1.30e-08   3.99e-03  22.2%
Macro                  0.00e+00   0.00e+00   0.00e+00   0.00e+00   0.0%
Pad                    0.00e+00   0.00e+00   0.00e+00   0.00e+00   0.0%
----------------------------------------------------------------
Total                  1.20e-02   5.95e-03   7.74e-08   1.80e-02 100.0%
                          66.9%      33.1%       0.0%

======================= Slowest Corner ===================================

Group                  Internal  Switching    Leakage      Total
                          Power      Power      Power      Power (Watts)
----------------------------------------------------------------
Sequential             4.04e-03   5.27e-04   1.48e-05   4.59e-03  37.6%
Combinational          2.98e-03   1.89e-03   3.71e-05   4.92e-03  40.3%
Clock                  1.27e-03   1.44e-03   2.07e-06   2.71e-03  22.2%
Macro                  0.00e+00   0.00e+00   0.00e+00   0.00e+00   0.0%
Pad                    0.00e+00   0.00e+00   0.00e+00   0.00e+00   0.0%
----------------------------------------------------------------
Total                  8.30e-03   3.86e-03   5.40e-05   1.22e-02 100.0%
                          68.0%      31.6%       0.4%

======================= Typical Corner ===================================

Group                  Internal  Switching    Leakage      Total
                          Power      Power      Power      Power (Watts)
----------------------------------------------------------------
Sequential             5.17e-03   6.86e-04   8.56e-09   5.85e-03  37.8%
Combinational          3.78e-03   2.43e-03   2.52e-08   6.21e-03  40.1%
Clock                  1.54e-03   1.88e-03   7.96e-09   3.42e-03  22.1%
Macro                  0.00e+00   0.00e+00   0.00e+00   0.00e+00   0.0%
Pad                    0.00e+00   0.00e+00   0.00e+00   0.00e+00   0.0%
----------------------------------------------------------------
Total                  1.05e-02   4.99e-03   4.17e-08   1.55e-02 100.0%
                          67.8%      32.2%       0.0%

