
===========================================================================
report_checks -unconstrained
===========================================================================
======================= Typical Corner ===================================

Startpoint: reset (input port clocked by clk)
Endpoint: _5190_ (recovery check against rising-edge clock clk)
Path Group: asynchronous
Path Type: max

Fanout     Cap    Slew   Delay    Time   Description
-----------------------------------------------------------------------------
                          0.00    0.00   clock clk (rise edge)
                          0.00    0.00   clock network delay (propagated)
                          2.00    2.00 v input external delay
     3    0.01    0.03    0.02    2.02 v reset (in)
                                         reset (net)
                  0.03    0.00    2.02 v _4572_/A (sky130_fd_sc_hd__buf_2)
     8    0.03    0.07    0.17    2.19 v _4572_/X (sky130_fd_sc_hd__buf_2)
                                         _2435_ (net)
                  0.07    0.00    2.19 v _4759_/A (sky130_fd_sc_hd__clkbuf_4)
     8    0.04    0.10    0.22    2.41 v _4759_/X (sky130_fd_sc_hd__clkbuf_4)
                                         _2462_ (net)
                  0.10    0.00    2.42 v _4774_/A (sky130_fd_sc_hd__buf_4)
    10    0.06    0.09    0.23    2.64 v _4774_/X (sky130_fd_sc_hd__buf_4)
                                         _2465_ (net)
                  0.09    0.01    2.65 v _4776_/A (sky130_fd_sc_hd__inv_2)
     1    0.00    0.04    0.06    2.71 ^ _4776_/Y (sky130_fd_sc_hd__inv_2)
                                         _0182_ (net)
                  0.04    0.00    2.71 ^ _5190_/RESET_B (sky130_fd_sc_hd__dfrtp_1)
                                  2.71   data arrival time

                         10.00   10.00   clock clk (rise edge)
                          0.00   10.00   clock source latency
     1    0.03    0.13    0.09   10.09 ^ clk (in)
                                         clk (net)
                  0.13    0.00   10.09 ^ clkbuf_0_clk/A (sky130_fd_sc_hd__clkbuf_16)
     4    0.06    0.08    0.18   10.27 ^ clkbuf_0_clk/X (sky130_fd_sc_hd__clkbuf_16)
                                         clknet_0_clk (net)
                  0.08    0.00   10.27 ^ clkbuf_2_3__f_clk/A (sky130_fd_sc_hd__clkbuf_16)
    12    0.08    0.10    0.17   10.44 ^ clkbuf_2_3__f_clk/X (sky130_fd_sc_hd__clkbuf_16)
                                         clknet_2_3__leaf_clk (net)
                  0.10    0.00   10.44 ^ clkbuf_leaf_21_clk/A (sky130_fd_sc_hd__clkbuf_8)
     7    0.03    0.06    0.15   10.59 ^ clkbuf_leaf_21_clk/X (sky130_fd_sc_hd__clkbuf_8)
                                         clknet_leaf_21_clk (net)
                  0.06    0.00   10.59 ^ _5190_/CLK (sky130_fd_sc_hd__dfrtp_1)
                         -0.25   10.34   clock uncertainty
                          0.00   10.34   clock reconvergence pessimism
                          0.24   10.58   library recovery time
                                 10.58   data required time
-----------------------------------------------------------------------------
                                 10.58   data required time
                                 -2.71   data arrival time
-----------------------------------------------------------------------------
                                  7.87   slack (MET)


Startpoint: _5396_ (rising edge-triggered flip-flop clocked by clk)
Endpoint: Result[31] (output port clocked by clk)
Path Group: clk
Path Type: max

Fanout     Cap    Slew   Delay    Time   Description
-----------------------------------------------------------------------------
                          0.00    0.00   clock clk (rise edge)
                          0.00    0.00   clock source latency
     1    0.03    0.13    0.10    0.10 ^ clk (in)
                                         clk (net)
                  0.13    0.00    0.10 ^ clkbuf_0_clk/A (sky130_fd_sc_hd__clkbuf_16)
     4    0.06    0.08    0.20    0.29 ^ clkbuf_0_clk/X (sky130_fd_sc_hd__clkbuf_16)
                                         clknet_0_clk (net)
                  0.08    0.00    0.29 ^ clkbuf_2_0__f_clk/A (sky130_fd_sc_hd__clkbuf_16)
    12    0.08    0.10    0.19    0.49 ^ clkbuf_2_0__f_clk/X (sky130_fd_sc_hd__clkbuf_16)
                                         clknet_2_0__leaf_clk (net)
                  0.10    0.00    0.49 ^ clkbuf_leaf_43_clk/A (sky130_fd_sc_hd__clkbuf_8)
    12    0.03    0.07    0.18    0.66 ^ clkbuf_leaf_43_clk/X (sky130_fd_sc_hd__clkbuf_8)
                                         clknet_leaf_43_clk (net)
                  0.07    0.00    0.66 ^ _5396_/CLK (sky130_fd_sc_hd__dfrtp_1)
     2    0.00    0.04    0.38    1.05 v _5396_/Q (sky130_fd_sc_hd__dfrtp_1)
                                         IM0.addr[27] (net)
                  0.04    0.00    1.05 v _2490_/A (sky130_fd_sc_hd__or4_1)
     1    0.00    0.08    0.54    1.59 v _2490_/X (sky130_fd_sc_hd__or4_1)
                                         _0782_ (net)
                  0.08    0.00    1.59 v _2494_/A (sky130_fd_sc_hd__nor4_1)
     1    0.00    0.26    0.32    1.91 ^ _2494_/Y (sky130_fd_sc_hd__nor4_1)
                                         _0786_ (net)
                  0.26    0.00    1.91 ^ wire48/A (sky130_fd_sc_hd__clkbuf_1)
     2    0.01    0.08    0.15    2.07 ^ wire48/X (sky130_fd_sc_hd__clkbuf_1)
                                         net48 (net)
                  0.08    0.00    2.07 ^ _2495_/A (sky130_fd_sc_hd__buf_2)
    10    0.03    0.15    0.21    2.27 ^ _2495_/X (sky130_fd_sc_hd__buf_2)
                                         _0787_ (net)
                  0.15    0.00    2.27 ^ _2509_/B (sky130_fd_sc_hd__nand2_2)
     8    0.02    0.09    0.12    2.39 v _2509_/Y (sky130_fd_sc_hd__nand2_2)
                                         _0801_ (net)
                  0.09    0.00    2.39 v _2532_/A (sky130_fd_sc_hd__or2_1)
     1    0.00    0.05    0.25    2.64 v _2532_/X (sky130_fd_sc_hd__or2_1)
                                         _0824_ (net)
                  0.05    0.00    2.64 v _2533_/A (sky130_fd_sc_hd__buf_4)
    10    0.04    0.07    0.19    2.83 v _2533_/X (sky130_fd_sc_hd__buf_4)
                                         _0825_ (net)
                  0.07    0.00    2.83 v _3081_/B (sky130_fd_sc_hd__or2_1)
     3    0.01    0.10    0.28    3.11 v _3081_/X (sky130_fd_sc_hd__or2_1)
                                         _1277_ (net)
                  0.10    0.00    3.11 v _3082_/B1 (sky130_fd_sc_hd__o21a_1)
     4    0.01    0.06    0.16    3.27 v _3082_/X (sky130_fd_sc_hd__o21a_1)
                                         _1278_ (net)
                  0.06    0.00    3.27 v _3095_/A (sky130_fd_sc_hd__or4b_2)
     4    0.01    0.14    0.77    4.03 v _3095_/X (sky130_fd_sc_hd__or4b_2)
                                         _1291_ (net)
                  0.14    0.00    4.03 v _3097_/B1 (sky130_fd_sc_hd__a211o_1)
     4    0.02    0.10    0.38    4.41 v _3097_/X (sky130_fd_sc_hd__a211o_1)
                                         _1293_ (net)
                  0.10    0.00    4.42 v _3099_/B1 (sky130_fd_sc_hd__a211oi_4)
     6    0.02    0.29    0.34    4.76 ^ _3099_/Y (sky130_fd_sc_hd__a211oi_4)
                                         _1295_ (net)
                  0.29    0.00    4.76 ^ _3101_/B1 (sky130_fd_sc_hd__o211ai_2)
     3    0.01    0.10    0.17    4.92 v _3101_/Y (sky130_fd_sc_hd__o211ai_2)
                                         _1297_ (net)
                  0.10    0.00    4.92 v _3103_/B (sky130_fd_sc_hd__nor3_1)
     2    0.01    0.22    0.25    5.17 ^ _3103_/Y (sky130_fd_sc_hd__nor3_1)
                                         _1299_ (net)
                  0.22    0.00    5.17 ^ max_cap46/A (sky130_fd_sc_hd__buf_1)
     4    0.01    0.13    0.18    5.36 ^ max_cap46/X (sky130_fd_sc_hd__buf_1)
                                         net46 (net)
                  0.13    0.00    5.36 ^ _3104_/C_N (sky130_fd_sc_hd__or3b_2)
     4    0.01    0.11    0.54    5.89 v _3104_/X (sky130_fd_sc_hd__or3b_2)
                                         _1300_ (net)
                  0.11    0.00    5.89 v _3108_/A (sky130_fd_sc_hd__nor3_2)
     5    0.02    0.30    0.34    6.24 ^ _3108_/Y (sky130_fd_sc_hd__nor3_2)
                                         _1304_ (net)
                  0.30    0.00    6.24 ^ _3112_/B (sky130_fd_sc_hd__nand3b_2)
     5    0.01    0.12    0.18    6.42 v _3112_/Y (sky130_fd_sc_hd__nand3b_2)
                                         _1308_ (net)
                  0.12    0.00    6.42 v _3116_/A (sky130_fd_sc_hd__or3b_2)
     4    0.01    0.10    0.56    6.97 v _3116_/X (sky130_fd_sc_hd__or3b_2)
                                         _1312_ (net)
                  0.10    0.00    6.97 v _3122_/A (sky130_fd_sc_hd__or3_2)
     5    0.01    0.11    0.57    7.54 v _3122_/X (sky130_fd_sc_hd__or3_2)
                                         _1318_ (net)
                  0.11    0.00    7.54 v _3307_/S (sky130_fd_sc_hd__mux2_1)
     3    0.01    0.09    0.39    7.93 v _3307_/X (sky130_fd_sc_hd__mux2_1)
                                         _1503_ (net)
                  0.09    0.00    7.93 v _3308_/B (sky130_fd_sc_hd__xnor2_1)
     4    0.01    0.12    0.19    8.12 v _3308_/Y (sky130_fd_sc_hd__xnor2_1)
                                         _1504_ (net)
                  0.12    0.00    8.12 v _3321_/B (sky130_fd_sc_hd__or4_1)
     2    0.01    0.11    0.58    8.70 v _3321_/X (sky130_fd_sc_hd__or4_1)
                                         _1517_ (net)
                  0.11    0.00    8.70 v _3338_/A1 (sky130_fd_sc_hd__a211o_1)
     4    0.02    0.10    0.36    9.06 v _3338_/X (sky130_fd_sc_hd__a211o_1)
                                         _1534_ (net)
                  0.10    0.00    9.06 v _3344_/A2 (sky130_fd_sc_hd__a31oi_4)
     3    0.02    0.19    0.24    9.30 ^ _3344_/Y (sky130_fd_sc_hd__a31oi_4)
                                         _1540_ (net)
                  0.19    0.00    9.30 ^ _3346_/A2 (sky130_fd_sc_hd__a21boi_4)
     6    0.02    0.07    0.11    9.41 v _3346_/Y (sky130_fd_sc_hd__a21boi_4)
                                         _1542_ (net)
                  0.07    0.00    9.41 v _3349_/A2 (sky130_fd_sc_hd__a211o_1)
     4    0.01    0.08    0.36    9.77 v _3349_/X (sky130_fd_sc_hd__a211o_1)
                                         _1545_ (net)
                  0.08    0.00    9.77 v _3352_/A2 (sky130_fd_sc_hd__a211o_1)
     4    0.01    0.08    0.36   10.13 v _3352_/X (sky130_fd_sc_hd__a211o_1)
                                         _1548_ (net)
                  0.08    0.00   10.13 v _3354_/A2 (sky130_fd_sc_hd__a21o_1)
     4    0.02    0.09    0.25   10.38 v _3354_/X (sky130_fd_sc_hd__a21o_1)
                                         _1550_ (net)
                  0.09    0.00   10.38 v _3359_/A2 (sky130_fd_sc_hd__a311oi_4)
     2    0.01    0.28    0.34   10.72 ^ _3359_/Y (sky130_fd_sc_hd__a311oi_4)
                                         net26 (net)
                  0.28    0.00   10.72 ^ output26/A (sky130_fd_sc_hd__buf_2)
     1    0.03    0.17    0.28   11.00 ^ output26/X (sky130_fd_sc_hd__buf_2)
                                         Result[31] (net)
                  0.17    0.00   11.00 ^ Result[31] (out)
                                 11.00   data arrival time

                         10.00   10.00   clock clk (rise edge)
                          0.00   10.00   clock network delay (propagated)
                         -0.25    9.75   clock uncertainty
                          0.00    9.75   clock reconvergence pessimism
                         -2.00    7.75   output external delay
                                  7.75   data required time
-----------------------------------------------------------------------------
                                  7.75   data required time
                                -11.00   data arrival time
-----------------------------------------------------------------------------
                                 -3.25   slack (VIOLATED)




===========================================================================
report_checks --slack_max -0.01
============================================================================
======================= Typical Corner ===================================

Startpoint: _5396_ (rising edge-triggered flip-flop clocked by clk)
Endpoint: Result[31] (output port clocked by clk)
Path Group: clk
Path Type: max

Fanout     Cap    Slew   Delay    Time   Description
-----------------------------------------------------------------------------
                          0.00    0.00   clock clk (rise edge)
                          0.00    0.00   clock source latency
     1    0.03    0.13    0.10    0.10 ^ clk (in)
                                         clk (net)
                  0.13    0.00    0.10 ^ clkbuf_0_clk/A (sky130_fd_sc_hd__clkbuf_16)
     4    0.06    0.08    0.20    0.29 ^ clkbuf_0_clk/X (sky130_fd_sc_hd__clkbuf_16)
                                         clknet_0_clk (net)
                  0.08    0.00    0.29 ^ clkbuf_2_0__f_clk/A (sky130_fd_sc_hd__clkbuf_16)
    12    0.08    0.10    0.19    0.49 ^ clkbuf_2_0__f_clk/X (sky130_fd_sc_hd__clkbuf_16)
                                         clknet_2_0__leaf_clk (net)
                  0.10    0.00    0.49 ^ clkbuf_leaf_43_clk/A (sky130_fd_sc_hd__clkbuf_8)
    12    0.03    0.07    0.18    0.66 ^ clkbuf_leaf_43_clk/X (sky130_fd_sc_hd__clkbuf_8)
                                         clknet_leaf_43_clk (net)
                  0.07    0.00    0.66 ^ _5396_/CLK (sky130_fd_sc_hd__dfrtp_1)
     2    0.00    0.04    0.38    1.05 v _5396_/Q (sky130_fd_sc_hd__dfrtp_1)
                                         IM0.addr[27] (net)
                  0.04    0.00    1.05 v _2490_/A (sky130_fd_sc_hd__or4_1)
     1    0.00    0.08    0.54    1.59 v _2490_/X (sky130_fd_sc_hd__or4_1)
                                         _0782_ (net)
                  0.08    0.00    1.59 v _2494_/A (sky130_fd_sc_hd__nor4_1)
     1    0.00    0.26    0.32    1.91 ^ _2494_/Y (sky130_fd_sc_hd__nor4_1)
                                         _0786_ (net)
                  0.26    0.00    1.91 ^ wire48/A (sky130_fd_sc_hd__clkbuf_1)
     2    0.01    0.08    0.15    2.07 ^ wire48/X (sky130_fd_sc_hd__clkbuf_1)
                                         net48 (net)
                  0.08    0.00    2.07 ^ _2495_/A (sky130_fd_sc_hd__buf_2)
    10    0.03    0.15    0.21    2.27 ^ _2495_/X (sky130_fd_sc_hd__buf_2)
                                         _0787_ (net)
                  0.15    0.00    2.27 ^ _2509_/B (sky130_fd_sc_hd__nand2_2)
     8    0.02    0.09    0.12    2.39 v _2509_/Y (sky130_fd_sc_hd__nand2_2)
                                         _0801_ (net)
                  0.09    0.00    2.39 v _2532_/A (sky130_fd_sc_hd__or2_1)
     1    0.00    0.05    0.25    2.64 v _2532_/X (sky130_fd_sc_hd__or2_1)
                                         _0824_ (net)
                  0.05    0.00    2.64 v _2533_/A (sky130_fd_sc_hd__buf_4)
    10    0.04    0.07    0.19    2.83 v _2533_/X (sky130_fd_sc_hd__buf_4)
                                         _0825_ (net)
                  0.07    0.00    2.83 v _3081_/B (sky130_fd_sc_hd__or2_1)
     3    0.01    0.10    0.28    3.11 v _3081_/X (sky130_fd_sc_hd__or2_1)
                                         _1277_ (net)
                  0.10    0.00    3.11 v _3082_/B1 (sky130_fd_sc_hd__o21a_1)
     4    0.01    0.06    0.16    3.27 v _3082_/X (sky130_fd_sc_hd__o21a_1)
                                         _1278_ (net)
                  0.06    0.00    3.27 v _3095_/A (sky130_fd_sc_hd__or4b_2)
     4    0.01    0.14    0.77    4.03 v _3095_/X (sky130_fd_sc_hd__or4b_2)
                                         _1291_ (net)
                  0.14    0.00    4.03 v _3097_/B1 (sky130_fd_sc_hd__a211o_1)
     4    0.02    0.10    0.38    4.41 v _3097_/X (sky130_fd_sc_hd__a211o_1)
                                         _1293_ (net)
                  0.10    0.00    4.42 v _3099_/B1 (sky130_fd_sc_hd__a211oi_4)
     6    0.02    0.29    0.34    4.76 ^ _3099_/Y (sky130_fd_sc_hd__a211oi_4)
                                         _1295_ (net)
                  0.29    0.00    4.76 ^ _3101_/B1 (sky130_fd_sc_hd__o211ai_2)
     3    0.01    0.10    0.17    4.92 v _3101_/Y (sky130_fd_sc_hd__o211ai_2)
                                         _1297_ (net)
                  0.10    0.00    4.92 v _3103_/B (sky130_fd_sc_hd__nor3_1)
     2    0.01    0.22    0.25    5.17 ^ _3103_/Y (sky130_fd_sc_hd__nor3_1)
                                         _1299_ (net)
                  0.22    0.00    5.17 ^ max_cap46/A (sky130_fd_sc_hd__buf_1)
     4    0.01    0.13    0.18    5.36 ^ max_cap46/X (sky130_fd_sc_hd__buf_1)
                                         net46 (net)
                  0.13    0.00    5.36 ^ _3104_/C_N (sky130_fd_sc_hd__or3b_2)
     4    0.01    0.11    0.54    5.89 v _3104_/X (sky130_fd_sc_hd__or3b_2)
                                         _1300_ (net)
                  0.11    0.00    5.89 v _3108_/A (sky130_fd_sc_hd__nor3_2)
     5    0.02    0.30    0.34    6.24 ^ _3108_/Y (sky130_fd_sc_hd__nor3_2)
                                         _1304_ (net)
                  0.30    0.00    6.24 ^ _3112_/B (sky130_fd_sc_hd__nand3b_2)
     5    0.01    0.12    0.18    6.42 v _3112_/Y (sky130_fd_sc_hd__nand3b_2)
                                         _1308_ (net)
                  0.12    0.00    6.42 v _3116_/A (sky130_fd_sc_hd__or3b_2)
     4    0.01    0.10    0.56    6.97 v _3116_/X (sky130_fd_sc_hd__or3b_2)
                                         _1312_ (net)
                  0.10    0.00    6.97 v _3122_/A (sky130_fd_sc_hd__or3_2)
     5    0.01    0.11    0.57    7.54 v _3122_/X (sky130_fd_sc_hd__or3_2)
                                         _1318_ (net)
                  0.11    0.00    7.54 v _3307_/S (sky130_fd_sc_hd__mux2_1)
     3    0.01    0.09    0.39    7.93 v _3307_/X (sky130_fd_sc_hd__mux2_1)
                                         _1503_ (net)
                  0.09    0.00    7.93 v _3308_/B (sky130_fd_sc_hd__xnor2_1)
     4    0.01    0.12    0.19    8.12 v _3308_/Y (sky130_fd_sc_hd__xnor2_1)
                                         _1504_ (net)
                  0.12    0.00    8.12 v _3321_/B (sky130_fd_sc_hd__or4_1)
     2    0.01    0.11    0.58    8.70 v _3321_/X (sky130_fd_sc_hd__or4_1)
                                         _1517_ (net)
                  0.11    0.00    8.70 v _3338_/A1 (sky130_fd_sc_hd__a211o_1)
     4    0.02    0.10    0.36    9.06 v _3338_/X (sky130_fd_sc_hd__a211o_1)
                                         _1534_ (net)
                  0.10    0.00    9.06 v _3344_/A2 (sky130_fd_sc_hd__a31oi_4)
     3    0.02    0.19    0.24    9.30 ^ _3344_/Y (sky130_fd_sc_hd__a31oi_4)
                                         _1540_ (net)
                  0.19    0.00    9.30 ^ _3346_/A2 (sky130_fd_sc_hd__a21boi_4)
     6    0.02    0.07    0.11    9.41 v _3346_/Y (sky130_fd_sc_hd__a21boi_4)
                                         _1542_ (net)
                  0.07    0.00    9.41 v _3349_/A2 (sky130_fd_sc_hd__a211o_1)
     4    0.01    0.08    0.36    9.77 v _3349_/X (sky130_fd_sc_hd__a211o_1)
                                         _1545_ (net)
                  0.08    0.00    9.77 v _3352_/A2 (sky130_fd_sc_hd__a211o_1)
     4    0.01    0.08    0.36   10.13 v _3352_/X (sky130_fd_sc_hd__a211o_1)
                                         _1548_ (net)
                  0.08    0.00   10.13 v _3354_/A2 (sky130_fd_sc_hd__a21o_1)
     4    0.02    0.09    0.25   10.38 v _3354_/X (sky130_fd_sc_hd__a21o_1)
                                         _1550_ (net)
                  0.09    0.00   10.38 v _3359_/A2 (sky130_fd_sc_hd__a311oi_4)
     2    0.01    0.28    0.34   10.72 ^ _3359_/Y (sky130_fd_sc_hd__a311oi_4)
                                         net26 (net)
                  0.28    0.00   10.72 ^ output26/A (sky130_fd_sc_hd__buf_2)
     1    0.03    0.17    0.28   11.00 ^ output26/X (sky130_fd_sc_hd__buf_2)
                                         Result[31] (net)
                  0.17    0.00   11.00 ^ Result[31] (out)
                                 11.00   data arrival time

                         10.00   10.00   clock clk (rise edge)
                          0.00   10.00   clock network delay (propagated)
                         -0.25    9.75   clock uncertainty
                          0.00    9.75   clock reconvergence pessimism
                         -2.00    7.75   output external delay
                                  7.75   data required time
-----------------------------------------------------------------------------
                                  7.75   data required time
                                -11.00   data arrival time
-----------------------------------------------------------------------------
                                 -3.25   slack (VIOLATED)




===========================================================================
 report_check_types -max_slew -max_cap -max_fanout -violators
============================================================================
======================= Typical Corner ===================================

max fanout

Pin                                   Limit Fanout  Slack
---------------------------------------------------------
clkbuf_leaf_7_clk/X                      10     16     -6 (VIOLATED)
clkbuf_leaf_11_clk/X                     10     15     -5 (VIOLATED)
clkbuf_leaf_32_clk/X                     10     15     -5 (VIOLATED)
clkbuf_leaf_35_clk/X                     10     15     -5 (VIOLATED)
clkbuf_leaf_0_clk/X                      10     14     -4 (VIOLATED)
clkbuf_leaf_13_clk/X                     10     14     -4 (VIOLATED)
clkbuf_leaf_42_clk/X                     10     14     -4 (VIOLATED)
clkbuf_leaf_45_clk/X                     10     14     -4 (VIOLATED)
clkbuf_leaf_23_clk/X                     10     13     -3 (VIOLATED)
clkbuf_leaf_38_clk/X                     10     13     -3 (VIOLATED)
clkbuf_leaf_41_clk/X                     10     13     -3 (VIOLATED)
clkbuf_leaf_6_clk/X                      10     13     -3 (VIOLATED)
clkbuf_2_0__f_clk/X                      10     12     -2 (VIOLATED)
clkbuf_2_1__f_clk/X                      10     12     -2 (VIOLATED)
clkbuf_2_2__f_clk/X                      10     12     -2 (VIOLATED)
clkbuf_2_3__f_clk/X                      10     12     -2 (VIOLATED)
clkbuf_leaf_18_clk/X                     10     12     -2 (VIOLATED)
clkbuf_leaf_1_clk/X                      10     12     -2 (VIOLATED)
clkbuf_leaf_28_clk/X                     10     12     -2 (VIOLATED)
clkbuf_leaf_30_clk/X                     10     12     -2 (VIOLATED)
clkbuf_leaf_33_clk/X                     10     12     -2 (VIOLATED)
clkbuf_leaf_43_clk/X                     10     12     -2 (VIOLATED)
clkbuf_leaf_12_clk/X                     10     11        (VIOLATED)
clkbuf_leaf_34_clk/X                     10     11        (VIOLATED)
clkbuf_leaf_37_clk/X                     10     11        (VIOLATED)
clkbuf_leaf_8_clk/X                      10     11        (VIOLATED)


max slew violations count Typical: 0
max fanout violations count Typical: 26
max cap violations count Typical: 0

===========================================================================
report_parasitic_annotation -report_unannotated
============================================================================
Found 44 unannotated drivers.
 clkload0/X
 clkload1/X
 clkload10/Y
 clkload11/X
 clkload12/Y
 clkload13/Y
 clkload14/Y
 clkload15/X
 clkload16/Y
 clkload17/Y
 clkload18/Y
 clkload19/Y
 clkload2/Y
 clkload20/Y
 clkload21/Y
 clkload22/Y
 clkload23/Y
 clkload24/Y
 clkload25/Y
 clkload26/Y
 clkload27/Y
 clkload28/Y
 clkload29/X
 clkload3/Y
 clkload30/Y
 clkload31/Y
 clkload32/Y
 clkload33/Y
 clkload34/Y
 clkload35/Y
 clkload36/Y
 clkload37/Y
 clkload38/Y
 clkload39/Y
 clkload4/Y
 clkload40/X
 clkload41/Y
 clkload42/Y
 clkload43/Y
 clkload5/Y
 clkload6/Y
 clkload7/Y
 clkload8/X
 clkload9/Y
Found 0 partially unannotated drivers.

===========================================================================
max slew violation count 0
max fanout violation count 26
max cap violation count 0
============================================================================

===========================================================================
check_setup -verbose -unconstrained_endpoints -multiple_clock -no_clock -no_input_delay -loops -generated_clocks
===========================================================================
