
===========================================================================
 report_power
============================================================================
======================= Fastest Corner ===================================

Group                  Internal  Switching    Leakage      Total
                          Power      Power      Power      Power (Watts)
----------------------------------------------------------------
Sequential             2.98e-03   3.78e-04   1.48e-08   3.36e-03  38.5%
Combinational          2.14e-03   1.31e-03   4.94e-08   3.45e-03  39.5%
Clock                  8.79e-04   1.04e-03   1.31e-08   1.92e-03  22.0%
Macro                  0.00e+00   0.00e+00   0.00e+00   0.00e+00   0.0%
Pad                    0.00e+00   0.00e+00   0.00e+00   0.00e+00   0.0%
----------------------------------------------------------------
Total                  6.00e-03   2.73e-03   7.73e-08   8.73e-03 100.0%
                          68.7%      31.3%       0.0%

======================= Slowest Corner ===================================

Group                  Internal  Switching    Leakage      Total
                          Power      Power      Power      Power (Watts)
----------------------------------------------------------------
Sequential             2.02e-03   2.39e-04   1.48e-05   2.28e-03  38.2%
Combinational          1.48e-03   8.56e-04   3.69e-05   2.38e-03  39.9%
Clock                  6.34e-04   6.69e-04   2.07e-06   1.30e-03  21.9%
Macro                  0.00e+00   0.00e+00   0.00e+00   0.00e+00   0.0%
Pad                    0.00e+00   0.00e+00   0.00e+00   0.00e+00   0.0%
----------------------------------------------------------------
Total                  4.14e-03   1.76e-03   5.38e-05   5.96e-03 100.0%
                          69.5%      29.6%       0.9%

======================= Typical Corner ===================================

Group                  Internal  Switching    Leakage      Total
                          Power      Power      Power      Power (Watts)
----------------------------------------------------------------
Sequential             2.58e-03   3.12e-04   8.56e-09   2.90e-03  38.5%
Combinational          1.88e-03   1.10e-03   2.50e-08   2.98e-03  39.6%
Clock                  7.70e-04   8.74e-04   8.03e-09   1.64e-03  21.9%
Macro                  0.00e+00   0.00e+00   0.00e+00   0.00e+00   0.0%
Pad                    0.00e+00   0.00e+00   0.00e+00   0.00e+00   0.0%
----------------------------------------------------------------
Total                  5.23e-03   2.28e-03   4.16e-08   7.52e-03 100.0%
                          69.6%      30.4%       0.0%

