
===========================================================================
report_checks -unconstrained
===========================================================================
======================= Typical Corner ===================================

Startpoint: reset (input port clocked by clk)
Endpoint: _5037_ (recovery check against rising-edge clock clk)
Path Group: asynchronous
Path Type: max

Fanout     Cap    Slew   Delay    Time   Description
-----------------------------------------------------------------------------
                          0.00    0.00   clock clk (rise edge)
                          0.00    0.00   clock network delay (propagated)
                          2.00    2.00 v input external delay
     3    0.01    0.02    0.01    2.01 v reset (in)
                                         reset (net)
                  0.02    0.00    2.01 v _4572_/A (sky130_fd_sc_hd__buf_2)
     8    0.02    0.05    0.14    2.15 v _4572_/X (sky130_fd_sc_hd__buf_2)
                                         _2435_ (net)
                  0.05    0.00    2.15 v _4574_/A (sky130_fd_sc_hd__dlymetal6s2s_1)
     4    0.01    0.07    0.18    2.33 v _4574_/X (sky130_fd_sc_hd__dlymetal6s2s_1)
                                         _2437_ (net)
                  0.07    0.00    2.33 v _4595_/A (sky130_fd_sc_hd__clkbuf_8)
    10    0.04    0.06    0.19    2.52 v _4595_/X (sky130_fd_sc_hd__clkbuf_8)
                                         _2440_ (net)
                  0.06    0.00    2.52 v _4598_/A (sky130_fd_sc_hd__inv_2)
     1    0.00    0.03    0.05    2.57 ^ _4598_/Y (sky130_fd_sc_hd__inv_2)
                                         _0029_ (net)
                  0.03    0.00    2.57 ^ _5037_/RESET_B (sky130_fd_sc_hd__dfrtp_2)
                                  2.57   data arrival time

                         10.00   10.00   clock clk (rise edge)
                          0.00   10.00   clock source latency
     1    0.01    0.04    0.03   10.03 ^ clk (in)
                                         clk (net)
                  0.04    0.00   10.03 ^ clkbuf_0_clk/A (sky130_fd_sc_hd__clkbuf_16)
     4    0.03    0.05    0.13   10.15 ^ clkbuf_0_clk/X (sky130_fd_sc_hd__clkbuf_16)
                                         clknet_0_clk (net)
                  0.05    0.00   10.15 ^ clkbuf_2_1__f_clk/A (sky130_fd_sc_hd__clkbuf_16)
    12    0.05    0.07    0.15   10.30 ^ clkbuf_2_1__f_clk/X (sky130_fd_sc_hd__clkbuf_16)
                                         clknet_2_1__leaf_clk (net)
                  0.07    0.00   10.30 ^ clkbuf_leaf_13_clk/A (sky130_fd_sc_hd__clkbuf_8)
    14    0.03    0.06    0.14   10.44 ^ clkbuf_leaf_13_clk/X (sky130_fd_sc_hd__clkbuf_8)
                                         clknet_leaf_13_clk (net)
                  0.06    0.00   10.44 ^ _5037_/CLK (sky130_fd_sc_hd__dfrtp_2)
                         -0.25   10.19   clock uncertainty
                          0.00   10.19   clock reconvergence pessimism
                          0.23   10.42   library recovery time
                                 10.42   data required time
-----------------------------------------------------------------------------
                                 10.42   data required time
                                 -2.57   data arrival time
-----------------------------------------------------------------------------
                                  7.85   slack (MET)


Startpoint: _5393_ (rising edge-triggered flip-flop clocked by clk)
Endpoint: Result[31] (output port clocked by clk)
Path Group: clk
Path Type: max

Fanout     Cap    Slew   Delay    Time   Description
-----------------------------------------------------------------------------
                          0.00    0.00   clock clk (rise edge)
                          0.00    0.00   clock source latency
     1    0.01    0.04    0.03    0.03 ^ clk (in)
                                         clk (net)
                  0.04    0.00    0.03 ^ clkbuf_0_clk/A (sky130_fd_sc_hd__clkbuf_16)
     4    0.03    0.05    0.14    0.17 ^ clkbuf_0_clk/X (sky130_fd_sc_hd__clkbuf_16)
                                         clknet_0_clk (net)
                  0.05    0.00    0.17 ^ clkbuf_2_0__f_clk/A (sky130_fd_sc_hd__clkbuf_16)
    12    0.05    0.07    0.16    0.33 ^ clkbuf_2_0__f_clk/X (sky130_fd_sc_hd__clkbuf_16)
                                         clknet_2_0__leaf_clk (net)
                  0.07    0.00    0.33 ^ clkbuf_leaf_44_clk/A (sky130_fd_sc_hd__clkbuf_8)
     8    0.03    0.06    0.16    0.49 ^ clkbuf_leaf_44_clk/X (sky130_fd_sc_hd__clkbuf_8)
                                         clknet_leaf_44_clk (net)
                  0.06    0.00    0.49 ^ _5393_/CLK (sky130_fd_sc_hd__dfrtp_1)
     2    0.00    0.04    0.38    0.87 v _5393_/Q (sky130_fd_sc_hd__dfrtp_1)
                                         IM0.addr[24] (net)
                  0.04    0.00    0.87 v _2490_/A (sky130_fd_sc_hd__or4_1)
     1    0.00    0.09    0.55    1.42 v _2490_/X (sky130_fd_sc_hd__or4_1)
                                         _0782_ (net)
                  0.09    0.00    1.42 v _2494_/A (sky130_fd_sc_hd__nor4_2)
     1    0.00    0.17    0.27    1.68 ^ _2494_/Y (sky130_fd_sc_hd__nor4_2)
                                         _0786_ (net)
                  0.17    0.00    1.68 ^ wire48/A (sky130_fd_sc_hd__buf_2)
     3    0.01    0.05    0.16    1.84 ^ wire48/X (sky130_fd_sc_hd__buf_2)
                                         net48 (net)
                  0.05    0.00    1.84 ^ _2495_/A (sky130_fd_sc_hd__buf_6)
     5    0.02    0.06    0.12    1.96 ^ _2495_/X (sky130_fd_sc_hd__buf_6)
                                         _0787_ (net)
                  0.06    0.00    1.96 ^ _2509_/A (sky130_fd_sc_hd__nand2_4)
     8    0.02    0.05    0.06    2.02 v _2509_/Y (sky130_fd_sc_hd__nand2_4)
                                         _0801_ (net)
                  0.05    0.00    2.02 v _2532_/B (sky130_fd_sc_hd__or2_4)
     2    0.01    0.05    0.24    2.26 v _2532_/X (sky130_fd_sc_hd__or2_4)
                                         _0824_ (net)
                  0.05    0.00    2.26 v _2533_/A (sky130_fd_sc_hd__buf_6)
     5    0.01    0.03    0.13    2.39 v _2533_/X (sky130_fd_sc_hd__buf_6)
                                         _0825_ (net)
                  0.03    0.00    2.39 v _3081_/B (sky130_fd_sc_hd__or2_4)
     3    0.01    0.05    0.24    2.63 v _3081_/X (sky130_fd_sc_hd__or2_4)
                                         _1277_ (net)
                  0.05    0.00    2.63 v _3082_/B1 (sky130_fd_sc_hd__o21a_1)
     4    0.01    0.06    0.13    2.76 v _3082_/X (sky130_fd_sc_hd__o21a_1)
                                         _1278_ (net)
                  0.06    0.00    2.76 v _3095_/C (sky130_fd_sc_hd__or4b_4)
     4    0.01    0.10    0.53    3.28 v _3095_/X (sky130_fd_sc_hd__or4b_4)
                                         _1291_ (net)
                  0.10    0.00    3.28 v _3097_/C1 (sky130_fd_sc_hd__a211o_4)
     4    0.01    0.06    0.31    3.60 v _3097_/X (sky130_fd_sc_hd__a211o_4)
                                         _1293_ (net)
                  0.06    0.00    3.60 v _3099_/C1 (sky130_fd_sc_hd__a211oi_4)
     6    0.02    0.27    0.25    3.85 ^ _3099_/Y (sky130_fd_sc_hd__a211oi_4)
                                         _1295_ (net)
                  0.27    0.00    3.85 ^ _3101_/C1 (sky130_fd_sc_hd__o211ai_2)
     3    0.01    0.11    0.15    4.00 v _3101_/Y (sky130_fd_sc_hd__o211ai_2)
                                         _1297_ (net)
                  0.11    0.00    4.00 v _3103_/C (sky130_fd_sc_hd__nor3_2)
     2    0.00    0.14    0.14    4.15 ^ _3103_/Y (sky130_fd_sc_hd__nor3_2)
                                         _1299_ (net)
                  0.14    0.00    4.15 ^ max_cap46/A (sky130_fd_sc_hd__clkbuf_2)
     2    0.00    0.03    0.13    4.28 ^ max_cap46/X (sky130_fd_sc_hd__clkbuf_2)
                                         net46 (net)
                  0.03    0.00    4.28 ^ _3104_/C_N (sky130_fd_sc_hd__or3b_4)
     4    0.02    0.09    0.42    4.70 v _3104_/X (sky130_fd_sc_hd__or3b_4)
                                         _1300_ (net)
                  0.09    0.00    4.70 v _3108_/C (sky130_fd_sc_hd__nor3_4)
     5    0.02    0.23    0.21    4.91 ^ _3108_/Y (sky130_fd_sc_hd__nor3_4)
                                         _1304_ (net)
                  0.23    0.00    4.91 ^ _3112_/B (sky130_fd_sc_hd__nand3b_4)
     5    0.01    0.08    0.12    5.03 v _3112_/Y (sky130_fd_sc_hd__nand3b_4)
                                         _1308_ (net)
                  0.08    0.00    5.03 v _3116_/B (sky130_fd_sc_hd__or3b_4)
     4    0.01    0.08    0.41    5.44 v _3116_/X (sky130_fd_sc_hd__or3b_4)
                                         _1312_ (net)
                  0.08    0.00    5.44 v _3122_/C (sky130_fd_sc_hd__or3_4)
     3    0.01    0.07    0.36    5.81 v _3122_/X (sky130_fd_sc_hd__or3_4)
                                         _1318_ (net)
                  0.07    0.00    5.81 v _3307_/S (sky130_fd_sc_hd__mux2_4)
     3    0.02    0.08    0.36    6.17 v _3307_/X (sky130_fd_sc_hd__mux2_4)
                                         _1503_ (net)
                  0.08    0.00    6.17 v _3308_/A (sky130_fd_sc_hd__xnor2_4)
     4    0.01    0.07    0.16    6.33 v _3308_/Y (sky130_fd_sc_hd__xnor2_4)
                                         _1504_ (net)
                  0.07    0.00    6.33 v _3321_/D (sky130_fd_sc_hd__or4_4)
     2    0.01    0.09    0.45    6.78 v _3321_/X (sky130_fd_sc_hd__or4_4)
                                         _1517_ (net)
                  0.09    0.00    6.78 v _3338_/A2 (sky130_fd_sc_hd__a211o_4)
     4    0.01    0.07    0.39    7.16 v _3338_/X (sky130_fd_sc_hd__a211o_4)
                                         _1534_ (net)
                  0.07    0.00    7.16 v _3344_/A1 (sky130_fd_sc_hd__a31oi_4)
     3    0.01    0.18    0.19    7.35 ^ _3344_/Y (sky130_fd_sc_hd__a31oi_4)
                                         _1540_ (net)
                  0.18    0.00    7.35 ^ _3346_/A1 (sky130_fd_sc_hd__a21boi_4)
     6    0.02    0.07    0.10    7.45 v _3346_/Y (sky130_fd_sc_hd__a21boi_4)
                                         _1542_ (net)
                  0.07    0.00    7.45 v _3349_/A1 (sky130_fd_sc_hd__a211o_1)
     4    0.01    0.08    0.31    7.76 v _3349_/X (sky130_fd_sc_hd__a211o_1)
                                         _1545_ (net)
                  0.08    0.00    7.76 v _3352_/A1 (sky130_fd_sc_hd__a211o_1)
     4    0.01    0.07    0.30    8.06 v _3352_/X (sky130_fd_sc_hd__a211o_1)
                                         _1548_ (net)
                  0.07    0.00    8.06 v _3354_/A1 (sky130_fd_sc_hd__a21o_1)
     4    0.01    0.07    0.21    8.27 v _3354_/X (sky130_fd_sc_hd__a21o_1)
                                         _1550_ (net)
                  0.07    0.00    8.27 v rebuffer8/A (sky130_fd_sc_hd__clkbuf_2)
     1    0.01    0.04    0.13    8.40 v rebuffer8/X (sky130_fd_sc_hd__clkbuf_2)
                                         net56 (net)
                  0.04    0.00    8.40 v _3359_/A1 (sky130_fd_sc_hd__a311oi_4)
     2    0.01    0.26    0.25    8.65 ^ _3359_/Y (sky130_fd_sc_hd__a311oi_4)
                                         net26 (net)
                  0.26    0.00    8.65 ^ output26/A (sky130_fd_sc_hd__buf_6)
     1    0.03    0.08    0.19    8.83 ^ output26/X (sky130_fd_sc_hd__buf_6)
                                         Result[31] (net)
                  0.08    0.00    8.83 ^ Result[31] (out)
                                  8.83   data arrival time

                         10.00   10.00   clock clk (rise edge)
                          0.00   10.00   clock network delay (propagated)
                         -0.25    9.75   clock uncertainty
                          0.00    9.75   clock reconvergence pessimism
                         -2.00    7.75   output external delay
                                  7.75   data required time
-----------------------------------------------------------------------------
                                  7.75   data required time
                                 -8.83   data arrival time
-----------------------------------------------------------------------------
                                 -1.08   slack (VIOLATED)




===========================================================================
report_checks --slack_max -0.01
============================================================================
======================= Typical Corner ===================================

Startpoint: _5393_ (rising edge-triggered flip-flop clocked by clk)
Endpoint: Result[31] (output port clocked by clk)
Path Group: clk
Path Type: max

Fanout     Cap    Slew   Delay    Time   Description
-----------------------------------------------------------------------------
                          0.00    0.00   clock clk (rise edge)
                          0.00    0.00   clock source latency
     1    0.01    0.04    0.03    0.03 ^ clk (in)
                                         clk (net)
                  0.04    0.00    0.03 ^ clkbuf_0_clk/A (sky130_fd_sc_hd__clkbuf_16)
     4    0.03    0.05    0.14    0.17 ^ clkbuf_0_clk/X (sky130_fd_sc_hd__clkbuf_16)
                                         clknet_0_clk (net)
                  0.05    0.00    0.17 ^ clkbuf_2_0__f_clk/A (sky130_fd_sc_hd__clkbuf_16)
    12    0.05    0.07    0.16    0.33 ^ clkbuf_2_0__f_clk/X (sky130_fd_sc_hd__clkbuf_16)
                                         clknet_2_0__leaf_clk (net)
                  0.07    0.00    0.33 ^ clkbuf_leaf_44_clk/A (sky130_fd_sc_hd__clkbuf_8)
     8    0.03    0.06    0.16    0.49 ^ clkbuf_leaf_44_clk/X (sky130_fd_sc_hd__clkbuf_8)
                                         clknet_leaf_44_clk (net)
                  0.06    0.00    0.49 ^ _5393_/CLK (sky130_fd_sc_hd__dfrtp_1)
     2    0.00    0.04    0.38    0.87 v _5393_/Q (sky130_fd_sc_hd__dfrtp_1)
                                         IM0.addr[24] (net)
                  0.04    0.00    0.87 v _2490_/A (sky130_fd_sc_hd__or4_1)
     1    0.00    0.09    0.55    1.42 v _2490_/X (sky130_fd_sc_hd__or4_1)
                                         _0782_ (net)
                  0.09    0.00    1.42 v _2494_/A (sky130_fd_sc_hd__nor4_2)
     1    0.00    0.17    0.27    1.68 ^ _2494_/Y (sky130_fd_sc_hd__nor4_2)
                                         _0786_ (net)
                  0.17    0.00    1.68 ^ wire48/A (sky130_fd_sc_hd__buf_2)
     3    0.01    0.05    0.16    1.84 ^ wire48/X (sky130_fd_sc_hd__buf_2)
                                         net48 (net)
                  0.05    0.00    1.84 ^ _2495_/A (sky130_fd_sc_hd__buf_6)
     5    0.02    0.06    0.12    1.96 ^ _2495_/X (sky130_fd_sc_hd__buf_6)
                                         _0787_ (net)
                  0.06    0.00    1.96 ^ _2509_/A (sky130_fd_sc_hd__nand2_4)
     8    0.02    0.05    0.06    2.02 v _2509_/Y (sky130_fd_sc_hd__nand2_4)
                                         _0801_ (net)
                  0.05    0.00    2.02 v _2532_/B (sky130_fd_sc_hd__or2_4)
     2    0.01    0.05    0.24    2.26 v _2532_/X (sky130_fd_sc_hd__or2_4)
                                         _0824_ (net)
                  0.05    0.00    2.26 v _2533_/A (sky130_fd_sc_hd__buf_6)
     5    0.01    0.03    0.13    2.39 v _2533_/X (sky130_fd_sc_hd__buf_6)
                                         _0825_ (net)
                  0.03    0.00    2.39 v _3081_/B (sky130_fd_sc_hd__or2_4)
     3    0.01    0.05    0.24    2.63 v _3081_/X (sky130_fd_sc_hd__or2_4)
                                         _1277_ (net)
                  0.05    0.00    2.63 v _3082_/B1 (sky130_fd_sc_hd__o21a_1)
     4    0.01    0.06    0.13    2.76 v _3082_/X (sky130_fd_sc_hd__o21a_1)
                                         _1278_ (net)
                  0.06    0.00    2.76 v _3095_/C (sky130_fd_sc_hd__or4b_4)
     4    0.01    0.10    0.53    3.28 v _3095_/X (sky130_fd_sc_hd__or4b_4)
                                         _1291_ (net)
                  0.10    0.00    3.28 v _3097_/C1 (sky130_fd_sc_hd__a211o_4)
     4    0.01    0.06    0.31    3.60 v _3097_/X (sky130_fd_sc_hd__a211o_4)
                                         _1293_ (net)
                  0.06    0.00    3.60 v _3099_/C1 (sky130_fd_sc_hd__a211oi_4)
     6    0.02    0.27    0.25    3.85 ^ _3099_/Y (sky130_fd_sc_hd__a211oi_4)
                                         _1295_ (net)
                  0.27    0.00    3.85 ^ _3101_/C1 (sky130_fd_sc_hd__o211ai_2)
     3    0.01    0.11    0.15    4.00 v _3101_/Y (sky130_fd_sc_hd__o211ai_2)
                                         _1297_ (net)
                  0.11    0.00    4.00 v _3103_/C (sky130_fd_sc_hd__nor3_2)
     2    0.00    0.14    0.14    4.15 ^ _3103_/Y (sky130_fd_sc_hd__nor3_2)
                                         _1299_ (net)
                  0.14    0.00    4.15 ^ max_cap46/A (sky130_fd_sc_hd__clkbuf_2)
     2    0.00    0.03    0.13    4.28 ^ max_cap46/X (sky130_fd_sc_hd__clkbuf_2)
                                         net46 (net)
                  0.03    0.00    4.28 ^ _3104_/C_N (sky130_fd_sc_hd__or3b_4)
     4    0.02    0.09    0.42    4.70 v _3104_/X (sky130_fd_sc_hd__or3b_4)
                                         _1300_ (net)
                  0.09    0.00    4.70 v _3108_/C (sky130_fd_sc_hd__nor3_4)
     5    0.02    0.23    0.21    4.91 ^ _3108_/Y (sky130_fd_sc_hd__nor3_4)
                                         _1304_ (net)
                  0.23    0.00    4.91 ^ _3112_/B (sky130_fd_sc_hd__nand3b_4)
     5    0.01    0.08    0.12    5.03 v _3112_/Y (sky130_fd_sc_hd__nand3b_4)
                                         _1308_ (net)
                  0.08    0.00    5.03 v _3116_/B (sky130_fd_sc_hd__or3b_4)
     4    0.01    0.08    0.41    5.44 v _3116_/X (sky130_fd_sc_hd__or3b_4)
                                         _1312_ (net)
                  0.08    0.00    5.44 v _3122_/C (sky130_fd_sc_hd__or3_4)
     3    0.01    0.07    0.36    5.81 v _3122_/X (sky130_fd_sc_hd__or3_4)
                                         _1318_ (net)
                  0.07    0.00    5.81 v _3307_/S (sky130_fd_sc_hd__mux2_4)
     3    0.02    0.08    0.36    6.17 v _3307_/X (sky130_fd_sc_hd__mux2_4)
                                         _1503_ (net)
                  0.08    0.00    6.17 v _3308_/A (sky130_fd_sc_hd__xnor2_4)
     4    0.01    0.07    0.16    6.33 v _3308_/Y (sky130_fd_sc_hd__xnor2_4)
                                         _1504_ (net)
                  0.07    0.00    6.33 v _3321_/D (sky130_fd_sc_hd__or4_4)
     2    0.01    0.09    0.45    6.78 v _3321_/X (sky130_fd_sc_hd__or4_4)
                                         _1517_ (net)
                  0.09    0.00    6.78 v _3338_/A2 (sky130_fd_sc_hd__a211o_4)
     4    0.01    0.07    0.39    7.16 v _3338_/X (sky130_fd_sc_hd__a211o_4)
                                         _1534_ (net)
                  0.07    0.00    7.16 v _3344_/A1 (sky130_fd_sc_hd__a31oi_4)
     3    0.01    0.18    0.19    7.35 ^ _3344_/Y (sky130_fd_sc_hd__a31oi_4)
                                         _1540_ (net)
                  0.18    0.00    7.35 ^ _3346_/A1 (sky130_fd_sc_hd__a21boi_4)
     6    0.02    0.07    0.10    7.45 v _3346_/Y (sky130_fd_sc_hd__a21boi_4)
                                         _1542_ (net)
                  0.07    0.00    7.45 v _3349_/A1 (sky130_fd_sc_hd__a211o_1)
     4    0.01    0.08    0.31    7.76 v _3349_/X (sky130_fd_sc_hd__a211o_1)
                                         _1545_ (net)
                  0.08    0.00    7.76 v _3352_/A1 (sky130_fd_sc_hd__a211o_1)
     4    0.01    0.07    0.30    8.06 v _3352_/X (sky130_fd_sc_hd__a211o_1)
                                         _1548_ (net)
                  0.07    0.00    8.06 v _3354_/A1 (sky130_fd_sc_hd__a21o_1)
     4    0.01    0.07    0.21    8.27 v _3354_/X (sky130_fd_sc_hd__a21o_1)
                                         _1550_ (net)
                  0.07    0.00    8.27 v rebuffer8/A (sky130_fd_sc_hd__clkbuf_2)
     1    0.01    0.04    0.13    8.40 v rebuffer8/X (sky130_fd_sc_hd__clkbuf_2)
                                         net56 (net)
                  0.04    0.00    8.40 v _3359_/A1 (sky130_fd_sc_hd__a311oi_4)
     2    0.01    0.26    0.25    8.65 ^ _3359_/Y (sky130_fd_sc_hd__a311oi_4)
                                         net26 (net)
                  0.26    0.00    8.65 ^ output26/A (sky130_fd_sc_hd__buf_6)
     1    0.03    0.08    0.19    8.83 ^ output26/X (sky130_fd_sc_hd__buf_6)
                                         Result[31] (net)
                  0.08    0.00    8.83 ^ Result[31] (out)
                                  8.83   data arrival time

                         10.00   10.00   clock clk (rise edge)
                          0.00   10.00   clock network delay (propagated)
                         -0.25    9.75   clock uncertainty
                          0.00    9.75   clock reconvergence pessimism
                         -2.00    7.75   output external delay
                                  7.75   data required time
-----------------------------------------------------------------------------
                                  7.75   data required time
                                 -8.83   data arrival time
-----------------------------------------------------------------------------
                                 -1.08   slack (VIOLATED)




===========================================================================
 report_check_types -max_slew -max_cap -max_fanout -violators
============================================================================
======================= Typical Corner ===================================

max fanout

Pin                                   Limit Fanout  Slack
---------------------------------------------------------
clkbuf_leaf_7_clk/X                      10     16     -6 (VIOLATED)
clkbuf_leaf_11_clk/X                     10     15     -5 (VIOLATED)
clkbuf_leaf_32_clk/X                     10     15     -5 (VIOLATED)
clkbuf_leaf_35_clk/X                     10     15     -5 (VIOLATED)
clkbuf_leaf_0_clk/X                      10     14     -4 (VIOLATED)
clkbuf_leaf_13_clk/X                     10     14     -4 (VIOLATED)
clkbuf_leaf_42_clk/X                     10     14     -4 (VIOLATED)
clkbuf_leaf_45_clk/X                     10     14     -4 (VIOLATED)
clkbuf_leaf_23_clk/X                     10     13     -3 (VIOLATED)
clkbuf_leaf_38_clk/X                     10     13     -3 (VIOLATED)
clkbuf_leaf_41_clk/X                     10     13     -3 (VIOLATED)
clkbuf_leaf_6_clk/X                      10     13     -3 (VIOLATED)
clkbuf_2_0__f_clk/X                      10     12     -2 (VIOLATED)
clkbuf_2_1__f_clk/X                      10     12     -2 (VIOLATED)
clkbuf_2_2__f_clk/X                      10     12     -2 (VIOLATED)
clkbuf_2_3__f_clk/X                      10     12     -2 (VIOLATED)
clkbuf_leaf_18_clk/X                     10     12     -2 (VIOLATED)
clkbuf_leaf_1_clk/X                      10     12     -2 (VIOLATED)
clkbuf_leaf_28_clk/X                     10     12     -2 (VIOLATED)
clkbuf_leaf_30_clk/X                     10     12     -2 (VIOLATED)
clkbuf_leaf_33_clk/X                     10     12     -2 (VIOLATED)
clkbuf_leaf_43_clk/X                     10     12     -2 (VIOLATED)
clkbuf_leaf_12_clk/X                     10     11        (VIOLATED)
clkbuf_leaf_34_clk/X                     10     11        (VIOLATED)
clkbuf_leaf_37_clk/X                     10     11        (VIOLATED)
clkbuf_leaf_8_clk/X                      10     11        (VIOLATED)


max slew violations count Typical: 0
max fanout violations count Typical: 26
max cap violations count Typical: 0

===========================================================================
report_parasitic_annotation -report_unannotated
============================================================================
Found 3309 unannotated drivers.
 clk
 control
 reset
 _2489_/X
 _2490_/X
 _2491_/X
 _2492_/X
 _2493_/X
 _2494_/Y
 _2495_/X
 _2496_/X
 _2497_/X
 _2498_/X
 _2499_/X
 _2500_/Y
 _2501_/X
 _2502_/Y
 _2503_/X
 _2504_/Y
 _2505_/X
 _2506_/X
 _2507_/X
 _2508_/Y
 _2509_/Y
 _2510_/X
 _2511_/Y
 _2512_/X
 _2513_/Y
 _2514_/X
 _2515_/X
 _2516_/X
 _2517_/X
 _2518_/X
 _2519_/X
 _2520_/X
 _2521_/X
 _2522_/X
 _2523_/X
 _2524_/X
 _2525_/X
 _2526_/X
 _2527_/X
 _2528_/X
 _2529_/X
 _2530_/X
 _2531_/X
 _2532_/X
 _2533_/X
 _2534_/Y
 _2535_/X
 _2536_/X
 _2537_/X
 _2538_/X
 _2539_/X
 _2540_/Y
 _2541_/Y
 _2542_/Y
 _2543_/X
 _2544_/X
 _2545_/X
 _2546_/X
 _2547_/X
 _2548_/X
 _2549_/X
 _2550_/X
 _2551_/X
 _2552_/X
 _2553_/X
 _2554_/X
 _2555_/Y
 _2556_/X
 _2557_/Y
 _2558_/X
 _2559_/X
 _2560_/X
 _2561_/X
 _2562_/X
 _2563_/X
 _2564_/X
 _2565_/X
 _2566_/X
 _2567_/Y
 _2568_/Y
 _2569_/X
 _2570_/X
 _2571_/X
 _2572_/X
 _2573_/X
 _2574_/X
 _2575_/X
 _2576_/X
 _2577_/X
 _2578_/X
 _2579_/X
 _2580_/X
 _2581_/X
 _2582_/X
 _2583_/X
 _2584_/X
 _2585_/X
 _2586_/X
 _2587_/X
 _2588_/X
 _2589_/Y
 _2590_/X
 _2591_/X
 _2592_/X
 _2593_/X
 _2594_/X
 _2595_/X
 _2596_/X
 _2597_/X
 _2598_/X
 _2599_/X
 _2600_/Y
 _2601_/X
 _2602_/X
 _2603_/X
 _2604_/X
 _2605_/X
 _2606_/Y
 _2607_/X
 _2608_/X
 _2609_/X
 _2610_/X
 _2611_/X
 _2612_/X
 _2613_/X
 _2614_/X
 _2615_/X
 _2616_/X
 _2617_/X
 _2618_/X
 _2619_/X
 _2620_/Y
 _2621_/X
 _2622_/X
 _2623_/X
 _2624_/X
 _2625_/X
 _2626_/X
 _2627_/X
 _2628_/Y
 _2629_/X
 _2630_/X
 _2631_/X
 _2632_/Y
 _2633_/X
 _2634_/X
 _2635_/X
 _2636_/X
 _2637_/X
 _2638_/X
 _2639_/X
 _2640_/Y
 _2641_/X
 _2642_/X
 _2643_/Y
 _2644_/X
 _2645_/X
 _2646_/X
 _2647_/X
 _2648_/X
 _2649_/X
 _2650_/X
 _2651_/X
 _2652_/X
 _2653_/X
 _2654_/X
 _2655_/X
 _2656_/X
 _2657_/X
 _2658_/X
 _2659_/X
 _2660_/X
 _2661_/X
 _2662_/X
 _2663_/X
 _2664_/X
 _2665_/X
 _2666_/X
 _2667_/X
 _2668_/X
 _2669_/X
 _2670_/X
 _2671_/X
 _2672_/X
 _2673_/X
 _2674_/X
 _2675_/X
 _2676_/X
 _2677_/X
 _2678_/X
 _2679_/X
 _2680_/X
 _2681_/X
 _2682_/X
 _2683_/X
 _2684_/X
 _2685_/X
 _2686_/X
 _2687_/X
 _2688_/X
 _2689_/X
 _2690_/X
 _2691_/X
 _2692_/X
 _2693_/X
 _2694_/X
 _2695_/X
 _2696_/Y
 _2697_/X
 _2698_/X
 _2699_/X
 _2700_/X
 _2701_/Y
 _2702_/X
 _2703_/X
 _2704_/X
 _2705_/X
 _2706_/X
 _2707_/Y
 _2708_/X
 _2709_/X
 _2710_/Y
 _2711_/X
 _2712_/X
 _2713_/X
 _2714_/Y
 _2715_/X
 _2716_/X
 _2717_/X
 _2718_/X
 _2719_/X
 _2720_/X
 _2721_/X
 _2722_/X
 _2723_/X
 _2724_/X
 _2725_/X
 _2726_/X
 _2727_/X
 _2728_/X
 _2729_/X
 _2730_/X
 _2731_/X
 _2732_/X
 _2733_/Y
 _2734_/X
 _2735_/X
 _2736_/Y
 _2737_/X
 _2738_/X
 _2739_/Y
 _2740_/X
 _2741_/X
 _2742_/X
 _2743_/X
 _2744_/X
 _2745_/Y
 _2746_/X
 _2747_/X
 _2748_/Y
 _2749_/X
 _2750_/X
 _2751_/X
 _2752_/X
 _2753_/Y
 _2754_/X
 _2755_/X
 _2756_/Y
 _2757_/X
 _2758_/X
 _2759_/X
 _2760_/Y
 _2761_/X
 _2762_/X
 _2763_/X
 _2764_/X
 _2765_/X
 _2766_/X
 _2767_/X
 _2768_/X
 _2769_/Y
 _2770_/X
 _2771_/X
 _2772_/X
 _2773_/X
 _2774_/Y
 _2775_/X
 _2776_/X
 _2777_/X
 _2778_/X
 _2779_/X
 _2780_/X
 _2781_/X
 _2782_/Y
 _2783_/X
 _2784_/X
 _2785_/X
 _2786_/X
 _2787_/X
 _2788_/Y
 _2789_/X
 _2790_/X
 _2791_/X
 _2792_/X
 _2793_/X
 _2794_/X
 _2795_/X
 _2796_/X
 _2797_/Y
 _2798_/X
 _2799_/X
 _2800_/X
 _2801_/X
 _2802_/Y
 _2803_/X
 _2804_/X
 _2805_/X
 _2806_/X
 _2807_/X
 _2808_/X
 _2809_/X
 _2810_/X
 _2811_/Y
 _2812_/Y
 _2813_/X
 _2814_/X
 _2815_/X
 _2816_/X
 _2817_/Y
 _2818_/X
 _2819_/X
 _2820_/X
 _2821_/X
 _2822_/X
 _2823_/X
 _2824_/X
 _2825_/X
 _2826_/X
 _2827_/X
 _2828_/X
 _2829_/X
 _2830_/X
 _2831_/X
 _2832_/X
 _2833_/X
 _2834_/X
 _2835_/X
 _2836_/X
 _2837_/X
 _2838_/X
 _2839_/X
 _2840_/X
 _2841_/X
 _2842_/X
 _2843_/X
 _2844_/X
 _2845_/X
 _2846_/X
 _2847_/X
 _2848_/X
 _2849_/X
 _2850_/X
 _2851_/X
 _2852_/X
 _2853_/X
 _2854_/X
 _2855_/X
 _2856_/X
 _2857_/X
 _2858_/X
 _2859_/X
 _2860_/X
 _2861_/X
 _2862_/X
 _2863_/X
 _2864_/X
 _2865_/X
 _2866_/X
 _2867_/X
 _2868_/X
 _2869_/X
 _2870_/X
 _2871_/X
 _2872_/X
 _2873_/X
 _2874_/X
 _2875_/X
 _2876_/X
 _2877_/X
 _2878_/X
 _2879_/X
 _2880_/X
 _2881_/X
 _2882_/X
 _2883_/Y
 _2884_/Y
 _2885_/X
 _2886_/X
 _2887_/X
 _2888_/X
 _2889_/Y
 _2890_/Y
 _2891_/X
 _2892_/X
 _2893_/X
 _2894_/X
 _2895_/X
 _2896_/X
 _2897_/X
 _2898_/X
 _2899_/X
 _2900_/X
 _2901_/X
 _2902_/X
 _2903_/X
 _2904_/X
 _2905_/X
 _2906_/X
 _2907_/X
 _2908_/X
 _2909_/X
 _2910_/X
 _2911_/X
 _2912_/X
 _2913_/X
 _2914_/X
 _2915_/X
 _2916_/X
 _2917_/X
 _2918_/X
 _2919_/X
 _2920_/X
 _2921_/X
 _2922_/X
 _2923_/X
 _2924_/X
 _2925_/X
 _2926_/X
 _2927_/X
 _2928_/X
 _2929_/X
 _2930_/X
 _2931_/X
 _2932_/X
 _2933_/X
 _2934_/X
 _2935_/X
 _2936_/X
 _2937_/X
 _2938_/X
 _2939_/X
 _2940_/X
 _2941_/X
 _2942_/X
 _2943_/X
 _2944_/X
 _2945_/X
 _2946_/X
 _2947_/X
 _2948_/X
 _2949_/X
 _2950_/X
 _2951_/X
 _2952_/X
 _2953_/X
 _2954_/X
 _2955_/X
 _2956_/X
 _2957_/X
 _2958_/X
 _2959_/X
 _2960_/X
 _2961_/X
 _2962_/X
 _2963_/X
 _2964_/X
 _2965_/X
 _2966_/X
 _2967_/X
 _2968_/X
 _2969_/X
 _2970_/X
 _2971_/X
 _2972_/X
 _2973_/X
 _2974_/X
 _2975_/X
 _2976_/X
 _2977_/X
 _2978_/X
 _2979_/X
 _2980_/X
 _2981_/X
 _2982_/X
 _2983_/X
 _2984_/X
 _2985_/X
 _2986_/X
 _2987_/X
 _2988_/X
 _2989_/X
 _2990_/X
 _2991_/X
 _2992_/X
 _2993_/X
 _2994_/X
 _2995_/X
 _2996_/X
 _2997_/X
 _2998_/X
 _2999_/X
 _3000_/X
 _3001_/X
 _3002_/X
 _3003_/X
 _3004_/X
 _3005_/X
 _3006_/X
 _3007_/X
 _3008_/X
 _3009_/X
 _3010_/X
 _3011_/X
 _3012_/X
 _3013_/X
 _3014_/X
 _3015_/X
 _3016_/X
 _3017_/X
 _3018_/X
 _3019_/Y
 _3020_/X
 _3021_/X
 _3022_/X
 _3023_/X
 _3024_/Y
 _3025_/X
 _3026_/X
 _3027_/X
 _3028_/X
 _3029_/X
 _3030_/X
 _3031_/X
 _3032_/X
 _3033_/X
 _3034_/X
 _3035_/X
 _3036_/X
 _3037_/X
 _3038_/X
 _3039_/X
 _3040_/X
 _3041_/X
 _3042_/X
 _3043_/X
 _3044_/X
 _3045_/X
 _3046_/Y
 _3047_/X
 _3048_/X
 _3049_/X
 _3050_/X
 _3051_/X
 _3052_/X
 _3053_/X
 _3054_/X
 _3055_/Y
 _3056_/X
 _3057_/X
 _3058_/X
 _3059_/X
 _3060_/X
 _3061_/X
 _3062_/X
 _3063_/X
 _3064_/X
 _3065_/Y
 _3066_/Y
 _3067_/X
 _3068_/X
 _3069_/Y
 _3070_/Y
 _3071_/X
 _3072_/Y
 _3073_/Y
 _3074_/X
 _3075_/X
 _3076_/X
 _3077_/X
 _3078_/X
 _3079_/Y
 _3080_/X
 _3081_/X
 _3082_/X
 _3083_/X
 _3084_/X
 _3085_/Y
 _3086_/X
 _3087_/X
 _3088_/X
 _3089_/X
 _3090_/X
 _3091_/X
 _3092_/X
 _3093_/X
 _3094_/Y
 _3095_/X
 _3096_/Y
 _3097_/X
 _3098_/X
 _3099_/Y
 _3100_/X
 _3101_/Y
 _3102_/X
 _3103_/Y
 _3104_/X
 _3105_/X
 _3106_/X
 _3107_/Y
 _3108_/Y
 _3109_/X
 _3110_/X
 _3111_/Y
 _3112_/Y
 _3113_/X
 _3114_/X
 _3115_/Y
 _3116_/X
 _3117_/X
 _3118_/X
 _3119_/X
 _3120_/X
 _3121_/X
 _3122_/X
 _3123_/X
 _3124_/X
 _3125_/X
 _3126_/X
 _3127_/X
 _3128_/X
 _3129_/X
 _3130_/X
 _3131_/X
 _3132_/Y
 _3133_/Y
 _3134_/X
 _3135_/X
 _3136_/Y
 _3137_/Y
 _3138_/Y
 _3139_/Y
 _3140_/Y
 _3141_/X
 _3142_/X
 _3143_/Y
 _3144_/X
 _3145_/Y
 _3146_/Y
 _3147_/Y
 _3148_/Y
 _3149_/X
 _3150_/X
 _3151_/Y
 _3152_/X
 _3153_/X
 _3154_/X
 _3155_/Y
 _3156_/Y
 _3157_/X
 _3158_/X
 _3159_/X
 _3160_/X
 _3161_/Y
 _3162_/Y
 _3163_/X
 _3164_/Y
 _3165_/Y
 _3166_/X
 _3167_/Y
 _3168_/Y
 _3169_/Y
 _3170_/X
 _3171_/X
 _3172_/X
 _3173_/X
 _3174_/X
 _3175_/X
 _3176_/Y
 _3177_/X
 _3178_/Y
 _3179_/Y
 _3180_/X
 _3181_/X
 _3182_/Y
 _3183_/X
 _3184_/Y
 _3185_/Y
 _3186_/X
 _3187_/Y
 _3188_/X
 _3189_/Y
 _3190_/Y
 _3191_/Y
 _3192_/X
 _3193_/X
 _3194_/X
 _3195_/Y
 _3196_/Y
 _3197_/Y
 _3198_/X
 _3199_/Y
 _3200_/X
 _3201_/X
 _3202_/Y
 _3203_/X
 _3204_/Y
 _3205_/X
 _3206_/Y
 _3207_/Y
 _3208_/X
 _3209_/X
 _3210_/X
 _3211_/X
 _3212_/Y
 _3213_/Y
 _3214_/X
 _3215_/X
 _3216_/Y
 _3217_/X
 _3218_/X
 _3219_/X
 _3220_/Y
 _3221_/Y
 _3222_/X
 _3223_/Y
 _3224_/Y
 _3225_/X
 _3226_/Y
 _3227_/Y
 _3228_/X
 _3229_/Y
 _3230_/Y
 _3231_/X
 _3232_/X
 _3233_/X
 _3234_/X
 _3235_/Y
 _3236_/X
 _3237_/Y
 _3238_/X
 _3239_/Y
 _3240_/X
 _3241_/X
 _3242_/Y
 _3243_/Y
 _3244_/X
 _3245_/X
 _3246_/X
 _3247_/Y
 _3248_/Y
 _3249_/X
 _3250_/X
 _3251_/X
 _3252_/Y
 _3253_/X
 _3254_/X
 _3255_/Y
 _3256_/X
 _3257_/Y
 _3258_/X
 _3259_/X
 _3260_/X
 _3261_/X
 _3262_/X
 _3263_/X
 _3264_/X
 _3265_/X
 _3266_/Y
 _3267_/Y
 _3268_/Y
 _3269_/Y
 _3270_/Y
 _3271_/X
 _3272_/Y
 _3273_/X
 _3274_/X
 _3275_/X
 _3276_/X
 _3277_/X
 _3278_/Y
 _3279_/Y
 _3280_/X
 _3281_/Y
 _3282_/Y
 _3283_/X
 _3284_/X
 _3285_/X
 _3286_/X
 _3287_/X
 _3288_/Y
 _3289_/Y
 _3290_/X
 _3291_/X
 _3292_/Y
 _3293_/X
 _3294_/Y
 _3295_/X
 _3296_/X
 _3297_/X
 _3298_/X
 _3299_/Y
 _3300_/X
 _3301_/X
 _3302_/Y
 _3303_/Y
 _3304_/X
 _3305_/Y
 _3306_/Y
 _3307_/X
 _3308_/Y
 _3309_/X
 _3310_/X
 _3311_/Y
 _3312_/Y
 _3313_/Y
 _3314_/Y
 _3315_/X
 _3316_/Y
 _3317_/Y
 _3318_/X
 _3319_/Y
 _3320_/X
 _3321_/X
 _3322_/X
 _3323_/X
 _3324_/Y
 _3325_/X
 _3326_/Y
 _3327_/X
 _3328_/X
 _3329_/X
 _3330_/X
 _3331_/Y
 _3332_/X
 _3333_/X
 _3334_/Y
 _3335_/X
 _3336_/X
 _3337_/Y
 _3338_/X
 _3339_/Y
 _3340_/X
 _3341_/Y
 _3342_/Y
 _3343_/X
 _3344_/Y
 _3345_/Y
 _3346_/Y
 _3347_/Y
 _3348_/Y
 _3349_/X
 _3350_/X
 _3351_/Y
 _3352_/X
 _3353_/Y
 _3354_/X
 _3355_/Y
 _3356_/X
 _3357_/Y
 _3358_/Y
 _3359_/Y
 _3360_/Y
 _3361_/X
 _3362_/X
 _3363_/X
 _3364_/X
 _3365_/X
 _3366_/Y
 _3367_/Y
 _3368_/Y
 _3369_/X
 _3370_/X
 _3371_/X
 _3372_/X
 _3373_/X
 _3374_/X
 _3375_/X
 _3376_/Y
 _3377_/X
 _3378_/Y
 _3379_/X
 _3380_/X
 _3381_/Y
 _3382_/X
 _3383_/X
 _3384_/X
 _3385_/X
 _3386_/X
 _3387_/X
 _3388_/X
 _3389_/X
 _3390_/X
 _3391_/X
 _3392_/Y
 _3393_/Y
 _3394_/Y
 _3395_/Y
 _3396_/X
 _3397_/X
 _3398_/X
 _3399_/X
 _3400_/X
 _3401_/X
 _3402_/Y
 _3403_/X
 _3404_/X
 _3405_/X
 _3406_/X
 _3407_/X
 _3408_/X
 _3409_/Y
 _3410_/X
 _3411_/X
 _3412_/Y
 _3413_/Y
 _3414_/Y
 _3415_/Y
 _3416_/X
 _3417_/X
 _3418_/X
 _3419_/X
 _3420_/Y
 _3421_/X
 _3422_/Y
 _3423_/X
 _3424_/X
 _3425_/X
 _3426_/X
 _3427_/X
 _3428_/X
 _3429_/X
 _3430_/Y
 _3431_/Y
 _3432_/Y
 _3433_/X
 _3434_/Y
 _3435_/X
 _3436_/Y
 _3437_/X
 _3438_/X
 _3439_/Y
 _3440_/X
 _3441_/X
 _3442_/X
 _3443_/X
 _3444_/X
 _3445_/X
 _3446_/X
 _3447_/Y
 _3448_/X
 _3449_/X
 _3450_/X
 _3451_/X
 _3452_/X
 _3453_/Y
 _3454_/X
 _3455_/X
 _3456_/Y
 _3457_/Y
 _3458_/X
 _3459_/X
 _3460_/X
 _3461_/X
 _3462_/X
 _3463_/X
 _3464_/X
 _3465_/Y
 _3466_/X
 _3467_/Y
 _3468_/X
 _3469_/X
 _3470_/X
 _3471_/X
 _3472_/X
 _3473_/X
 _3474_/X
 _3475_/X
 _3476_/X
 _3477_/Y
 _3478_/X
 _3479_/X
 _3480_/X
 _3481_/Y
 _3482_/X
 _3483_/X
 _3484_/X
 _3485_/X
 _3486_/X
 _3487_/X
 _3488_/Y
 _3489_/Y
 _3490_/Y
 _3491_/X
 _3492_/X
 _3493_/X
 _3494_/Y
 _3495_/X
 _3496_/X
 _3497_/X
 _3498_/X
 _3499_/X
 _3500_/X
 _3501_/X
 _3502_/X
 _3503_/X
 _3504_/Y
 _3505_/X
 _3506_/X
 _3507_/X
 _3508_/X
 _3509_/X
 _3510_/X
 _3511_/Y
 _3512_/X
 _3513_/X
 _3514_/X
 _3515_/Y
 _3516_/X
 _3517_/X
 _3518_/X
 _3519_/X
 _3520_/X
 _3521_/X
 _3522_/X
 _3523_/X
 _3524_/X
 _3525_/X
 _3526_/Y
 _3527_/Y
 _3528_/X
 _3529_/Y
 _3530_/X
 _3531_/X
 _3532_/X
 _3533_/X
 _3534_/X
 _3535_/Y
 _3536_/X
 _3537_/X
 _3538_/Y
 _3539_/X
 _3540_/Y
 _3541_/X
 _3542_/X
 _3543_/X
 _3544_/X
 _3545_/X
 _3546_/Y
 _3547_/Y
 _3548_/Y
 _3549_/Y
 _3550_/Y
 _3551_/Y
 _3552_/X
 _3553_/X
 _3554_/Y
 _3555_/Y
 _3556_/Y
 _3557_/Y
 _3558_/X
 _3559_/X
 _3560_/X
 _3561_/X
 _3562_/X
 _3563_/X
 _3564_/Y
 _3565_/Y
 _3566_/X
 _3567_/Y
 _3568_/X
 _3569_/X
 _3570_/X
 _3571_/X
 _3572_/X
 _3573_/X
 _3574_/Y
 _3575_/X
 _3576_/X
 _3577_/X
 _3578_/Y
 _3579_/X
 _3580_/X
 _3581_/X
 _3582_/X
 _3583_/X
 _3584_/X
 _3585_/Y
 _3586_/X
 _3587_/X
 _3588_/X
 _3589_/Y
 _3590_/X
 _3591_/X
 _3592_/X
 _3593_/X
 _3594_/X
 _3595_/X
 _3596_/X
 _3597_/X
 _3598_/X
 _3599_/X
 _3600_/Y
 _3601_/X
 _3602_/Y
 _3603_/Y
 _3604_/Y
 _3605_/X
 _3606_/X
 _3607_/X
 _3608_/X
 _3609_/X
 _3610_/X
 _3611_/X
 _3612_/X
 _3613_/X
 _3614_/X
 _3615_/X
 _3616_/Y
 _3617_/X
 _3618_/X
 _3619_/X
 _3620_/X
 _3621_/X
 _3622_/Y
 _3623_/Y
 _3624_/Y
 _3625_/Y
 _3626_/Y
 _3627_/X
 _3628_/X
 _3629_/X
 _3630_/X
 _3631_/X
 _3632_/X
 _3633_/X
 _3634_/X
 _3635_/Y
 _3636_/X
 _3637_/X
 _3638_/X
 _3639_/X
 _3640_/X
 _3641_/X
 _3642_/X
 _3643_/X
 _3644_/X
 _3645_/X
 _3646_/X
 _3647_/X
 _3648_/Y
 _3649_/X
 _3650_/X
 _3651_/X
 _3652_/X
 _3653_/Y
 _3654_/Y
 _3655_/Y
 _3656_/Y
 _3657_/Y
 _3658_/Y
 _3659_/X
 _3660_/X
 _3661_/X
 _3662_/X
 _3663_/X
 _3664_/X
 _3665_/X
 _3666_/Y
 _3667_/X
 _3668_/X
 _3669_/X
 _3670_/X
 _3671_/X
 _3672_/X
 _3673_/X
 _3674_/X
 _3675_/X
 _3676_/X
 _3677_/X
 _3678_/X
 _3679_/X
 _3680_/X
 _3681_/Y
 _3682_/X
 _3683_/Y
 _3684_/X
 _3685_/X
 _3686_/X
 _3687_/X
 _3688_/X
 _3689_/X
 _3690_/X
 _3691_/Y
 _3692_/X
 _3693_/X
 _3694_/X
 _3695_/X
 _3696_/X
 _3697_/X
 _3698_/X
 _3699_/X
 _3700_/X
 _3701_/X
 _3702_/X
 _3703_/X
 _3704_/Y
 _3705_/X
 _3706_/X
 _3707_/X
 _3708_/Y
 _3709_/X
 _3710_/X
 _3711_/X
 _3712_/Y
 _3713_/X
 _3714_/X
 _3715_/X
 _3716_/Y
 _3717_/X
 _3718_/X
 _3719_/Y
 _3720_/X
 _3721_/X
 _3722_/X
 _3723_/Y
 _3724_/X
 _3725_/Y
 _3726_/Y
 _3727_/Y
 _3728_/X
 _3729_/Y
 _3730_/Y
 _3731_/X
 _3732_/Y
 _3733_/X
 _3734_/X
 _3735_/Y
 _3736_/X
 _3737_/X
 _3738_/Y
 _3739_/X
 _3740_/X
 _3741_/Y
 _3742_/Y
 _3743_/X
 _3744_/Y
 _3745_/X
 _3746_/X
 _3747_/X
 _3748_/X
 _3749_/Y
 _3750_/Y
 _3751_/X
 _3752_/Y
 _3753_/X
 _3754_/Y
 _3755_/Y
 _3756_/X
 _3757_/X
 _3758_/X
 _3759_/X
 _3760_/X
 _3761_/X
 _3762_/Y
 _3763_/X
 _3764_/X
 _3765_/X
 _3766_/X
 _3767_/X
 _3768_/X
 _3769_/X
 _3770_/X
 _3771_/Y
 _3772_/X
 _3773_/X
 _3774_/X
 _3775_/X
 _3776_/X
 _3777_/Y
 _3778_/Y
 _3779_/X
 _3780_/X
 _3781_/Y
 _3782_/X
 _3783_/X
 _3784_/X
 _3785_/Y
 _3786_/X
 _3787_/X
 _3788_/X
 _3789_/X
 _3790_/X
 _3791_/X
 _3792_/X
 _3793_/Y
 _3794_/X
 _3795_/X
 _3796_/X
 _3797_/X
 _3798_/Y
 _3799_/X
 _3800_/X
 _3801_/Y
 _3802_/X
 _3803_/X
 _3804_/X
 _3805_/X
 _3806_/X
 _3807_/Y
 _3808_/Y
 _3809_/X
 _3810_/X
 _3811_/X
 _3812_/X
 _3813_/X
 _3814_/Y
 _3815_/X
 _3816_/Y
 _3817_/X
 _3818_/X
 _3819_/X
 _3820_/X
 _3821_/Y
 _3822_/X
 _3823_/X
 _3824_/Y
 _3825_/Y
 _3826_/Y
 _3827_/X
 _3828_/X
 _3829_/X
 _3830_/X
 _3831_/X
 _3832_/X
 _3833_/Y
 _3834_/X
 _3835_/X
 _3836_/X
 _3837_/Y
 _3838_/X
 _3839_/X
 _3840_/Y
 _3841_/Y
 _3842_/Y
 _3843_/X
 _3844_/X
 _3845_/X
 _3846_/Y
 _3847_/X
 _3848_/X
 _3849_/X
 _3850_/Y
 _3851_/X
 _3852_/Y
 _3853_/X
 _3854_/X
 _3855_/Y
 _3856_/Y
 _3857_/X
 _3858_/X
 _3859_/X
 _3860_/Y
 _3861_/X
 _3862_/Y
 _3863_/X
 _3864_/X
 _3865_/X
 _3866_/X
 _3867_/Y
 _3868_/X
 _3869_/X
 _3870_/X
 _3871_/X
 _3872_/X
 _3873_/Y
 _3874_/X
 _3875_/X
 _3876_/Y
 _3877_/X
 _3878_/Y
 _3879_/Y
 _3880_/Y
 _3881_/X
 _3882_/X
 _3883_/Y
 _3884_/X
 _3885_/Y
 _3886_/X
 _3887_/Y
 _3888_/X
 _3889_/Y
 _3890_/X
 _3891_/Y
 _3892_/X
 _3893_/X
 _3894_/Y
 _3895_/Y
 _3896_/X
 _3897_/X
 _3898_/X
 _3899_/X
 _3900_/X
 _3901_/Y
 _3902_/X
 _3903_/X
 _3904_/Y
 _3905_/Y
 _3906_/X
 _3907_/X
 _3908_/Y
 _3909_/Y
 _3910_/X
 _3911_/X
 _3912_/X
 _3913_/Y
 _3914_/X
 _3915_/Y
 _3916_/X
 _3917_/X
 _3918_/X
 _3919_/Y
 _3920_/X
 _3921_/X
 _3922_/X
 _3923_/X
 _3924_/X
 _3925_/X
 _3926_/Y
 _3927_/X
 _3928_/X
 _3929_/X
 _3930_/X
 _3931_/X
 _3932_/X
 _3933_/X
 _3934_/X
 _3935_/X
 _3936_/Y
 _3937_/X
 _3938_/X
 _3939_/Y
 _3940_/X
 _3941_/X
 _3942_/X
 _3943_/Y
 _3944_/X
 _3945_/X
 _3946_/X
 _3947_/X
 _3948_/X
 _3949_/X
 _3950_/X
 _3951_/X
 _3952_/X
 _3953_/X
 _3954_/X
 _3955_/X
 _3956_/X
 _3957_/X
 _3958_/X
 _3959_/X
 _3960_/X
 _3961_/X
 _3962_/X
 _3963_/X
 _3964_/X
 _3965_/X
 _3966_/X
 _3967_/X
 _3968_/X
 _3969_/X
 _3970_/X
 _3971_/X
 _3972_/X
 _3973_/X
 _3974_/X
 _3975_/X
 _3976_/X
 _3977_/X
 _3978_/X
 _3979_/X
 _3980_/X
 _3981_/X
 _3982_/X
 _3983_/X
 _3984_/X
 _3985_/X
 _3986_/X
 _3987_/X
 _3988_/X
 _3989_/X
 _3990_/X
 _3991_/X
 _3992_/X
 _3993_/X
 _3994_/X
 _3995_/X
 _3996_/X
 _3997_/X
 _3998_/X
 _3999_/X
 _4000_/X
 _4001_/X
 _4002_/X
 _4003_/X
 _4004_/X
 _4005_/X
 _4006_/X
 _4007_/X
 _4008_/X
 _4009_/X
 _4010_/X
 _4011_/X
 _4012_/X
 _4013_/X
 _4014_/X
 _4015_/X
 _4016_/X
 _4017_/X
 _4018_/Y
 _4019_/X
 _4020_/X
 _4021_/X
 _4022_/X
 _4023_/X
 _4024_/X
 _4025_/X
 _4026_/X
 _4027_/X
 _4028_/X
 _4029_/X
 _4030_/X
 _4031_/X
 _4032_/X
 _4033_/X
 _4034_/X
 _4035_/X
 _4036_/X
 _4037_/X
 _4038_/X
 _4039_/X
 _4040_/X
 _4041_/X
 _4042_/X
 _4043_/X
 _4044_/X
 _4045_/X
 _4046_/X
 _4047_/X
 _4048_/X
 _4049_/X
 _4050_/X
 _4051_/X
 _4052_/X
 _4053_/X
 _4054_/X
 _4055_/X
 _4056_/X
 _4057_/X
 _4058_/X
 _4059_/X
 _4060_/X
 _4061_/X
 _4062_/X
 _4063_/X
 _4064_/X
 _4065_/X
 _4066_/X
 _4067_/X
 _4068_/X
 _4069_/X
 _4070_/X
 _4071_/X
 _4072_/X
 _4073_/X
 _4074_/X
 _4075_/X
 _4076_/X
 _4077_/X
 _4078_/X
 _4079_/X
 _4080_/X
 _4081_/X
 _4082_/X
 _4083_/X
 _4084_/X
 _4085_/X
 _4086_/X
 _4087_/Y
 _4088_/Y
 _4089_/Y
 _4090_/Y
 _4091_/X
 _4092_/X
 _4093_/X
 _4094_/X
 _4095_/X
 _4096_/X
 _4097_/X
 _4098_/X
 _4099_/X
 _4100_/X
 _4101_/X
 _4102_/X
 _4103_/X
 _4104_/X
 _4105_/X
 _4106_/X
 _4107_/X
 _4108_/X
 _4109_/X
 _4110_/X
 _4111_/X
 _4112_/X
 _4113_/X
 _4114_/X
 _4115_/X
 _4116_/X
 _4117_/X
 _4118_/X
 _4119_/X
 _4120_/X
 _4121_/X
 _4122_/X
 _4123_/X
 _4124_/X
 _4125_/X
 _4126_/X
 _4127_/X
 _4128_/X
 _4129_/X
 _4130_/X
 _4131_/X
 _4132_/X
 _4133_/X
 _4134_/X
 _4135_/X
 _4136_/X
 _4137_/X
 _4138_/X
 _4139_/X
 _4140_/X
 _4141_/X
 _4142_/X
 _4143_/X
 _4144_/X
 _4145_/X
 _4146_/X
 _4147_/X
 _4148_/X
 _4149_/X
 _4150_/X
 _4151_/X
 _4152_/X
 _4153_/X
 _4154_/X
 _4155_/X
 _4156_/X
 _4157_/X
 _4158_/X
 _4159_/X
 _4160_/X
 _4161_/X
 _4162_/X
 _4163_/X
 _4164_/X
 _4165_/X
 _4166_/X
 _4167_/X
 _4168_/X
 _4169_/X
 _4170_/X
 _4171_/X
 _4172_/X
 _4173_/X
 _4174_/X
 _4175_/X
 _4176_/X
 _4177_/X
 _4178_/X
 _4179_/X
 _4180_/X
 _4181_/X
 _4182_/X
 _4183_/X
 _4184_/X
 _4185_/X
 _4186_/X
 _4187_/X
 _4188_/X
 _4189_/X
 _4190_/X
 _4191_/X
 _4192_/X
 _4193_/X
 _4194_/X
 _4195_/X
 _4196_/X
 _4197_/X
 _4198_/X
 _4199_/X
 _4200_/X
 _4201_/X
 _4202_/X
 _4203_/X
 _4204_/X
 _4205_/X
 _4206_/X
 _4207_/X
 _4208_/X
 _4209_/X
 _4210_/X
 _4211_/X
 _4212_/X
 _4213_/X
 _4214_/X
 _4215_/X
 _4216_/X
 _4217_/X
 _4218_/X
 _4219_/X
 _4220_/X
 _4221_/X
 _4222_/X
 _4223_/X
 _4224_/X
 _4225_/X
 _4226_/X
 _4227_/X
 _4228_/X
 _4229_/X
 _4230_/X
 _4231_/X
 _4232_/X
 _4233_/X
 _4234_/X
 _4235_/X
 _4236_/X
 _4237_/X
 _4238_/X
 _4239_/X
 _4240_/X
 _4241_/X
 _4242_/X
 _4243_/X
 _4244_/X
 _4245_/X
 _4246_/X
 _4247_/X
 _4248_/X
 _4249_/X
 _4250_/X
 _4251_/X
 _4252_/X
 _4253_/X
 _4254_/X
 _4255_/X
 _4256_/X
 _4257_/X
 _4258_/X
 _4259_/X
 _4260_/X
 _4261_/X
 _4262_/X
 _4263_/X
 _4264_/X
 _4265_/X
 _4266_/X
 _4267_/X
 _4268_/X
 _4269_/X
 _4270_/X
 _4271_/X
 _4272_/X
 _4273_/X
 _4274_/X
 _4275_/X
 _4276_/X
 _4277_/X
 _4278_/X
 _4279_/X
 _4280_/X
 _4281_/X
 _4282_/X
 _4283_/X
 _4284_/X
 _4285_/X
 _4286_/X
 _4287_/X
 _4288_/X
 _4289_/X
 _4290_/X
 _4291_/X
 _4292_/X
 _4293_/X
 _4294_/X
 _4295_/X
 _4296_/X
 _4297_/X
 _4298_/X
 _4299_/X
 _4300_/X
 _4301_/X
 _4302_/X
 _4303_/X
 _4304_/X
 _4305_/X
 _4306_/X
 _4307_/X
 _4308_/X
 _4309_/X
 _4310_/X
 _4311_/X
 _4312_/X
 _4313_/X
 _4314_/X
 _4315_/X
 _4316_/X
 _4317_/X
 _4318_/X
 _4319_/X
 _4320_/X
 _4321_/X
 _4322_/X
 _4323_/X
 _4324_/X
 _4325_/X
 _4326_/X
 _4327_/X
 _4328_/X
 _4329_/X
 _4330_/X
 _4331_/X
 _4332_/X
 _4333_/X
 _4334_/X
 _4335_/X
 _4336_/X
 _4337_/X
 _4338_/X
 _4339_/X
 _4340_/X
 _4341_/X
 _4342_/X
 _4343_/X
 _4344_/X
 _4345_/X
 _4346_/X
 _4347_/X
 _4348_/X
 _4349_/X
 _4350_/X
 _4351_/X
 _4352_/X
 _4353_/X
 _4354_/X
 _4355_/X
 _4356_/X
 _4357_/X
 _4358_/X
 _4359_/X
 _4360_/X
 _4361_/X
 _4362_/X
 _4363_/X
 _4364_/X
 _4365_/X
 _4366_/X
 _4367_/X
 _4368_/X
 _4369_/X
 _4370_/X
 _4371_/X
 _4372_/X
 _4373_/X
 _4374_/X
 _4375_/X
 _4376_/X
 _4377_/X
 _4378_/X
 _4379_/X
 _4380_/X
 _4381_/X
 _4382_/X
 _4383_/X
 _4384_/X
 _4385_/X
 _4386_/X
 _4387_/X
 _4388_/X
 _4389_/X
 _4390_/X
 _4391_/X
 _4392_/X
 _4393_/X
 _4394_/X
 _4395_/X
 _4396_/X
 _4397_/X
 _4398_/X
 _4399_/X
 _4400_/X
 _4401_/X
 _4402_/X
 _4403_/X
 _4404_/X
 _4405_/X
 _4406_/X
 _4407_/X
 _4408_/X
 _4409_/X
 _4410_/X
 _4411_/X
 _4412_/X
 _4413_/X
 _4414_/X
 _4415_/X
 _4416_/X
 _4417_/X
 _4418_/X
 _4419_/X
 _4420_/X
 _4421_/X
 _4422_/X
 _4423_/X
 _4424_/X
 _4425_/X
 _4426_/X
 _4427_/X
 _4428_/X
 _4429_/X
 _4430_/X
 _4431_/X
 _4432_/X
 _4433_/X
 _4434_/X
 _4435_/X
 _4436_/X
 _4437_/X
 _4438_/X
 _4439_/X
 _4440_/X
 _4441_/X
 _4442_/X
 _4443_/X
 _4444_/X
 _4445_/X
 _4446_/X
 _4447_/X
 _4448_/X
 _4449_/X
 _4450_/X
 _4451_/X
 _4452_/X
 _4453_/X
 _4454_/X
 _4455_/X
 _4456_/X
 _4457_/X
 _4458_/X
 _4459_/X
 _4460_/X
 _4461_/X
 _4462_/X
 _4463_/X
 _4464_/X
 _4465_/X
 _4466_/X
 _4467_/X
 _4468_/X
 _4469_/X
 _4470_/X
 _4471_/X
 _4472_/X
 _4473_/X
 _4474_/X
 _4475_/X
 _4476_/X
 _4477_/X
 _4478_/X
 _4479_/X
 _4480_/X
 _4481_/X
 _4482_/X
 _4483_/X
 _4484_/X
 _4485_/X
 _4486_/X
 _4487_/X
 _4488_/X
 _4489_/X
 _4490_/Y
 _4491_/Y
 _4492_/Y
 _4493_/Y
 _4494_/Y
 _4495_/X
 _4496_/Y
 _4497_/X
 _4498_/Y
 _4499_/X
 _4500_/X
 _4501_/X
 _4502_/X
 _4503_/X
 _4504_/X
 _4505_/Y
 _4506_/X
 _4507_/X
 _4508_/Y
 _4509_/Y
 _4510_/X
 _4511_/X
 _4512_/Y
 _4513_/X
 _4514_/X
 _4515_/Y
 _4516_/Y
 _4517_/X
 _4518_/Y
 _4519_/X
 _4520_/X
 _4521_/X
 _4522_/Y
 _4523_/X
 _4524_/X
 _4525_/Y
 _4526_/Y
 _4527_/Y
 _4528_/Y
 _4529_/X
 _4530_/Y
 _4531_/Y
 _4532_/X
 _4533_/Y
 _4534_/Y
 _4535_/Y
 _4536_/X
 _4537_/Y
 _4538_/Y
 _4539_/X
 _4540_/X
 _4541_/X
 _4542_/X
 _4543_/X
 _4544_/X
 _4545_/X
 _4546_/X
 _4547_/Y
 _4548_/Y
 _4549_/Y
 _4550_/Y
 _4551_/X
 _4552_/X
 _4553_/X
 _4554_/X
 _4555_/X
 _4556_/X
 _4557_/X
 _4558_/X
 _4559_/X
 _4560_/X
 _4561_/X
 _4562_/X
 _4563_/X
 _4564_/X
 _4565_/Y
 _4566_/X
 _4567_/X
 _4568_/X
 _4569_/X
 _4570_/X
 _4571_/X
 _4572_/X
 _4573_/X
 _4574_/X
 _4575_/X
 _4576_/Y
 _4577_/Y
 _4578_/Y
 _4579_/Y
 _4580_/Y
 _4581_/Y
 _4582_/Y
 _4583_/Y
 _4584_/X
 _4585_/Y
 _4586_/Y
 _4587_/Y
 _4588_/Y
 _4589_/Y
 _4590_/Y
 _4591_/Y
 _4592_/Y
 _4593_/Y
 _4594_/Y
 _4595_/X
 _4596_/Y
 _4597_/Y
 _4598_/Y
 _4599_/Y
 _4600_/Y
 _4601_/Y
 _4602_/Y
 _4603_/Y
 _4604_/Y
 _4605_/Y
 _4606_/X
 _4607_/Y
 _4608_/Y
 _4609_/Y
 _4610_/Y
 _4611_/X
 _4612_/X
 _4613_/Y
 _4614_/Y
 _4615_/Y
 _4616_/Y
 _4617_/Y
 _4618_/Y
 _4619_/Y
 _4620_/Y
 _4621_/X
 _4622_/Y
 _4623_/Y
 _4624_/Y
 _4625_/Y
 _4626_/Y
 _4627_/Y
 _4628_/Y
 _4629_/Y
 _4630_/Y
 _4631_/Y
 _4632_/X
 _4633_/Y
 _4634_/Y
 _4635_/Y
 _4636_/Y
 _4637_/Y
 _4638_/Y
 _4639_/Y
 _4640_/Y
 _4641_/Y
 _4642_/Y
 _4643_/X
 _4644_/Y
 _4645_/Y
 _4646_/Y
 _4647_/Y
 _4648_/X
 _4649_/X
 _4650_/Y
 _4651_/Y
 _4652_/Y
 _4653_/Y
 _4654_/Y
 _4655_/Y
 _4656_/Y
 _4657_/Y
 _4658_/X
 _4659_/Y
 _4660_/Y
 _4661_/Y
 _4662_/Y
 _4663_/Y
 _4664_/Y
 _4665_/Y
 _4666_/Y
 _4667_/Y
 _4668_/Y
 _4669_/X
 _4670_/Y
 _4671_/Y
 _4672_/Y
 _4673_/Y
 _4674_/Y
 _4675_/Y
 _4676_/Y
 _4677_/Y
 _4678_/Y
 _4679_/Y
 _4680_/X
 _4681_/X
 _4682_/Y
 _4683_/Y
 _4684_/Y
 _4685_/Y
 _4686_/X
 _4687_/Y
 _4688_/Y
 _4689_/X
 _4690_/Y
 _4691_/Y
 _4692_/Y
 _4693_/Y
 _4694_/Y
 _4695_/Y
 _4696_/Y
 _4697_/Y
 _4698_/Y
 _4699_/Y
 _4700_/X
 _4701_/Y
 _4702_/Y
 _4703_/Y
 _4704_/Y
 _4705_/Y
 _4706_/Y
 _4707_/Y
 _4708_/Y
 _4709_/Y
 _4710_/Y
 _4711_/X
 _4712_/Y
 _4713_/Y
 _4714_/Y
 _4715_/Y
 _4716_/Y
 _4717_/Y
 _4718_/Y
 _4719_/Y
 _4720_/Y
 _4721_/Y
 _4722_/X
 _4723_/X
 _4724_/Y
 _4725_/Y
 _4726_/Y
 _4727_/Y
 _4728_/Y
 _4729_/Y
 _4730_/Y
 _4731_/Y
 _4732_/X
 _4733_/Y
 _4734_/Y
 _4735_/Y
 _4736_/Y
 _4737_/Y
 _4738_/Y
 _4739_/Y
 _4740_/Y
 _4741_/Y
 _4742_/Y
 _4743_/X
 _4744_/Y
 _4745_/Y
 _4746_/Y
 _4747_/Y
 _4748_/Y
 _4749_/Y
 _4750_/Y
 _4751_/Y
 _4752_/Y
 _4753_/Y
 _4754_/X
 _4755_/Y
 _4756_/Y
 _4757_/Y
 _4758_/Y
 _4759_/X
 _4760_/X
 _4761_/Y
 _4762_/Y
 _4763_/X
 _4764_/Y
 _4765_/Y
 _4766_/Y
 _4767_/Y
 _4768_/Y
 _4769_/Y
 _4770_/Y
 _4771_/Y
 _4772_/Y
 _4773_/Y
 _4774_/X
 _4775_/Y
 _4776_/Y
 _4777_/Y
 _4778_/Y
 _4779_/Y
 _4780_/Y
 _4781_/Y
 _4782_/Y
 _4783_/Y
 _4784_/Y
 _4785_/X
 _4786_/Y
 _4787_/Y
 _4788_/Y
 _4789_/Y
 _4790_/Y
 _4791_/Y
 _4792_/Y
 _4793_/Y
 _4794_/Y
 _4795_/Y
 _4796_/X
 _4797_/Y
 _4798_/Y
 _4799_/Y
 _4800_/Y
 _4801_/Y
 _4802_/Y
 _4803_/Y
 _4804_/Y
 _4805_/Y
 _4806_/Y
 _4807_/X
 _4808_/Y
 _4809_/Y
 _4810_/Y
 _4811_/Y
 _4812_/Y
 _4813_/Y
 _4814_/Y
 _4815_/Y
 _4816_/Y
 _4817_/Y
 _4818_/X
 _4819_/Y
 _4820_/Y
 _4821_/Y
 _4822_/Y
 _4823_/Y
 _4824_/Y
 _4825_/Y
 _4826_/Y
 _4827_/Y
 _4828_/Y
 _4829_/X
 _4830_/Y
 _4831_/Y
 _4832_/Y
 _4833_/Y
 _4834_/Y
 _4835_/Y
 _4836_/Y
 _4837_/Y
 _4838_/Y
 _4839_/Y
 _4840_/X
 _4841_/X
 _4842_/Y
 _4843_/Y
 _4844_/Y
 _4845_/Y
 _4846_/Y
 _4847_/Y
 _4848_/Y
 _4849_/Y
 _4850_/Y
 _4851_/Y
 _4852_/X
 _4853_/Y
 _4854_/Y
 _4855_/Y
 _4856_/Y
 _4857_/Y
 _4858_/Y
 _4859_/Y
 _4860_/Y
 _4861_/Y
 _4862_/Y
 _4863_/X
 _4864_/Y
 _4865_/Y
 _4866_/Y
 _4867_/Y
 _4868_/Y
 _4869_/Y
 _4870_/Y
 _4871_/Y
 _4872_/Y
 _4873_/Y
 _4874_/X
 _4875_/Y
 _4876_/Y
 _4877_/Y
 _4878_/Y
 _4879_/Y
 _4880_/Y
 _4881_/Y
 _4882_/Y
 _4883_/Y
 _4884_/Y
 _4885_/X
 _4886_/Y
 _4887_/Y
 _4888_/Y
 _4889_/Y
 _4890_/Y
 _4891_/Y
 _4892_/Y
 _4893_/Y
 _4894_/Y
 _4895_/Y
 _4896_/X
 _4897_/Y
 _4898_/Y
 _4899_/Y
 _4900_/Y
 _4901_/Y
 _4902_/Y
 _4903_/X
 _4904_/Y
 _4905_/Y
 _4906_/X
 _4907_/Y
 _4908_/Y
 _4909_/Y
 _4910_/Y
 _4911_/Y
 _4912_/Y
 _4913_/Y
 _4914_/Y
 _4915_/Y
 _4916_/Y
 _4917_/X
 _4918_/X
 _4919_/Y
 _4920_/Y
 _4921_/Y
 _4922_/Y
 _4923_/Y
 _4924_/Y
 _4925_/Y
 _4926_/Y
 _4927_/Y
 _4928_/Y
 _4929_/X
 _4930_/Y
 _4931_/Y
 _4932_/Y
 _4933_/Y
 _4934_/Y
 _4935_/Y
 _4936_/Y
 _4937_/Y
 _4938_/Y
 _4939_/Y
 _4940_/X
 _4941_/Y
 _4942_/Y
 _4943_/Y
 _4944_/Y
 _4945_/Y
 _4946_/Y
 _4947_/Y
 _4948_/Y
 _4949_/X
 _4950_/Y
 _4951_/Y
 _4952_/Y
 _4953_/Y
 _4954_/Y
 _4955_/Y
 _4956_/Y
 _4957_/Y
 _4958_/Y
 _4959_/Y
 _4960_/X
 _4961_/Y
 _4962_/Y
 _4963_/Y
 _4964_/Y
 _4965_/Y
 _4966_/Y
 _4967_/Y
 _4968_/Y
 _4969_/Y
 _4970_/Y
 _4971_/X
 _4972_/Y
 _4973_/Y
 _4974_/Y
 _4975_/Y
 _4976_/Y
 _4977_/Y
 _4978_/Y
 _4979_/Y
 _4980_/Y
 _4981_/Y
 _4982_/X
 _4983_/Y
 _4984_/Y
 _4985_/Y
 _4986_/Y
 _4987_/Y
 _4988_/Y
 _4989_/Y
 _4990_/Y
 _4991_/Y
 _4992_/Y
 _4993_/X
 _4994_/Y
 _4995_/Y
 _4996_/Y
 _4997_/Y
 _4998_/Y
 _4999_/Y
 _5000_/Y
 _5001_/Y
 _5002_/Y
 _5003_/Y
 _5004_/Y
 _5005_/Y
 _5006_/Y
 _5007_/Y
 _5008_/Y
 _5009_/Y
 _5010_/Q
 _5011_/Q
 _5012_/Q
 _5013_/Q
 _5014_/Q
 _5015_/Q
 _5016_/Q
 _5017_/Q
 _5018_/Q
 _5019_/Q
 _5020_/Q
 _5021_/Q
 _5022_/Q
 _5023_/Q
 _5024_/Q
 _5025_/Q
 _5026_/Q
 _5027_/Q
 _5028_/Q
 _5029_/Q
 _5030_/Q
 _5031_/Q
 _5032_/Q
 _5033_/Q
 _5034_/Q
 _5035_/Q
 _5036_/Q
 _5037_/Q
 _5038_/Q
 _5039_/Q
 _5040_/Q
 _5041_/Q
 _5042_/Q
 _5043_/Q
 _5044_/Q
 _5045_/Q
 _5046_/Q
 _5047_/Q
 _5048_/Q
 _5049_/Q
 _5050_/Q
 _5051_/Q
 _5052_/Q
 _5053_/Q
 _5054_/Q
 _5055_/Q
 _5056_/Q
 _5057_/Q
 _5058_/Q
 _5059_/Q
 _5060_/Q
 _5061_/Q
 _5062_/Q
 _5063_/Q
 _5064_/Q
 _5065_/Q
 _5066_/Q
 _5067_/Q
 _5068_/Q
 _5069_/Q
 _5070_/Q
 _5071_/Q
 _5072_/Q
 _5073_/Q
 _5074_/Q
 _5075_/Q
 _5076_/Q
 _5077_/Q
 _5078_/Q
 _5079_/Q
 _5080_/Q
 _5081_/Q
 _5082_/Q
 _5083_/Q
 _5084_/Q
 _5085_/Q
 _5086_/Q
 _5087_/Q
 _5088_/Q
 _5089_/Q
 _5090_/Q
 _5091_/Q
 _5092_/Q
 _5093_/Q
 _5094_/Q
 _5095_/Q
 _5096_/Q
 _5097_/Q
 _5098_/Q
 _5099_/Q
 _5100_/Q
 _5101_/Q
 _5102_/Q
 _5103_/Q
 _5104_/Q
 _5105_/Q
 _5106_/Q
 _5107_/Q
 _5108_/Q
 _5109_/Q
 _5110_/Q
 _5111_/Q
 _5112_/Q
 _5113_/Q
 _5114_/Q
 _5115_/Q
 _5116_/Q
 _5117_/Q
 _5118_/Q
 _5119_/Q
 _5120_/Q
 _5121_/Q
 _5122_/Q
 _5123_/Q
 _5124_/Q
 _5125_/Q
 _5126_/Q
 _5127_/Q
 _5128_/Q
 _5129_/Q
 _5130_/Q
 _5131_/Q
 _5132_/Q
 _5133_/Q
 _5134_/Q
 _5135_/Q
 _5136_/Q
 _5137_/Q
 _5138_/Q
 _5139_/Q
 _5140_/Q
 _5141_/Q
 _5142_/Q
 _5143_/Q
 _5144_/Q
 _5145_/Q
 _5146_/Q
 _5147_/Q
 _5148_/Q
 _5149_/Q
 _5150_/Q
 _5151_/Q
 _5152_/Q
 _5153_/Q
 _5154_/Q
 _5155_/Q
 _5156_/Q
 _5157_/Q
 _5158_/Q
 _5159_/Q
 _5160_/Q
 _5161_/Q
 _5162_/Q
 _5163_/Q
 _5164_/Q
 _5165_/Q
 _5166_/Q
 _5167_/Q
 _5168_/Q
 _5169_/Q
 _5170_/Q
 _5171_/Q
 _5172_/Q
 _5173_/Q
 _5174_/Q
 _5175_/Q
 _5176_/Q
 _5177_/Q
 _5178_/Q
 _5179_/Q
 _5180_/Q
 _5181_/Q
 _5182_/Q
 _5183_/Q
 _5184_/Q
 _5185_/Q
 _5186_/Q
 _5187_/Q
 _5188_/Q
 _5189_/Q
 _5190_/Q
 _5191_/Q
 _5192_/Q
 _5193_/Q
 _5194_/Q
 _5195_/Q
 _5196_/Q
 _5197_/Q
 _5198_/Q
 _5199_/Q
 _5200_/Q
 _5201_/Q
 _5202_/Q
 _5203_/Q
 _5204_/Q
 _5205_/Q
 _5206_/Q
 _5207_/Q
 _5208_/Q
 _5209_/Q
 _5210_/Q
 _5211_/Q
 _5212_/Q
 _5213_/Q
 _5214_/Q
 _5215_/Q
 _5216_/Q
 _5217_/Q
 _5218_/Q
 _5219_/Q
 _5220_/Q
 _5221_/Q
 _5222_/Q
 _5223_/Q
 _5224_/Q
 _5225_/Q
 _5226_/Q
 _5227_/Q
 _5228_/Q
 _5229_/Q
 _5230_/Q
 _5231_/Q
 _5232_/Q
 _5233_/Q
 _5234_/Q
 _5235_/Q
 _5236_/Q
 _5237_/Q
 _5238_/Q
 _5239_/Q
 _5240_/Q
 _5241_/Q
 _5242_/Q
 _5243_/Q
 _5244_/Q
 _5245_/Q
 _5246_/Q
 _5247_/Q
 _5248_/Q
 _5249_/Q
 _5250_/Q
 _5251_/Q
 _5252_/Q
 _5253_/Q
 _5254_/Q
 _5255_/Q
 _5256_/Q
 _5257_/Q
 _5258_/Q
 _5259_/Q
 _5260_/Q
 _5261_/Q
 _5262_/Q
 _5263_/Q
 _5264_/Q
 _5265_/Q
 _5266_/Q
 _5267_/Q
 _5268_/Q
 _5269_/Q
 _5270_/Q
 _5271_/Q
 _5272_/Q
 _5273_/Q
 _5274_/Q
 _5275_/Q
 _5276_/Q
 _5277_/Q
 _5278_/Q
 _5279_/Q
 _5280_/Q
 _5281_/Q
 _5282_/Q
 _5283_/Q
 _5284_/Q
 _5285_/Q
 _5286_/Q
 _5287_/Q
 _5288_/Q
 _5289_/Q
 _5290_/Q
 _5291_/Q
 _5292_/Q
 _5293_/Q
 _5294_/Q
 _5295_/Q
 _5296_/Q
 _5297_/Q
 _5298_/Q
 _5299_/Q
 _5300_/Q
 _5301_/Q
 _5302_/Q
 _5303_/Q
 _5304_/Q
 _5305_/Q
 _5306_/Q
 _5307_/Q
 _5308_/Q
 _5309_/Q
 _5310_/Q
 _5311_/Q
 _5312_/Q
 _5313_/Q
 _5314_/Q
 _5315_/Q
 _5316_/Q
 _5317_/Q
 _5318_/Q
 _5319_/Q
 _5320_/Q
 _5321_/Q
 _5322_/Q
 _5323_/Q
 _5324_/Q
 _5325_/Q
 _5326_/Q
 _5327_/Q
 _5328_/Q
 _5329_/Q
 _5330_/Q
 _5331_/Q
 _5332_/Q
 _5333_/Q
 _5334_/Q
 _5335_/Q
 _5336_/Q
 _5337_/Q
 _5338_/Q
 _5339_/Q
 _5340_/Q
 _5341_/Q
 _5342_/Q
 _5343_/Q
 _5344_/Q
 _5345_/Q
 _5346_/Q
 _5347_/Q
 _5348_/Q
 _5349_/Q
 _5350_/Q
 _5351_/Q
 _5352_/Q
 _5353_/Q
 _5354_/Q
 _5355_/Q
 _5356_/Q
 _5357_/Q
 _5358_/Q
 _5359_/Q
 _5360_/Q
 _5361_/Q
 _5362_/Q
 _5363_/Q
 _5364_/Q
 _5365_/Q
 _5366_/Q
 _5367_/Q
 _5368_/Q
 _5369_/Q
 _5370_/Q
 _5371_/Q
 _5372_/Q
 _5373_/Q
 _5374_/Q
 _5375_/Q
 _5376_/Q
 _5377_/Q
 _5378_/Q
 _5379_/Q
 _5380_/Q
 _5381_/Q
 _5382_/Q
 _5383_/Q
 _5384_/Q
 _5385_/Q
 _5386_/Q
 _5387_/Q
 _5388_/Q
 _5389_/Q
 _5390_/Q
 _5391_/Q
 _5392_/Q
 _5393_/Q
 _5394_/Q
 _5395_/Q
 _5396_/Q
 _5397_/Q
 _5398_/Q
 _5399_/Q
 _5400_/Q
 _5401_/Q
 _5402_/Q
 _5403_/Q
 _5404_/Q
 _5405_/Q
 _5406_/Q
 _5407_/Q
 _5408_/Q
 _5409_/Q
 _5410_/Q
 _5411_/Q
 _5412_/Q
 _5413_/Q
 _5414_/Q
 _5415_/Q
 _5416_/Q
 _5417_/Q
 _5418_/Q
 _5419_/Q
 _5420_/Q
 _5421_/Q
 _5422_/Q
 clkbuf_0_clk/X
 clkbuf_2_0__f_clk/X
 clkbuf_2_1__f_clk/X
 clkbuf_2_2__f_clk/X
 clkbuf_2_3__f_clk/X
 clkbuf_leaf_0_clk/X
 clkbuf_leaf_10_clk/X
 clkbuf_leaf_11_clk/X
 clkbuf_leaf_12_clk/X
 clkbuf_leaf_13_clk/X
 clkbuf_leaf_14_clk/X
 clkbuf_leaf_15_clk/X
 clkbuf_leaf_16_clk/X
 clkbuf_leaf_17_clk/X
 clkbuf_leaf_18_clk/X
 clkbuf_leaf_19_clk/X
 clkbuf_leaf_1_clk/X
 clkbuf_leaf_20_clk/X
 clkbuf_leaf_21_clk/X
 clkbuf_leaf_22_clk/X
 clkbuf_leaf_23_clk/X
 clkbuf_leaf_24_clk/X
 clkbuf_leaf_25_clk/X
 clkbuf_leaf_26_clk/X
 clkbuf_leaf_27_clk/X
 clkbuf_leaf_28_clk/X
 clkbuf_leaf_29_clk/X
 clkbuf_leaf_2_clk/X
 clkbuf_leaf_30_clk/X
 clkbuf_leaf_31_clk/X
 clkbuf_leaf_32_clk/X
 clkbuf_leaf_33_clk/X
 clkbuf_leaf_34_clk/X
 clkbuf_leaf_35_clk/X
 clkbuf_leaf_36_clk/X
 clkbuf_leaf_37_clk/X
 clkbuf_leaf_38_clk/X
 clkbuf_leaf_39_clk/X
 clkbuf_leaf_3_clk/X
 clkbuf_leaf_40_clk/X
 clkbuf_leaf_41_clk/X
 clkbuf_leaf_42_clk/X
 clkbuf_leaf_43_clk/X
 clkbuf_leaf_44_clk/X
 clkbuf_leaf_45_clk/X
 clkbuf_leaf_4_clk/X
 clkbuf_leaf_5_clk/X
 clkbuf_leaf_6_clk/X
 clkbuf_leaf_7_clk/X
 clkbuf_leaf_8_clk/X
 clkbuf_leaf_9_clk/X
 clkload0/X
 clkload1/X
 clkload10/Y
 clkload11/X
 clkload12/Y
 clkload13/Y
 clkload14/Y
 clkload15/X
 clkload16/Y
 clkload17/Y
 clkload18/Y
 clkload19/Y
 clkload2/Y
 clkload20/Y
 clkload21/Y
 clkload22/Y
 clkload23/Y
 clkload24/Y
 clkload25/Y
 clkload26/Y
 clkload27/Y
 clkload28/Y
 clkload29/X
 clkload3/Y
 clkload30/Y
 clkload31/Y
 clkload32/Y
 clkload33/Y
 clkload34/Y
 clkload35/Y
 clkload36/Y
 clkload37/Y
 clkload38/Y
 clkload39/Y
 clkload4/Y
 clkload40/X
 clkload41/Y
 clkload42/Y
 clkload43/Y
 clkload5/Y
 clkload6/Y
 clkload7/Y
 clkload8/X
 clkload9/Y
 clone17/X
 clone18/X
 clone19/X
 clone7/X
 hold100/X
 hold101/X
 hold102/X
 hold103/X
 hold104/X
 hold105/X
 hold106/X
 hold107/X
 hold108/X
 hold109/X
 hold110/X
 hold111/X
 hold112/X
 hold113/X
 hold114/X
 hold115/X
 hold116/X
 hold117/X
 hold118/X
 hold119/X
 hold120/X
 hold121/X
 hold122/X
 hold123/X
 hold124/X
 hold125/X
 hold126/X
 hold127/X
 hold128/X
 hold129/X
 hold130/X
 hold131/X
 hold132/X
 hold133/X
 hold134/X
 hold135/X
 hold136/X
 hold137/X
 hold138/X
 hold139/X
 hold140/X
 hold141/X
 hold142/X
 hold143/X
 hold144/X
 hold145/X
 hold146/X
 hold147/X
 hold148/X
 hold149/X
 hold150/X
 hold151/X
 hold152/X
 hold153/X
 hold154/X
 hold155/X
 hold156/X
 hold157/X
 hold158/X
 hold159/X
 hold160/X
 hold161/X
 hold162/X
 hold163/X
 hold164/X
 hold165/X
 hold166/X
 hold167/X
 hold168/X
 hold169/X
 hold170/X
 hold171/X
 hold172/X
 hold173/X
 hold174/X
 hold175/X
 hold176/X
 hold177/X
 hold178/X
 hold179/X
 hold180/X
 hold181/X
 hold182/X
 hold183/X
 hold184/X
 hold185/X
 hold186/X
 hold187/X
 hold188/X
 hold189/X
 hold190/X
 hold191/X
 hold192/X
 hold193/X
 hold194/X
 hold195/X
 hold196/X
 hold197/X
 hold198/X
 hold199/X
 hold20/X
 hold200/X
 hold201/X
 hold202/X
 hold203/X
 hold204/X
 hold205/X
 hold206/X
 hold207/X
 hold208/X
 hold209/X
 hold21/X
 hold210/X
 hold211/X
 hold212/X
 hold213/X
 hold214/X
 hold215/X
 hold216/X
 hold217/X
 hold218/X
 hold219/X
 hold22/X
 hold220/X
 hold221/X
 hold222/X
 hold223/X
 hold224/X
 hold225/X
 hold226/X
 hold227/X
 hold228/X
 hold229/X
 hold23/X
 hold24/X
 hold25/X
 hold26/X
 hold27/X
 hold28/X
 hold29/X
 hold30/X
 hold31/X
 hold32/X
 hold33/X
 hold34/X
 hold35/X
 hold36/X
 hold37/X
 hold38/X
 hold39/X
 hold40/X
 hold41/X
 hold42/X
 hold43/X
 hold44/X
 hold45/X
 hold46/X
 hold47/X
 hold48/X
 hold49/X
 hold50/X
 hold51/X
 hold52/X
 hold53/X
 hold54/X
 hold55/X
 hold56/X
 hold57/X
 hold58/X
 hold59/X
 hold60/X
 hold61/X
 hold62/X
 hold63/X
 hold64/X
 hold65/X
 hold66/X
 hold67/X
 hold68/X
 hold69/X
 hold70/X
 hold71/X
 hold72/X
 hold73/X
 hold74/X
 hold75/X
 hold76/X
 hold77/X
 hold78/X
 hold79/X
 hold80/X
 hold81/X
 hold82/X
 hold83/X
 hold84/X
 hold85/X
 hold86/X
 hold87/X
 hold88/X
 hold89/X
 hold90/X
 hold91/X
 hold92/X
 hold93/X
 hold94/X
 hold95/X
 hold96/X
 hold97/X
 hold98/X
 hold99/X
 input1/X
 max_cap45/X
 max_cap46/X
 max_cap47/X
 output10/X
 output11/X
 output12/X
 output13/X
 output14/X
 output15/X
 output16/X
 output17/X
 output18/X
 output19/X
 output2/X
 output20/X
 output21/X
 output22/X
 output23/X
 output24/X
 output25/X
 output26/X
 output27/X
 output28/X
 output29/X
 output3/X
 output30/X
 output31/X
 output32/X
 output33/X
 output34/X
 output35/X
 output36/X
 output37/X
 output38/X
 output39/X
 output4/X
 output40/X
 output41/X
 output42/X
 output43/X
 output44/X
 output5/X
 output6/X
 output7/X
 output8/X
 output9/X
 rebuffer1/X
 rebuffer10/X
 rebuffer11/X
 rebuffer12/X
 rebuffer13/X
 rebuffer14/X
 rebuffer15/X
 rebuffer16/X
 rebuffer2/X
 rebuffer3/X
 rebuffer4/X
 rebuffer5/X
 rebuffer6/X
 rebuffer8/X
 rebuffer9/X
 wire48/X
Found 0 partially unannotated drivers.

===========================================================================
max slew violation count 0
max fanout violation count 26
max cap violation count 0
============================================================================

===========================================================================
check_setup -verbose -unconstrained_endpoints -multiple_clock -no_clock -no_input_delay -loops -generated_clocks
===========================================================================
